Archive member included to satisfy reference by file (symbol)

/home/avees/optee_local_build/Linux_for_Tegra/sources/tegra/optee-src/nv-optee/optee/build/t234/export-ta_arm64/lib/libutils.a(stack_check.o)
                              /home/avees/optee_local_build/Linux_for_Tegra/sources/tegra/optee-src/nv-optee/optee/cp4ad-optee/T3.secret_text/build/ta/T3.secret_text/user_ta_header.o (__stack_chk_guard)
/home/avees/optee_local_build/Linux_for_Tegra/sources/tegra/optee-src/nv-optee/optee/build/t234/export-ta_arm64/lib/libutils.a(strlen.o)
                              /home/avees/optee_local_build/Linux_for_Tegra/sources/tegra/optee-src/nv-optee/optee/cp4ad-optee/T3.secret_text/build/ta/T3.secret_text/ta_secret_text.o (strlen)
/home/avees/optee_local_build/Linux_for_Tegra/sources/tegra/optee-src/nv-optee/optee/build/t234/export-ta_arm64/lib/libutils.a(trace.o)
                              /home/avees/optee_local_build/Linux_for_Tegra/sources/tegra/optee-src/nv-optee/optee/cp4ad-optee/T3.secret_text/build/ta/T3.secret_text/ta_secret_text.o (trace_printf)
/home/avees/optee_local_build/Linux_for_Tegra/sources/tegra/optee-src/nv-optee/optee/build/t234/export-ta_arm64/lib/libutils.a(snprintk.o)
                              /home/avees/optee_local_build/Linux_for_Tegra/sources/tegra/optee-src/nv-optee/optee/build/t234/export-ta_arm64/lib/libutils.a(trace.o) (snprintk)
/home/avees/optee_local_build/Linux_for_Tegra/sources/tegra/optee-src/nv-optee/optee/build/t234/export-ta_arm64/lib/libutils.a(memchr.o)
                              /home/avees/optee_local_build/Linux_for_Tegra/sources/tegra/optee-src/nv-optee/optee/build/t234/export-ta_arm64/lib/libutils.a(snprintk.o) (memchr)
/home/avees/optee_local_build/Linux_for_Tegra/sources/tegra/optee-src/nv-optee/optee/build/t234/export-ta_arm64/lib/libutee.a(trace_ext.o)
                              /home/avees/optee_local_build/Linux_for_Tegra/sources/tegra/optee-src/nv-optee/optee/build/t234/export-ta_arm64/lib/libutils.a(trace.o) (trace_ext_puts)
/home/avees/optee_local_build/Linux_for_Tegra/sources/tegra/optee-src/nv-optee/optee/build/t234/export-ta_arm64/lib/libutee.a(tee_api.o)
                              /home/avees/optee_local_build/Linux_for_Tegra/sources/tegra/optee-src/nv-optee/optee/cp4ad-optee/T3.secret_text/build/ta/T3.secret_text/ta_secret_text.o (TEE_MemMove)
/home/avees/optee_local_build/Linux_for_Tegra/sources/tegra/optee-src/nv-optee/optee/build/t234/export-ta_arm64/lib/libutee.a(tee_api_panic.o)
                              /home/avees/optee_local_build/Linux_for_Tegra/sources/tegra/optee-src/nv-optee/optee/build/t234/export-ta_arm64/lib/libutee.a(tee_api.o) (TEE_Panic)
/home/avees/optee_local_build/Linux_for_Tegra/sources/tegra/optee-src/nv-optee/optee/build/t234/export-ta_arm64/lib/libutee.a(tee_system_pta.o)
                              /home/avees/optee_local_build/Linux_for_Tegra/sources/tegra/optee-src/nv-optee/optee/build/t234/export-ta_arm64/lib/libutee.a(tee_api.o) (tee_map_zi)
/home/avees/optee_local_build/Linux_for_Tegra/sources/tegra/optee-src/nv-optee/optee/build/t234/export-ta_arm64/lib/libutee.a(user_ta_entry.o)
                              /home/avees/optee_local_build/Linux_for_Tegra/sources/tegra/optee-src/nv-optee/optee/build/t234/export-ta_arm64/lib/libutee.a(tee_api.o) (ta_param_types)
/home/avees/optee_local_build/Linux_for_Tegra/sources/tegra/optee-src/nv-optee/optee/build/t234/export-ta_arm64/lib/libutee.a(utee_syscalls_a64.o)
                              /home/avees/optee_local_build/Linux_for_Tegra/sources/tegra/optee-src/nv-optee/optee/build/t234/export-ta_arm64/lib/libutils.a(stack_check.o) (_utee_panic)
/home/avees/optee_local_build/Linux_for_Tegra/sources/tegra/optee-src/nv-optee/optee/build/t234/export-ta_arm64/lib/libutee.a(abort.o)
                              /home/avees/optee_local_build/Linux_for_Tegra/sources/tegra/optee-src/nv-optee/optee/build/t234/export-ta_arm64/lib/libutee.a(user_ta_entry.o) (abort)
/home/avees/optee_local_build/Linux_for_Tegra/sources/tegra/optee-src/nv-optee/optee/build/t234/export-ta_arm64/lib/libutee.a(tee_api_arith_mpi.o)
                              /home/avees/optee_local_build/Linux_for_Tegra/sources/tegra/optee-src/nv-optee/optee/build/t234/export-ta_arm64/lib/libutee.a(user_ta_entry.o) (_TEE_MathAPI_Init)
/home/avees/optee_local_build/Linux_for_Tegra/sources/tegra/optee-src/nv-optee/optee/build/t234/export-ta_arm64/lib/libutee.a(tee_api_property.o)
                              /home/avees/optee_local_build/Linux_for_Tegra/sources/tegra/optee-src/nv-optee/optee/build/t234/export-ta_arm64/lib/libutee.a(user_ta_entry.o) (TEE_GetPropertyAsU32)
/home/avees/optee_local_build/Linux_for_Tegra/sources/tegra/optee-src/nv-optee/optee/build/t234/export-ta_arm64/lib/libutee.a(tcb.o)
                              /home/avees/optee_local_build/Linux_for_Tegra/sources/tegra/optee-src/nv-optee/optee/build/t234/export-ta_arm64/lib/libutee.a(user_ta_entry.o) (__utee_tcb_init)
[...]
Memory Configuration

Name             Origin             Length             Attributes
*default*        0x0000000000000000 0xffffffffffffffff

Linker script and memory map


.ta_head        0x0000000000000000       0x20
 *(SORT_BY_ALIGNMENT(.ta_head))
 .ta_head       0x0000000000000000       0x20 /home/avees/optee_local_build/Linux_for_Tegra/sources/tegra/optee-src/nv-optee/optee/cp4ad-optee/T3.secret_text/build/ta/T3.secret_text/user_ta_header.o
                0x0000000000000000                ta_head

.text           0x0000000000000020    0x172e0
                0x0000000000000020                __text_start = .
 *(SORT_BY_ALIGNMENT(.text) SORT_BY_ALIGNMENT(.text.*))
 .text          0x0000000000000020      0x248 /home/avees/optee_local_build/Linux_for_Tegra/sources/tegra/optee-src/nv-optee/optee/cp4ad-optee/T3.secret_text/build/ta/T3.secret_text/ta_secret_text.o
                0x0000000000000020                TA_CreateEntryPoint
                0x0000000000000054                TA_DestroyEntryPoint
                0x0000000000000088                TA_OpenSessionEntryPoint
                0x00000000000000c8                TA_CloseSessionEntryPoint
                0x0000000000000100                TA_InvokeCommandEntryPoint
 .text          0x0000000000000268       0x5c /home/avees/optee_local_build/Linux_for_Tegra/sources/tegra/optee-src/nv-optee/optee/cp4ad-optee/T3.secret_text/build/ta/T3.secret_text/user_ta_header.o
                0x0000000000000268                __ta_entry
                0x00000000000002bc                tahead_get_trace_level
 .text          0x00000000000002c4       0x30 /home/avees/optee_local_build/Linux_for_Tegra/sources/tegra/optee-src/nv-optee/optee/build/t234/export-ta_arm64/lib/libutils.a(stack_check.o)
                0x00000000000002c4                __stack_chk_fail
 .text          0x00000000000002f4       0xd4 /home/avees/optee_local_build/Linux_for_Tegra/sources/tegra/optee-src/nv-optee/optee/build/t234/export-ta_arm64/lib/libutils.a(strlen.o)
                0x00000000000002f4                strlen
 .text          0x00000000000003c8      0x974 /home/avees/optee_local_build/Linux_for_Tegra/sources/tegra/optee-src/nv-optee/optee/build/t234/export-ta_arm64/lib/libutils.a(trace.o)
                0x00000000000003c8                trace_set_level
                0x000000000000041c                trace_get_level
                0x000000000000051c                trace_printf
                0x000000000000060c                trace_vprintf
                0x0000000000000b2c                dhex_dump
 .text          0x0000000000000d3c     0x2018 /home/avees/optee_local_build/Linux_for_Tegra/sources/tegra/optee-src/nv-optee/optee/build/t234/export-ta_arm64/lib/libutils.a(snprintk.o)
                0x0000000000000d3c                snprintk
                0x0000000000000e30                vsnprintk
                0x0000000000000e94                __vsnprintf
                0x0000000000000fa8                __vsprintf
 .text          0x0000000000002d54      0x1b8 /home/avees/optee_local_build/Linux_for_Tegra/sources/tegra/optee-src/nv-optee/optee/build/t234/export-ta_arm64/lib/libutils.a(memchr.o)
                0x0000000000002d54                memchr
 .text          0x0000000000002f0c      0x214 /home/avees/optee_local_build/Linux_for_Tegra/sources/tegra/optee-src/nv-optee/optee/build/t234/export-ta_arm64/lib/libutee.a(trace_ext.o)
                0x0000000000002f0c                trace_ext_puts
                0x0000000000002f38                trace_ext_get_thread_id
                0x0000000000002f40                printf
                0x000000000000306c                puts
                0x00000000000030a4                putchar
 .text          0x0000000000003120     0x1cf8 /home/avees/optee_local_build/Linux_for_Tegra/sources/tegra/optee-src/nv-optee/optee/build/t234/export-ta_arm64/lib/libutee.a(tee_api.o)
                0x0000000000003d80                TEE_OpenTASession
                0x0000000000003f1c                __GP11_TEE_OpenTASession
                0x00000000000040ac                TEE_CloseTASession
                0x00000000000040f0                TEE_InvokeTACommand
                0x00000000000042cc                __GP11_TEE_InvokeTACommand
                0x000000000000449c                TEE_GetCancellationFlag
                0x0000000000004514                TEE_UnmaskCancellation
                0x0000000000004590                TEE_MaskCancellation
                0x000000000000460c                TEE_CheckMemoryAccessRights
                0x00000000000046d4                __GP11_TEE_CheckMemoryAccessRights
                0x0000000000004704                TEE_SetInstanceData
                0x0000000000004728                TEE_GetInstanceData
                0x0000000000004738                TEE_MemMove
                0x0000000000004764                __GP11_TEE_MemMove
                0x0000000000004794                TEE_MemCompare
                0x00000000000047c0                __GP11_TEE_MemCompare
                0x00000000000047f0                TEE_MemFill
                0x0000000000004824                __GP11_TEE_MemFill
                0x0000000000004858                TEE_GetSystemTime
                0x0000000000004894                TEE_Wait
                0x00000000000048dc                TEE_GetTAPersistentTime
                0x0000000000004980                TEE_SetTAPersistentTime
                0x00000000000049d8                TEE_GetREETime
                0x0000000000004a14                TEE_Malloc
                0x0000000000004bc0                __GP11_TEE_Malloc
                0x0000000000004c08                TEE_Realloc
                0x0000000000004d0c                __GP11_TEE_Realloc
                0x0000000000004d34                TEE_Free
                0x0000000000004da0                TEE_CacheClean
                0x0000000000004dc8                TEE_CacheFlush
                0x0000000000004df0                TEE_CacheInvalidate
 .text          0x0000000000004e18      0x3c0 /home/avees/optee_local_build/Linux_for_Tegra/sources/tegra/optee-src/nv-optee/optee/build/t234/export-ta_arm64/lib/libutee.a(tee_api_panic.o)
                0x0000000000004e18                TEE_Panic
                0x0000000000004ee4                __utee_check_outbuf_annotation
                0x0000000000004f48                __utee_check_gp11_outbuf_annotation
                0x0000000000004fb0                __utee_check_instring_annotation
                0x0000000000004ff4                __utee_check_outstring_annotation
                0x0000000000005058                __utee_check_gp11_outstring_annotation
                0x00000000000050c0                __utee_check_out_annotation
                0x00000000000050fc                __utee_check_attr_in_annotation
                0x000000000000514c                __utee_check_gp11_attr_in_annotation
                0x000000000000519c                __utee_check_inout_annotation
 .text          0x00000000000051d8      0x468 /home/avees/optee_local_build/Linux_for_Tegra/sources/tegra/optee-src/nv-optee/optee/build/t234/export-ta_arm64/lib/libutee.a(tee_system_pta.o)
                0x00000000000052cc                tee_map_zi
                0x00000000000053d8                tee_unmap
                0x00000000000054d4                tee_invoke_supp_plugin
 .text          0x0000000000005640      0xf90 /home/avees/optee_local_build/Linux_for_Tegra/sources/tegra/optee-src/nv-optee/optee/build/t234/export-ta_arm64/lib/libutee.a(user_ta_entry.o)
                0x00000000000058e0                __utee_call_elf_init_fn
                0x0000000000005bac                __utee_call_elf_fini_fn
                0x0000000000006524                __utee_entry
 .text._utee_panic
                0x00000000000065d0        0xc /home/avees/optee_local_build/Linux_for_Tegra/sources/tegra/optee-src/nv-optee/optee/build/t234/export-ta_arm64/lib/libutee.a(utee_syscalls_a64.o)
                0x00000000000065d0                _utee_panic
 .text._utee_return
                0x00000000000065dc        0xc /home/avees/optee_local_build/Linux_for_Tegra/sources/tegra/optee-src/nv-optee/optee/build/t234/export-ta_arm64/lib/libutee.a(utee_syscalls_a64.o)
                0x00000000000065dc                _utee_return
 .text._utee_log
                0x00000000000065e8        0xc /home/avees/optee_local_build/Linux_for_Tegra/sources/tegra/optee-src/nv-optee/optee/build/t234/export-ta_arm64/lib/libutee.a(utee_syscalls_a64.o)
                0x00000000000065e8                _utee_log
 .text.__utee_panic
                0x00000000000065f4        0xc /home/avees/optee_local_build/Linux_for_Tegra/sources/tegra/optee-src/nv-optee/optee/build/t234/export-ta_arm64/lib/libutee.a(utee_syscalls_a64.o)
                0x00000000000065f4                __utee_panic
 .text._utee_get_property
                0x0000000000006600        0xc /home/avees/optee_local_build/Linux_for_Tegra/sources/tegra/optee-src/nv-optee/optee/build/t234/export-ta_arm64/lib/libutee.a(utee_syscalls_a64.o)
                0x0000000000006600                _utee_get_property
 .text._utee_get_property_name_to_index
                0x000000000000660c        0xc /home/avees/optee_local_build/Linux_for_Tegra/sources/tegra/optee-src/nv-optee/optee/build/t234/export-ta_arm64/lib/libutee.a(utee_syscalls_a64.o)
                0x000000000000660c                _utee_get_property_name_to_index
 .text._utee_open_ta_session
                0x0000000000006618        0xc /home/avees/optee_local_build/Linux_for_Tegra/sources/tegra/optee-src/nv-optee/optee/build/t234/export-ta_arm64/lib/libutee.a(utee_syscalls_a64.o)
                0x0000000000006618                _utee_open_ta_session
 .text._utee_close_ta_session
                0x0000000000006624        0xc /home/avees/optee_local_build/Linux_for_Tegra/sources/tegra/optee-src/nv-optee/optee/build/t234/export-ta_arm64/lib/libutee.a(utee_syscalls_a64.o)
                0x0000000000006624                _utee_close_ta_session
 .text._utee_invoke_ta_command
                0x0000000000006630        0xc /home/avees/optee_local_build/Linux_for_Tegra/sources/tegra/optee-src/nv-optee/optee/build/t234/export-ta_arm64/lib/libutee.a(utee_syscalls_a64.o)
                0x0000000000006630                _utee_invoke_ta_command
 .text._utee_get_cancellation_flag
                0x000000000000663c        0xc /home/avees/optee_local_build/Linux_for_Tegra/sources/tegra/optee-src/nv-optee/optee/build/t234/export-ta_arm64/lib/libutee.a(utee_syscalls_a64.o)
                0x000000000000663c                _utee_get_cancellation_flag
 .text._utee_check_access_rights
                0x0000000000006648        0xc /home/avees/optee_local_build/Linux_for_Tegra/sources/tegra/optee-src/nv-optee/optee/build/t234/export-ta_arm64/lib/libutee.a(utee_syscalls_a64.o)
                0x0000000000006648                _utee_check_access_rights
 .text._utee_unmask_cancellation
                0x0000000000006654        0xc /home/avees/optee_local_build/Linux_for_Tegra/sources/tegra/optee-src/nv-optee/optee/build/t234/export-ta_arm64/lib/libutee.a(utee_syscalls_a64.o)
                0x0000000000006654                _utee_unmask_cancellation
 .text._utee_mask_cancellation
                0x0000000000006660        0xc /home/avees/optee_local_build/Linux_for_Tegra/sources/tegra/optee-src/nv-optee/optee/build/t234/export-ta_arm64/lib/libutee.a(utee_syscalls_a64.o)
                0x0000000000006660                _utee_mask_cancellation
 .text._utee_wait
                0x000000000000666c        0xc /home/avees/optee_local_build/Linux_for_Tegra/sources/tegra/optee-src/nv-optee/optee/build/t234/export-ta_arm64/lib/libutee.a(utee_syscalls_a64.o)
                0x000000000000666c                _utee_wait
 .text._utee_get_time
                0x0000000000006678        0xc /home/avees/optee_local_build/Linux_for_Tegra/sources/tegra/optee-src/nv-optee/optee/build/t234/export-ta_arm64/lib/libutee.a(utee_syscalls_a64.o)
                0x0000000000006678                _utee_get_time
 .text._utee_set_ta_time
                0x0000000000006684        0xc /home/avees/optee_local_build/Linux_for_Tegra/sources/tegra/optee-src/nv-optee/optee/build/t234/export-ta_arm64/lib/libutee.a(utee_syscalls_a64.o)
                0x0000000000006684                _utee_set_ta_time
 .text._utee_cryp_state_alloc
                0x0000000000006690        0xc /home/avees/optee_local_build/Linux_for_Tegra/sources/tegra/optee-src/nv-optee/optee/build/t234/export-ta_arm64/lib/libutee.a(utee_syscalls_a64.o)
                0x0000000000006690                _utee_cryp_state_alloc
 .text._utee_cryp_state_copy
                0x000000000000669c        0xc /home/avees/optee_local_build/Linux_for_Tegra/sources/tegra/optee-src/nv-optee/optee/build/t234/export-ta_arm64/lib/libutee.a(utee_syscalls_a64.o)
                0x000000000000669c                _utee_cryp_state_copy
 .text._utee_cryp_state_free
                0x00000000000066a8        0xc /home/avees/optee_local_build/Linux_for_Tegra/sources/tegra/optee-src/nv-optee/optee/build/t234/export-ta_arm64/lib/libutee.a(utee_syscalls_a64.o)
                0x00000000000066a8                _utee_cryp_state_free
 .text._utee_hash_init
                0x00000000000066b4        0xc /home/avees/optee_local_build/Linux_for_Tegra/sources/tegra/optee-src/nv-optee/optee/build/t234/export-ta_arm64/lib/libutee.a(utee_syscalls_a64.o)
                0x00000000000066b4                _utee_hash_init
 .text._utee_hash_update
                0x00000000000066c0        0xc /home/avees/optee_local_build/Linux_for_Tegra/sources/tegra/optee-src/nv-optee/optee/build/t234/export-ta_arm64/lib/libutee.a(utee_syscalls_a64.o)
                0x00000000000066c0                _utee_hash_update
 .text._utee_hash_final
                0x00000000000066cc        0xc /home/avees/optee_local_build/Linux_for_Tegra/sources/tegra/optee-src/nv-optee/optee/build/t234/export-ta_arm64/lib/libutee.a(utee_syscalls_a64.o)
                0x00000000000066cc                _utee_hash_final
 .text._utee_cipher_init
                0x00000000000066d8        0xc /home/avees/optee_local_build/Linux_for_Tegra/sources/tegra/optee-src/nv-optee/optee/build/t234/export-ta_arm64/lib/libutee.a(utee_syscalls_a64.o)
                0x00000000000066d8                _utee_cipher_init
 .text._utee_cipher_update
                0x00000000000066e4        0xc /home/avees/optee_local_build/Linux_for_Tegra/sources/tegra/optee-src/nv-optee/optee/build/t234/export-ta_arm64/lib/libutee.a(utee_syscalls_a64.o)
                0x00000000000066e4                _utee_cipher_update
 .text._utee_cipher_final
                0x00000000000066f0        0xc /home/avees/optee_local_build/Linux_for_Tegra/sources/tegra/optee-src/nv-optee/optee/build/t234/export-ta_arm64/lib/libutee.a(utee_syscalls_a64.o)
                0x00000000000066f0                _utee_cipher_final
 .text._utee_cryp_obj_get_info
                0x00000000000066fc        0xc /home/avees/optee_local_build/Linux_for_Tegra/sources/tegra/optee-src/nv-optee/optee/build/t234/export-ta_arm64/lib/libutee.a(utee_syscalls_a64.o)
                0x00000000000066fc                _utee_cryp_obj_get_info
 .text._utee_cryp_obj_restrict_usage
                0x0000000000006708        0xc /home/avees/optee_local_build/Linux_for_Tegra/sources/tegra/optee-src/nv-optee/optee/build/t234/export-ta_arm64/lib/libutee.a(utee_syscalls_a64.o)
                0x0000000000006708                _utee_cryp_obj_restrict_usage
 .text._utee_cryp_obj_get_attr
                0x0000000000006714        0xc /home/avees/optee_local_build/Linux_for_Tegra/sources/tegra/optee-src/nv-optee/optee/build/t234/export-ta_arm64/lib/libutee.a(utee_syscalls_a64.o)
                0x0000000000006714                _utee_cryp_obj_get_attr
 .text._utee_cryp_obj_alloc
                0x0000000000006720        0xc /home/avees/optee_local_build/Linux_for_Tegra/sources/tegra/optee-src/nv-optee/optee/build/t234/export-ta_arm64/lib/libutee.a(utee_syscalls_a64.o)
                0x0000000000006720                _utee_cryp_obj_alloc
 .text._utee_cryp_obj_close
                0x000000000000672c        0xc /home/avees/optee_local_build/Linux_for_Tegra/sources/tegra/optee-src/nv-optee/optee/build/t234/export-ta_arm64/lib/libutee.a(utee_syscalls_a64.o)
                0x000000000000672c                _utee_cryp_obj_close
 .text._utee_cryp_obj_reset
                0x0000000000006738        0xc /home/avees/optee_local_build/Linux_for_Tegra/sources/tegra/optee-src/nv-optee/optee/build/t234/export-ta_arm64/lib/libutee.a(utee_syscalls_a64.o)
                0x0000000000006738                _utee_cryp_obj_reset
 .text._utee_cryp_obj_populate
                0x0000000000006744        0xc /home/avees/optee_local_build/Linux_for_Tegra/sources/tegra/optee-src/nv-optee/optee/build/t234/export-ta_arm64/lib/libutee.a(utee_syscalls_a64.o)
                0x0000000000006744                _utee_cryp_obj_populate
 .text._utee_cryp_obj_copy
                0x0000000000006750        0xc /home/avees/optee_local_build/Linux_for_Tegra/sources/tegra/optee-src/nv-optee/optee/build/t234/export-ta_arm64/lib/libutee.a(utee_syscalls_a64.o)
                0x0000000000006750                _utee_cryp_obj_copy
 .text._utee_cryp_derive_key
                0x000000000000675c        0xc /home/avees/optee_local_build/Linux_for_Tegra/sources/tegra/optee-src/nv-optee/optee/build/t234/export-ta_arm64/lib/libutee.a(utee_syscalls_a64.o)
                0x000000000000675c                _utee_cryp_derive_key
 .text._utee_cryp_random_number_generate
                0x0000000000006768        0xc /home/avees/optee_local_build/Linux_for_Tegra/sources/tegra/optee-src/nv-optee/optee/build/t234/export-ta_arm64/lib/libutee.a(utee_syscalls_a64.o)
                0x0000000000006768                _utee_cryp_random_number_generate
 .text._utee_authenc_init
                0x0000000000006774        0xc /home/avees/optee_local_build/Linux_for_Tegra/sources/tegra/optee-src/nv-optee/optee/build/t234/export-ta_arm64/lib/libutee.a(utee_syscalls_a64.o)
                0x0000000000006774                _utee_authenc_init
 .text._utee_authenc_update_aad
                0x0000000000006780        0xc /home/avees/optee_local_build/Linux_for_Tegra/sources/tegra/optee-src/nv-optee/optee/build/t234/export-ta_arm64/lib/libutee.a(utee_syscalls_a64.o)
                0x0000000000006780                _utee_authenc_update_aad
 .text._utee_authenc_update_payload
                0x000000000000678c        0xc /home/avees/optee_local_build/Linux_for_Tegra/sources/tegra/optee-src/nv-optee/optee/build/t234/export-ta_arm64/lib/libutee.a(utee_syscalls_a64.o)
                0x000000000000678c                _utee_authenc_update_payload
 .text._utee_authenc_enc_final
                0x0000000000006798        0xc /home/avees/optee_local_build/Linux_for_Tegra/sources/tegra/optee-src/nv-optee/optee/build/t234/export-ta_arm64/lib/libutee.a(utee_syscalls_a64.o)
                0x0000000000006798                _utee_authenc_enc_final
 .text._utee_authenc_dec_final
                0x00000000000067a4        0xc /home/avees/optee_local_build/Linux_for_Tegra/sources/tegra/optee-src/nv-optee/optee/build/t234/export-ta_arm64/lib/libutee.a(utee_syscalls_a64.o)
                0x00000000000067a4                _utee_authenc_dec_final
 .text._utee_asymm_operate
                0x00000000000067b0        0xc /home/avees/optee_local_build/Linux_for_Tegra/sources/tegra/optee-src/nv-optee/optee/build/t234/export-ta_arm64/lib/libutee.a(utee_syscalls_a64.o)
                0x00000000000067b0                _utee_asymm_operate
 .text._utee_asymm_verify
                0x00000000000067bc        0xc /home/avees/optee_local_build/Linux_for_Tegra/sources/tegra/optee-src/nv-optee/optee/build/t234/export-ta_arm64/lib/libutee.a(utee_syscalls_a64.o)
                0x00000000000067bc                _utee_asymm_verify
 .text._utee_storage_obj_open
                0x00000000000067c8        0xc /home/avees/optee_local_build/Linux_for_Tegra/sources/tegra/optee-src/nv-optee/optee/build/t234/export-ta_arm64/lib/libutee.a(utee_syscalls_a64.o)
                0x00000000000067c8                _utee_storage_obj_open
 .text._utee_storage_obj_create
                0x00000000000067d4        0xc /home/avees/optee_local_build/Linux_for_Tegra/sources/tegra/optee-src/nv-optee/optee/build/t234/export-ta_arm64/lib/libutee.a(utee_syscalls_a64.o)
                0x00000000000067d4                _utee_storage_obj_create
 .text._utee_storage_obj_del
                0x00000000000067e0        0xc /home/avees/optee_local_build/Linux_for_Tegra/sources/tegra/optee-src/nv-optee/optee/build/t234/export-ta_arm64/lib/libutee.a(utee_syscalls_a64.o)
                0x00000000000067e0                _utee_storage_obj_del
 .text._utee_storage_obj_rename
                0x00000000000067ec        0xc /home/avees/optee_local_build/Linux_for_Tegra/sources/tegra/optee-src/nv-optee/optee/build/t234/export-ta_arm64/lib/libutee.a(utee_syscalls_a64.o)
                0x00000000000067ec                _utee_storage_obj_rename
 .text._utee_storage_alloc_enum
                0x00000000000067f8        0xc /home/avees/optee_local_build/Linux_for_Tegra/sources/tegra/optee-src/nv-optee/optee/build/t234/export-ta_arm64/lib/libutee.a(utee_syscalls_a64.o)
                0x00000000000067f8                _utee_storage_alloc_enum
 .text._utee_storage_free_enum
                0x0000000000006804        0xc /home/avees/optee_local_build/Linux_for_Tegra/sources/tegra/optee-src/nv-optee/optee/build/t234/export-ta_arm64/lib/libutee.a(utee_syscalls_a64.o)
                0x0000000000006804                _utee_storage_free_enum
 .text._utee_storage_reset_enum
                0x0000000000006810        0xc /home/avees/optee_local_build/Linux_for_Tegra/sources/tegra/optee-src/nv-optee/optee/build/t234/export-ta_arm64/lib/libutee.a(utee_syscalls_a64.o)
                0x0000000000006810                _utee_storage_reset_enum
 .text._utee_storage_start_enum
                0x000000000000681c        0xc /home/avees/optee_local_build/Linux_for_Tegra/sources/tegra/optee-src/nv-optee/optee/build/t234/export-ta_arm64/lib/libutee.a(utee_syscalls_a64.o)
                0x000000000000681c                _utee_storage_start_enum
 .text._utee_storage_next_enum
                0x0000000000006828        0xc /home/avees/optee_local_build/Linux_for_Tegra/sources/tegra/optee-src/nv-optee/optee/build/t234/export-ta_arm64/lib/libutee.a(utee_syscalls_a64.o)
                0x0000000000006828                _utee_storage_next_enum
 .text._utee_storage_obj_read
                0x0000000000006834        0xc /home/avees/optee_local_build/Linux_for_Tegra/sources/tegra/optee-src/nv-optee/optee/build/t234/export-ta_arm64/lib/libutee.a(utee_syscalls_a64.o)
                0x0000000000006834                _utee_storage_obj_read
 .text._utee_storage_obj_write
                0x0000000000006840        0xc /home/avees/optee_local_build/Linux_for_Tegra/sources/tegra/optee-src/nv-optee/optee/build/t234/export-ta_arm64/lib/libutee.a(utee_syscalls_a64.o)
                0x0000000000006840                _utee_storage_obj_write
 .text._utee_storage_obj_trunc
                0x000000000000684c        0xc /home/avees/optee_local_build/Linux_for_Tegra/sources/tegra/optee-src/nv-optee/optee/build/t234/export-ta_arm64/lib/libutee.a(utee_syscalls_a64.o)
                0x000000000000684c                _utee_storage_obj_trunc
 .text._utee_storage_obj_seek
                0x0000000000006858        0xc /home/avees/optee_local_build/Linux_for_Tegra/sources/tegra/optee-src/nv-optee/optee/build/t234/export-ta_arm64/lib/libutee.a(utee_syscalls_a64.o)
                0x0000000000006858                _utee_storage_obj_seek
 .text._utee_cryp_obj_generate_key
                0x0000000000006864        0xc /home/avees/optee_local_build/Linux_for_Tegra/sources/tegra/optee-src/nv-optee/optee/build/t234/export-ta_arm64/lib/libutee.a(utee_syscalls_a64.o)
                0x0000000000006864                _utee_cryp_obj_generate_key
 .text._utee_cache_operation
                0x0000000000006870        0xc /home/avees/optee_local_build/Linux_for_Tegra/sources/tegra/optee-src/nv-optee/optee/build/t234/export-ta_arm64/lib/libutee.a(utee_syscalls_a64.o)
                0x0000000000006870                _utee_cache_operation
 .text          0x000000000000687c       0x20 /home/avees/optee_local_build/Linux_for_Tegra/sources/tegra/optee-src/nv-optee/optee/build/t234/export-ta_arm64/lib/libutee.a(abort.o)
                0x000000000000687c                abort
 .text          0x000000000000689c     0x2c88 /home/avees/optee_local_build/Linux_for_Tegra/sources/tegra/optee-src/nv-optee/optee/build/t234/export-ta_arm64/lib/libutee.a(tee_api_arith_mpi.o)
                0x0000000000006914                _TEE_MathAPI_Init
                0x0000000000006b50                TEE_BigIntInit
                0x0000000000006bd4                __GP11_TEE_BigIntInit
                0x0000000000006c00                TEE_BigIntConvertFromOctetString
                0x0000000000006ccc                __GP11_TEE_BigIntConvertFromOctetString
                0x0000000000006d04                TEE_BigIntConvertToOctetString
                0x0000000000006de0                __GP11_TEE_BigIntConvertToOctetString
                0x0000000000006e78                TEE_BigIntConvertFromS32
                0x0000000000006f3c                TEE_BigIntConvertToS32
                0x0000000000007080                TEE_BigIntCmp
                0x0000000000007110                TEE_BigIntCmpS32
                0x000000000000718c                TEE_BigIntShiftRight
                0x00000000000073a8                __GP11_TEE_BigIntShiftRight
                0x00000000000073dc                TEE_BigIntGetBit
                0x0000000000007460                TEE_BigIntGetBitCount
                0x00000000000074d4                TEE_BigIntSetBit
                0x0000000000007590                TEE_BigIntAssign
                0x0000000000007640                TEE_BigIntAbs
                0x0000000000007a10                TEE_BigIntAdd
                0x0000000000007a48                TEE_BigIntSub
                0x0000000000007a80                TEE_BigIntNeg
                0x0000000000007b80                TEE_BigIntMul
                0x0000000000007cb4                TEE_BigIntSquare
                0x0000000000007ce0                TEE_BigIntDiv
                0x0000000000007ef4                TEE_BigIntMod
                0x0000000000007f58                TEE_BigIntAddMod
                0x0000000000007f98                TEE_BigIntSubMod
                0x0000000000007fd8                TEE_BigIntMulMod
                0x0000000000008018                TEE_BigIntSquareMod
                0x000000000000804c                TEE_BigIntInvMod
                0x00000000000081b8                TEE_BigIntRelativePrime
                0x0000000000008334                TEE_BigIntExpMod
                0x0000000000008d84                TEE_BigIntComputeExtendedGcd
                0x00000000000090f0                TEE_BigIntIsProbablePrime
                0x000000000000918c                TEE_BigIntInitFMM
                0x00000000000091b4                __GP11_TEE_BigIntInitFMM
                0x00000000000091e0                TEE_BigIntInitFMMContext
                0x00000000000091fc                __GP11_TEE_BigIntInitFMMContext
                0x0000000000009230                TEE_BigIntInitFMMContext1
                0x000000000000924c                TEE_BigIntFMMSizeInU32
                0x000000000000926c                __GP11_TEE_BigIntFMMSizeInU32
                0x0000000000009288                TEE_BigIntFMMContextSizeInU32
                0x000000000000929c                __GP11_TEE_BigIntFMMContextSizeInU32
                0x00000000000092b8                TEE_BigIntConvertToFMM
                0x00000000000092ec                TEE_BigIntConvertFromFMM
                0x00000000000093cc                TEE_BigIntComputeFMM
 .text          0x0000000000009524     0x1618 /home/avees/optee_local_build/Linux_for_Tegra/sources/tegra/optee-src/nv-optee/optee/build/t234/export-ta_arm64/lib/libutee.a(tee_api_property.o)
                0x0000000000009b28                TEE_GetPropertyAsString
                0x0000000000009ed4                __GP11_TEE_GetPropertyAsString
                0x0000000000009f84                TEE_GetPropertyAsBool
                0x000000000000a08c                TEE_GetPropertyAsU32
                0x000000000000a18c                TEE_GetPropertyAsU64
                0x000000000000a28c                __GP11_TEE_GetPropertyAsBinaryBlock
                0x000000000000a39c                TEE_GetPropertyAsBinaryBlock
                0x000000000000a448                TEE_GetPropertyAsUUID
                0x000000000000a548                TEE_GetPropertyAsIdentity
                0x000000000000a648                TEE_AllocatePropertyEnumerator
                0x000000000000a6d4                TEE_ResetPropertyEnumerator
                0x000000000000a6fc                TEE_FreePropertyEnumerator
                0x000000000000a724                TEE_StartPropertyEnumerator
                0x000000000000a768                __GP11_TEE_GetPropertyName
                0x000000000000a948                TEE_GetPropertyName
                0x000000000000a9ec                TEE_GetNextProperty
 .text          0x000000000000ab3c      0x604 /home/avees/optee_local_build/Linux_for_Tegra/sources/tegra/optee-src/nv-optee/optee/build/t234/export-ta_arm64/lib/libutee.a(tcb.o)
                0x000000000000ab90                __utee_tcb_init
                0x000000000000afd4                __tls_get_addr
                0x000000000000b014                dl_iterate_phdr
 .text          0x000000000000b140       0x70 /home/avees/optee_local_build/Linux_for_Tegra/sources/tegra/optee-src/nv-optee/optee/build/t234/export-ta_arm64/lib/libutee.a(assert.o)
                0x000000000000b140                _assert_log
                0x000000000000b19c                _assert_break
 .text          0x000000000000b1b0      0x640 /home/avees/optee_local_build/Linux_for_Tegra/sources/tegra/optee-src/nv-optee/optee/build/t234/export-ta_arm64/lib/libutee.a(base64.o)
                0x000000000000b1b0                _base64_enc_len
                0x000000000000b1e0                _base64_enc
                0x000000000000b4d4                _base64_dec
 .text          0x000000000000b7f0     0x7e2c /home/avees/optee_local_build/Linux_for_Tegra/sources/tegra/optee-src/nv-optee/optee/build/t234/export-ta_arm64/lib/libmbedtls.a(bignum.o)
                0x000000000000b860                mbedtls_mpi_init
                0x000000000000b884                mbedtls_mpi_init_mempool
                0x000000000000b8c4                mbedtls_mpi_free
                0x000000000000b974                mbedtls_mpi_grow
                0x000000000000bae8                mbedtls_mpi_shrink
                0x000000000000bd70                mbedtls_mpi_copy
                0x000000000000bf00                mbedtls_mpi_swap
                0x000000000000bf84                mbedtls_mpi_lset
                0x000000000000c028                mbedtls_mpi_get_bit
                0x000000000000c088                mbedtls_mpi_set_bit
                0x000000000000c1c4                mbedtls_mpi_lsb
                0x000000000000c2c8                mbedtls_mpi_bitlen
                0x000000000000c384                mbedtls_mpi_size
                0x000000000000c470                mbedtls_mpi_read_string
                0x000000000000c954                mbedtls_mpi_write_string
                0x000000000000cdbc                mbedtls_mpi_read_binary_le
                0x000000000000ceac                mbedtls_mpi_read_binary
                0x000000000000cf7c                mbedtls_mpi_write_binary_le
                0x000000000000d0cc                mbedtls_mpi_write_binary
                0x000000000000d22c                mbedtls_mpi_shift_l
                0x000000000000d484                mbedtls_mpi_shift_r
                0x000000000000d6a4                mbedtls_mpi_cmp_abs
                0x000000000000d85c                mbedtls_mpi_cmp_mpi
                0x000000000000da7c                mbedtls_mpi_cmp_int
                0x000000000000db1c                mbedtls_mpi_add_abs
                0x000000000000dea4                mbedtls_mpi_sub_abs
                0x000000000000e108                mbedtls_mpi_add_mpi
                0x000000000000e224                mbedtls_mpi_sub_mpi
                0x000000000000e340                mbedtls_mpi_add_int
                0x000000000000e3e8                mbedtls_mpi_sub_int
                0x000000000000f82c                mbedtls_mpi_mul_mpi
                0x000000000000fb00                mbedtls_mpi_mul_int
                0x000000000000fce0                mbedtls_mpi_div_mpi
                0x0000000000010558                mbedtls_mpi_div_int
                0x0000000000010608                mbedtls_mpi_mod_mpi
                0x00000000000106f8                mbedtls_mpi_mod_int
                0x0000000000010944                mbedtls_mpi_montg_init
                0x0000000000010b88                mbedtls_mpi_montmul
                0x0000000000010c64                mbedtls_mpi_montred
                0x0000000000010d4c                mbedtls_mpi_exp_mod
                0x0000000000011824                mbedtls_mpi_gcd
                0x0000000000011bd8                mbedtls_mpi_fill_random
                0x0000000000011c7c                mbedtls_mpi_random
                0x0000000000011edc                mbedtls_mpi_inv_mod
                0x00000000000129ac                mbedtls_mpi_is_prime_ext
                0x0000000000012ac4                mbedtls_mpi_is_prime
                0x0000000000012af4                mbedtls_mpi_gen_prime
                0x0000000000012fd4                mbedtls_mpi_self_test
 .text          0x000000000001361c      0xfd8 /home/avees/optee_local_build/Linux_for_Tegra/sources/tegra/optee-src/nv-optee/optee/build/t234/export-ta_arm64/lib/libmbedtls.a(constant_time.o)
                0x000000000001361c                mbedtls_ct_memcmp
                0x00000000000136c0                mbedtls_ct_uint_mask
                0x00000000000136e4                mbedtls_ct_mpi_uint_mask
                0x0000000000013768                mbedtls_ct_size_bool_eq
                0x00000000000137d8                mbedtls_ct_mpi_uint_lt
                0x0000000000013840                mbedtls_ct_uint_if
                0x00000000000138f0                mbedtls_ct_mpi_uint_cond_assign
                0x0000000000013998                mbedtls_ct_base64_enc_char
                0x0000000000013ac4                mbedtls_ct_base64_dec_value
                0x0000000000013d40                mbedtls_mpi_safe_cond_assign
                0x0000000000013e5c                mbedtls_mpi_safe_cond_swap
                0x0000000000014044                mbedtls_mpi_lt_mpi_ct
                0x0000000000014220                mbedtls_ct_rsaes_pkcs1_v15_unpadding
 .text          0x00000000000145f4       0x44 /home/avees/optee_local_build/Linux_for_Tegra/sources/tegra/optee-src/nv-optee/optee/build/t234/export-ta_arm64/lib/libmbedtls.a(platform_util.o)
                0x00000000000145f4                mbedtls_platform_zeroize
 .text          0x0000000000014638     0x1ff8 /home/avees/optee_local_build/Linux_for_Tegra/sources/tegra/optee-src/nv-optee/optee/build/t234/export-ta_arm64/lib/libutils.a(bget_malloc.o)
                0x000000000001478c                bget
                0x0000000000014cb4                bgetz
                0x0000000000014da8                bgetr
                0x0000000000014ee0                brel
                0x00000000000152e4                bpool
                0x0000000000015848                raw_memalign
                0x000000000001597c                raw_malloc
                0x00000000000159b4                raw_free
                0x0000000000015a0c                raw_calloc
                0x0000000000015b88                raw_realloc
                0x0000000000015d80                malloc
                0x0000000000015e24                calloc
                0x0000000000015eb4                realloc
                0x0000000000015f08                memalign
                0x0000000000015f64                aligned_alloc
                0x0000000000015fe0                free
                0x0000000000016004                free_wipe
                0x0000000000016110                raw_malloc_get_ctx_size
                0x0000000000016118                raw_malloc_init_ctx
                0x0000000000016158                raw_malloc_add_pool
                0x0000000000016348                raw_malloc_buffer_overlaps_heap
                0x000000000001646c                raw_malloc_buffer_is_within_alloced
                0x00000000000165a0                malloc_add_pool
                0x00000000000165d0                malloc_buffer_is_within_alloced
                0x0000000000016600                malloc_buffer_overlaps_heap
 .text          0x0000000000016630      0x15c /home/avees/optee_local_build/Linux_for_Tegra/sources/tegra/optee-src/nv-optee/optee/build/t234/export-ta_arm64/lib/libutils.a(snprintf.o)
                0x0000000000016630                snprintf
                0x0000000000016728                vsnprintf
 .text          0x000000000001678c      0x180 /home/avees/optee_local_build/Linux_for_Tegra/sources/tegra/optee-src/nv-optee/optee/build/t234/export-ta_arm64/lib/libutils.a(memcpy.o)
                0x000000000001678c                memcpy
 .text          0x000000000001690c      0x20c /home/avees/optee_local_build/Linux_for_Tegra/sources/tegra/optee-src/nv-optee/optee/build/t234/export-ta_arm64/lib/libutils.a(memmove.o)
                0x000000000001690c                memmove
 .text          0x0000000000016b18      0x1cc /home/avees/optee_local_build/Linux_for_Tegra/sources/tegra/optee-src/nv-optee/optee/build/t234/export-ta_arm64/lib/libutils.a(memset.o)
                0x0000000000016b18                memset
 .text          0x0000000000016ce4      0x114 /home/avees/optee_local_build/Linux_for_Tegra/sources/tegra/optee-src/nv-optee/optee/build/t234/export-ta_arm64/lib/libutils.a(strcmp.o)
                0x0000000000016ce4                strcmp
 .text          0x0000000000016df8       0xb4 /home/avees/optee_local_build/Linux_for_Tegra/sources/tegra/optee-src/nv-optee/optee/build/t234/export-ta_arm64/lib/libutils.a(strlcpy.o)
                0x0000000000016df8                strlcpy
 .text          0x0000000000016eac      0x35c /home/avees/optee_local_build/Linux_for_Tegra/sources/tegra/optee-src/nv-optee/optee/build/t234/export-ta_arm64/lib/libutils.a(mempool.o)
                0x0000000000016fd0                mempool_alloc_pool
                0x0000000000017060                mempool_alloc
                0x00000000000170e8                mempool_calloc
                0x00000000000171cc                mempool_free
 .text          0x0000000000017208       0xf8 /home/avees/optee_local_build/Linux_for_Tegra/sources/tegra/optee-src/nv-optee/optee/build/t234/export-ta_arm64/lib/libutils.a(consttime_memcmp.o)
                0x0000000000017208                consttime_memcmp
 .text          0x0000000000017300        0x0 /home/avees/optee_local_build/Linux_for_Tegra/sources/tegra/optee-src/nv-optee/optee/build/t234/export-ta_arm64/lib/libutee.a(utee_syscalls_a64.o)
 *(SORT_BY_ALIGNMENT(.stub))
 *(SORT_BY_ALIGNMENT(.glue_7))
 *(SORT_BY_ALIGNMENT(.glue_7t))
 *(SORT_BY_ALIGNMENT(.gnu.linkonce.t.*))
 *(SORT_BY_ALIGNMENT(.vfp11_veneer))
                0x0000000000017300                __text_end = .

.note.gnu.property
 *(SORT_BY_ALIGNMENT(.note.gnu.property))

.plt            0x0000000000017300        0x0
 *(SORT_BY_ALIGNMENT(.plt))
 .plt           0x0000000000017300        0x0 /home/avees/optee_local_build/Linux_for_Tegra/sources/tegra/optee-src/nv-optee/optee/cp4ad-optee/T3.secret_text/build/ta/T3.secret_text/ta_secret_text.o

.eh_frame_hdr
 *(SORT_BY_ALIGNMENT(.eh_frame_hdr))
 *(SORT_BY_ALIGNMENT(.eh_frame_entry) SORT_BY_ALIGNMENT(.eh_frame_entry.*))

.eh_frame       0x0000000000017300     0x2938
 *(SORT_BY_ALIGNMENT(.eh_frame))
 .eh_frame      0x0000000000017300       0xb8 /home/avees/optee_local_build/Linux_for_Tegra/sources/tegra/optee-src/nv-optee/optee/cp4ad-optee/T3.secret_text/build/ta/T3.secret_text/ta_secret_text.o
 .eh_frame      0x00000000000173b8       0x30 /home/avees/optee_local_build/Linux_for_Tegra/sources/tegra/optee-src/nv-optee/optee/cp4ad-optee/T3.secret_text/build/ta/T3.secret_text/user_ta_header.o
                                         0x40 (size before relaxing)
 .eh_frame      0x00000000000173e8       0x18 /home/avees/optee_local_build/Linux_for_Tegra/sources/tegra/optee-src/nv-optee/optee/build/t234/export-ta_arm64/lib/libutils.a(stack_check.o)
                                         0x30 (size before relaxing)
 .eh_frame      0x0000000000017400       0x18 /home/avees/optee_local_build/Linux_for_Tegra/sources/tegra/optee-src/nv-optee/optee/build/t234/export-ta_arm64/lib/libutils.a(strlen.o)
                                         0x30 (size before relaxing)
 .eh_frame      0x0000000000017418      0x100 /home/avees/optee_local_build/Linux_for_Tegra/sources/tegra/optee-src/nv-optee/optee/build/t234/export-ta_arm64/lib/libutils.a(trace.o)
                                        0x118 (size before relaxing)
 .eh_frame      0x0000000000017518       0xd0 /home/avees/optee_local_build/Linux_for_Tegra/sources/tegra/optee-src/nv-optee/optee/build/t234/export-ta_arm64/lib/libutils.a(snprintk.o)
                                         0xe8 (size before relaxing)
 .eh_frame      0x00000000000175e8       0x18 /home/avees/optee_local_build/Linux_for_Tegra/sources/tegra/optee-src/nv-optee/optee/build/t234/export-ta_arm64/lib/libutils.a(memchr.o)
                                         0x30 (size before relaxing)
 .eh_frame      0x0000000000017600       0x98 /home/avees/optee_local_build/Linux_for_Tegra/sources/tegra/optee-src/nv-optee/optee/build/t234/export-ta_arm64/lib/libutee.a(trace_ext.o)
                                         0xa8 (size before relaxing)
 .eh_frame      0x0000000000017698      0x4f8 /home/avees/optee_local_build/Linux_for_Tegra/sources/tegra/optee-src/nv-optee/optee/build/t234/export-ta_arm64/lib/libutee.a(tee_api.o)
                                        0x508 (size before relaxing)
 .eh_frame      0x0000000000017b90      0x180 /home/avees/optee_local_build/Linux_for_Tegra/sources/tegra/optee-src/nv-optee/optee/build/t234/export-ta_arm64/lib/libutee.a(tee_api_panic.o)
                                        0x198 (size before relaxing)
 .eh_frame      0x0000000000017d10       0xb0 /home/avees/optee_local_build/Linux_for_Tegra/sources/tegra/optee-src/nv-optee/optee/build/t234/export-ta_arm64/lib/libutee.a(tee_system_pta.o)
                                         0xc8 (size before relaxing)
 .eh_frame      0x0000000000017dc0      0x260 /home/avees/optee_local_build/Linux_for_Tegra/sources/tegra/optee-src/nv-optee/optee/build/t234/export-ta_arm64/lib/libutee.a(user_ta_entry.o)
                                        0x278 (size before relaxing)
 .eh_frame      0x0000000000018020       0x18 /home/avees/optee_local_build/Linux_for_Tegra/sources/tegra/optee-src/nv-optee/optee/build/t234/export-ta_arm64/lib/libutee.a(abort.o)
                                         0x30 (size before relaxing)
 .eh_frame      0x0000000000018038      0x6d8 /home/avees/optee_local_build/Linux_for_Tegra/sources/tegra/optee-src/nv-optee/optee/build/t234/export-ta_arm64/lib/libutee.a(tee_api_arith_mpi.o)
                                        0x6e8 (size before relaxing)
 .eh_frame      0x0000000000018710      0x268 /home/avees/optee_local_build/Linux_for_Tegra/sources/tegra/optee-src/nv-optee/optee/build/t234/export-ta_arm64/lib/libutee.a(tee_api_property.o)
                                        0x280 (size before relaxing)
 .eh_frame      0x0000000000018978       0x90 /home/avees/optee_local_build/Linux_for_Tegra/sources/tegra/optee-src/nv-optee/optee/build/t234/export-ta_arm64/lib/libutee.a(tcb.o)
                                         0xa0 (size before relaxing)
 .eh_frame      0x0000000000018a08       0x38 /home/avees/optee_local_build/Linux_for_Tegra/sources/tegra/optee-src/nv-optee/optee/build/t234/export-ta_arm64/lib/libutee.a(assert.o)
                                         0x50 (size before relaxing)
 .eh_frame      0x0000000000018a40       0x70 /home/avees/optee_local_build/Linux_for_Tegra/sources/tegra/optee-src/nv-optee/optee/build/t234/export-ta_arm64/lib/libutee.a(base64.o)
                                         0x88 (size before relaxing)
 .eh_frame      0x0000000000018ab0      0x808 /home/avees/optee_local_build/Linux_for_Tegra/sources/tegra/optee-src/nv-optee/optee/build/t234/export-ta_arm64/lib/libmbedtls.a(bignum.o)
                                        0x818 (size before relaxing)
 .eh_frame      0x00000000000192b8      0x1d8 /home/avees/optee_local_build/Linux_for_Tegra/sources/tegra/optee-src/nv-optee/optee/build/t234/export-ta_arm64/lib/libmbedtls.a(constant_time.o)
                                        0x1f0 (size before relaxing)
 .eh_frame      0x0000000000019490       0x20 /home/avees/optee_local_build/Linux_for_Tegra/sources/tegra/optee-src/nv-optee/optee/build/t234/export-ta_arm64/lib/libmbedtls.a(platform_util.o)
                                         0x38 (size before relaxing)
 .eh_frame      0x00000000000194b0      0x5b0 /home/avees/optee_local_build/Linux_for_Tegra/sources/tegra/optee-src/nv-optee/optee/build/t234/export-ta_arm64/lib/libutils.a(bget_malloc.o)
                                        0x5c0 (size before relaxing)
 .eh_frame      0x0000000000019a60       0x48 /home/avees/optee_local_build/Linux_for_Tegra/sources/tegra/optee-src/nv-optee/optee/build/t234/export-ta_arm64/lib/libutils.a(snprintf.o)
                                         0x58 (size before relaxing)
 .eh_frame      0x0000000000019aa8       0x18 /home/avees/optee_local_build/Linux_for_Tegra/sources/tegra/optee-src/nv-optee/optee/build/t234/export-ta_arm64/lib/libutils.a(memcpy.o)
                                         0x30 (size before relaxing)
 .eh_frame      0x0000000000019ac0       0x18 /home/avees/optee_local_build/Linux_for_Tegra/sources/tegra/optee-src/nv-optee/optee/build/t234/export-ta_arm64/lib/libutils.a(memmove.o)
                                         0x30 (size before relaxing)
 .eh_frame      0x0000000000019ad8       0x18 /home/avees/optee_local_build/Linux_for_Tegra/sources/tegra/optee-src/nv-optee/optee/build/t234/export-ta_arm64/lib/libutils.a(memset.o)
                                         0x30 (size before relaxing)
 .eh_frame      0x0000000000019af0       0x18 /home/avees/optee_local_build/Linux_for_Tegra/sources/tegra/optee-src/nv-optee/optee/build/t234/export-ta_arm64/lib/libutils.a(strcmp.o)
                                         0x30 (size before relaxing)
 .eh_frame      0x0000000000019b08       0x28 /home/avees/optee_local_build/Linux_for_Tegra/sources/tegra/optee-src/nv-optee/optee/build/t234/export-ta_arm64/lib/libutils.a(strlcpy.o)
                                         0x38 (size before relaxing)
 .eh_frame      0x0000000000019b30       0xf0 /home/avees/optee_local_build/Linux_for_Tegra/sources/tegra/optee-src/nv-optee/optee/build/t234/export-ta_arm64/lib/libutils.a(mempool.o)
                                        0x100 (size before relaxing)
 .eh_frame      0x0000000000019c20       0x18 /home/avees/optee_local_build/Linux_for_Tegra/sources/tegra/optee-src/nv-optee/optee/build/t234/export-ta_arm64/lib/libutils.a(consttime_memcmp.o)
                                         0x30 (size before relaxing)
 *(SORT_BY_ALIGNMENT(.eh_frame.*))

.gcc_except_table
 *(SORT_BY_ALIGNMENT(.gcc_except_table) SORT_BY_ALIGNMENT(.gcc_except_table.*))

.rodata         0x0000000000019c38     0x16fe
 *(SORT_BY_ALIGNMENT(.gnu.linkonce.r.*))
 *(SORT_BY_ALIGNMENT(.rodata) SORT_BY_ALIGNMENT(.rodata.*))
 .rodata.ta_secret_text.c
                0x0000000000019c38       0xaa /home/avees/optee_local_build/Linux_for_Tegra/sources/tegra/optee-src/nv-optee/optee/cp4ad-optee/T3.secret_text/build/ta/T3.secret_text/ta_secret_text.o
 *fill*         0x0000000000019ce2        0x6 
 .rodata.user_ta_header.c
                0x0000000000019ce8      0x1c8 /home/avees/optee_local_build/Linux_for_Tegra/sources/tegra/optee-src/nv-optee/optee/cp4ad-optee/T3.secret_text/build/ta/T3.secret_text/user_ta_header.o
                0x0000000000019ce8                trace_ext_prefix
                0x0000000000019cf0                ta_heap_size
                0x0000000000019cf8                __ta_no_share_heap_size
                0x0000000000019ea8                ta_num_props
 .rodata.lib/libutils/isoc/stack_check.c
                0x0000000000019eb0       0x18 /home/avees/optee_local_build/Linux_for_Tegra/sources/tegra/optee-src/nv-optee/optee/build/t234/export-ta_arm64/lib/libutils.a(stack_check.o)
 .rodata.lib/libutils/ext/trace.c
                0x0000000000019ec8       0x72 /home/avees/optee_local_build/Linux_for_Tegra/sources/tegra/optee-src/nv-optee/optee/build/t234/export-ta_arm64/lib/libutils.a(trace.o)
 *fill*         0x0000000000019f3a        0x6 
 .rodata.lib/libutils/ext/snprintk.c
                0x0000000000019f40      0x1f8 /home/avees/optee_local_build/Linux_for_Tegra/sources/tegra/optee-src/nv-optee/optee/build/t234/export-ta_arm64/lib/libutils.a(snprintk.o)
 .rodata.lib/libutee/trace_ext.c
                0x000000000001a138        0x2 /home/avees/optee_local_build/Linux_for_Tegra/sources/tegra/optee-src/nv-optee/optee/build/t234/export-ta_arm64/lib/libutee.a(trace_ext.o)
 *fill*         0x000000000001a13a        0x6 
 .rodata.lib/libutee/tee_api.c
                0x000000000001a140       0x2b /home/avees/optee_local_build/Linux_for_Tegra/sources/tegra/optee-src/nv-optee/optee/build/t234/export-ta_arm64/lib/libutee.a(tee_api.o)
 *fill*         0x000000000001a16b        0x5 
 .rodata.lib/libutee/tee_api_panic.c
                0x000000000001a170       0x8a /home/avees/optee_local_build/Linux_for_Tegra/sources/tegra/optee-src/nv-optee/optee/build/t234/export-ta_arm64/lib/libutee.a(tee_api_panic.o)
 *fill*         0x000000000001a1fa        0x6 
 .rodata.lib/libutee/tee_system_pta.c
                0x000000000001a200       0x97 /home/avees/optee_local_build/Linux_for_Tegra/sources/tegra/optee-src/nv-optee/optee/build/t234/export-ta_arm64/lib/libutee.a(tee_system_pta.o)
 *fill*         0x000000000001a297        0x1 
 .rodata.lib/libutee/user_ta_entry.c
                0x000000000001a298       0x6e /home/avees/optee_local_build/Linux_for_Tegra/sources/tegra/optee-src/nv-optee/optee/build/t234/export-ta_arm64/lib/libutee.a(user_ta_entry.o)
 *fill*         0x000000000001a306        0x2 
 .rodata.lib/libutee/abort.c
                0x000000000001a308        0x7 /home/avees/optee_local_build/Linux_for_Tegra/sources/tegra/optee-src/nv-optee/optee/build/t234/export-ta_arm64/lib/libutee.a(abort.o)
 *fill*         0x000000000001a30f        0x1 
 .rodata.lib/libutee/tee_api_arith_mpi.c
                0x000000000001a310      0x275 /home/avees/optee_local_build/Linux_for_Tegra/sources/tegra/optee-src/nv-optee/optee/build/t234/export-ta_arm64/lib/libutee.a(tee_api_arith_mpi.o)
 *fill*         0x000000000001a585        0x3 
 .rodata.lib/libutee/tee_api_property.c
                0x000000000001a588       0xb0 /home/avees/optee_local_build/Linux_for_Tegra/sources/tegra/optee-src/nv-optee/optee/build/t234/export-ta_arm64/lib/libutee.a(tee_api_property.o)
 .rodata.lib/libutee/tcb.c
                0x000000000001a638       0xc0 /home/avees/optee_local_build/Linux_for_Tegra/sources/tegra/optee-src/nv-optee/optee/build/t234/export-ta_arm64/lib/libutee.a(tcb.o)
 .rodata.lib/libutee/assert.c
                0x000000000001a6f8       0x27 /home/avees/optee_local_build/Linux_for_Tegra/sources/tegra/optee-src/nv-optee/optee/build/t234/export-ta_arm64/lib/libutee.a(assert.o)
 *fill*         0x000000000001a71f        0x1 
 .rodata.lib/libutee/base64.c
                0x000000000001a720       0x41 /home/avees/optee_local_build/Linux_for_Tegra/sources/tegra/optee-src/nv-optee/optee/build/t234/export-ta_arm64/lib/libutee.a(base64.o)
 *fill*         0x000000000001a761        0x7 
 .rodata.lib/libmbedtls/mbedtls/library/bignum.c
                0x000000000001a768      0x76e /home/avees/optee_local_build/Linux_for_Tegra/sources/tegra/optee-src/nv-optee/optee/build/t234/export-ta_arm64/lib/libmbedtls.a(bignum.o)
 *fill*         0x000000000001aed6        0x2 
 .rodata.lib/libutils/isoc/bget_malloc.c
                0x000000000001aed8      0x394 /home/avees/optee_local_build/Linux_for_Tegra/sources/tegra/optee-src/nv-optee/optee/build/t234/export-ta_arm64/lib/libutils.a(bget_malloc.o)
 *fill*         0x000000000001b26c        0x4 
 .rodata.lib/libutils/ext/mempool.c
                0x000000000001b270       0xc6 /home/avees/optee_local_build/Linux_for_Tegra/sources/tegra/optee-src/nv-optee/optee/build/t234/export-ta_arm64/lib/libutils.a(mempool.o)

.gnu.version_d  0x000000000001b338        0x0
 .gnu.version_d
                0x000000000001b338        0x0 /home/avees/optee_local_build/Linux_for_Tegra/sources/tegra/optee-src/nv-optee/optee/cp4ad-optee/T3.secret_text/build/ta/T3.secret_text/ta_secret_text.o

.gnu.version    0x000000000001b336        0x0
 .gnu.version   0x000000000001b336        0x0 /home/avees/optee_local_build/Linux_for_Tegra/sources/tegra/optee-src/nv-optee/optee/cp4ad-optee/T3.secret_text/build/ta/T3.secret_text/ta_secret_text.o

.gnu.version_r  0x000000000001b338        0x0
 .gnu.version_r
                0x000000000001b338        0x0 /home/avees/optee_local_build/Linux_for_Tegra/sources/tegra/optee-src/nv-optee/optee/cp4ad-optee/T3.secret_text/build/ta/T3.secret_text/ta_secret_text.o

.gnu.hash       0x000000000001b338       0x30
 .gnu.hash      0x000000000001b338       0x30 /home/avees/optee_local_build/Linux_for_Tegra/sources/tegra/optee-src/nv-optee/optee/cp4ad-optee/T3.secret_text/build/ta/T3.secret_text/ta_secret_text.o

.ARM.extab
 *(SORT_BY_ALIGNMENT(.ARM.extab*) SORT_BY_ALIGNMENT(.gnu.linkonce.armextab.*))
                [!provide]                        PROVIDE (__exidx_start = .)

.ARM.exidx
 *(SORT_BY_ALIGNMENT(.ARM.exidx*) SORT_BY_ALIGNMENT(.gnu.linkonce.armexidx.*))
                [!provide]                        PROVIDE (__exidx_end = .)

.ctors
 *(SORT_BY_ALIGNMENT(.ctors))

.dtors
 *(SORT_BY_ALIGNMENT(.dtors))

.dynsym         0x000000000001b368       0x90
 *(SORT_BY_ALIGNMENT(.dynsym))
 .dynsym        0x000000000001b368       0x90 /home/avees/optee_local_build/Linux_for_Tegra/sources/tegra/optee-src/nv-optee/optee/cp4ad-optee/T3.secret_text/build/ta/T3.secret_text/ta_secret_text.o

.dynstr         0x000000000001b3f8       0x2e
 *(SORT_BY_ALIGNMENT(.dynstr))
 .dynstr        0x000000000001b3f8       0x2e /home/avees/optee_local_build/Linux_for_Tegra/sources/tegra/optee-src/nv-optee/optee/cp4ad-optee/T3.secret_text/build/ta/T3.secret_text/ta_secret_text.o

.hash           0x000000000001b428       0x2c
 *(SORT_BY_ALIGNMENT(.hash))
 .hash          0x000000000001b428       0x2c /home/avees/optee_local_build/Linux_for_Tegra/sources/tegra/optee-src/nv-optee/optee/cp4ad-optee/T3.secret_text/build/ta/T3.secret_text/ta_secret_text.o

.rela.dyn       0x000000000001b458      0x348
 .rela.data.rel.ro
                0x000000000001b458        0x0 /home/avees/optee_local_build/Linux_for_Tegra/sources/tegra/optee-src/nv-optee/optee/cp4ad-optee/T3.secret_text/build/ta/T3.secret_text/ta_secret_text.o
 .rela.ifunc    0x000000000001b458        0x0 /home/avees/optee_local_build/Linux_for_Tegra/sources/tegra/optee-src/nv-optee/optee/cp4ad-optee/T3.secret_text/build/ta/T3.secret_text/ta_secret_text.o
 .rela.data.rel.ro.local
                0x000000000001b458      0x2d0 /home/avees/optee_local_build/Linux_for_Tegra/sources/tegra/optee-src/nv-optee/optee/cp4ad-optee/T3.secret_text/build/ta/T3.secret_text/ta_secret_text.o
 .rela.data.rel.local
                0x000000000001b728       0x60 /home/avees/optee_local_build/Linux_for_Tegra/sources/tegra/optee-src/nv-optee/optee/cp4ad-optee/T3.secret_text/build/ta/T3.secret_text/ta_secret_text.o
 .rela.data.rel
                0x000000000001b788       0x18 /home/avees/optee_local_build/Linux_for_Tegra/sources/tegra/optee-src/nv-optee/optee/cp4ad-optee/T3.secret_text/build/ta/T3.secret_text/ta_secret_text.o
                0x000000000001c000                . = ALIGN (0x1000)

.dynamic        0x000000000001c000      0x110
 *(SORT_BY_ALIGNMENT(.dynamic))
 .dynamic       0x000000000001c000      0x110 /home/avees/optee_local_build/Linux_for_Tegra/sources/tegra/optee-src/nv-optee/optee/cp4ad-optee/T3.secret_text/build/ta/T3.secret_text/ta_secret_text.o
                0x000000000001c000                _DYNAMIC

.tdata
 *(SORT_BY_ALIGNMENT(.tdata) SORT_BY_ALIGNMENT(.tdata.*) SORT_BY_ALIGNMENT(.gnu.linkonce.td.*))

.tbss
 *(SORT_BY_ALIGNMENT(.tbss) SORT_BY_ALIGNMENT(.tbss.*) SORT_BY_ALIGNMENT(.gnu.linkonce.tb.*))
 *(SORT_BY_ALIGNMENT(.tcommon))

.got            0x000000000001c110       0xc0
 *(SORT_BY_ALIGNMENT(.got.plt))
 .got.plt       0x000000000001c110       0x18 /home/avees/optee_local_build/Linux_for_Tegra/sources/tegra/optee-src/nv-optee/optee/cp4ad-optee/T3.secret_text/build/ta/T3.secret_text/ta_secret_text.o
 *(SORT_BY_ALIGNMENT(.got))
 .got           0x000000000001c128       0xa8 /home/avees/optee_local_build/Linux_for_Tegra/sources/tegra/optee-src/nv-optee/optee/cp4ad-optee/T3.secret_text/build/ta/T3.secret_text/ta_secret_text.o
                0x000000000001c128                _GLOBAL_OFFSET_TABLE_

.rel.text
 *(SORT_BY_ALIGNMENT(.rel.text))
 *(SORT_BY_ALIGNMENT(.rel.gnu.linkonce.t*))

.rela.text
 *(SORT_BY_ALIGNMENT(.rela.text))
 *(SORT_BY_ALIGNMENT(.rela.gnu.linkonce.t*))

.rel.data
 *(SORT_BY_ALIGNMENT(.rel.data))
 *(SORT_BY_ALIGNMENT(.rel.gnu.linkonce.d*))

.rela.data
 *(SORT_BY_ALIGNMENT(.rela.data))
 *(SORT_BY_ALIGNMENT(.rela.gnu.linkonce.d*))

.rel.tdata
 *(SORT_BY_ALIGNMENT(.rel.tdata) SORT_BY_ALIGNMENT(.rel.tdata.*) SORT_BY_ALIGNMENT(.rel.gnu.linkonce.td.*))

.rela.tdata
 *(SORT_BY_ALIGNMENT(.rela.tdata) SORT_BY_ALIGNMENT(.rela.tdata.*) SORT_BY_ALIGNMENT(.rela.gnu.linkonce.td.*))

.rel.tbss
 *(SORT_BY_ALIGNMENT(.rel.tbss) SORT_BY_ALIGNMENT(.rel.tbss.*) SORT_BY_ALIGNMENT(.rel.gnu.linkonce.tb.*))

.rela.tbss
 *(SORT_BY_ALIGNMENT(.rela.tbss) SORT_BY_ALIGNMENT(.rela.tbss.*) SORT_BY_ALIGNMENT(.rela.gnu.linkonce.tb.*))

.rel.rodata
 *(SORT_BY_ALIGNMENT(.rel.rodata))
 *(SORT_BY_ALIGNMENT(.rel.gnu.linkonce.r*))

.rela.rodata
 *(SORT_BY_ALIGNMENT(.rela.rodata))
 *(SORT_BY_ALIGNMENT(.rela.gnu.linkonce.r*))

.rel.dyn
 *(SORT_BY_ALIGNMENT(.rel.dyn))

.rel.got
 *(SORT_BY_ALIGNMENT(.rel.got))

.rela.got       0x000000000001c1d0      0x1e0
 *(SORT_BY_ALIGNMENT(.rela.got))
 .rela.got      0x000000000001c1d0      0x1e0 /home/avees/optee_local_build/Linux_for_Tegra/sources/tegra/optee-src/nv-optee/optee/cp4ad-optee/T3.secret_text/build/ta/T3.secret_text/ta_secret_text.o

.rel.ctors
 *(SORT_BY_ALIGNMENT(.rel.ctors))

.rela.ctors
 *(SORT_BY_ALIGNMENT(.rela.ctors))

.rel.dtors
 *(SORT_BY_ALIGNMENT(.rel.dtors))

.rela.dtors
 *(SORT_BY_ALIGNMENT(.rela.dtors))

.rel.init
 *(SORT_BY_ALIGNMENT(.rel.init))

.rela.init
 *(SORT_BY_ALIGNMENT(.rela.init))

.rel.fini
 *(SORT_BY_ALIGNMENT(.rel.fini))

.rela.fini
 *(SORT_BY_ALIGNMENT(.rela.fini))

.rel.bss
 *(SORT_BY_ALIGNMENT(.rel.bss))

.rela.bss       0x000000000001c3b0        0x0
 *(SORT_BY_ALIGNMENT(.rela.bss))
 .rela.bss      0x000000000001c3b0        0x0 /home/avees/optee_local_build/Linux_for_Tegra/sources/tegra/optee-src/nv-optee/optee/cp4ad-optee/T3.secret_text/build/ta/T3.secret_text/ta_secret_text.o

.rel.plt
 *(SORT_BY_ALIGNMENT(.rel.plt))

.rela.plt       0x000000000001c3b0        0x0
 *(SORT_BY_ALIGNMENT(.rela.plt))
 .rela.plt      0x000000000001c3b0        0x0 /home/avees/optee_local_build/Linux_for_Tegra/sources/tegra/optee-src/nv-optee/optee/cp4ad-optee/T3.secret_text/build/ta/T3.secret_text/ta_secret_text.o

.data           0x000000000001c3b0      0x1cc
 *(SORT_BY_ALIGNMENT(.data) SORT_BY_ALIGNMENT(.data.*) SORT_BY_ALIGNMENT(.gnu.linkonce.d.*))
 .data.rel.ro.local
                0x000000000001c3b0      0x108 /home/avees/optee_local_build/Linux_for_Tegra/sources/tegra/optee-src/nv-optee/optee/cp4ad-optee/T3.secret_text/build/ta/T3.secret_text/user_ta_header.o
                0x000000000001c3b0                ta_props
 .data          0x000000000001c4b8        0x8 /home/avees/optee_local_build/Linux_for_Tegra/sources/tegra/optee-src/nv-optee/optee/build/t234/export-ta_arm64/lib/libutils.a(stack_check.o)
                0x000000000001c4b8                __stack_chk_guard
 .data.rel.local
                0x000000000001c4c0       0x20 /home/avees/optee_local_build/Linux_for_Tegra/sources/tegra/optee-src/nv-optee/optee/build/t234/export-ta_arm64/lib/libutee.a(user_ta_entry.o)
 .data.rel.ro.local
                0x000000000001c4e0       0x60 /home/avees/optee_local_build/Linux_for_Tegra/sources/tegra/optee-src/nv-optee/optee/build/t234/export-ta_arm64/lib/libutee.a(tee_api_property.o)
                0x000000000001c4e0                tee_props
 .data.rel      0x000000000001c540        0x8 /home/avees/optee_local_build/Linux_for_Tegra/sources/tegra/optee-src/nv-optee/optee/build/t234/export-ta_arm64/lib/libmbedtls.a(platform_util.o)
 .data.rel.local
                0x000000000001c548       0x30 /home/avees/optee_local_build/Linux_for_Tegra/sources/tegra/optee-src/nv-optee/optee/build/t234/export-ta_arm64/lib/libutils.a(bget_malloc.o)
 .data          0x000000000001c578        0x4 /home/avees/optee_local_build/Linux_for_Tegra/sources/tegra/optee-src/nv-optee/optee/cp4ad-optee/T3.secret_text/build/ta/T3.secret_text/user_ta_header.o
                0x000000000001c578                trace_level
 .data          0x000000000001c57c        0x0 /home/avees/optee_local_build/Linux_for_Tegra/sources/tegra/optee-src/nv-optee/optee/cp4ad-optee/T3.secret_text/build/ta/T3.secret_text/ta_secret_text.o
 .data.rel.ro   0x000000000001c57c        0x0 /home/avees/optee_local_build/Linux_for_Tegra/sources/tegra/optee-src/nv-optee/optee/cp4ad-optee/T3.secret_text/build/ta/T3.secret_text/ta_secret_text.o
 .data          0x000000000001c57c        0x0 /home/avees/optee_local_build/Linux_for_Tegra/sources/tegra/optee-src/nv-optee/optee/build/t234/export-ta_arm64/lib/libutils.a(strlen.o)
 .data          0x000000000001c57c        0x0 /home/avees/optee_local_build/Linux_for_Tegra/sources/tegra/optee-src/nv-optee/optee/build/t234/export-ta_arm64/lib/libutils.a(trace.o)
 .data          0x000000000001c57c        0x0 /home/avees/optee_local_build/Linux_for_Tegra/sources/tegra/optee-src/nv-optee/optee/build/t234/export-ta_arm64/lib/libutils.a(snprintk.o)
 .data          0x000000000001c57c        0x0 /home/avees/optee_local_build/Linux_for_Tegra/sources/tegra/optee-src/nv-optee/optee/build/t234/export-ta_arm64/lib/libutils.a(memchr.o)
 .data          0x000000000001c57c        0x0 /home/avees/optee_local_build/Linux_for_Tegra/sources/tegra/optee-src/nv-optee/optee/build/t234/export-ta_arm64/lib/libutee.a(trace_ext.o)
 .data          0x000000000001c57c        0x0 /home/avees/optee_local_build/Linux_for_Tegra/sources/tegra/optee-src/nv-optee/optee/build/t234/export-ta_arm64/lib/libutee.a(tee_api.o)
 .data          0x000000000001c57c        0x0 /home/avees/optee_local_build/Linux_for_Tegra/sources/tegra/optee-src/nv-optee/optee/build/t234/export-ta_arm64/lib/libutee.a(tee_api_panic.o)
 .data          0x000000000001c57c        0x0 /home/avees/optee_local_build/Linux_for_Tegra/sources/tegra/optee-src/nv-optee/optee/build/t234/export-ta_arm64/lib/libutee.a(tee_system_pta.o)
 .data          0x000000000001c57c        0x0 /home/avees/optee_local_build/Linux_for_Tegra/sources/tegra/optee-src/nv-optee/optee/build/t234/export-ta_arm64/lib/libutee.a(user_ta_entry.o)
 .data          0x000000000001c57c        0x0 /home/avees/optee_local_build/Linux_for_Tegra/sources/tegra/optee-src/nv-optee/optee/build/t234/export-ta_arm64/lib/libutee.a(utee_syscalls_a64.o)
 .data          0x000000000001c57c        0x0 /home/avees/optee_local_build/Linux_for_Tegra/sources/tegra/optee-src/nv-optee/optee/build/t234/export-ta_arm64/lib/libutee.a(abort.o)
 .data          0x000000000001c57c        0x0 /home/avees/optee_local_build/Linux_for_Tegra/sources/tegra/optee-src/nv-optee/optee/build/t234/export-ta_arm64/lib/libutee.a(tee_api_arith_mpi.o)
 .data          0x000000000001c57c        0x0 /home/avees/optee_local_build/Linux_for_Tegra/sources/tegra/optee-src/nv-optee/optee/build/t234/export-ta_arm64/lib/libutee.a(tee_api_property.o)
 .data          0x000000000001c57c        0x0 /home/avees/optee_local_build/Linux_for_Tegra/sources/tegra/optee-src/nv-optee/optee/build/t234/export-ta_arm64/lib/libutee.a(tcb.o)
 .data          0x000000000001c57c        0x0 /home/avees/optee_local_build/Linux_for_Tegra/sources/tegra/optee-src/nv-optee/optee/build/t234/export-ta_arm64/lib/libutee.a(assert.o)
 .data          0x000000000001c57c        0x0 /home/avees/optee_local_build/Linux_for_Tegra/sources/tegra/optee-src/nv-optee/optee/build/t234/export-ta_arm64/lib/libutee.a(base64.o)
 .data          0x000000000001c57c        0x0 /home/avees/optee_local_build/Linux_for_Tegra/sources/tegra/optee-src/nv-optee/optee/build/t234/export-ta_arm64/lib/libmbedtls.a(bignum.o)
 .data          0x000000000001c57c        0x0 /home/avees/optee_local_build/Linux_for_Tegra/sources/tegra/optee-src/nv-optee/optee/build/t234/export-ta_arm64/lib/libmbedtls.a(constant_time.o)
 .data          0x000000000001c57c        0x0 /home/avees/optee_local_build/Linux_for_Tegra/sources/tegra/optee-src/nv-optee/optee/build/t234/export-ta_arm64/lib/libmbedtls.a(platform_util.o)
 .data          0x000000000001c57c        0x0 /home/avees/optee_local_build/Linux_for_Tegra/sources/tegra/optee-src/nv-optee/optee/build/t234/export-ta_arm64/lib/libutils.a(bget_malloc.o)
 .data          0x000000000001c57c        0x0 /home/avees/optee_local_build/Linux_for_Tegra/sources/tegra/optee-src/nv-optee/optee/build/t234/export-ta_arm64/lib/libutils.a(snprintf.o)
 .data          0x000000000001c57c        0x0 /home/avees/optee_local_build/Linux_for_Tegra/sources/tegra/optee-src/nv-optee/optee/build/t234/export-ta_arm64/lib/libutils.a(memcpy.o)
 .data          0x000000000001c57c        0x0 /home/avees/optee_local_build/Linux_for_Tegra/sources/tegra/optee-src/nv-optee/optee/build/t234/export-ta_arm64/lib/libutils.a(memmove.o)
 .data          0x000000000001c57c        0x0 /home/avees/optee_local_build/Linux_for_Tegra/sources/tegra/optee-src/nv-optee/optee/build/t234/export-ta_arm64/lib/libutils.a(memset.o)
 .data          0x000000000001c57c        0x0 /home/avees/optee_local_build/Linux_for_Tegra/sources/tegra/optee-src/nv-optee/optee/build/t234/export-ta_arm64/lib/libutils.a(strcmp.o)
 .data          0x000000000001c57c        0x0 /home/avees/optee_local_build/Linux_for_Tegra/sources/tegra/optee-src/nv-optee/optee/build/t234/export-ta_arm64/lib/libutils.a(strlcpy.o)
 .data          0x000000000001c57c        0x0 /home/avees/optee_local_build/Linux_for_Tegra/sources/tegra/optee-src/nv-optee/optee/build/t234/export-ta_arm64/lib/libutils.a(mempool.o)
 .data          0x000000000001c57c        0x0 /home/avees/optee_local_build/Linux_for_Tegra/sources/tegra/optee-src/nv-optee/optee/build/t234/export-ta_arm64/lib/libutils.a(consttime_memcmp.o)

.bss            0x000000000001c580     0xc110
 *(SORT_BY_ALIGNMENT(.bss) SORT_BY_ALIGNMENT(.bss.*) SORT_BY_ALIGNMENT(.gnu.linkonce.b.*) SORT_BY_ALIGNMENT(COMMON))
 .bss           0x000000000001c580       0x64 /home/avees/optee_local_build/Linux_for_Tegra/sources/tegra/optee-src/nv-optee/optee/cp4ad-optee/T3.secret_text/build/ta/T3.secret_text/ta_secret_text.o
 *fill*         0x000000000001c5e4        0x4 
 COMMON         0x000000000001c5e8     0x8000 /home/avees/optee_local_build/Linux_for_Tegra/sources/tegra/optee-src/nv-optee/optee/cp4ad-optee/T3.secret_text/build/ta/T3.secret_text/user_ta_header.o
                0x000000000001c5e8                ta_heap
                0x00000000000245e8                __ta_no_share_heap
 .bss           0x00000000000245e8       0x10 /home/avees/optee_local_build/Linux_for_Tegra/sources/tegra/optee-src/nv-optee/optee/build/t234/export-ta_arm64/lib/libutee.a(tee_api.o)
 .bss           0x00000000000245f8        0x8 /home/avees/optee_local_build/Linux_for_Tegra/sources/tegra/optee-src/nv-optee/optee/build/t234/export-ta_arm64/lib/libutee.a(tee_system_pta.o)
 .bss           0x0000000000024600       0x10 /home/avees/optee_local_build/Linux_for_Tegra/sources/tegra/optee-src/nv-optee/optee/build/t234/export-ta_arm64/lib/libutee.a(user_ta_entry.o)
 COMMON         0x0000000000024610       0x60 /home/avees/optee_local_build/Linux_for_Tegra/sources/tegra/optee-src/nv-optee/optee/build/t234/export-ta_arm64/lib/libutee.a(user_ta_entry.o)
                0x0000000000024610                ta_param_types
                0x0000000000024618                __ta_no_share_malloc_ctx
                0x0000000000024620                ta_params
                0x0000000000024660                __elf_phdr_info
 .bss           0x0000000000024670     0x4000 /home/avees/optee_local_build/Linux_for_Tegra/sources/tegra/optee-src/nv-optee/optee/build/t234/export-ta_arm64/lib/libutee.a(tee_api_arith_mpi.o)
 .bss           0x0000000000028670       0x10 /home/avees/optee_local_build/Linux_for_Tegra/sources/tegra/optee-src/nv-optee/optee/build/t234/export-ta_arm64/lib/libutee.a(tcb.o)
 COMMON         0x0000000000028680        0x8 /home/avees/optee_local_build/Linux_for_Tegra/sources/tegra/optee-src/nv-optee/optee/build/t234/export-ta_arm64/lib/libmbedtls.a(bignum.o)
                0x0000000000028680                mbedtls_mpi_mempool
 .bss           0x0000000000028688        0x1 /home/avees/optee_local_build/Linux_for_Tegra/sources/tegra/optee-src/nv-optee/optee/cp4ad-optee/T3.secret_text/build/ta/T3.secret_text/user_ta_header.o
 .bss           0x0000000000028689        0x0 /home/avees/optee_local_build/Linux_for_Tegra/sources/tegra/optee-src/nv-optee/optee/build/t234/export-ta_arm64/lib/libutils.a(stack_check.o)
 .bss           0x0000000000028689        0x0 /home/avees/optee_local_build/Linux_for_Tegra/sources/tegra/optee-src/nv-optee/optee/build/t234/export-ta_arm64/lib/libutils.a(strlen.o)
 .bss           0x0000000000028689        0x0 /home/avees/optee_local_build/Linux_for_Tegra/sources/tegra/optee-src/nv-optee/optee/build/t234/export-ta_arm64/lib/libutils.a(trace.o)
 .bss           0x0000000000028689        0x0 /home/avees/optee_local_build/Linux_for_Tegra/sources/tegra/optee-src/nv-optee/optee/build/t234/export-ta_arm64/lib/libutils.a(snprintk.o)
 .bss           0x0000000000028689        0x0 /home/avees/optee_local_build/Linux_for_Tegra/sources/tegra/optee-src/nv-optee/optee/build/t234/export-ta_arm64/lib/libutils.a(memchr.o)
 .bss           0x0000000000028689        0x0 /home/avees/optee_local_build/Linux_for_Tegra/sources/tegra/optee-src/nv-optee/optee/build/t234/export-ta_arm64/lib/libutee.a(trace_ext.o)
 .bss           0x0000000000028689        0x0 /home/avees/optee_local_build/Linux_for_Tegra/sources/tegra/optee-src/nv-optee/optee/build/t234/export-ta_arm64/lib/libutee.a(tee_api_panic.o)
 .bss           0x0000000000028689        0x0 /home/avees/optee_local_build/Linux_for_Tegra/sources/tegra/optee-src/nv-optee/optee/build/t234/export-ta_arm64/lib/libutee.a(utee_syscalls_a64.o)
 .bss           0x0000000000028689        0x0 /home/avees/optee_local_build/Linux_for_Tegra/sources/tegra/optee-src/nv-optee/optee/build/t234/export-ta_arm64/lib/libutee.a(abort.o)
 .bss           0x0000000000028689        0x0 /home/avees/optee_local_build/Linux_for_Tegra/sources/tegra/optee-src/nv-optee/optee/build/t234/export-ta_arm64/lib/libutee.a(tee_api_property.o)
 .bss           0x0000000000028689        0x0 /home/avees/optee_local_build/Linux_for_Tegra/sources/tegra/optee-src/nv-optee/optee/build/t234/export-ta_arm64/lib/libutee.a(assert.o)
 .bss           0x0000000000028689        0x0 /home/avees/optee_local_build/Linux_for_Tegra/sources/tegra/optee-src/nv-optee/optee/build/t234/export-ta_arm64/lib/libutee.a(base64.o)
 .bss           0x0000000000028689        0x0 /home/avees/optee_local_build/Linux_for_Tegra/sources/tegra/optee-src/nv-optee/optee/build/t234/export-ta_arm64/lib/libmbedtls.a(bignum.o)
 .bss           0x0000000000028689        0x0 /home/avees/optee_local_build/Linux_for_Tegra/sources/tegra/optee-src/nv-optee/optee/build/t234/export-ta_arm64/lib/libmbedtls.a(constant_time.o)
 .bss           0x0000000000028689        0x0 /home/avees/optee_local_build/Linux_for_Tegra/sources/tegra/optee-src/nv-optee/optee/build/t234/export-ta_arm64/lib/libmbedtls.a(platform_util.o)
 .bss           0x0000000000028689        0x0 /home/avees/optee_local_build/Linux_for_Tegra/sources/tegra/optee-src/nv-optee/optee/build/t234/export-ta_arm64/lib/libutils.a(bget_malloc.o)
 .bss           0x0000000000028689        0x0 /home/avees/optee_local_build/Linux_for_Tegra/sources/tegra/optee-src/nv-optee/optee/build/t234/export-ta_arm64/lib/libutils.a(snprintf.o)
 .bss           0x0000000000028689        0x0 /home/avees/optee_local_build/Linux_for_Tegra/sources/tegra/optee-src/nv-optee/optee/build/t234/export-ta_arm64/lib/libutils.a(memcpy.o)
 .bss           0x0000000000028689        0x0 /home/avees/optee_local_build/Linux_for_Tegra/sources/tegra/optee-src/nv-optee/optee/build/t234/export-ta_arm64/lib/libutils.a(memmove.o)
 .bss           0x0000000000028689        0x0 /home/avees/optee_local_build/Linux_for_Tegra/sources/tegra/optee-src/nv-optee/optee/build/t234/export-ta_arm64/lib/libutils.a(memset.o)
 .bss           0x0000000000028689        0x0 /home/avees/optee_local_build/Linux_for_Tegra/sources/tegra/optee-src/nv-optee/optee/build/t234/export-ta_arm64/lib/libutils.a(strcmp.o)
 .bss           0x0000000000028689        0x0 /home/avees/optee_local_build/Linux_for_Tegra/sources/tegra/optee-src/nv-optee/optee/build/t234/export-ta_arm64/lib/libutils.a(strlcpy.o)
 .bss           0x0000000000028689        0x0 /home/avees/optee_local_build/Linux_for_Tegra/sources/tegra/optee-src/nv-optee/optee/build/t234/export-ta_arm64/lib/libutils.a(mempool.o)
 .bss           0x0000000000028689        0x0 /home/avees/optee_local_build/Linux_for_Tegra/sources/tegra/optee-src/nv-optee/optee/build/t234/export-ta_arm64/lib/libutils.a(consttime_memcmp.o)
                0x0000000000028690                . = ALIGN (0x8)
 *fill*         0x0000000000028689        0x7 
                0x0000000000028690                __ftrace_buf_start = .
                0x0000000000028690                . = (. + DEFINED (_mcount)?0x800:0x0)
                0x0000000000028690                __ftrace_buf_end = .

.dynbss         0x0000000000028690        0x0
 .dynbss        0x0000000000028690        0x0 /home/avees/optee_local_build/Linux_for_Tegra/sources/tegra/optee-src/nv-optee/optee/cp4ad-optee/T3.secret_text/build/ta/T3.secret_text/ta_secret_text.o

/DISCARD/
 *(SORT_BY_ALIGNMENT(.interp))
LOAD /home/avees/optee_local_build/Linux_for_Tegra/sources/tegra/optee-src/nv-optee/optee/cp4ad-optee/T3.secret_text/build/ta/T3.secret_text/ta_secret_text.o
LOAD /home/avees/optee_local_build/Linux_for_Tegra/sources/tegra/optee-src/nv-optee/optee/cp4ad-optee/T3.secret_text/build/ta/T3.secret_text/user_ta_header.o
START GROUP
LOAD /home/avees/optee_local_build/Linux_for_Tegra/sources/tegra/optee-src/nv-optee/optee/build/t234/export-ta_arm64/lib/libutils.a
LOAD /home/avees/optee_local_build/Linux_for_Tegra/sources/tegra/optee-src/nv-optee/optee/build/t234/export-ta_arm64/lib/libutee.a
LOAD /home/avees/optee_local_build/Linux_for_Tegra/sources/tegra/optee-src/nv-optee/optee/build/t234/export-ta_arm64/lib/libmbedtls.a
LOAD /home/avees/optee_local_build/Linux_for_Tegra/sources/tegra/optee-src/nv-optee/optee/build/t234/export-ta_arm64/lib/libdl.a
END GROUP
LOAD /usr/lib/gcc/aarch64-linux-gnu/9/libgcc.a
LOAD /home/avees/optee_local_build/Linux_for_Tegra/sources/tegra/optee-src/nv-optee/optee/build/t234/export-ta_arm64/lib/libutils.a
OUTPUT(/home/avees/optee_local_build/Linux_for_Tegra/sources/tegra/optee-src/nv-optee/optee/cp4ad-optee/T3.secret_text/build/ta/T3.secret_text/54eac490-4f7a-4db5-8fd7-221b7a2239ea.elf elf64-littleaarch64)
LOAD linker stubs

.debug_info     0x0000000000000000     0xe32d
 .debug_info    0x0000000000000000      0x377 /home/avees/optee_local_build/Linux_for_Tegra/sources/tegra/optee-src/nv-optee/optee/cp4ad-optee/T3.secret_text/build/ta/T3.secret_text/ta_secret_text.o
 .debug_info    0x0000000000000377      0x578 /home/avees/optee_local_build/Linux_for_Tegra/sources/tegra/optee-src/nv-optee/optee/cp4ad-optee/T3.secret_text/build/ta/T3.secret_text/user_ta_header.o
 .debug_info    0x00000000000008ef       0xe5 /home/avees/optee_local_build/Linux_for_Tegra/sources/tegra/optee-src/nv-optee/optee/build/t234/export-ta_arm64/lib/libutils.a(stack_check.o)
 .debug_info    0x00000000000009d4       0xc9 /home/avees/optee_local_build/Linux_for_Tegra/sources/tegra/optee-src/nv-optee/optee/build/t234/export-ta_arm64/lib/libutils.a(strlen.o)
 .debug_info    0x0000000000000a9d      0x595 /home/avees/optee_local_build/Linux_for_Tegra/sources/tegra/optee-src/nv-optee/optee/build/t234/export-ta_arm64/lib/libutils.a(trace.o)
 .debug_info    0x0000000000001032      0x625 /home/avees/optee_local_build/Linux_for_Tegra/sources/tegra/optee-src/nv-optee/optee/build/t234/export-ta_arm64/lib/libutils.a(snprintk.o)
 .debug_info    0x0000000000001657      0x11e /home/avees/optee_local_build/Linux_for_Tegra/sources/tegra/optee-src/nv-optee/optee/build/t234/export-ta_arm64/lib/libutils.a(memchr.o)
 .debug_info    0x0000000000001775      0x27b /home/avees/optee_local_build/Linux_for_Tegra/sources/tegra/optee-src/nv-optee/optee/build/t234/export-ta_arm64/lib/libutee.a(trace_ext.o)
 .debug_info    0x00000000000019f0     0x172f /home/avees/optee_local_build/Linux_for_Tegra/sources/tegra/optee-src/nv-optee/optee/build/t234/export-ta_arm64/lib/libutee.a(tee_api.o)
 .debug_info    0x000000000000311f      0x52d /home/avees/optee_local_build/Linux_for_Tegra/sources/tegra/optee-src/nv-optee/optee/build/t234/export-ta_arm64/lib/libutee.a(tee_api_panic.o)
 .debug_info    0x000000000000364c      0x563 /home/avees/optee_local_build/Linux_for_Tegra/sources/tegra/optee-src/nv-optee/optee/build/t234/export-ta_arm64/lib/libutee.a(tee_system_pta.o)
 .debug_info    0x0000000000003baf     0x1033 /home/avees/optee_local_build/Linux_for_Tegra/sources/tegra/optee-src/nv-optee/optee/build/t234/export-ta_arm64/lib/libutee.a(user_ta_entry.o)
 .debug_info    0x0000000000004be2       0x22 /home/avees/optee_local_build/Linux_for_Tegra/sources/tegra/optee-src/nv-optee/optee/build/t234/export-ta_arm64/lib/libutee.a(utee_syscalls_a64.o)
 .debug_info    0x0000000000004c04       0xfc /home/avees/optee_local_build/Linux_for_Tegra/sources/tegra/optee-src/nv-optee/optee/build/t234/export-ta_arm64/lib/libutee.a(abort.o)
 .debug_info    0x0000000000004d00     0x271c /home/avees/optee_local_build/Linux_for_Tegra/sources/tegra/optee-src/nv-optee/optee/build/t234/export-ta_arm64/lib/libutee.a(tee_api_arith_mpi.o)
 .debug_info    0x000000000000741c      0xe70 /home/avees/optee_local_build/Linux_for_Tegra/sources/tegra/optee-src/nv-optee/optee/build/t234/export-ta_arm64/lib/libutee.a(tee_api_property.o)
 .debug_info    0x000000000000828c      0x73d /home/avees/optee_local_build/Linux_for_Tegra/sources/tegra/optee-src/nv-optee/optee/build/t234/export-ta_arm64/lib/libutee.a(tcb.o)
 .debug_info    0x00000000000089c9      0x162 /home/avees/optee_local_build/Linux_for_Tegra/sources/tegra/optee-src/nv-optee/optee/build/t234/export-ta_arm64/lib/libutee.a(assert.o)
 .debug_info    0x0000000000008b2b      0x2ec /home/avees/optee_local_build/Linux_for_Tegra/sources/tegra/optee-src/nv-optee/optee/build/t234/export-ta_arm64/lib/libutee.a(base64.o)
 .debug_info    0x0000000000008e17     0x2639 /home/avees/optee_local_build/Linux_for_Tegra/sources/tegra/optee-src/nv-optee/optee/build/t234/export-ta_arm64/lib/libmbedtls.a(bignum.o)
 .debug_info    0x000000000000b450      0x974 /home/avees/optee_local_build/Linux_for_Tegra/sources/tegra/optee-src/nv-optee/optee/build/t234/export-ta_arm64/lib/libmbedtls.a(constant_time.o)
 .debug_info    0x000000000000bdc4      0x134 /home/avees/optee_local_build/Linux_for_Tegra/sources/tegra/optee-src/nv-optee/optee/build/t234/export-ta_arm64/lib/libmbedtls.a(platform_util.o)
 .debug_info    0x000000000000bef8     0x1815 /home/avees/optee_local_build/Linux_for_Tegra/sources/tegra/optee-src/nv-optee/optee/build/t234/export-ta_arm64/lib/libutils.a(bget_malloc.o)
 .debug_info    0x000000000000d70d      0x1d3 /home/avees/optee_local_build/Linux_for_Tegra/sources/tegra/optee-src/nv-optee/optee/build/t234/export-ta_arm64/lib/libutils.a(snprintf.o)
 .debug_info    0x000000000000d8e0      0x11f /home/avees/optee_local_build/Linux_for_Tegra/sources/tegra/optee-src/nv-optee/optee/build/t234/export-ta_arm64/lib/libutils.a(memcpy.o)
 .debug_info    0x000000000000d9ff      0x11f /home/avees/optee_local_build/Linux_for_Tegra/sources/tegra/optee-src/nv-optee/optee/build/t234/export-ta_arm64/lib/libutils.a(memmove.o)
 .debug_info    0x000000000000db1e      0x10c /home/avees/optee_local_build/Linux_for_Tegra/sources/tegra/optee-src/nv-optee/optee/build/t234/export-ta_arm64/lib/libutils.a(memset.o)
 .debug_info    0x000000000000dc2a       0xcf /home/avees/optee_local_build/Linux_for_Tegra/sources/tegra/optee-src/nv-optee/optee/build/t234/export-ta_arm64/lib/libutils.a(strcmp.o)
 .debug_info    0x000000000000dcf9      0x110 /home/avees/optee_local_build/Linux_for_Tegra/sources/tegra/optee-src/nv-optee/optee/build/t234/export-ta_arm64/lib/libutils.a(strlcpy.o)
 .debug_info    0x000000000000de09      0x406 /home/avees/optee_local_build/Linux_for_Tegra/sources/tegra/optee-src/nv-optee/optee/build/t234/export-ta_arm64/lib/libutils.a(mempool.o)
 .debug_info    0x000000000000e20f      0x11e /home/avees/optee_local_build/Linux_for_Tegra/sources/tegra/optee-src/nv-optee/optee/build/t234/export-ta_arm64/lib/libutils.a(consttime_memcmp.o)

.debug_abbrev   0x0000000000000000     0x2b52
 .debug_abbrev  0x0000000000000000      0x13e /home/avees/optee_local_build/Linux_for_Tegra/sources/tegra/optee-src/nv-optee/optee/cp4ad-optee/T3.secret_text/build/ta/T3.secret_text/ta_secret_text.o
 .debug_abbrev  0x000000000000013e      0x1c7 /home/avees/optee_local_build/Linux_for_Tegra/sources/tegra/optee-src/nv-optee/optee/cp4ad-optee/T3.secret_text/build/ta/T3.secret_text/user_ta_header.o
 .debug_abbrev  0x0000000000000305       0x8c /home/avees/optee_local_build/Linux_for_Tegra/sources/tegra/optee-src/nv-optee/optee/build/t234/export-ta_arm64/lib/libutils.a(stack_check.o)
 .debug_abbrev  0x0000000000000391       0x81 /home/avees/optee_local_build/Linux_for_Tegra/sources/tegra/optee-src/nv-optee/optee/build/t234/export-ta_arm64/lib/libutils.a(strlen.o)
 .debug_abbrev  0x0000000000000412      0x1c9 /home/avees/optee_local_build/Linux_for_Tegra/sources/tegra/optee-src/nv-optee/optee/build/t234/export-ta_arm64/lib/libutils.a(trace.o)
 .debug_abbrev  0x00000000000005db      0x1b6 /home/avees/optee_local_build/Linux_for_Tegra/sources/tegra/optee-src/nv-optee/optee/build/t234/export-ta_arm64/lib/libutils.a(snprintk.o)
 .debug_abbrev  0x0000000000000791       0xba /home/avees/optee_local_build/Linux_for_Tegra/sources/tegra/optee-src/nv-optee/optee/build/t234/export-ta_arm64/lib/libutils.a(memchr.o)
 .debug_abbrev  0x000000000000084b      0x12e /home/avees/optee_local_build/Linux_for_Tegra/sources/tegra/optee-src/nv-optee/optee/build/t234/export-ta_arm64/lib/libutee.a(trace_ext.o)
 .debug_abbrev  0x0000000000000979      0x2d9 /home/avees/optee_local_build/Linux_for_Tegra/sources/tegra/optee-src/nv-optee/optee/build/t234/export-ta_arm64/lib/libutee.a(tee_api.o)
 .debug_abbrev  0x0000000000000c52      0x176 /home/avees/optee_local_build/Linux_for_Tegra/sources/tegra/optee-src/nv-optee/optee/build/t234/export-ta_arm64/lib/libutee.a(tee_api_panic.o)
 .debug_abbrev  0x0000000000000dc8      0x19d /home/avees/optee_local_build/Linux_for_Tegra/sources/tegra/optee-src/nv-optee/optee/build/t234/export-ta_arm64/lib/libutee.a(tee_system_pta.o)
 .debug_abbrev  0x0000000000000f65      0x330 /home/avees/optee_local_build/Linux_for_Tegra/sources/tegra/optee-src/nv-optee/optee/build/t234/export-ta_arm64/lib/libutee.a(user_ta_entry.o)
 .debug_abbrev  0x0000000000001295       0x12 /home/avees/optee_local_build/Linux_for_Tegra/sources/tegra/optee-src/nv-optee/optee/build/t234/export-ta_arm64/lib/libutee.a(utee_syscalls_a64.o)
 .debug_abbrev  0x00000000000012a7       0x93 /home/avees/optee_local_build/Linux_for_Tegra/sources/tegra/optee-src/nv-optee/optee/build/t234/export-ta_arm64/lib/libutee.a(abort.o)
 .debug_abbrev  0x000000000000133a      0x313 /home/avees/optee_local_build/Linux_for_Tegra/sources/tegra/optee-src/nv-optee/optee/build/t234/export-ta_arm64/lib/libutee.a(tee_api_arith_mpi.o)
 .debug_abbrev  0x000000000000164d      0x262 /home/avees/optee_local_build/Linux_for_Tegra/sources/tegra/optee-src/nv-optee/optee/build/t234/export-ta_arm64/lib/libutee.a(tee_api_property.o)
 .debug_abbrev  0x00000000000018af      0x220 /home/avees/optee_local_build/Linux_for_Tegra/sources/tegra/optee-src/nv-optee/optee/build/t234/export-ta_arm64/lib/libutee.a(tcb.o)
 .debug_abbrev  0x0000000000001acf       0xc0 /home/avees/optee_local_build/Linux_for_Tegra/sources/tegra/optee-src/nv-optee/optee/build/t234/export-ta_arm64/lib/libutee.a(assert.o)
 .debug_abbrev  0x0000000000001b8f      0x10d /home/avees/optee_local_build/Linux_for_Tegra/sources/tegra/optee-src/nv-optee/optee/build/t234/export-ta_arm64/lib/libutee.a(base64.o)
 .debug_abbrev  0x0000000000001c9c      0x2de /home/avees/optee_local_build/Linux_for_Tegra/sources/tegra/optee-src/nv-optee/optee/build/t234/export-ta_arm64/lib/libmbedtls.a(bignum.o)
 .debug_abbrev  0x0000000000001f7a      0x1ef /home/avees/optee_local_build/Linux_for_Tegra/sources/tegra/optee-src/nv-optee/optee/build/t234/export-ta_arm64/lib/libmbedtls.a(constant_time.o)
 .debug_abbrev  0x0000000000002169       0xc4 /home/avees/optee_local_build/Linux_for_Tegra/sources/tegra/optee-src/nv-optee/optee/build/t234/export-ta_arm64/lib/libmbedtls.a(platform_util.o)
 .debug_abbrev  0x000000000000222d      0x309 /home/avees/optee_local_build/Linux_for_Tegra/sources/tegra/optee-src/nv-optee/optee/build/t234/export-ta_arm64/lib/libutils.a(bget_malloc.o)
 .debug_abbrev  0x0000000000002536      0x10e /home/avees/optee_local_build/Linux_for_Tegra/sources/tegra/optee-src/nv-optee/optee/build/t234/export-ta_arm64/lib/libutils.a(snprintf.o)
 .debug_abbrev  0x0000000000002644       0x9e /home/avees/optee_local_build/Linux_for_Tegra/sources/tegra/optee-src/nv-optee/optee/build/t234/export-ta_arm64/lib/libutils.a(memcpy.o)
 .debug_abbrev  0x00000000000026e2       0x9e /home/avees/optee_local_build/Linux_for_Tegra/sources/tegra/optee-src/nv-optee/optee/build/t234/export-ta_arm64/lib/libutils.a(memmove.o)
 .debug_abbrev  0x0000000000002780       0x9d /home/avees/optee_local_build/Linux_for_Tegra/sources/tegra/optee-src/nv-optee/optee/build/t234/export-ta_arm64/lib/libutils.a(memset.o)
 .debug_abbrev  0x000000000000281d       0x7d /home/avees/optee_local_build/Linux_for_Tegra/sources/tegra/optee-src/nv-optee/optee/build/t234/export-ta_arm64/lib/libutils.a(strcmp.o)
 .debug_abbrev  0x000000000000289a       0x8c /home/avees/optee_local_build/Linux_for_Tegra/sources/tegra/optee-src/nv-optee/optee/build/t234/export-ta_arm64/lib/libutils.a(strlcpy.o)
 .debug_abbrev  0x0000000000002926      0x194 /home/avees/optee_local_build/Linux_for_Tegra/sources/tegra/optee-src/nv-optee/optee/build/t234/export-ta_arm64/lib/libutils.a(mempool.o)
 .debug_abbrev  0x0000000000002aba       0x98 /home/avees/optee_local_build/Linux_for_Tegra/sources/tegra/optee-src/nv-optee/optee/build/t234/export-ta_arm64/lib/libutils.a(consttime_memcmp.o)

.debug_aranges  0x0000000000000000      0x950
 .debug_aranges
                0x0000000000000000       0x30 /home/avees/optee_local_build/Linux_for_Tegra/sources/tegra/optee-src/nv-optee/optee/cp4ad-optee/T3.secret_text/build/ta/T3.secret_text/ta_secret_text.o
 .debug_aranges
                0x0000000000000030       0x30 /home/avees/optee_local_build/Linux_for_Tegra/sources/tegra/optee-src/nv-optee/optee/cp4ad-optee/T3.secret_text/build/ta/T3.secret_text/user_ta_header.o
 .debug_aranges
                0x0000000000000060       0x30 /home/avees/optee_local_build/Linux_for_Tegra/sources/tegra/optee-src/nv-optee/optee/build/t234/export-ta_arm64/lib/libutils.a(stack_check.o)
 .debug_aranges
                0x0000000000000090       0x30 /home/avees/optee_local_build/Linux_for_Tegra/sources/tegra/optee-src/nv-optee/optee/build/t234/export-ta_arm64/lib/libutils.a(strlen.o)
 .debug_aranges
                0x00000000000000c0       0x30 /home/avees/optee_local_build/Linux_for_Tegra/sources/tegra/optee-src/nv-optee/optee/build/t234/export-ta_arm64/lib/libutils.a(trace.o)
 .debug_aranges
                0x00000000000000f0       0x30 /home/avees/optee_local_build/Linux_for_Tegra/sources/tegra/optee-src/nv-optee/optee/build/t234/export-ta_arm64/lib/libutils.a(snprintk.o)
 .debug_aranges
                0x0000000000000120       0x30 /home/avees/optee_local_build/Linux_for_Tegra/sources/tegra/optee-src/nv-optee/optee/build/t234/export-ta_arm64/lib/libutils.a(memchr.o)
 .debug_aranges
                0x0000000000000150       0x30 /home/avees/optee_local_build/Linux_for_Tegra/sources/tegra/optee-src/nv-optee/optee/build/t234/export-ta_arm64/lib/libutee.a(trace_ext.o)
 .debug_aranges
                0x0000000000000180       0x30 /home/avees/optee_local_build/Linux_for_Tegra/sources/tegra/optee-src/nv-optee/optee/build/t234/export-ta_arm64/lib/libutee.a(tee_api.o)
 .debug_aranges
                0x00000000000001b0       0x30 /home/avees/optee_local_build/Linux_for_Tegra/sources/tegra/optee-src/nv-optee/optee/build/t234/export-ta_arm64/lib/libutee.a(tee_api_panic.o)
 .debug_aranges
                0x00000000000001e0       0x30 /home/avees/optee_local_build/Linux_for_Tegra/sources/tegra/optee-src/nv-optee/optee/build/t234/export-ta_arm64/lib/libutee.a(tee_system_pta.o)
 .debug_aranges
                0x0000000000000210       0x30 /home/avees/optee_local_build/Linux_for_Tegra/sources/tegra/optee-src/nv-optee/optee/build/t234/export-ta_arm64/lib/libutee.a(user_ta_entry.o)
 .debug_aranges
                0x0000000000000240      0x3b0 /home/avees/optee_local_build/Linux_for_Tegra/sources/tegra/optee-src/nv-optee/optee/build/t234/export-ta_arm64/lib/libutee.a(utee_syscalls_a64.o)
 .debug_aranges
                0x00000000000005f0       0x30 /home/avees/optee_local_build/Linux_for_Tegra/sources/tegra/optee-src/nv-optee/optee/build/t234/export-ta_arm64/lib/libutee.a(abort.o)
 .debug_aranges
                0x0000000000000620       0x30 /home/avees/optee_local_build/Linux_for_Tegra/sources/tegra/optee-src/nv-optee/optee/build/t234/export-ta_arm64/lib/libutee.a(tee_api_arith_mpi.o)
 .debug_aranges
                0x0000000000000650       0x30 /home/avees/optee_local_build/Linux_for_Tegra/sources/tegra/optee-src/nv-optee/optee/build/t234/export-ta_arm64/lib/libutee.a(tee_api_property.o)
 .debug_aranges
                0x0000000000000680       0x30 /home/avees/optee_local_build/Linux_for_Tegra/sources/tegra/optee-src/nv-optee/optee/build/t234/export-ta_arm64/lib/libutee.a(tcb.o)
 .debug_aranges
                0x00000000000006b0       0x30 /home/avees/optee_local_build/Linux_for_Tegra/sources/tegra/optee-src/nv-optee/optee/build/t234/export-ta_arm64/lib/libutee.a(assert.o)
 .debug_aranges
                0x00000000000006e0       0x30 /home/avees/optee_local_build/Linux_for_Tegra/sources/tegra/optee-src/nv-optee/optee/build/t234/export-ta_arm64/lib/libutee.a(base64.o)
 .debug_aranges
                0x0000000000000710       0x30 /home/avees/optee_local_build/Linux_for_Tegra/sources/tegra/optee-src/nv-optee/optee/build/t234/export-ta_arm64/lib/libmbedtls.a(bignum.o)
 .debug_aranges
                0x0000000000000740       0x30 /home/avees/optee_local_build/Linux_for_Tegra/sources/tegra/optee-src/nv-optee/optee/build/t234/export-ta_arm64/lib/libmbedtls.a(constant_time.o)
 .debug_aranges
                0x0000000000000770       0x30 /home/avees/optee_local_build/Linux_for_Tegra/sources/tegra/optee-src/nv-optee/optee/build/t234/export-ta_arm64/lib/libmbedtls.a(platform_util.o)
 .debug_aranges
                0x00000000000007a0       0x30 /home/avees/optee_local_build/Linux_for_Tegra/sources/tegra/optee-src/nv-optee/optee/build/t234/export-ta_arm64/lib/libutils.a(bget_malloc.o)
 .debug_aranges
                0x00000000000007d0       0x30 /home/avees/optee_local_build/Linux_for_Tegra/sources/tegra/optee-src/nv-optee/optee/build/t234/export-ta_arm64/lib/libutils.a(snprintf.o)
 .debug_aranges
                0x0000000000000800       0x30 /home/avees/optee_local_build/Linux_for_Tegra/sources/tegra/optee-src/nv-optee/optee/build/t234/export-ta_arm64/lib/libutils.a(memcpy.o)
 .debug_aranges
                0x0000000000000830       0x30 /home/avees/optee_local_build/Linux_for_Tegra/sources/tegra/optee-src/nv-optee/optee/build/t234/export-ta_arm64/lib/libutils.a(memmove.o)
 .debug_aranges
                0x0000000000000860       0x30 /home/avees/optee_local_build/Linux_for_Tegra/sources/tegra/optee-src/nv-optee/optee/build/t234/export-ta_arm64/lib/libutils.a(memset.o)
 .debug_aranges
                0x0000000000000890       0x30 /home/avees/optee_local_build/Linux_for_Tegra/sources/tegra/optee-src/nv-optee/optee/build/t234/export-ta_arm64/lib/libutils.a(strcmp.o)
 .debug_aranges
                0x00000000000008c0       0x30 /home/avees/optee_local_build/Linux_for_Tegra/sources/tegra/optee-src/nv-optee/optee/build/t234/export-ta_arm64/lib/libutils.a(strlcpy.o)
 .debug_aranges
                0x00000000000008f0       0x30 /home/avees/optee_local_build/Linux_for_Tegra/sources/tegra/optee-src/nv-optee/optee/build/t234/export-ta_arm64/lib/libutils.a(mempool.o)
 .debug_aranges