Archive member included to satisfy reference by file (symbol)

/home/seungwoo/optee/Linux_for_Tegra/sources/tegra/optee-src/nv-optee/optee/build/t234/export-ta_arm64/lib/libutee.a(user_ta_entry.o)
                              ../build/ta/increment/user_ta_header.o (__utee_entry)
/home/seungwoo/optee/Linux_for_Tegra/sources/tegra/optee-src/nv-optee/optee/build/t234/export-ta_arm64/lib/libutee.a(utee_syscalls_a64.o)
                              ../build/ta/increment/user_ta_header.o (_utee_return)
/home/seungwoo/optee/Linux_for_Tegra/sources/tegra/optee-src/nv-optee/optee/build/t234/export-ta_arm64/lib/libutee.a(abort.o)
                              /home/seungwoo/optee/Linux_for_Tegra/sources/tegra/optee-src/nv-optee/optee/build/t234/export-ta_arm64/lib/libutee.a(user_ta_entry.o) (abort)
/home/seungwoo/optee/Linux_for_Tegra/sources/tegra/optee-src/nv-optee/optee/build/t234/export-ta_arm64/lib/libutee.a(trace_ext.o)
                              /home/seungwoo/optee/Linux_for_Tegra/sources/tegra/optee-src/nv-optee/optee/build/t234/export-ta_arm64/lib/libutee.a(abort.o) (puts)
/home/seungwoo/optee/Linux_for_Tegra/sources/tegra/optee-src/nv-optee/optee/build/t234/export-ta_arm64/lib/libutee.a(tee_api.o)
                              /home/seungwoo/optee/Linux_for_Tegra/sources/tegra/optee-src/nv-optee/optee/build/t234/export-ta_arm64/lib/libutee.a(user_ta_entry.o) (TEE_Malloc)
/home/seungwoo/optee/Linux_for_Tegra/sources/tegra/optee-src/nv-optee/optee/build/t234/export-ta_arm64/lib/libutee.a(tee_api_arith_mpi.o)
                              /home/seungwoo/optee/Linux_for_Tegra/sources/tegra/optee-src/nv-optee/optee/build/t234/export-ta_arm64/lib/libutee.a(user_ta_entry.o) (_TEE_MathAPI_Init)
/home/seungwoo/optee/Linux_for_Tegra/sources/tegra/optee-src/nv-optee/optee/build/t234/export-ta_arm64/lib/libutee.a(tee_api_panic.o)
                              /home/seungwoo/optee/Linux_for_Tegra/sources/tegra/optee-src/nv-optee/optee/build/t234/export-ta_arm64/lib/libutee.a(tee_api.o) (TEE_Panic)
/home/seungwoo/optee/Linux_for_Tegra/sources/tegra/optee-src/nv-optee/optee/build/t234/export-ta_arm64/lib/libutee.a(tee_api_property.o)
                              /home/seungwoo/optee/Linux_for_Tegra/sources/tegra/optee-src/nv-optee/optee/build/t234/export-ta_arm64/lib/libutee.a(user_ta_entry.o) (TEE_GetPropertyAsU32)
/home/seungwoo/optee/Linux_for_Tegra/sources/tegra/optee-src/nv-optee/optee/build/t234/export-ta_arm64/lib/libutee.a(tee_system_pta.o)
                              /home/seungwoo/optee/Linux_for_Tegra/sources/tegra/optee-src/nv-optee/optee/build/t234/export-ta_arm64/lib/libutee.a(tee_api.o) (tee_map_zi)
/home/seungwoo/optee/Linux_for_Tegra/sources/tegra/optee-src/nv-optee/optee/build/t234/export-ta_arm64/lib/libutee.a(tcb.o)
                              /home/seungwoo/optee/Linux_for_Tegra/sources/tegra/optee-src/nv-optee/optee/build/t234/export-ta_arm64/lib/libutee.a(user_ta_entry.o) (__utee_tcb_init)
/home/seungwoo/optee/Linux_for_Tegra/sources/tegra/optee-src/nv-optee/optee/build/t234/export-ta_arm64/lib/libutee.a(assert.o)
                              /home/seungwoo/optee/Linux_for_Tegra/sources/tegra/optee-src/nv-optee/optee/build/t234/export-ta_arm64/lib/libutee.a(tcb.o) (_assert_log)
/home/seungwoo/optee/Linux_for_Tegra/sources/tegra/optee-src/nv-optee/optee/build/t234/export-ta_arm64/lib/libutee.a(base64.o)
                              /home/seungwoo/optee/Linux_for_Tegra/sources/tegra/optee-src/nv-optee/optee/build/t234/export-ta_arm64/lib/libutee.a(tee_api_property.o) (_base64_enc_len)
/home/seungwoo/optee/Linux_for_Tegra/sources/tegra/optee-src/nv-optee/optee/build/t234/export-ta_arm64/lib/libmbedtls.a(bignum.o)
                              /home/seungwoo/optee/Linux_for_Tegra/sources/tegra/optee-src/nv-optee/optee/build/t234/export-ta_arm64/lib/libutee.a(tee_api_arith_mpi.o) (mbedtls_mpi_init_mempool)
/home/seungwoo/optee/Linux_for_Tegra/sources/tegra/optee-src/nv-optee/optee/build/t234/export-ta_arm64/lib/libmbedtls.a(constant_time.o)
                              /home/seungwoo/optee/Linux_for_Tegra/sources/tegra/optee-src/nv-optee/optee/build/t234/export-ta_arm64/lib/libmbedtls.a(bignum.o) (mbedtls_ct_size_bool_eq)
/home/seungwoo/optee/Linux_for_Tegra/sources/tegra/optee-src/nv-optee/optee/build/t234/export-ta_arm64/lib/libmbedtls.a(platform_util.o)
                              /home/seungwoo/optee/Linux_for_Tegra/sources/tegra/optee-src/nv-optee/optee/build/t234/export-ta_arm64/lib/libmbedtls.a(bignum.o) (mbedtls_platform_zeroize)
/home/seungwoo/optee/Linux_for_Tegra/sources/tegra/optee-src/nv-optee/optee/build/t234/export-ta_arm64/lib/libutils.a(bget_malloc.o)
                              /home/seungwoo/optee/Linux_for_Tegra/sources/tegra/optee-src/nv-optee/optee/build/t234/export-ta_arm64/lib/libutee.a(tee_api.o) (raw_malloc)
/home/seungwoo/optee/Linux_for_Tegra/sources/tegra/optee-src/nv-optee/optee/build/t234/export-ta_arm64/lib/libutils.a(snprintf.o)
[...]
Memory Configuration

Name             Origin             Length             Attributes
*default*        0x0000000000000000 0xffffffffffffffff

Linker script and memory map


.ta_head        0x0000000000000000       0x20
 *(SORT_BY_ALIGNMENT(.ta_head))
 .ta_head       0x0000000000000000       0x20 ../build/ta/increment/user_ta_header.o
                0x0000000000000000                ta_head

.text           0x0000000000000020     0xc620
                0x0000000000000020                __text_start = .
 *(SORT_BY_ALIGNMENT(.text) SORT_BY_ALIGNMENT(.text.*))
 .text          0x0000000000000020       0xec /home/seungwoo/optee/Linux_for_Tegra/sources/tegra/optee-src/nv-optee/optee/build/t234/export-ta_arm64/lib/libutils.a(memcpy.o)
                0x0000000000000020                memcpy
 .text          0x000000000000010c       0x54 ../build/ta/increment/ta_increment.o
                0x000000000000010c                TA_CreateEntryPoint
                0x0000000000000114                TA_DestroyEntryPoint
                0x0000000000000118                TA_OpenSessionEntryPoint
                0x0000000000000120                TA_CloseSessionEntryPoint
                0x0000000000000124                TA_InvokeCommandEntryPoint
 .text          0x0000000000000160       0x1c ../build/ta/increment/user_ta_header.o
                0x0000000000000160                __ta_entry
                0x0000000000000174                tahead_get_trace_level
 .text          0x000000000000017c      0x74c /home/seungwoo/optee/Linux_for_Tegra/sources/tegra/optee-src/nv-optee/optee/build/t234/export-ta_arm64/lib/libutee.a(user_ta_entry.o)
                0x0000000000000440                __utee_call_elf_init_fn
                0x0000000000000598                __utee_call_elf_fini_fn
                0x0000000000000640                __utee_entry
 .text._utee_panic
                0x00000000000008c8        0xc /home/seungwoo/optee/Linux_for_Tegra/sources/tegra/optee-src/nv-optee/optee/build/t234/export-ta_arm64/lib/libutee.a(utee_syscalls_a64.o)
                0x00000000000008c8                _utee_panic
 .text._utee_return
                0x00000000000008d4        0xc /home/seungwoo/optee/Linux_for_Tegra/sources/tegra/optee-src/nv-optee/optee/build/t234/export-ta_arm64/lib/libutee.a(utee_syscalls_a64.o)
                0x00000000000008d4                _utee_return
 .text._utee_log
                0x00000000000008e0        0xc /home/seungwoo/optee/Linux_for_Tegra/sources/tegra/optee-src/nv-optee/optee/build/t234/export-ta_arm64/lib/libutee.a(utee_syscalls_a64.o)
                0x00000000000008e0                _utee_log
 .text.__utee_panic
                0x00000000000008ec        0xc /home/seungwoo/optee/Linux_for_Tegra/sources/tegra/optee-src/nv-optee/optee/build/t234/export-ta_arm64/lib/libutee.a(utee_syscalls_a64.o)
                0x00000000000008ec                __utee_panic
 .text._utee_get_property
                0x00000000000008f8        0xc /home/seungwoo/optee/Linux_for_Tegra/sources/tegra/optee-src/nv-optee/optee/build/t234/export-ta_arm64/lib/libutee.a(utee_syscalls_a64.o)
                0x00000000000008f8                _utee_get_property
 .text._utee_get_property_name_to_index
                0x0000000000000904        0xc /home/seungwoo/optee/Linux_for_Tegra/sources/tegra/optee-src/nv-optee/optee/build/t234/export-ta_arm64/lib/libutee.a(utee_syscalls_a64.o)
                0x0000000000000904                _utee_get_property_name_to_index
 .text._utee_open_ta_session
                0x0000000000000910        0xc /home/seungwoo/optee/Linux_for_Tegra/sources/tegra/optee-src/nv-optee/optee/build/t234/export-ta_arm64/lib/libutee.a(utee_syscalls_a64.o)
                0x0000000000000910                _utee_open_ta_session
 .text._utee_close_ta_session
                0x000000000000091c        0xc /home/seungwoo/optee/Linux_for_Tegra/sources/tegra/optee-src/nv-optee/optee/build/t234/export-ta_arm64/lib/libutee.a(utee_syscalls_a64.o)
                0x000000000000091c                _utee_close_ta_session
 .text._utee_invoke_ta_command
                0x0000000000000928        0xc /home/seungwoo/optee/Linux_for_Tegra/sources/tegra/optee-src/nv-optee/optee/build/t234/export-ta_arm64/lib/libutee.a(utee_syscalls_a64.o)
                0x0000000000000928                _utee_invoke_ta_command
 .text._utee_get_cancellation_flag
                0x0000000000000934        0xc /home/seungwoo/optee/Linux_for_Tegra/sources/tegra/optee-src/nv-optee/optee/build/t234/export-ta_arm64/lib/libutee.a(utee_syscalls_a64.o)
                0x0000000000000934                _utee_get_cancellation_flag
 .text._utee_check_access_rights
                0x0000000000000940        0xc /home/seungwoo/optee/Linux_for_Tegra/sources/tegra/optee-src/nv-optee/optee/build/t234/export-ta_arm64/lib/libutee.a(utee_syscalls_a64.o)
                0x0000000000000940                _utee_check_access_rights
 .text._utee_unmask_cancellation
                0x000000000000094c        0xc /home/seungwoo/optee/Linux_for_Tegra/sources/tegra/optee-src/nv-optee/optee/build/t234/export-ta_arm64/lib/libutee.a(utee_syscalls_a64.o)
                0x000000000000094c                _utee_unmask_cancellation
 .text._utee_mask_cancellation
                0x0000000000000958        0xc /home/seungwoo/optee/Linux_for_Tegra/sources/tegra/optee-src/nv-optee/optee/build/t234/export-ta_arm64/lib/libutee.a(utee_syscalls_a64.o)
                0x0000000000000958                _utee_mask_cancellation
 .text._utee_wait
                0x0000000000000964        0xc /home/seungwoo/optee/Linux_for_Tegra/sources/tegra/optee-src/nv-optee/optee/build/t234/export-ta_arm64/lib/libutee.a(utee_syscalls_a64.o)
                0x0000000000000964                _utee_wait
 .text._utee_get_time
                0x0000000000000970        0xc /home/seungwoo/optee/Linux_for_Tegra/sources/tegra/optee-src/nv-optee/optee/build/t234/export-ta_arm64/lib/libutee.a(utee_syscalls_a64.o)
                0x0000000000000970                _utee_get_time
 .text._utee_set_ta_time
                0x000000000000097c        0xc /home/seungwoo/optee/Linux_for_Tegra/sources/tegra/optee-src/nv-optee/optee/build/t234/export-ta_arm64/lib/libutee.a(utee_syscalls_a64.o)
                0x000000000000097c                _utee_set_ta_time
 .text._utee_cryp_state_alloc
                0x0000000000000988        0xc /home/seungwoo/optee/Linux_for_Tegra/sources/tegra/optee-src/nv-optee/optee/build/t234/export-ta_arm64/lib/libutee.a(utee_syscalls_a64.o)
                0x0000000000000988                _utee_cryp_state_alloc
 .text._utee_cryp_state_copy
                0x0000000000000994        0xc /home/seungwoo/optee/Linux_for_Tegra/sources/tegra/optee-src/nv-optee/optee/build/t234/export-ta_arm64/lib/libutee.a(utee_syscalls_a64.o)
                0x0000000000000994                _utee_cryp_state_copy
 .text._utee_cryp_state_free
                0x00000000000009a0        0xc /home/seungwoo/optee/Linux_for_Tegra/sources/tegra/optee-src/nv-optee/optee/build/t234/export-ta_arm64/lib/libutee.a(utee_syscalls_a64.o)
                0x00000000000009a0                _utee_cryp_state_free
 .text._utee_hash_init
                0x00000000000009ac        0xc /home/seungwoo/optee/Linux_for_Tegra/sources/tegra/optee-src/nv-optee/optee/build/t234/export-ta_arm64/lib/libutee.a(utee_syscalls_a64.o)
                0x00000000000009ac                _utee_hash_init
 .text._utee_hash_update
                0x00000000000009b8        0xc /home/seungwoo/optee/Linux_for_Tegra/sources/tegra/optee-src/nv-optee/optee/build/t234/export-ta_arm64/lib/libutee.a(utee_syscalls_a64.o)
                0x00000000000009b8                _utee_hash_update
 .text._utee_hash_final
                0x00000000000009c4        0xc /home/seungwoo/optee/Linux_for_Tegra/sources/tegra/optee-src/nv-optee/optee/build/t234/export-ta_arm64/lib/libutee.a(utee_syscalls_a64.o)
                0x00000000000009c4                _utee_hash_final
 .text._utee_cipher_init
                0x00000000000009d0        0xc /home/seungwoo/optee/Linux_for_Tegra/sources/tegra/optee-src/nv-optee/optee/build/t234/export-ta_arm64/lib/libutee.a(utee_syscalls_a64.o)
                0x00000000000009d0                _utee_cipher_init
 .text._utee_cipher_update
                0x00000000000009dc        0xc /home/seungwoo/optee/Linux_for_Tegra/sources/tegra/optee-src/nv-optee/optee/build/t234/export-ta_arm64/lib/libutee.a(utee_syscalls_a64.o)
                0x00000000000009dc                _utee_cipher_update
 .text._utee_cipher_final
                0x00000000000009e8        0xc /home/seungwoo/optee/Linux_for_Tegra/sources/tegra/optee-src/nv-optee/optee/build/t234/export-ta_arm64/lib/libutee.a(utee_syscalls_a64.o)
                0x00000000000009e8                _utee_cipher_final
 .text._utee_cryp_obj_get_info
                0x00000000000009f4        0xc /home/seungwoo/optee/Linux_for_Tegra/sources/tegra/optee-src/nv-optee/optee/build/t234/export-ta_arm64/lib/libutee.a(utee_syscalls_a64.o)
                0x00000000000009f4                _utee_cryp_obj_get_info
 .text._utee_cryp_obj_restrict_usage
                0x0000000000000a00        0xc /home/seungwoo/optee/Linux_for_Tegra/sources/tegra/optee-src/nv-optee/optee/build/t234/export-ta_arm64/lib/libutee.a(utee_syscalls_a64.o)
                0x0000000000000a00                _utee_cryp_obj_restrict_usage
 .text._utee_cryp_obj_get_attr
                0x0000000000000a0c        0xc /home/seungwoo/optee/Linux_for_Tegra/sources/tegra/optee-src/nv-optee/optee/build/t234/export-ta_arm64/lib/libutee.a(utee_syscalls_a64.o)
                0x0000000000000a0c                _utee_cryp_obj_get_attr
 .text._utee_cryp_obj_alloc
                0x0000000000000a18        0xc /home/seungwoo/optee/Linux_for_Tegra/sources/tegra/optee-src/nv-optee/optee/build/t234/export-ta_arm64/lib/libutee.a(utee_syscalls_a64.o)
                0x0000000000000a18                _utee_cryp_obj_alloc
 .text._utee_cryp_obj_close
                0x0000000000000a24        0xc /home/seungwoo/optee/Linux_for_Tegra/sources/tegra/optee-src/nv-optee/optee/build/t234/export-ta_arm64/lib/libutee.a(utee_syscalls_a64.o)
                0x0000000000000a24                _utee_cryp_obj_close
 .text._utee_cryp_obj_reset
                0x0000000000000a30        0xc /home/seungwoo/optee/Linux_for_Tegra/sources/tegra/optee-src/nv-optee/optee/build/t234/export-ta_arm64/lib/libutee.a(utee_syscalls_a64.o)
                0x0000000000000a30                _utee_cryp_obj_reset
 .text._utee_cryp_obj_populate
                0x0000000000000a3c        0xc /home/seungwoo/optee/Linux_for_Tegra/sources/tegra/optee-src/nv-optee/optee/build/t234/export-ta_arm64/lib/libutee.a(utee_syscalls_a64.o)
                0x0000000000000a3c                _utee_cryp_obj_populate
 .text._utee_cryp_obj_copy
                0x0000000000000a48        0xc /home/seungwoo/optee/Linux_for_Tegra/sources/tegra/optee-src/nv-optee/optee/build/t234/export-ta_arm64/lib/libutee.a(utee_syscalls_a64.o)
                0x0000000000000a48                _utee_cryp_obj_copy
 .text._utee_cryp_derive_key
                0x0000000000000a54        0xc /home/seungwoo/optee/Linux_for_Tegra/sources/tegra/optee-src/nv-optee/optee/build/t234/export-ta_arm64/lib/libutee.a(utee_syscalls_a64.o)
                0x0000000000000a54                _utee_cryp_derive_key
 .text._utee_cryp_random_number_generate
                0x0000000000000a60        0xc /home/seungwoo/optee/Linux_for_Tegra/sources/tegra/optee-src/nv-optee/optee/build/t234/export-ta_arm64/lib/libutee.a(utee_syscalls_a64.o)
                0x0000000000000a60                _utee_cryp_random_number_generate
 .text._utee_authenc_init
                0x0000000000000a6c        0xc /home/seungwoo/optee/Linux_for_Tegra/sources/tegra/optee-src/nv-optee/optee/build/t234/export-ta_arm64/lib/libutee.a(utee_syscalls_a64.o)
                0x0000000000000a6c                _utee_authenc_init
 .text._utee_authenc_update_aad
                0x0000000000000a78        0xc /home/seungwoo/optee/Linux_for_Tegra/sources/tegra/optee-src/nv-optee/optee/build/t234/export-ta_arm64/lib/libutee.a(utee_syscalls_a64.o)
                0x0000000000000a78                _utee_authenc_update_aad
 .text._utee_authenc_update_payload
                0x0000000000000a84        0xc /home/seungwoo/optee/Linux_for_Tegra/sources/tegra/optee-src/nv-optee/optee/build/t234/export-ta_arm64/lib/libutee.a(utee_syscalls_a64.o)
                0x0000000000000a84                _utee_authenc_update_payload
 .text._utee_authenc_enc_final
                0x0000000000000a90        0xc /home/seungwoo/optee/Linux_for_Tegra/sources/tegra/optee-src/nv-optee/optee/build/t234/export-ta_arm64/lib/libutee.a(utee_syscalls_a64.o)
                0x0000000000000a90                _utee_authenc_enc_final
 .text._utee_authenc_dec_final
                0x0000000000000a9c        0xc /home/seungwoo/optee/Linux_for_Tegra/sources/tegra/optee-src/nv-optee/optee/build/t234/export-ta_arm64/lib/libutee.a(utee_syscalls_a64.o)
                0x0000000000000a9c                _utee_authenc_dec_final
 .text._utee_asymm_operate
                0x0000000000000aa8        0xc /home/seungwoo/optee/Linux_for_Tegra/sources/tegra/optee-src/nv-optee/optee/build/t234/export-ta_arm64/lib/libutee.a(utee_syscalls_a64.o)
                0x0000000000000aa8                _utee_asymm_operate
 .text._utee_asymm_verify
                0x0000000000000ab4        0xc /home/seungwoo/optee/Linux_for_Tegra/sources/tegra/optee-src/nv-optee/optee/build/t234/export-ta_arm64/lib/libutee.a(utee_syscalls_a64.o)
                0x0000000000000ab4                _utee_asymm_verify
 .text._utee_storage_obj_open
                0x0000000000000ac0        0xc /home/seungwoo/optee/Linux_for_Tegra/sources/tegra/optee-src/nv-optee/optee/build/t234/export-ta_arm64/lib/libutee.a(utee_syscalls_a64.o)
                0x0000000000000ac0                _utee_storage_obj_open
 .text._utee_storage_obj_create
                0x0000000000000acc        0xc /home/seungwoo/optee/Linux_for_Tegra/sources/tegra/optee-src/nv-optee/optee/build/t234/export-ta_arm64/lib/libutee.a(utee_syscalls_a64.o)
                0x0000000000000acc                _utee_storage_obj_create
 .text._utee_storage_obj_del
                0x0000000000000ad8        0xc /home/seungwoo/optee/Linux_for_Tegra/sources/tegra/optee-src/nv-optee/optee/build/t234/export-ta_arm64/lib/libutee.a(utee_syscalls_a64.o)
                0x0000000000000ad8                _utee_storage_obj_del
 .text._utee_storage_obj_rename
                0x0000000000000ae4        0xc /home/seungwoo/optee/Linux_for_Tegra/sources/tegra/optee-src/nv-optee/optee/build/t234/export-ta_arm64/lib/libutee.a(utee_syscalls_a64.o)
                0x0000000000000ae4                _utee_storage_obj_rename
 .text._utee_storage_alloc_enum
                0x0000000000000af0        0xc /home/seungwoo/optee/Linux_for_Tegra/sources/tegra/optee-src/nv-optee/optee/build/t234/export-ta_arm64/lib/libutee.a(utee_syscalls_a64.o)
                0x0000000000000af0                _utee_storage_alloc_enum
 .text._utee_storage_free_enum
                0x0000000000000afc        0xc /home/seungwoo/optee/Linux_for_Tegra/sources/tegra/optee-src/nv-optee/optee/build/t234/export-ta_arm64/lib/libutee.a(utee_syscalls_a64.o)
                0x0000000000000afc                _utee_storage_free_enum
 .text._utee_storage_reset_enum
                0x0000000000000b08        0xc /home/seungwoo/optee/Linux_for_Tegra/sources/tegra/optee-src/nv-optee/optee/build/t234/export-ta_arm64/lib/libutee.a(utee_syscalls_a64.o)
                0x0000000000000b08                _utee_storage_reset_enum
 .text._utee_storage_start_enum
                0x0000000000000b14        0xc /home/seungwoo/optee/Linux_for_Tegra/sources/tegra/optee-src/nv-optee/optee/build/t234/export-ta_arm64/lib/libutee.a(utee_syscalls_a64.o)
                0x0000000000000b14                _utee_storage_start_enum
 .text._utee_storage_next_enum
                0x0000000000000b20        0xc /home/seungwoo/optee/Linux_for_Tegra/sources/tegra/optee-src/nv-optee/optee/build/t234/export-ta_arm64/lib/libutee.a(utee_syscalls_a64.o)
                0x0000000000000b20                _utee_storage_next_enum
 .text._utee_storage_obj_read
                0x0000000000000b2c        0xc /home/seungwoo/optee/Linux_for_Tegra/sources/tegra/optee-src/nv-optee/optee/build/t234/export-ta_arm64/lib/libutee.a(utee_syscalls_a64.o)
                0x0000000000000b2c                _utee_storage_obj_read
 .text._utee_storage_obj_write
                0x0000000000000b38        0xc /home/seungwoo/optee/Linux_for_Tegra/sources/tegra/optee-src/nv-optee/optee/build/t234/export-ta_arm64/lib/libutee.a(utee_syscalls_a64.o)
                0x0000000000000b38                _utee_storage_obj_write
 .text._utee_storage_obj_trunc
                0x0000000000000b44        0xc /home/seungwoo/optee/Linux_for_Tegra/sources/tegra/optee-src/nv-optee/optee/build/t234/export-ta_arm64/lib/libutee.a(utee_syscalls_a64.o)
                0x0000000000000b44                _utee_storage_obj_trunc
 .text._utee_storage_obj_seek
                0x0000000000000b50        0xc /home/seungwoo/optee/Linux_for_Tegra/sources/tegra/optee-src/nv-optee/optee/build/t234/export-ta_arm64/lib/libutee.a(utee_syscalls_a64.o)
                0x0000000000000b50                _utee_storage_obj_seek
 .text._utee_cryp_obj_generate_key
                0x0000000000000b5c        0xc /home/seungwoo/optee/Linux_for_Tegra/sources/tegra/optee-src/nv-optee/optee/build/t234/export-ta_arm64/lib/libutee.a(utee_syscalls_a64.o)
                0x0000000000000b5c                _utee_cryp_obj_generate_key
 .text._utee_cache_operation
                0x0000000000000b68        0xc /home/seungwoo/optee/Linux_for_Tegra/sources/tegra/optee-src/nv-optee/optee/build/t234/export-ta_arm64/lib/libutee.a(utee_syscalls_a64.o)
                0x0000000000000b68                _utee_cache_operation
 .text.unlikely
                0x0000000000000b74       0x20 /home/seungwoo/optee/Linux_for_Tegra/sources/tegra/optee-src/nv-optee/optee/build/t234/export-ta_arm64/lib/libutee.a(abort.o)
                0x0000000000000b74                abort
 .text          0x0000000000000b94      0x1e0 /home/seungwoo/optee/Linux_for_Tegra/sources/tegra/optee-src/nv-optee/optee/build/t234/export-ta_arm64/lib/libutee.a(trace_ext.o)
                0x0000000000000b94                trace_ext_puts
                0x0000000000000bbc                trace_ext_get_thread_id
                0x0000000000000bc4                printf
                0x0000000000000cc4                puts
                0x0000000000000d04                putchar
 .text          0x0000000000000d74     0x10c0 /home/seungwoo/optee/Linux_for_Tegra/sources/tegra/optee-src/nv-optee/optee/build/t234/export-ta_arm64/lib/libutee.a(tee_api.o)
                0x0000000000001124                TEE_CloseTASession
                0x000000000000114c                TEE_GetCancellationFlag
                0x00000000000011ac                TEE_UnmaskCancellation
                0x000000000000120c                TEE_MaskCancellation
                0x000000000000126c                TEE_CheckMemoryAccessRights
                0x0000000000001490                TEE_OpenTASession
                0x00000000000015e4                __GP11_TEE_OpenTASession
                0x000000000000172c                TEE_InvokeTACommand
                0x00000000000018b0                __GP11_TEE_InvokeTACommand
                0x0000000000001a28                __GP11_TEE_CheckMemoryAccessRights
                0x0000000000001a30                TEE_SetInstanceData
                0x0000000000001a3c                TEE_GetInstanceData
                0x0000000000001a48                TEE_MemMove
                0x0000000000001a4c                __GP11_TEE_MemMove
                0x0000000000001a54                TEE_MemCompare
                0x0000000000001a58                __GP11_TEE_MemCompare
                0x0000000000001a60                TEE_MemFill
                0x0000000000001a64                __GP11_TEE_MemFill
                0x0000000000001a6c                TEE_GetSystemTime
                0x0000000000001a94                TEE_Wait
                0x0000000000001ad0                TEE_GetTAPersistentTime
                0x0000000000001b44                TEE_SetTAPersistentTime
                0x0000000000001b88                TEE_GetREETime
                0x0000000000001bb0                TEE_Malloc
                0x0000000000001cd4                __GP11_TEE_Malloc
                0x0000000000001cdc                TEE_Free
                0x0000000000001d3c                TEE_Realloc
                0x0000000000001e14                __GP11_TEE_Realloc
                0x0000000000001e1c                TEE_CacheClean
                0x0000000000001e24                TEE_CacheFlush
                0x0000000000001e2c                TEE_CacheInvalidate
 .text          0x0000000000001e34     0x212c /home/seungwoo/optee/Linux_for_Tegra/sources/tegra/optee-src/nv-optee/optee/build/t234/export-ta_arm64/lib/libutee.a(tee_api_arith_mpi.o)
                0x0000000000002698                _TEE_MathAPI_Init
                0x00000000000026e8                TEE_BigIntInit
                0x0000000000002748                __GP11_TEE_BigIntInit
                0x0000000000002750                TEE_BigIntConvertFromOctetString
                0x0000000000002818                __GP11_TEE_BigIntConvertFromOctetString
                0x0000000000002820                TEE_BigIntConvertToOctetString
                0x00000000000028e8                __GP11_TEE_BigIntConvertToOctetString
                0x0000000000002948                TEE_BigIntConvertFromS32
                0x00000000000029f8                TEE_BigIntConvertToS32
                0x0000000000002ab4                TEE_BigIntCmp
                0x0000000000002b48                TEE_BigIntCmpS32
                0x0000000000002d94                TEE_BigIntShiftRight
                0x0000000000002f34                __GP11_TEE_BigIntShiftRight
                0x0000000000002f3c                TEE_BigIntGetBit
                0x0000000000002fbc                TEE_BigIntGetBitCount
                0x0000000000003030                TEE_BigIntSetBit
                0x00000000000030e0                TEE_BigIntAssign
                0x0000000000003130                TEE_BigIntAbs
                0x000000000000315c                TEE_BigIntAdd
                0x0000000000003168                TEE_BigIntSub
                0x0000000000003174                TEE_BigIntNeg
                0x0000000000003258                TEE_BigIntMul
                0x000000000000336c                TEE_BigIntSquare
                0x0000000000003374                TEE_BigIntDiv
                0x0000000000003528                TEE_BigIntMod
                0x0000000000003594                TEE_BigIntAddMod
                0x00000000000035a0                TEE_BigIntSubMod
                0x00000000000035ac                TEE_BigIntMulMod
                0x00000000000035b8                TEE_BigIntSquareMod
                0x00000000000035c4                TEE_BigIntInvMod
                0x0000000000003714                TEE_BigIntRelativePrime
                0x000000000000381c                TEE_BigIntExpMod
                0x00000000000039f0                TEE_BigIntComputeExtendedGcd
                0x0000000000003c58                TEE_BigIntIsProbablePrime
                0x0000000000003cdc                TEE_BigIntInitFMM
                0x0000000000003ce0                __GP11_TEE_BigIntInitFMM
                0x0000000000003ce8                TEE_BigIntInitFMMContext
                0x0000000000003cec                __GP11_TEE_BigIntInitFMMContext
                0x0000000000003cf4                TEE_BigIntInitFMMContext1
                0x0000000000003cfc                TEE_BigIntFMMSizeInU32
                0x0000000000003d0c                __GP11_TEE_BigIntFMMSizeInU32
                0x0000000000003d24                TEE_BigIntFMMContextSizeInU32
                0x0000000000003d2c                __GP11_TEE_BigIntFMMContextSizeInU32
                0x0000000000003d44                TEE_BigIntConvertToFMM
                0x0000000000003d48                TEE_BigIntConvertFromFMM
                0x0000000000003e18                TEE_BigIntComputeFMM
 .text          0x0000000000003f60      0x21c /home/seungwoo/optee/Linux_for_Tegra/sources/tegra/optee-src/nv-optee/optee/build/t234/export-ta_arm64/lib/libutee.a(tee_api_panic.o)
                0x0000000000003f7c                TEE_Panic
                0x0000000000003f94                __utee_check_outbuf_annotation
                0x0000000000003fe0                __utee_check_gp11_outbuf_annotation
                0x000000000000402c                __utee_check_instring_annotation
                0x000000000000405c                __utee_check_outstring_annotation
                0x00000000000040a8                __utee_check_gp11_outstring_annotation
                0x00000000000040f4                __utee_check_out_annotation
                0x0000000000004114                __utee_check_attr_in_annotation
                0x0000000000004138                __utee_check_gp11_attr_in_annotation
                0x000000000000415c                __utee_check_inout_annotation
 .text          0x000000000000417c      0xf78 /home/seungwoo/optee/Linux_for_Tegra/sources/tegra/optee-src/nv-optee/optee/build/t234/export-ta_arm64/lib/libutee.a(tee_api_property.o)
                0x000000000000450c                TEE_GetPropertyAsString
                0x0000000000004768                __GP11_TEE_GetPropertyAsString
                0x0000000000004800                TEE_GetPropertyAsBool
                0x00000000000048d8                TEE_GetPropertyAsU32
                0x00000000000049c0                TEE_GetPropertyAsU64
                0x0000000000004aa8                __GP11_TEE_GetPropertyAsBinaryBlock
                0x0000000000004b94                TEE_GetPropertyAsBinaryBlock
                0x0000000000004c2c                TEE_GetPropertyAsUUID
                0x0000000000004d14                TEE_GetPropertyAsIdentity
                0x0000000000004dfc                TEE_ResetPropertyEnumerator
                0x0000000000004e08                TEE_AllocatePropertyEnumerator
                0x0000000000004e50                TEE_FreePropertyEnumerator
                0x0000000000004e54                TEE_StartPropertyEnumerator
                0x0000000000004e64                __GP11_TEE_GetPropertyName
                0x0000000000004f8c                TEE_GetPropertyName
                0x0000000000005014                TEE_GetNextProperty
 .text          0x00000000000050f4      0x310 /home/seungwoo/optee/Linux_for_Tegra/sources/tegra/optee-src/nv-optee/optee/build/t234/export-ta_arm64/lib/libutee.a(tee_system_pta.o)
                0x000000000000517c                tee_map_zi
                0x000000000000522c                tee_unmap
                0x00000000000052f4                tee_invoke_supp_plugin
 .text          0x0000000000005404      0x34c /home/seungwoo/optee/Linux_for_Tegra/sources/tegra/optee-src/nv-optee/optee/build/t234/export-ta_arm64/lib/libutee.a(tcb.o)
                0x0000000000005404                __utee_tcb_init
                0x0000000000005644                __tls_get_addr
                0x0000000000005660                dl_iterate_phdr
 .text          0x0000000000005750       0x58 /home/seungwoo/optee/Linux_for_Tegra/sources/tegra/optee-src/nv-optee/optee/build/t234/export-ta_arm64/lib/libutee.a(assert.o)
                0x0000000000005750                _assert_log
                0x0000000000005794                _assert_break
 .text          0x00000000000057a8      0x258 /home/seungwoo/optee/Linux_for_Tegra/sources/tegra/optee-src/nv-optee/optee/build/t234/export-ta_arm64/lib/libutee.a(base64.o)
                0x00000000000057a8                _base64_enc_len
                0x00000000000057c0                _base64_enc
                0x00000000000058dc                _base64_dec
 .text          0x0000000000005a00     0x4190 /home/seungwoo/optee/Linux_for_Tegra/sources/tegra/optee-src/nv-optee/optee/build/t234/export-ta_arm64/lib/libmbedtls.a(bignum.o)
                0x00000000000061d4                mbedtls_mpi_init
                0x00000000000061e4                mbedtls_mpi_init_mempool
                0x000000000000620c                mbedtls_mpi_free
                0x0000000000006278                mbedtls_mpi_grow
                0x00000000000063cc                mbedtls_mpi_shrink
                0x00000000000064ec                mbedtls_mpi_copy
                0x00000000000065b8                mbedtls_mpi_swap
                0x0000000000006640                mbedtls_mpi_lset
                0x00000000000066a8                mbedtls_mpi_get_bit
                0x00000000000066d4                mbedtls_mpi_set_bit
                0x0000000000006760                mbedtls_mpi_lsb
                0x00000000000067b4                mbedtls_mpi_bitlen
                0x0000000000006810                mbedtls_mpi_size
                0x000000000000682c                mbedtls_mpi_read_binary_le
                0x00000000000068a4                mbedtls_mpi_read_binary
                0x0000000000006928                mbedtls_mpi_write_binary_le
                0x00000000000069e0                mbedtls_mpi_write_binary
                0x0000000000006aa4                mbedtls_mpi_shift_l
                0x0000000000006bb4                mbedtls_mpi_shift_r
                0x0000000000006c74                mbedtls_mpi_cmp_abs
                0x0000000000006d10                mbedtls_mpi_cmp_mpi
                0x0000000000006de4                mbedtls_mpi_cmp_int
                0x0000000000006e58                mbedtls_mpi_add_abs
                0x0000000000006f78                mbedtls_mpi_sub_abs
                0x00000000000070d4                mbedtls_mpi_add_mpi
                0x000000000000715c                mbedtls_mpi_sub_mpi
                0x00000000000071e8                mbedtls_mpi_add_int
                0x000000000000725c                mbedtls_mpi_sub_int
                0x00000000000072d0                mbedtls_mpi_mul_mpi
                0x000000000000747c                mbedtls_mpi_mul_int
                0x0000000000007524                mbedtls_mpi_read_string
                0x0000000000007730                mbedtls_mpi_div_mpi
                0x0000000000007c64                mbedtls_mpi_div_int
                0x0000000000007cd8                mbedtls_mpi_mod_mpi
                0x0000000000007d8c                mbedtls_mpi_mod_int
                0x0000000000007e28                mbedtls_mpi_write_string
                0x000000000000815c                mbedtls_mpi_montg_init
                0x0000000000008164                mbedtls_mpi_montmul
                0x000000000000816c                mbedtls_mpi_montred
                0x0000000000008170                mbedtls_mpi_exp_mod
                0x000000000000883c                mbedtls_mpi_gcd
                0x0000000000008a14                mbedtls_mpi_fill_random
                0x0000000000008d20                mbedtls_mpi_random
                0x0000000000008ed8                mbedtls_mpi_inv_mod
                0x0000000000009330                mbedtls_mpi_is_prime_ext
                0x000000000000940c                mbedtls_mpi_is_prime
                0x000000000000941c                mbedtls_mpi_gen_prime
                0x0000000000009768                mbedtls_mpi_self_test
 .text          0x0000000000009b90      0x7c0 /home/seungwoo/optee/Linux_for_Tegra/sources/tegra/optee-src/nv-optee/optee/build/t234/export-ta_arm64/lib/libmbedtls.a(constant_time.o)
                0x0000000000009bb0                mbedtls_ct_memcmp
                0x0000000000009bf8                mbedtls_ct_uint_mask
                0x0000000000009c08                mbedtls_ct_mpi_uint_mask
                0x0000000000009c18                mbedtls_ct_size_bool_eq
                0x0000000000009c30                mbedtls_ct_mpi_uint_lt
                0x0000000000009c4c                mbedtls_ct_uint_if
                0x0000000000009c7c                mbedtls_ct_mpi_uint_cond_assign
                0x0000000000009cb8                mbedtls_ct_base64_enc_char
                0x0000000000009d68                mbedtls_ct_base64_dec_value
                0x0000000000009e24                mbedtls_mpi_safe_cond_assign
                0x0000000000009ee0                mbedtls_mpi_safe_cond_swap
                0x0000000000009fdc                mbedtls_mpi_lt_mpi_ct
                0x000000000000a0d4                mbedtls_ct_rsaes_pkcs1_v15_unpadding
 .text          0x000000000000a350       0x20 /home/seungwoo/optee/Linux_for_Tegra/sources/tegra/optee-src/nv-optee/optee/build/t234/export-ta_arm64/lib/libmbedtls.a(platform_util.o)
                0x000000000000a350                mbedtls_platform_zeroize
 .text          0x000000000000a370      0xd00 /home/seungwoo/optee/Linux_for_Tegra/sources/tegra/optee-src/nv-optee/optee/build/t234/export-ta_arm64/lib/libutils.a(bget_malloc.o)
                0x000000000000a3a8                bget
                0x000000000000a670                bgetz
                0x000000000000a6f8                brel
                0x000000000000a97c                bgetr
                0x000000000000aa4c                bpool
                0x000000000000ab1c                raw_memalign
                0x000000000000ab70                raw_malloc
                0x000000000000ab80                raw_free
                0x000000000000ab90                raw_calloc
                0x000000000000abe0                raw_realloc
                0x000000000000acc8                malloc
                0x000000000000ace0                calloc
                0x000000000000acfc                realloc
                0x000000000000ad14                memalign
                0x000000000000ad30                aligned_alloc
                0x000000000000ad48                free
                0x000000000000ad58                free_wipe
                0x000000000000ad68                raw_malloc_get_ctx_size
                0x000000000000ad70                raw_malloc_init_ctx
                0x000000000000ad9c                raw_malloc_add_pool
                0x000000000000ae64                raw_malloc_buffer_overlaps_heap
                0x000000000000aee4                raw_malloc_buffer_is_within_alloced
                0x000000000000b034                malloc_add_pool
                0x000000000000b048                malloc_buffer_is_within_alloced
                0x000000000000b05c                malloc_buffer_overlaps_heap
 .text          0x000000000000b070      0x128 /home/seungwoo/optee/Linux_for_Tegra/sources/tegra/optee-src/nv-optee/optee/build/t234/export-ta_arm64/lib/libutils.a(snprintf.o)
                0x000000000000b070                snprintf
                0x000000000000b140                vsnprintf
 .text          0x000000000000b198       0x30 /home/seungwoo/optee/Linux_for_Tegra/sources/tegra/optee-src/nv-optee/optee/build/t234/export-ta_arm64/lib/libutils.a(stack_check.o)
                0x000000000000b198                __stack_chk_fail
 .text          0x000000000000b1c8       0x5c /home/seungwoo/optee/Linux_for_Tegra/sources/tegra/optee-src/nv-optee/optee/build/t234/export-ta_arm64/lib/libutils.a(memmove.o)
                0x000000000000b1c8                memmove
 .text          0x000000000000b224       0x1c /home/seungwoo/optee/Linux_for_Tegra/sources/tegra/optee-src/nv-optee/optee/build/t234/export-ta_arm64/lib/libutils.a(memset.o)
                0x000000000000b224                memset
 .text          0x000000000000b240       0x24 /home/seungwoo/optee/Linux_for_Tegra/sources/tegra/optee-src/nv-optee/optee/build/t234/export-ta_arm64/lib/libutils.a(strcmp.o)
                0x000000000000b240                strcmp
 .text          0x000000000000b264       0x1c /home/seungwoo/optee/Linux_for_Tegra/sources/tegra/optee-src/nv-optee/optee/build/t234/export-ta_arm64/lib/libutils.a(strlen.o)
                0x000000000000b264                strlen
 .text          0x000000000000b280      0xe10 /home/seungwoo/optee/Linux_for_Tegra/sources/tegra/optee-src/nv-optee/optee/build/t234/export-ta_arm64/lib/libutils.a(snprintk.o)
                0x000000000000b280                __vsnprintf
                0x000000000000b340                vsnprintk
                0x000000000000b398                snprintk
                0x000000000000c044                __vsprintf
 .text          0x000000000000c090       0x58 /home/seungwoo/optee/Linux_for_Tegra/sources/tegra/optee-src/nv-optee/optee/build/t234/export-ta_arm64/lib/libutils.a(strlcpy.o)
                0x000000000000c090                strlcpy
 .text          0x000000000000c0e8      0x32c /home/seungwoo/optee/Linux_for_Tegra/sources/tegra/optee-src/nv-optee/optee/build/t234/export-ta_arm64/lib/libutils.a(trace.o)
                0x000000000000c0e8                trace_set_level
                0x000000000000c104                trace_get_level
                0x000000000000c114                trace_vprintf
                0x000000000000c330                trace_printf
                0x000000000000c410                dhex_dump
 .text          0x000000000000c414      0x190 /home/seungwoo/optee/Linux_for_Tegra/sources/tegra/optee-src/nv-optee/optee/build/t234/export-ta_arm64/lib/libutils.a(mempool.o)
                0x000000000000c414                mempool_alloc_pool
                0x000000000000c4dc                mempool_alloc
                0x000000000000c540                mempool_calloc
                0x000000000000c590                mempool_free
 .text          0x000000000000c5a4       0x70 /home/seungwoo/optee/Linux_for_Tegra/sources/tegra/optee-src/nv-optee/optee/build/t234/export-ta_arm64/lib/libutils.a(consttime_memcmp.o)
                0x000000000000c5a4                consttime_memcmp
 .text          0x000000000000c614       0x2c /home/seungwoo/optee/Linux_for_Tegra/sources/tegra/optee-src/nv-optee/optee/build/t234/export-ta_arm64/lib/libutils.a(memchr.o)
                0x000000000000c614                memchr
 .text          0x000000000000c640        0x0 /home/seungwoo/optee/Linux_for_Tegra/sources/tegra/optee-src/nv-optee/optee/build/t234/export-ta_arm64/lib/libutee.a(utee_syscalls_a64.o)
 .text          0x000000000000c640        0x0 /home/seungwoo/optee/Linux_for_Tegra/sources/tegra/optee-src/nv-optee/optee/build/t234/export-ta_arm64/lib/libutee.a(abort.o)
 *(SORT_BY_ALIGNMENT(.stub))
 *(SORT_BY_ALIGNMENT(.glue_7))
 *(SORT_BY_ALIGNMENT(.glue_7t))
 *(SORT_BY_ALIGNMENT(.gnu.linkonce.t.*))
 *(SORT_BY_ALIGNMENT(.vfp11_veneer))
                0x000000000000c640                __text_end = .

.note.gnu.property
 *(SORT_BY_ALIGNMENT(.note.gnu.property))

.plt            0x000000000000c640        0x0
 *(SORT_BY_ALIGNMENT(.plt))
 .plt           0x000000000000c640        0x0 ../build/ta/increment/ta_increment.o

.eh_frame_hdr
 *(SORT_BY_ALIGNMENT(.eh_frame_hdr))
 *(SORT_BY_ALIGNMENT(.eh_frame_entry) SORT_BY_ALIGNMENT(.eh_frame_entry.*))

.eh_frame       0x000000000000c640     0x2824
 *(SORT_BY_ALIGNMENT(.eh_frame))
 .eh_frame      0x000000000000c640       0x78 ../build/ta/increment/ta_increment.o
 .eh_frame      0x000000000000c6b8       0x30 ../build/ta/increment/user_ta_header.o
                                         0x40 (size before relaxing)
 .eh_frame      0x000000000000c6e8      0x150 /home/seungwoo/optee/Linux_for_Tegra/sources/tegra/optee-src/nv-optee/optee/build/t234/export-ta_arm64/lib/libutee.a(user_ta_entry.o)
                                        0x168 (size before relaxing)
 .eh_frame      0x000000000000c838       0x18 /home/seungwoo/optee/Linux_for_Tegra/sources/tegra/optee-src/nv-optee/optee/build/t234/export-ta_arm64/lib/libutee.a(abort.o)
                                         0x30 (size before relaxing)
 .eh_frame      0x000000000000c850       0xa8 /home/seungwoo/optee/Linux_for_Tegra/sources/tegra/optee-src/nv-optee/optee/build/t234/export-ta_arm64/lib/libutee.a(trace_ext.o)
                                         0xc0 (size before relaxing)
 .eh_frame      0x000000000000c8f8      0x588 /home/seungwoo/optee/Linux_for_Tegra/sources/tegra/optee-src/nv-optee/optee/build/t234/export-ta_arm64/lib/libutee.a(tee_api.o)
                                        0x5a0 (size before relaxing)
 .eh_frame      0x000000000000ce80      0x7d0 /home/seungwoo/optee/Linux_for_Tegra/sources/tegra/optee-src/nv-optee/optee/build/t234/export-ta_arm64/lib/libutee.a(tee_api_arith_mpi.o)
                                        0x7e0 (size before relaxing)
 .eh_frame      0x000000000000d650      0x180 /home/seungwoo/optee/Linux_for_Tegra/sources/tegra/optee-src/nv-optee/optee/build/t234/export-ta_arm64/lib/libutee.a(tee_api_panic.o)
                                        0x198 (size before relaxing)
 .eh_frame      0x000000000000d7d0      0x2f8 /home/seungwoo/optee/Linux_for_Tegra/sources/tegra/optee-src/nv-optee/optee/build/t234/export-ta_arm64/lib/libutee.a(tee_api_property.o)
                                        0x308 (size before relaxing)
 .eh_frame      0x000000000000dac8       0xc0 /home/seungwoo/optee/Linux_for_Tegra/sources/tegra/optee-src/nv-optee/optee/build/t234/export-ta_arm64/lib/libutee.a(tee_system_pta.o)
                                         0xd0 (size before relaxing)
 .eh_frame      0x000000000000db88       0x90 /home/seungwoo/optee/Linux_for_Tegra/sources/tegra/optee-src/nv-optee/optee/build/t234/export-ta_arm64/lib/libutee.a(tcb.o)
                                         0xa8 (size before relaxing)
 .eh_frame      0x000000000000dc18       0x38 /home/seungwoo/optee/Linux_for_Tegra/sources/tegra/optee-src/nv-optee/optee/build/t234/export-ta_arm64/lib/libutee.a(assert.o)
                                         0x50 (size before relaxing)
 .eh_frame      0x000000000000dc50       0x58 /home/seungwoo/optee/Linux_for_Tegra/sources/tegra/optee-src/nv-optee/optee/build/t234/export-ta_arm64/lib/libutee.a(base64.o)
                                         0x70 (size before relaxing)
 .eh_frame      0x000000000000dca8      0x988 /home/seungwoo/optee/Linux_for_Tegra/sources/tegra/optee-src/nv-optee/optee/build/t234/export-ta_arm64/lib/libmbedtls.a(bignum.o)
                                        0x9a0 (size before relaxing)
 .eh_frame      0x000000000000e630      0x1e0 /home/seungwoo/optee/Linux_for_Tegra/sources/tegra/optee-src/nv-optee/optee/build/t234/export-ta_arm64/lib/libmbedtls.a(constant_time.o)
                                        0x1f8 (size before relaxing)
 .eh_frame      0x000000000000e810       0x18 /home/seungwoo/optee/Linux_for_Tegra/sources/tegra/optee-src/nv-optee/optee/build/t234/export-ta_arm64/lib/libmbedtls.a(platform_util.o)
                                         0x28 (size before relaxing)
 .eh_frame      0x000000000000e828      0x2d8 /home/seungwoo/optee/Linux_for_Tegra/sources/tegra/optee-src/nv-optee/optee/build/t234/export-ta_arm64/lib/libutils.a(bget_malloc.o)
                                        0x2e8 (size before relaxing)
 .eh_frame      0x000000000000eb00       0x58 /home/seungwoo/optee/Linux_for_Tegra/sources/tegra/optee-src/nv-optee/optee/build/t234/export-ta_arm64/lib/libutils.a(snprintf.o)
                                         0x68 (size before relaxing)
 .eh_frame      0x000000000000eb58       0x18 /home/seungwoo/optee/Linux_for_Tegra/sources/tegra/optee-src/nv-optee/optee/build/t234/export-ta_arm64/lib/libutils.a(stack_check.o)
                                         0x30 (size before relaxing)
 .eh_frame      0x000000000000eb70       0x18 /home/seungwoo/optee/Linux_for_Tegra/sources/tegra/optee-src/nv-optee/optee/build/t234/export-ta_arm64/lib/libutils.a(memcpy.o)
                                         0x28 (size before relaxing)
 .eh_frame      0x000000000000eb88       0x18 /home/seungwoo/optee/Linux_for_Tegra/sources/tegra/optee-src/nv-optee/optee/build/t234/export-ta_arm64/lib/libutils.a(memmove.o)
                                         0x28 (size before relaxing)
 .eh_frame      0x000000000000eba0       0x18 /home/seungwoo/optee/Linux_for_Tegra/sources/tegra/optee-src/nv-optee/optee/build/t234/export-ta_arm64/lib/libutils.a(memset.o)
                                         0x28 (size before relaxing)
 .eh_frame      0x000000000000ebb8       0x18 /home/seungwoo/optee/Linux_for_Tegra/sources/tegra/optee-src/nv-optee/optee/build/t234/export-ta_arm64/lib/libutils.a(strcmp.o)
                                         0x28 (size before relaxing)
 .eh_frame      0x000000000000ebd0       0x18 /home/seungwoo/optee/Linux_for_Tegra/sources/tegra/optee-src/nv-optee/optee/build/t234/export-ta_arm64/lib/libutils.a(strlen.o)
                                         0x28 (size before relaxing)
 .eh_frame      0x000000000000ebe8       0xf0 /home/seungwoo/optee/Linux_for_Tegra/sources/tegra/optee-src/nv-optee/optee/build/t234/export-ta_arm64/lib/libutils.a(snprintk.o)
                                        0x100 (size before relaxing)
 .eh_frame      0x000000000000ecd8       0x18 /home/seungwoo/optee/Linux_for_Tegra/sources/tegra/optee-src/nv-optee/optee/build/t234/export-ta_arm64/lib/libutils.a(strlcpy.o)
                                         0x28 (size before relaxing)
 .eh_frame      0x000000000000ecf0       0xb8 /home/seungwoo/optee/Linux_for_Tegra/sources/tegra/optee-src/nv-optee/optee/build/t234/export-ta_arm64/lib/libutils.a(trace.o)
                                         0xc8 (size before relaxing)
 .eh_frame      0x000000000000eda8       0x88 /home/seungwoo/optee/Linux_for_Tegra/sources/tegra/optee-src/nv-optee/optee/build/t234/export-ta_arm64/lib/libutils.a(mempool.o)
                                         0xa0 (size before relaxing)
 .eh_frame      0x000000000000ee30       0x20 /home/seungwoo/optee/Linux_for_Tegra/sources/tegra/optee-src/nv-optee/optee/build/t234/export-ta_arm64/lib/libutils.a(consttime_memcmp.o)
                                         0x30 (size before relaxing)
 .eh_frame      0x000000000000ee50       0x14 /home/seungwoo/optee/Linux_for_Tegra/sources/tegra/optee-src/nv-optee/optee/build/t234/export-ta_arm64/lib/libutils.a(memchr.o)
                                         0x28 (size before relaxing)
 *(SORT_BY_ALIGNMENT(.eh_frame.*))

.gcc_except_table
 *(SORT_BY_ALIGNMENT(.gcc_except_table) SORT_BY_ALIGNMENT(.gcc_except_table.*))

.rodata         0x000000000000ee68     0x1260
 *(SORT_BY_ALIGNMENT(.gnu.linkonce.r.*))
 *(SORT_BY_ALIGNMENT(.rodata) SORT_BY_ALIGNMENT(.rodata.*))
 .rodata.user_ta_header.c
                0x000000000000ee68       0x33 ../build/ta/increment/user_ta_header.o
                0x000000000000ee68                ta_num_props
                0x000000000000ee88                __ta_no_share_heap_size
                0x000000000000ee90                ta_heap_size
                0x000000000000ee98                trace_ext_prefix
 *fill*         0x000000000000ee9b        0x5 
 .rodata.lib/libutee/tee_api.c
                0x000000000000eea0       0x20 /home/seungwoo/optee/Linux_for_Tegra/sources/tegra/optee-src/nv-optee/optee/build/t234/export-ta_arm64/lib/libutee.a(tee_api.o)
 .rodata.lib/libutee/tee_api_property.c
                0x000000000000eec0       0x20 /home/seungwoo/optee/Linux_for_Tegra/sources/tegra/optee-src/nv-optee/optee/build/t234/export-ta_arm64/lib/libutee.a(tee_api_property.o)
 .rodata.lib/libutee/tee_system_pta.c
                0x000000000000eee0       0x31 /home/seungwoo/optee/Linux_for_Tegra/sources/tegra/optee-src/nv-optee/optee/build/t234/export-ta_arm64/lib/libutee.a(tee_system_pta.o)
 *fill*         0x000000000000ef11        0x3 
 .rodata.lib/libutee/base64.c
                0x000000000000ef14       0x45 /home/seungwoo/optee/Linux_for_Tegra/sources/tegra/optee-src/nv-optee/optee/build/t234/export-ta_arm64/lib/libutee.a(base64.o)
 *fill*         0x000000000000ef59        0x3 
 .rodata.lib/libmbedtls/mbedtls/library/bignum.c
                0x000000000000ef5c      0x2c4 /home/seungwoo/optee/Linux_for_Tegra/sources/tegra/optee-src/nv-optee/optee/build/t234/export-ta_arm64/lib/libmbedtls.a(bignum.o)
 .rodata.lib/libutils/ext/snprintk.c
                0x000000000000f220       0xac /home/seungwoo/optee/Linux_for_Tegra/sources/tegra/optee-src/nv-optee/optee/build/t234/export-ta_arm64/lib/libutils.a(snprintk.o)
 .rodata.str1.1.user_ta_header.c
                0x000000000000f2cc      0x15f ../build/ta/increment/user_ta_header.o
 .rodata.str1.1.lib/libutee/user_ta_entry.c
                0x000000000000f42b       0x4f /home/seungwoo/optee/Linux_for_Tegra/sources/tegra/optee-src/nv-optee/optee/build/t234/export-ta_arm64/lib/libutee.a(user_ta_entry.o)
 .rodata.lib/libutee/user_ta_entry.c
                0x000000000000f47a       0x16 /home/seungwoo/optee/Linux_for_Tegra/sources/tegra/optee-src/nv-optee/optee/build/t234/export-ta_arm64/lib/libutee.a(user_ta_entry.o)
 .rodata.str1.1.lib/libutee/abort.c
                0x000000000000f490        0x7 /home/seungwoo/optee/Linux_for_Tegra/sources/tegra/optee-src/nv-optee/optee/build/t234/export-ta_arm64/lib/libutee.a(abort.o)
 .rodata.str1.1.lib/libutee/trace_ext.c
                0x000000000000f497        0x7 /home/seungwoo/optee/Linux_for_Tegra/sources/tegra/optee-src/nv-optee/optee/build/t234/export-ta_arm64/lib/libutee.a(trace_ext.o)
                                          0x2 (size before relaxing)
 .rodata.str1.1.lib/libutee/tee_api.c
                0x000000000000f497       0x11 /home/seungwoo/optee/Linux_for_Tegra/sources/tegra/optee-src/nv-optee/optee/build/t234/export-ta_arm64/lib/libutee.a(tee_api.o)
 .rodata.str1.1.lib/libutee/tee_api_arith_mpi.c
                0x000000000000f4a8       0xc9 /home/seungwoo/optee/Linux_for_Tegra/sources/tegra/optee-src/nv-optee/optee/build/t234/export-ta_arm64/lib/libutee.a(tee_api_arith_mpi.o)
 .rodata.lib/libutee/tee_api_arith_mpi.c
                0x000000000000f571      0x14e /home/seungwoo/optee/Linux_for_Tegra/sources/tegra/optee-src/nv-optee/optee/build/t234/export-ta_arm64/lib/libutee.a(tee_api_arith_mpi.o)
 .rodata.str1.1.lib/libutee/tee_api_property.c
                0x000000000000f6bf       0x83 /home/seungwoo/optee/Linux_for_Tegra/sources/tegra/optee-src/nv-optee/optee/build/t234/export-ta_arm64/lib/libutee.a(tee_api_property.o)
                                         0x88 (size before relaxing)
 .rodata.str1.1.lib/libutee/tee_system_pta.c
                0x000000000000f742       0x55 /home/seungwoo/optee/Linux_for_Tegra/sources/tegra/optee-src/nv-optee/optee/build/t234/export-ta_arm64/lib/libutee.a(tee_system_pta.o)
 .rodata.str1.1.lib/libutee/tcb.c
                0x000000000000f797       0x8d /home/seungwoo/optee/Linux_for_Tegra/sources/tegra/optee-src/nv-optee/optee/build/t234/export-ta_arm64/lib/libutee.a(tcb.o)
 .rodata.lib/libutee/tcb.c
                0x000000000000f824       0x20 /home/seungwoo/optee/Linux_for_Tegra/sources/tegra/optee-src/nv-optee/optee/build/t234/export-ta_arm64/lib/libutee.a(tcb.o)
 .rodata.str1.1.lib/libutee/assert.c
                0x000000000000f844       0x27 /home/seungwoo/optee/Linux_for_Tegra/sources/tegra/optee-src/nv-optee/optee/build/t234/export-ta_arm64/lib/libutee.a(assert.o)
 .rodata.str1.1.lib/libmbedtls/mbedtls/library/bignum.c
                0x000000000000f86b      0x456 /home/seungwoo/optee/Linux_for_Tegra/sources/tegra/optee-src/nv-optee/optee/build/t234/export-ta_arm64/lib/libmbedtls.a(bignum.o)
                                        0x45d (size before relaxing)
 .rodata.str1.1.lib/libutils/isoc/bget_malloc.c
                0x000000000000fcc1      0x292 /home/seungwoo/optee/Linux_for_Tegra/sources/tegra/optee-src/nv-optee/optee/build/t234/export-ta_arm64/lib/libutils.a(bget_malloc.o)
                                        0x29b (size before relaxing)
 .rodata.lib/libutils/isoc/bget_malloc.c
                0x000000000000ff53       0x51 /home/seungwoo/optee/Linux_for_Tegra/sources/tegra/optee-src/nv-optee/optee/build/t234/export-ta_arm64/lib/libutils.a(bget_malloc.o)
 .rodata.str1.1.lib/libutils/isoc/stack_check.c
                0x000000000000ffa4       0x18 /home/seungwoo/optee/Linux_for_Tegra/sources/tegra/optee-src/nv-optee/optee/build/t234/export-ta_arm64/lib/libutils.a(stack_check.o)
 .rodata.str1.1.lib/libutils/ext/snprintk.c
                0x000000000000ffbc       0x38 /home/seungwoo/optee/Linux_for_Tegra/sources/tegra/optee-src/nv-optee/optee/build/t234/export-ta_arm64/lib/libutils.a(snprintk.o)
 .rodata.str1.1.lib/libutils/ext/trace.c
                0x000000000000fff4       0x1a /home/seungwoo/optee/Linux_for_Tegra/sources/tegra/optee-src/nv-optee/optee/build/t234/export-ta_arm64/lib/libutils.a(trace.o)
                                         0x1b (size before relaxing)
 .rodata.lib/libutils/ext/trace.c
                0x000000000001000e        0x5 /home/seungwoo/optee/Linux_for_Tegra/sources/tegra/optee-src/nv-optee/optee/build/t234/export-ta_arm64/lib/libutils.a(trace.o)
 .rodata.str1.1.lib/libutils/ext/mempool.c
                0x0000000000010013       0x89 /home/seungwoo/optee/Linux_for_Tegra/sources/tegra/optee-src/nv-optee/optee/build/t234/export-ta_arm64/lib/libutils.a(mempool.o)
 .rodata.lib/libutils/ext/mempool.c
                0x000000000001009c       0x2c /home/seungwoo/optee/Linux_for_Tegra/sources/tegra/optee-src/nv-optee/optee/build/t234/export-ta_arm64/lib/libutils.a(mempool.o)

.gnu.version_d  0x00000000000100c8        0x0
 .gnu.version_d
                0x00000000000100c8        0x0 ../build/ta/increment/ta_increment.o

.gnu.version    0x00000000000100c8        0x0
 .gnu.version   0x00000000000100c8        0x0 ../build/ta/increment/ta_increment.o

.gnu.version_r  0x00000000000100c8        0x0
 .gnu.version_r
                0x00000000000100c8        0x0 ../build/ta/increment/ta_increment.o

.gnu.hash       0x00000000000100c8       0x30
 .gnu.hash      0x00000000000100c8       0x30 ../build/ta/increment/ta_increment.o

.ARM.extab
 *(SORT_BY_ALIGNMENT(.ARM.extab*) SORT_BY_ALIGNMENT(.gnu.linkonce.armextab.*))
                [!provide]                        PROVIDE (__exidx_start = .)

.ARM.exidx
 *(SORT_BY_ALIGNMENT(.ARM.exidx*) SORT_BY_ALIGNMENT(.gnu.linkonce.armexidx.*))
                [!provide]                        PROVIDE (__exidx_end = .)

.ctors
 *(SORT_BY_ALIGNMENT(.ctors))

.dtors
 *(SORT_BY_ALIGNMENT(.dtors))

.dynsym         0x00000000000100f8       0x90
 *(SORT_BY_ALIGNMENT(.dynsym))
 .dynsym        0x00000000000100f8       0x90 ../build/ta/increment/ta_increment.o

.dynstr         0x0000000000010188       0x2e
 *(SORT_BY_ALIGNMENT(.dynstr))
 .dynstr        0x0000000000010188       0x2e ../build/ta/increment/ta_increment.o

.hash           0x00000000000101b8       0x2c
 *(SORT_BY_ALIGNMENT(.hash))
 .hash          0x00000000000101b8       0x2c ../build/ta/increment/ta_increment.o

.rela.dyn       0x00000000000101e8      0x348
 .rela.data.rel.ro
                0x00000000000101e8        0x0 ../build/ta/increment/ta_increment.o
 .rela.ifunc    0x00000000000101e8        0x0 ../build/ta/increment/ta_increment.o
 .rela.data.rel.ro.local
                0x00000000000101e8      0x2d0 ../build/ta/increment/ta_increment.o
 .rela.data.rel.local
                0x00000000000104b8       0x60 ../build/ta/increment/ta_increment.o
 .rela.data.rel
                0x0000000000010518       0x18 ../build/ta/increment/ta_increment.o
                0x0000000000011000                . = ALIGN (0x1000)

.dynamic        0x0000000000011000      0x110
 *(SORT_BY_ALIGNMENT(.dynamic))
 .dynamic       0x0000000000011000      0x110 ../build/ta/increment/ta_increment.o
                0x0000000000011000                _DYNAMIC

.tdata
 *(SORT_BY_ALIGNMENT(.tdata) SORT_BY_ALIGNMENT(.tdata.*) SORT_BY_ALIGNMENT(.gnu.linkonce.td.*))

.tbss
 *(SORT_BY_ALIGNMENT(.tbss) SORT_BY_ALIGNMENT(.tbss.*) SORT_BY_ALIGNMENT(.gnu.linkonce.tb.*))
 *(SORT_BY_ALIGNMENT(.tcommon))

.got            0x0000000000011110       0xc0
 *(SORT_BY_ALIGNMENT(.got.plt))
 .got.plt       0x0000000000011110       0x18 ../build/ta/increment/ta_increment.o
 *(SORT_BY_ALIGNMENT(.got))
 .got           0x0000000000011128       0xa8 ../build/ta/increment/ta_increment.o
                0x0000000000011128                _GLOBAL_OFFSET_TABLE_

.rel.text
 *(SORT_BY_ALIGNMENT(.rel.text))
 *(SORT_BY_ALIGNMENT(.rel.gnu.linkonce.t*))

.rela.text
 *(SORT_BY_ALIGNMENT(.rela.text))
 *(SORT_BY_ALIGNMENT(.rela.gnu.linkonce.t*))

.rel.data
 *(SORT_BY_ALIGNMENT(.rel.data))
 *(SORT_BY_ALIGNMENT(.rel.gnu.linkonce.d*))

.rela.data
 *(SORT_BY_ALIGNMENT(.rela.data))
 *(SORT_BY_ALIGNMENT(.rela.gnu.linkonce.d*))

.rel.tdata
 *(SORT_BY_ALIGNMENT(.rel.tdata) SORT_BY_ALIGNMENT(.rel.tdata.*) SORT_BY_ALIGNMENT(.rel.gnu.linkonce.td.*))

.rela.tdata
 *(SORT_BY_ALIGNMENT(.rela.tdata) SORT_BY_ALIGNMENT(.rela.tdata.*) SORT_BY_ALIGNMENT(.rela.gnu.linkonce.td.*))

.rel.tbss
 *(SORT_BY_ALIGNMENT(.rel.tbss) SORT_BY_ALIGNMENT(.rel.tbss.*) SORT_BY_ALIGNMENT(.rel.gnu.linkonce.tb.*))

.rela.tbss
 *(SORT_BY_ALIGNMENT(.rela.tbss) SORT_BY_ALIGNMENT(.rela.tbss.*) SORT_BY_ALIGNMENT(.rela.gnu.linkonce.tb.*))

.rel.rodata
 *(SORT_BY_ALIGNMENT(.rel.rodata))
 *(SORT_BY_ALIGNMENT(.rel.gnu.linkonce.r*))

.rela.rodata
 *(SORT_BY_ALIGNMENT(.rela.rodata))
 *(SORT_BY_ALIGNMENT(.rela.gnu.linkonce.r*))

.rel.dyn
 *(SORT_BY_ALIGNMENT(.rel.dyn))

.rel.got
 *(SORT_BY_ALIGNMENT(.rel.got))

.rela.got       0x00000000000111d0      0x1e0
 *(SORT_BY_ALIGNMENT(.rela.got))
 .rela.got      0x00000000000111d0      0x1e0 ../build/ta/increment/ta_increment.o

.rel.ctors
 *(SORT_BY_ALIGNMENT(.rel.ctors))

.rela.ctors
 *(SORT_BY_ALIGNMENT(.rela.ctors))

.rel.dtors
 *(SORT_BY_ALIGNMENT(.rel.dtors))

.rela.dtors
 *(SORT_BY_ALIGNMENT(.rela.dtors))

.rel.init
 *(SORT_BY_ALIGNMENT(.rel.init))

.rela.init
 *(SORT_BY_ALIGNMENT(.rela.init))

.rel.fini
 *(SORT_BY_ALIGNMENT(.rel.fini))

.rela.fini
 *(SORT_BY_ALIGNMENT(.rela.fini))

.rel.bss
 *(SORT_BY_ALIGNMENT(.rel.bss))

.rela.bss       0x00000000000113b0        0x0
 *(SORT_BY_ALIGNMENT(.rela.bss))
 .rela.bss      0x00000000000113b0        0x0 ../build/ta/increment/ta_increment.o

.rel.plt
 *(SORT_BY_ALIGNMENT(.rel.plt))

.rela.plt       0x00000000000113b0        0x0
 *(SORT_BY_ALIGNMENT(.rela.plt))
 .rela.plt      0x00000000000113b0        0x0 ../build/ta/increment/ta_increment.o

.data           0x00000000000113b0      0x1cc
 *(SORT_BY_ALIGNMENT(.data) SORT_BY_ALIGNMENT(.data.*) SORT_BY_ALIGNMENT(.gnu.linkonce.d.*))
 .data.rel.ro.local
                0x00000000000113b0      0x108 ../build/ta/increment/user_ta_header.o
                0x00000000000113b0                ta_props
 .data.rel.local
                0x00000000000114b8       0x20 /home/seungwoo/optee/Linux_for_Tegra/sources/tegra/optee-src/nv-optee/optee/build/t234/export-ta_arm64/lib/libutee.a(user_ta_entry.o)
 .data.rel.ro.local
                0x00000000000114d8       0x60 /home/seungwoo/optee/Linux_for_Tegra/sources/tegra/optee-src/nv-optee/optee/build/t234/export-ta_arm64/lib/libutee.a(tee_api_property.o)
                0x00000000000114d8                tee_props
 .data.rel      0x0000000000011538        0x8 /home/seungwoo/optee/Linux_for_Tegra/sources/tegra/optee-src/nv-optee/optee/build/t234/export-ta_arm64/lib/libmbedtls.a(platform_util.o)
 .data.rel.local
                0x0000000000011540       0x30 /home/seungwoo/optee/Linux_for_Tegra/sources/tegra/optee-src/nv-optee/optee/build/t234/export-ta_arm64/lib/libutils.a(bget_malloc.o)
 .data          0x0000000000011570        0x8 /home/seungwoo/optee/Linux_for_Tegra/sources/tegra/optee-src/nv-optee/optee/build/t234/export-ta_arm64/lib/libutils.a(stack_check.o)
                0x0000000000011570                __stack_chk_guard
 .data          0x0000000000011578        0x4 ../build/ta/increment/user_ta_header.o
                0x0000000000011578                trace_level
 .data          0x000000000001157c        0x0 ../build/ta/increment/ta_increment.o
 .data.rel.ro   0x000000000001157c        0x0 ../build/ta/increment/ta_increment.o
 .data          0x000000000001157c        0x0 /home/seungwoo/optee/Linux_for_Tegra/sources/tegra/optee-src/nv-optee/optee/build/t234/export-ta_arm64/lib/libutee.a(user_ta_entry.o)
 .data          0x000000000001157c        0x0 /home/seungwoo/optee/Linux_for_Tegra/sources/tegra/optee-src/nv-optee/optee/build/t234/export-ta_arm64/lib/libutee.a(utee_syscalls_a64.o)
 .data          0x000000000001157c        0x0 /home/seungwoo/optee/Linux_for_Tegra/sources/tegra/optee-src/nv-optee/optee/build/t234/export-ta_arm64/lib/libutee.a(abort.o)
 .data          0x000000000001157c        0x0 /home/seungwoo/optee/Linux_for_Tegra/sources/tegra/optee-src/nv-optee/optee/build/t234/export-ta_arm64/lib/libutee.a(trace_ext.o)
 .data          0x000000000001157c        0x0 /home/seungwoo/optee/Linux_for_Tegra/sources/tegra/optee-src/nv-optee/optee/build/t234/export-ta_arm64/lib/libutee.a(tee_api.o)
 .data          0x000000000001157c        0x0 /home/seungwoo/optee/Linux_for_Tegra/sources/tegra/optee-src/nv-optee/optee/build/t234/export-ta_arm64/lib/libutee.a(tee_api_arith_mpi.o)
 .data          0x000000000001157c        0x0 /home/seungwoo/optee/Linux_for_Tegra/sources/tegra/optee-src/nv-optee/optee/build/t234/export-ta_arm64/lib/libutee.a(tee_api_panic.o)
 .data          0x000000000001157c        0x0 /home/seungwoo/optee/Linux_for_Tegra/sources/tegra/optee-src/nv-optee/optee/build/t234/export-ta_arm64/lib/libutee.a(tee_api_property.o)
 .data          0x000000000001157c        0x0 /home/seungwoo/optee/Linux_for_Tegra/sources/tegra/optee-src/nv-optee/optee/build/t234/export-ta_arm64/lib/libutee.a(tee_system_pta.o)
 .data          0x000000000001157c        0x0 /home/seungwoo/optee/Linux_for_Tegra/sources/tegra/optee-src/nv-optee/optee/build/t234/export-ta_arm64/lib/libutee.a(tcb.o)
 .data          0x000000000001157c        0x0 /home/seungwoo/optee/Linux_for_Tegra/sources/tegra/optee-src/nv-optee/optee/build/t234/export-ta_arm64/lib/libutee.a(assert.o)
 .data          0x000000000001157c        0x0 /home/seungwoo/optee/Linux_for_Tegra/sources/tegra/optee-src/nv-optee/optee/build/t234/export-ta_arm64/lib/libutee.a(base64.o)
 .data          0x000000000001157c        0x0 /home/seungwoo/optee/Linux_for_Tegra/sources/tegra/optee-src/nv-optee/optee/build/t234/export-ta_arm64/lib/libmbedtls.a(bignum.o)
 .data          0x000000000001157c        0x0 /home/seungwoo/optee/Linux_for_Tegra/sources/tegra/optee-src/nv-optee/optee/build/t234/export-ta_arm64/lib/libmbedtls.a(constant_time.o)
 .data          0x000000000001157c        0x0 /home/seungwoo/optee/Linux_for_Tegra/sources/tegra/optee-src/nv-optee/optee/build/t234/export-ta_arm64/lib/libmbedtls.a(platform_util.o)
 .data          0x000000000001157c        0x0 /home/seungwoo/optee/Linux_for_Tegra/sources/tegra/optee-src/nv-optee/optee/build/t234/export-ta_arm64/lib/libutils.a(bget_malloc.o)
 .data          0x000000000001157c        0x0 /home/seungwoo/optee/Linux_for_Tegra/sources/tegra/optee-src/nv-optee/optee/build/t234/export-ta_arm64/lib/libutils.a(snprintf.o)
 .data          0x000000000001157c        0x0 /home/seungwoo/optee/Linux_for_Tegra/sources/tegra/optee-src/nv-optee/optee/build/t234/export-ta_arm64/lib/libutils.a(memcpy.o)
 .data          0x000000000001157c        0x0 /home/seungwoo/optee/Linux_for_Tegra/sources/tegra/optee-src/nv-optee/optee/build/t234/export-ta_arm64/lib/libutils.a(memmove.o)
 .data          0x000000000001157c        0x0 /home/seungwoo/optee/Linux_for_Tegra/sources/tegra/optee-src/nv-optee/optee/build/t234/export-ta_arm64/lib/libutils.a(memset.o)
 .data          0x000000000001157c        0x0 /home/seungwoo/optee/Linux_for_Tegra/sources/tegra/optee-src/nv-optee/optee/build/t234/export-ta_arm64/lib/libutils.a(strcmp.o)
 .data          0x000000000001157c        0x0 /home/seungwoo/optee/Linux_for_Tegra/sources/tegra/optee-src/nv-optee/optee/build/t234/export-ta_arm64/lib/libutils.a(strlen.o)
 .data          0x000000000001157c        0x0 /home/seungwoo/optee/Linux_for_Tegra/sources/tegra/optee-src/nv-optee/optee/build/t234/export-ta_arm64/lib/libutils.a(snprintk.o)
 .data          0x000000000001157c        0x0 /home/seungwoo/optee/Linux_for_Tegra/sources/tegra/optee-src/nv-optee/optee/build/t234/export-ta_arm64/lib/libutils.a(strlcpy.o)
 .data          0x000000000001157c        0x0 /home/seungwoo/optee/Linux_for_Tegra/sources/tegra/optee-src/nv-optee/optee/build/t234/export-ta_arm64/lib/libutils.a(trace.o)
 .data          0x000000000001157c        0x0 /home/seungwoo/optee/Linux_for_Tegra/sources/tegra/optee-src/nv-optee/optee/build/t234/export-ta_arm64/lib/libutils.a(mempool.o)
 .data          0x000000000001157c        0x0 /home/seungwoo/optee/Linux_for_Tegra/sources/tegra/optee-src/nv-optee/optee/build/t234/export-ta_arm64/lib/libutils.a(consttime_memcmp.o)
 .data          0x000000000001157c        0x0 /home/seungwoo/optee/Linux_for_Tegra/sources/tegra/optee-src/nv-optee/optee/build/t234/export-ta_arm64/lib/libutils.a(memchr.o)

.bss            0x0000000000011580     0xc0a0
 *(SORT_BY_ALIGNMENT(.bss) SORT_BY_ALIGNMENT(.bss.*) SORT_BY_ALIGNMENT(.gnu.linkonce.b.*) SORT_BY_ALIGNMENT(COMMON))
 .bss           0x0000000000011580        0x9 /home/seungwoo/optee/Linux_for_Tegra/sources/tegra/optee-src/nv-optee/optee/build/t234/export-ta_arm64/lib/libutee.a(user_ta_entry.o)
 *fill*         0x0000000000011589        0x7 
 COMMON         0x0000000000011590       0x60 /home/seungwoo/optee/Linux_for_Tegra/sources/tegra/optee-src/nv-optee/optee/build/t234/export-ta_arm64/lib/libutee.a(user_ta_entry.o)
                0x0000000000011590                ta_param_types
                0x0000000000011598                __ta_no_share_malloc_ctx
                0x00000000000115a0                ta_params
                0x00000000000115e0                __elf_phdr_info
 .bss           0x00000000000115f0       0x10 /home/seungwoo/optee/Linux_for_Tegra/sources/tegra/optee-src/nv-optee/optee/build/t234/export-ta_arm64/lib/libutee.a(tee_api.o)
 .bss           0x0000000000011600     0x4000 /home/seungwoo/optee/Linux_for_Tegra/sources/tegra/optee-src/nv-optee/optee/build/t234/export-ta_arm64/lib/libutee.a(tee_api_arith_mpi.o)
 .bss           0x0000000000015600        0x8 /home/seungwoo/optee/Linux_for_Tegra/sources/tegra/optee-src/nv-optee/optee/build/t234/export-ta_arm64/lib/libutee.a(tee_system_pta.o)
 .bss           0x0000000000015608       0x10 /home/seungwoo/optee/Linux_for_Tegra/sources/tegra/optee-src/nv-optee/optee/build/t234/export-ta_arm64/lib/libutee.a(tcb.o)
 COMMON         0x0000000000015618        0x8 /home/seungwoo/optee/Linux_for_Tegra/sources/tegra/optee-src/nv-optee/optee/build/t234/export-ta_arm64/lib/libmbedtls.a(bignum.o)
                0x0000000000015618                mbedtls_mpi_mempool
 .bss           0x0000000000015620        0x0 ../build/ta/increment/ta_increment.o
 .bss           0x0000000000015620        0x0 ../build/ta/increment/user_ta_header.o
 COMMON         0x0000000000015620     0x8000 ../build/ta/increment/user_ta_header.o
                0x0000000000015620                ta_heap
                0x000000000001d620                __ta_no_share_heap
 .bss           0x000000000001d620        0x0 /home/seungwoo/optee/Linux_for_Tegra/sources/tegra/optee-src/nv-optee/optee/build/t234/export-ta_arm64/lib/libutee.a(utee_syscalls_a64.o)
 .bss           0x000000000001d620        0x0 /home/seungwoo/optee/Linux_for_Tegra/sources/tegra/optee-src/nv-optee/optee/build/t234/export-ta_arm64/lib/libutee.a(abort.o)
 .bss           0x000000000001d620        0x0 /home/seungwoo/optee/Linux_for_Tegra/sources/tegra/optee-src/nv-optee/optee/build/t234/export-ta_arm64/lib/libutee.a(trace_ext.o)
 .bss           0x000000000001d620        0x0 /home/seungwoo/optee/Linux_for_Tegra/sources/tegra/optee-src/nv-optee/optee/build/t234/export-ta_arm64/lib/libutee.a(tee_api_panic.o)
 .bss           0x000000000001d620        0x0 /home/seungwoo/optee/Linux_for_Tegra/sources/tegra/optee-src/nv-optee/optee/build/t234/export-ta_arm64/lib/libutee.a(tee_api_property.o)
 .bss           0x000000000001d620        0x0 /home/seungwoo/optee/Linux_for_Tegra/sources/tegra/optee-src/nv-optee/optee/build/t234/export-ta_arm64/lib/libutee.a(assert.o)
 .bss           0x000000000001d620        0x0 /home/seungwoo/optee/Linux_for_Tegra/sources/tegra/optee-src/nv-optee/optee/build/t234/export-ta_arm64/lib/libutee.a(base64.o)
 .bss           0x000000000001d620        0x0 /home/seungwoo/optee/Linux_for_Tegra/sources/tegra/optee-src/nv-optee/optee/build/t234/export-ta_arm64/lib/libmbedtls.a(bignum.o)
 .bss           0x000000000001d620        0x0 /home/seungwoo/optee/Linux_for_Tegra/sources/tegra/optee-src/nv-optee/optee/build/t234/export-ta_arm64/lib/libmbedtls.a(constant_time.o)
 .bss           0x000000000001d620        0x0 /home/seungwoo/optee/Linux_for_Tegra/sources/tegra/optee-src/nv-optee/optee/build/t234/export-ta_arm64/lib/libmbedtls.a(platform_util.o)
 .bss           0x000000000001d620        0x0 /home/seungwoo/optee/Linux_for_Tegra/sources/tegra/optee-src/nv-optee/optee/build/t234/export-ta_arm64/lib/libutils.a(bget_malloc.o)
 .bss           0x000000000001d620        0x0 /home/seungwoo/optee/Linux_for_Tegra/sources/tegra/optee-src/nv-optee/optee/build/t234/export-ta_arm64/lib/libutils.a(snprintf.o)
 .bss           0x000000000001d620        0x0 /home/seungwoo/optee/Linux_for_Tegra/sources/tegra/optee-src/nv-optee/optee/build/t234/export-ta_arm64/lib/libutils.a(stack_check.o)
 .bss           0x000000000001d620        0x0 /home/seungwoo/optee/Linux_for_Tegra/sources/tegra/optee-src/nv-optee/optee/build/t234/export-ta_arm64/lib/libutils.a(memcpy.o)
 .bss           0x000000000001d620        0x0 /home/seungwoo/optee/Linux_for_Tegra/sources/tegra/optee-src/nv-optee/optee/build/t234/export-ta_arm64/lib/libutils.a(memmove.o)
 .bss           0x000000000001d620        0x0 /home/seungwoo/optee/Linux_for_Tegra/sources/tegra/optee-src/nv-optee/optee/build/t234/export-ta_arm64/lib/libutils.a(memset.o)
 .bss           0x000000000001d620        0x0 /home/seungwoo/optee/Linux_for_Tegra/sources/tegra/optee-src/nv-optee/optee/build/t234/export-ta_arm64/lib/libutils.a(strcmp.o)
 .bss           0x000000000001d620        0x0 /home/seungwoo/optee/Linux_for_Tegra/sources/tegra/optee-src/nv-optee/optee/build/t234/export-ta_arm64/lib/libutils.a(strlen.o)
 .bss           0x000000000001d620        0x0 /home/seungwoo/optee/Linux_for_Tegra/sources/tegra/optee-src/nv-optee/optee/build/t234/export-ta_arm64/lib/libutils.a(snprintk.o)
 .bss           0x000000000001d620        0x0 /home/seungwoo/optee/Linux_for_Tegra/sources/tegra/optee-src/nv-optee/optee/build/t234/export-ta_arm64/lib/libutils.a(strlcpy.o)
 .bss           0x000000000001d620        0x0 /home/seungwoo/optee/Linux_for_Tegra/sources/tegra/optee-src/nv-optee/optee/build/t234/export-ta_arm64/lib/libutils.a(trace.o)
 .bss           0x000000000001d620        0x0 /home/seungwoo/optee/Linux_for_Tegra/sources/tegra/optee-src/nv-optee/optee/build/t234/export-ta_arm64/lib/libutils.a(mempool.o)
 .bss           0x000000000001d620        0x0 /home/seungwoo/optee/Linux_for_Tegra/sources/tegra/optee-src/nv-optee/optee/build/t234/export-ta_arm64/lib/libutils.a(consttime_memcmp.o)
 .bss           0x000000000001d620        0x0 /home/seungwoo/optee/Linux_for_Tegra/sources/tegra/optee-src/nv-optee/optee/build/t234/export-ta_arm64/lib/libutils.a(memchr.o)
                0x000000000001d620                . = ALIGN (0x8)
                0x000000000001d620                __ftrace_buf_start = .
                0x000000000001d620                . = (. + DEFINED (_mcount)?0x800:0x0)
                0x000000000001d620                __ftrace_buf_end = .

.dynbss         0x000000000001d620        0x0
 .dynbss        0x000000000001d620        0x0 ../build/ta/increment/ta_increment.o

/DISCARD/
 *(SORT_BY_ALIGNMENT(.interp))
LOAD ../build/ta/increment/ta_increment.o
LOAD ../build/ta/increment/user_ta_header.o
START GROUP
LOAD /home/seungwoo/optee/Linux_for_Tegra/sources/tegra/optee-src/nv-optee/optee/build/t234/export-ta_arm64/lib/libutils.a
LOAD /home/seungwoo/optee/Linux_for_Tegra/sources/tegra/optee-src/nv-optee/optee/build/t234/export-ta_arm64/lib/libutee.a
LOAD /home/seungwoo/optee/Linux_for_Tegra/sources/tegra/optee-src/nv-optee/optee/build/t234/export-ta_arm64/lib/libmbedtls.a
LOAD /home/seungwoo/optee/Linux_for_Tegra/sources/tegra/optee-src/nv-optee/optee/build/t234/export-ta_arm64/lib/libdl.a
END GROUP
LOAD /home/seungwoo/optee/bootlin_toolchain/bin/../lib/gcc/aarch64-buildroot-linux-gnu/9.3.0/libgcc.a
LOAD /home/seungwoo/optee/Linux_for_Tegra/sources/tegra/optee-src/nv-optee/optee/build/t234/export-ta_arm64/lib/libutils.a
OUTPUT(../build/ta/increment/343594e3-d3a3-43e8-930a-706057d38957.elf elf64-littleaarch64)

.debug_info     0x0000000000000000    0x1984d
 .debug_info    0x0000000000000000      0x2a5 ../build/ta/increment/ta_increment.o
 .debug_info    0x00000000000002a5      0x5da ../build/ta/increment/user_ta_header.o
 .debug_info    0x000000000000087f     0x1825 /home/seungwoo/optee/Linux_for_Tegra/sources/tegra/optee-src/nv-optee/optee/build/t234/export-ta_arm64/lib/libutee.a(user_ta_entry.o)
 .debug_info    0x00000000000020a4       0x22 /home/seungwoo/optee/Linux_for_Tegra/sources/tegra/optee-src/nv-optee/optee/build/t234/export-ta_arm64/lib/libutee.a(utee_syscalls_a64.o)
 .debug_info    0x00000000000020c6      0x146 /home/seungwoo/optee/Linux_for_Tegra/sources/tegra/optee-src/nv-optee/optee/build/t234/export-ta_arm64/lib/libutee.a(abort.o)
 .debug_info    0x000000000000220c      0x3f6 /home/seungwoo/optee/Linux_for_Tegra/sources/tegra/optee-src/nv-optee/optee/build/t234/export-ta_arm64/lib/libutee.a(trace_ext.o)
 .debug_info    0x0000000000002602     0x27f8 /home/seungwoo/optee/Linux_for_Tegra/sources/tegra/optee-src/nv-optee/optee/build/t234/export-ta_arm64/lib/libutee.a(tee_api.o)
 .debug_info    0x0000000000004dfa     0x516a /home/seungwoo/optee/Linux_for_Tegra/sources/tegra/optee-src/nv-optee/optee/build/t234/export-ta_arm64/lib/libutee.a(tee_api_arith_mpi.o)
 .debug_info    0x0000000000009f64      0xb05 /home/seungwoo/optee/Linux_for_Tegra/sources/tegra/optee-src/nv-optee/optee/build/t234/export-ta_arm64/lib/libutee.a(tee_api_panic.o)
 .debug_info    0x000000000000aa69     0x1a1c /home/seungwoo/optee/Linux_for_Tegra/sources/tegra/optee-src/nv-optee/optee/build/t234/export-ta_arm64/lib/libutee.a(tee_api_property.o)
 .debug_info    0x000000000000c485      0x814 /home/seungwoo/optee/Linux_for_Tegra/sources/tegra/optee-src/nv-optee/optee/build/t234/export-ta_arm64/lib/libutee.a(tee_system_pta.o)
 .debug_info    0x000000000000cc99      0x9f4 /home/seungwoo/optee/Linux_for_Tegra/sources/tegra/optee-src/nv-optee/optee/build/t234/export-ta_arm64/lib/libutee.a(tcb.o)
 .debug_info    0x000000000000d68d      0x1f6 /home/seungwoo/optee/Linux_for_Tegra/sources/tegra/optee-src/nv-optee/optee/build/t234/export-ta_arm64/lib/libutee.a(assert.o)
 .debug_info    0x000000000000d883      0x358 /home/seungwoo/optee/Linux_for_Tegra/sources/tegra/optee-src/nv-optee/optee/build/t234/export-ta_arm64/lib/libutee.a(base64.o)
 .debug_info    0x000000000000dbdb     0x601f /home/seungwoo/optee/Linux_for_Tegra/sources/tegra/optee-src/nv-optee/optee/build/t234/export-ta_arm64/lib/libmbedtls.a(bignum.o)
 .debug_info    0x0000000000013bfa     0x106a /home/seungwoo/optee/Linux_for_Tegra/sources/tegra/optee-src/nv-optee/optee/build/t234/export-ta_arm64/lib/libmbedtls.a(constant_time.o)
 .debug_info    0x0000000000014c64      0x15b /home/seungwoo/optee/Linux_for_Tegra/sources/tegra/optee-src/nv-optee/optee/build/t234/export-ta_arm64/lib/libmbedtls.a(platform_util.o)
 .debug_info    0x0000000000014dbf     0x274f /home/seungwoo/optee/Linux_for_Tegra/sources/tegra/optee-src/nv-optee/optee/build/t234/export-ta_arm64/lib/libutils.a(bget_malloc.o)
 .debug_info    0x000000000001750e      0x2b5 /home/seungwoo/optee/Linux_for_Tegra/sources/tegra/optee-src/nv-optee/optee/build/t234/export-ta_arm64/lib/libutils.a(snprintf.o)
 .debug_info    0x00000000000177c3      0x14c /home/seungwoo/optee/Linux_for_Tegra/sources/tegra/optee-src/nv-optee/optee/build/t234/export-ta_arm64/lib/libutils.a(stack_check.o)
 .debug_info    0x000000000001790f      0x13c /home/seungwoo/optee/Linux_for_Tegra/sources/tegra/optee-src/nv-optee/optee/build/t234/export-ta_arm64/lib/libutils.a(memcpy.o)
 .debug_info    0x0000000000017a4b      0x103 /home/seungwoo/optee/Linux_for_Tegra/sources/tegra/optee-src/nv-optee/optee/build/t234/export-ta_arm64/lib/libutils.a(memmove.o)
 .debug_info    0x0000000000017b4e       0xd6 /home/seungwoo/optee/Linux_for_Tegra/sources/tegra/optee-src/nv-optee/optee/build/t234/export-ta_arm64/lib/libutils.a(memset.o)
 .debug_info    0x0000000000017c24       0xb7 /home/seungwoo/optee/Linux_for_Tegra/sources/tegra/optee-src/nv-optee/optee/build/t234/export-ta_arm64/lib/libutils.a(strcmp.o)
 .debug_info    0x0000000000017cdb       0xbe /home/seungwoo/optee/Linux_for_Tegra/sources/tegra/optee-src/nv-optee/optee/build/t234/export-ta_arm64/lib/libutils.a(strlen.o)
 .debug_info    0x0000000000017d99      0x97c /home/seungwoo/optee/Linux_for_Tegra/sources/tegra/optee-src/nv-optee/optee/build/t234/export-ta_arm64/lib/libutils.a(snprintk.o)
 .debug_info    0x0000000000018715      0x12b /home/seungwoo/optee/Linux_for_Tegra/sources/tegra/optee-src/nv-optee/optee/build/t234/export-ta_arm64/lib/libutils.a(strlcpy.o)
 .debug_info    0x0000000000018840      0x6f0 /home/seungwoo/optee/Linux_for_Tegra/sources/tegra/optee-src/nv-optee/optee/build/t234/export-ta_arm64/lib/libutils.a(trace.o)
 .debug_info    0x0000000000018f30      0x6dc /home/seungwoo/optee/Linux_for_Tegra/sources/tegra/optee-src/nv-optee/optee/build/t234/export-ta_arm64/lib/libutils.a(mempool.o)
 .debug_info    0x000000000001960c      0x13b /home/seungwoo/optee/Linux_for_Tegra/sources/tegra/optee-src/nv-optee/optee/build/t234/export-ta_arm64/lib/libutils.a(consttime_memcmp.o)
 .debug_info    0x0000000000019747      0x106 /home/seungwoo/optee/Linux_for_Tegra/sources/tegra/optee-src/nv-optee/optee/build/t234/export-ta_arm64/lib/libutils.a(memchr.o)

.debug_abbrev   0x0000000000000000     0x3feb
 .debug_abbrev  0x0000000000000000      0x161 ../build/ta/increment/ta_increment.o
 .debug_abbrev  0x0000000000000161      0x1f8 ../build/ta/increment/user_ta_header.o
 .debug_abbrev  0x0000000000000359      0x51d /home/seungwoo/optee/Linux_for_Tegra/sources/tegra/optee-src/nv-optee/optee/build/t234/export-ta_arm64/lib/libutee.a(user_ta_entry.o)
 .debug_abbrev  0x0000000000000876       0x12 /home/seungwoo/optee/Linux_for_Tegra/sources/tegra/optee-src/nv-optee/optee/build/t234/export-ta_arm64/lib/libutee.a(utee_syscalls_a64.o)
 .debug_abbrev  0x0000000000000888       0xdd /home/seungwoo/optee/Linux_for_Tegra/sources/tegra/optee-src/nv-optee/optee/build/t234/export-ta_arm64/lib/libutee.a(abort.o)
 .debug_abbrev  0x0000000000000965      0x1b5 /home/seungwoo/optee/Linux_for_Tegra/sources/tegra/optee-src/nv-optee/optee/build/t234/export-ta_arm64/lib/libutee.a(trace_ext.o)
 .debug_abbrev  0x0000000000000b1a      0x4e6 /home/seungwoo/optee/Linux_for_Tegra/sources/tegra/optee-src/nv-optee/optee/build/t234/export-ta_arm64/lib/libutee.a(tee_api.o)
 .debug_abbrev  0x0000000000001000      0x4f2 /home/seungwoo/optee/Linux_for_Tegra/sources/tegra/optee-src/nv-optee/optee/build/t234/export-ta_arm64/lib/libutee.a(tee_api_arith_mpi.o)
 .debug_abbrev  0x00000000000014f2      0x1f9 /home/seungwoo/optee/Linux_for_Tegra/sources/tegra/optee-src/nv-optee/optee/build/t234/export-ta_arm64/lib/libutee.a(tee_api_panic.o)
 .debug_abbrev  0x00000000000016eb      0x328 /home/seungwoo/optee/Linux_for_Tegra/sources/tegra/optee-src/nv-optee/optee/build/t234/export-ta_arm64/lib/libutee.a(tee_api_property.o)
 .debug_abbrev  0x0000000000001a13      0x284 /home/seungwoo/optee/Linux_for_Tegra/sources/tegra/optee-src/nv-optee/optee/build/t234/export-ta_arm64/lib/libutee.a(tee_system_pta.o)
 .debug_abbrev  0x0000000000001c97      0x2d5 /home/seungwoo/optee/Linux_for_Tegra/sources/tegra/optee-src/nv-optee/optee/build/t234/export-ta_arm64/lib/libutee.a(tcb.o)
 .debug_abbrev  0x0000000000001f6c       0xef /home/seungwoo/optee/Linux_for_Tegra/sources/tegra/optee-src/nv-optee/optee/build/t234/export-ta_arm64/lib/libutee.a(assert.o)
 .debug_abbrev  0x000000000000205b      0x1a3 /home/seungwoo/optee/Linux_for_Tegra/sources/tegra/optee-src/nv-optee/optee/build/t234/export-ta_arm64/lib/libutee.a(base64.o)
 .debug_abbrev  0x00000000000021fe      0x5ab /home/seungwoo/optee/Linux_for_Tegra/sources/tegra/optee-src/nv-optee/optee/build/t234/export-ta_arm64/lib/libmbedtls.a(bignum.o)
 .debug_abbrev  0x00000000000027a9      0x38f /home/seungwoo/optee/Linux_for_Tegra/sources/tegra/optee-src/nv-optee/optee/build/t234/export-ta_arm64/lib/libmbedtls.a(constant_time.o)
 .debug_abbrev  0x0000000000002b38       0xdf /home/seungwoo/optee/Linux_for_Tegra/sources/tegra/optee-src/nv-optee/optee/build/t234/export-ta_arm64/lib/libmbedtls.a(platform_util.o)
 .debug_abbrev  0x0000000000002c17      0x4c1 /home/seungwoo/optee/Linux_for_Tegra/sources/tegra/optee-src/nv-optee/optee/build/t234/export-ta_arm64/lib/libutils.a(bget_malloc.o)
 .debug_abbrev  0x00000000000030d8      0x16c /home/seungwoo/optee/Linux_for_Tegra/sources/tegra/optee-src/nv-optee/optee/build/t234/export-ta_arm64/lib/libutils.a(snprintf.o)
 .debug_abbrev  0x0000000000003244       0xc5 /home/seungwoo/optee/Linux_for_Tegra/sources/tegra/optee-src/nv-optee/optee/build/t234/export-ta_arm64/lib/libutils.a(stack_check.o)
 .debug_abbrev  0x0000000000003309       0xb8 /home/seungwoo/optee/Linux_for_Tegra/sources/tegra/optee-src/nv-optee/optee/build/t234/export-ta_arm64/lib/libutils.a(memcpy.o)
 .debug_abbrev  0x00000000000033c1       0xa4 /home/seungwoo/optee/Linux_for_Tegra/sources/tegra/optee-src/nv-optee/optee/build/t234/export-ta_arm64/lib/libutils.a(memmove.o)
 .debug_abbrev  0x0000000000003465       0xa3 /home/seungwoo/optee/Linux_for_Tegra/sources/tegra/optee-src/nv-optee/optee/build/t234/export-ta_arm64/lib/libutils.a(memset.o)
 .debug_abbrev  0x0000000000003508       0x6f /home/seungwoo/optee/Linux_for_Tegra/sources/tegra/optee-src/nv-optee/optee/build/t234/export-ta_arm64/lib/libutils.a(strcmp.o)
 .debug_abbrev  0x0000000000003577       0x87 /home/seungwoo/optee/Linux_for_Tegra/sources/tegra/optee-src/nv-optee/optee/build/t234/export-ta_arm64/lib/libutils.a(strlen.o)
 .debug_abbrev  0x00000000000035fe      0x2db /home/seungwoo/optee/Linux_for_Tegra/sources/tegra/optee-src/nv-optee/optee/build/t234/export-ta_arm64/lib/libutils.a(snprintk.o)
 .debug_abbrev  0x00000000000038d9       0xa3 /home/seungwoo/optee/Linux_for_Tegra/sources/tegra/optee-src/nv-optee/optee/build/t234/export-ta_arm64/lib/libutils.a(strlcpy.o)
 .debug_abbrev  0x000000000000397c      0x282 /home/seungwoo/optee/Linux_for_Tegra/sources/tegra/optee-src/nv-optee/optee/build/t234/export-ta_arm64/lib/libutils.a(trace.o)
 .debug_abbrev  0x0000000000003bfe      0x27b /home/seungwoo/optee/Linux_for_Tegra/sources/tegra/optee-src/nv-optee/optee/build/t234/export-ta_arm64/lib/libutils.a(mempool.o)
 .debug_abbrev  0x0000000000003e79       0xc0 /home/seungwoo/optee/Linux_for_Tegra/sources/tegra/optee-src/nv-optee/optee/build/t234/export-ta_arm64/lib/libutils.a(consttime_memcmp.o)
 .debug_abbrev  0x0000000000003f39       0xb2 /home/seungwoo/optee/Linux_for_Tegra/sources/tegra/optee-src/nv-optee/optee/build/t234/export-ta_arm64/lib/libutils.a(memchr.o)

.debug_loc      0x0000000000000000    0x23d7a
 .debug_loc     0x0000000000000000       0xe1 ../build/ta/increment/ta_increment.o
 .debug_loc     0x00000000000000e1      0x132 ../build/ta/increment/user_ta_header.o
 .debug_loc     0x0000000000000213     0x1007 /home/seungwoo/optee/Linux_for_Tegra/sources/tegra/optee-src/nv-optee/optee/build/t234/export-ta_arm64/lib/libutee.a(user_ta_entry.o)
 .debug_loc     0x000000000000121a      0x1c4 /home/seungwoo/optee/Linux_for_Tegra/sources/tegra/optee-src/nv-optee/optee/build/t234/export-ta_arm64/lib/libutee.a(trace_ext.o)
 .debug_loc     0x00000000000013de     0x2fb7 /home/seungwoo/optee/Linux_for_Tegra/sources/tegra/optee-src/nv-optee/optee/build/t234/export-ta_arm64/lib/libutee.a(tee_api.o)
 .debug_loc     0x0000000000004395     0x54b4 /home/seungwoo/optee/Linux_for_Tegra/sources/tegra/optee-src/nv-optee/optee/build/t234/export-ta_arm64/lib/libutee.a(tee_api_arith_mpi.o)
 .debug_loc     0x0000000000009849      0xec2 /home/seungwoo/optee/Linux_for_Tegra/sources/tegra/optee-src/nv-optee/optee/build/t234/export-ta_arm64/lib/libutee.a(tee_api_panic.o)
 .debug_loc     0x000000000000a70b     0x1c6d /home/seungwoo/optee/Linux_for_Tegra/sources/tegra/optee-src/nv-optee/optee/build/t234/export-ta_arm64/lib/libutee.a(tee_api_property.o)
 .debug_loc     0x000000000000c378      0x75c /home/seungwoo/optee/Linux_for_Tegra/sources/tegra/optee-src/nv-optee/optee/build/t234/export-ta_arm64/lib/libutee.a(tee_system_pta.o)
 .debug_loc     0x000000000000cad4      0x72e /home/seungwoo/optee/Linux_for_Tegra/sources/tegra/optee-src/nv-optee/optee/build/t234/export-ta_arm64/lib/libutee.a(tcb.o)
 .debug_loc     0x000000000000d202      0x149 /home/seungwoo/optee/Linux_for_Tegra/sources/tegra/optee-src/nv-optee/optee/build/t234/export-ta_arm64/lib/libutee.a(assert.o)
 .debug_loc     0x000000000000d34b      0x78d /home/seungwoo/optee/Linux_for_Tegra/sources/tegra/optee-src/nv-optee/optee/build/t234/export-ta_arm64/lib/libutee.a(base64.o)
 .debug_loc     0x000000000000dad8     0xab8e /home/seungwoo/optee/Linux_for_Tegra/sources/tegra/optee-src/nv-optee/optee/build/t234/export-ta_arm64/lib/libmbedtls.a(bignum.o)
 .debug_loc     0x0000000000018666     0x206d /home/seungwoo/optee/Linux_for_Tegra/sources/tegra/optee-src/nv-optee/optee/build/t234/export-ta_arm64/lib/libmbedtls.a(constant_time.o)
 .debug_loc     0x000000000001a6d3       0xb9 /home/seungwoo/optee/Linux_for_Tegra/sources/tegra/optee-src/nv-optee/optee/build/t234/export-ta_arm64/lib/libmbedtls.a(platform_util.o)
 .debug_loc     0x000000000001a78c     0x477f /home/seungwoo/optee/Linux_for_Tegra/sources/tegra/optee-src/nv-optee/optee/build/t234/export-ta_arm64/lib/libutils.a(bget_malloc.o)
 .debug_loc     0x000000000001ef0b      0x226 /home/seungwoo/optee/Linux_for_Tegra/sources/tegra/optee-src/nv-optee/optee/build/t234/export-ta_arm64/lib/libutils.a(snprintf.o)
 .debug_loc     0x000000000001f131      0x679 /home/seungwoo/optee/Linux_for_Tegra/sources/tegra/optee-src/nv-optee/optee/build/t234/export-ta_arm64/lib/libutils.a(memcpy.o)
 .debug_loc     0x000000000001f7aa      0x377 /home/seungwoo/optee/Linux_for_Tegra/sources/tegra/optee-src/nv-optee/optee/build/t234/export-ta_arm64/lib/libutils.a(memmove.o)
 .debug_loc     0x000000000001fb21       0xe9 /home/seungwoo/optee/Linux_for_Tegra/sources/tegra/optee-src/nv-optee/optee/build/t234/export-ta_arm64/lib/libutils.a(memset.o)
 .debug_loc     0x000000000001fc0a       0xb6 /home/seungwoo/optee/Linux_for_Tegra/sources/tegra/optee-src/nv-optee/optee/build/t234/export-ta_arm64/lib/libutils.a(strcmp.o)
 .debug_loc     0x000000000001fcc0       0x8c /home/seungwoo/optee/Linux_for_Tegra/sources/tegra/optee-src/nv-optee/optee/build/t234/export-ta_arm64/lib/libutils.a(strlen.o)
 .debug_loc     0x000000000001fd4c     0x2ba0 /home/seungwoo/optee/Linux_for_Tegra/sources/tegra/optee-src/nv-optee/optee/build/t234/export-ta_arm64/lib/libutils.a(snprintk.o)
 .debug_loc     0x00000000000228ec      0x30f /home/seungwoo/optee/Linux_for_Tegra/sources/tegra/optee-src/nv-optee/optee/build/t234/export-ta_arm64/lib/libutils.a(strlcpy.o)
 .debug_loc     0x0000000000022bfb      0x71a /home/seungwoo/optee/Linux_for_Tegra/sources/tegra/optee-src/nv-optee/optee/build/t234/export-ta_arm64/lib/libutils.a(trace.o)
 .debug_loc     0x0000000000023315      0x712 /home/seungwoo/optee/Linux_for_Tegra/sources/tegra/optee-src/nv-optee/optee/build/t234/export-ta_arm64/lib/libutils.a(mempool.o)
 .debug_loc     0x0000000000023a27      0x223 /home/seungwoo/optee/Linux_for_Tegra/sources/tegra/optee-src/nv-optee/optee/build/t234/export-ta_arm64/lib/libutils.a(consttime_memcmp.o)
 .debug_loc     0x0000000000023c4a      0x130 /home/seungwoo/optee/Linux_for_Tegra/sources/tegra/optee-src/nv-optee/optee/build/t234/export-ta_arm64/lib/libutils.a(memchr.o)

.debug_aranges  0x0000000000000000      0x950
 .debug_aranges
                0x0000000000000000       0x30 ../build/ta/increment/ta_increment.o
 .debug_aranges
                0x0000000000000030       0x30 ../build/ta/increment/user_ta_header.o
 .debug_aranges
                0x0000000000000060       0x30 /home/seungwoo/optee/Linux_for_Tegra/sources/tegra/optee-src/nv-optee/optee/build/t234/export-ta_arm64/lib/libutee.a(user_ta_entry.o)
 .debug_aranges
                0x0000000000000090      0x3b0 /home/seungwoo/optee/Linux_for_Tegra/sources/tegra/optee-src/nv-optee/optee/build/t234/export-ta_arm64/lib/libutee.a(utee_syscalls_a64.o)
 .debug_aranges
                0x0000000000000440       0x30 /home/seungwoo/optee/Linux_for_Tegra/sources/tegra/optee-src/nv-optee/optee/build/t234/export-ta_arm64/lib/libutee.a(abort.o)
 .debug_aranges
                0x0000000000000470       0x30 /home/seungwoo/optee/Linux_for_Tegra/sources/tegra/optee-src/nv-optee/optee/build/t234/export-ta_arm64/lib/libutee.a(trace_ext.o)
 .debug_aranges
                0x00000000000004a0       0x30 /home/seungwoo/optee/Linux_for_Tegra/sources/tegra/optee-src/nv-optee/optee/build/t234/export-ta_arm64/lib/libutee.a(tee_api.o)
 .debug_aranges
                0x00000000000004d0       0x30 /home/seungwoo/optee/Linux_for_Tegra/sources/tegra/optee-src/nv-optee/optee/build/t234/export-ta_arm64/lib/libutee.a(tee_api_arith_mpi.o)
 .debug_aranges
                0x0000000000000500       0x30 /home/seungwoo/optee/Linux_for_Tegra/sources/tegra/optee-src/nv-optee/optee/build/t234/export-ta_arm64/lib/libutee.a(tee_api_panic.o)
 .debug_aranges
                0x0000000000000530       0x30 /home/seungwoo/optee/Linux_for_Tegra/sources/tegra/optee-src/nv-optee/optee/build/t234/export-ta_arm64/lib/libutee.a(tee_api_property.o)
 .debug_aranges
                0x0000000000000560       0x30 /home/seungwoo/optee/Linux_for_Tegra/sources/tegra/optee-src/nv-optee/optee/build/t234/export-ta_arm64/lib/libutee.a(tee_system_pta.o)
 .debug_aranges
                0x0000000000000590       0x30 /home/seungwoo/optee/Linux_for_Tegra/sources/tegra/optee-src/nv-optee/optee/build/t234/export-ta_arm64/lib/libutee.a(tcb.o)
 .debug_aranges
                0x00000000000005c0       0x30 /home/seungwoo/optee/Linux_for_Tegra/sources/tegra/optee-src/nv-optee/optee/build/t234/export-ta_arm64/lib/libutee.a(assert.o)
 .debug_aranges
                0x00000000000005f0       0x30 /home/seungwoo/optee/Linux_for_Tegra/sources/tegra/optee-src/nv-optee/optee/build/t234/export-ta_arm64/lib/libutee.a(base64.o)
 .debug_aranges
                0x0000000000000620       0x30 /home/seungwoo/optee/Linux_for_Tegra/sources/tegra/optee-src/nv-optee/optee/build/t234/export-ta_arm64/lib/libmbedtls.a(bignum.o)
 .debug_aranges
                0x0000000000000650       0x30 /home/seungwoo/optee/Linux_for_Tegra/sources/tegra/optee-src/nv-optee/optee/build/t234/export-ta_arm64/lib/libmbedtls.a(constant_time.o)
 .debug_aranges
                0x0000000000000680       0x30 /home/seungwoo/optee/Linux_for_Tegra/sources/tegra/optee-src/nv-optee/optee/build/t234/export-ta_arm64/lib/libmbedtls.a(platform_util.o)
 .debug_aranges
                0x00000000000006b0       0x30 /home/seungwoo/optee/Linux_for_Tegra/sources/tegra/optee-src/nv-optee/optee/build/t234/export-ta_arm64/lib/libutils.a(bget_malloc.o)
 .debug_aranges
                0x00000000000006e0       0x30 /home/seungwoo/optee/Linux_for_Tegra/sources/tegra/optee-src/nv-optee/optee/build/t234/export-ta_arm64/lib/libutils.a(snprintf.o)
 .debug_aranges
                0x0000000000000710       0x30 /home/seungwoo/optee/Linux_for_Tegra/sources/tegra/optee-src/nv-optee/optee/build/t234/export-ta_arm64/lib/libutils.a(stack_check.o)
 .debug_aranges
                0x0000000000000740       0x30 /home/seungwoo/optee/Linux_for_Tegra/sources/tegra/optee-src/nv-optee/optee/build/t234/export-ta_arm64/lib/libutils.a(memcpy.o)
 .debug_aranges
                0x0000000000000770       0x30 /home/seungwoo/optee/Linux_for_Tegra/sources/tegra/optee-src/nv-optee/optee/build/t234/export-ta_arm64/lib/libutils.a(memmove.o)
 .debug_aranges
                0x00000000000007a0       0x30 /home/seungwoo/optee/Linux_for_Tegra/sources/tegra/optee-src/nv-optee/optee/build/t234/export-ta_arm64/lib/libutils.a(memset.o)
 .debug_aranges
                0x00000000000007d0       0x30 /home/seungwoo/optee/Linux_for_Tegra/sources/tegra/optee-src/nv-optee/optee/build/t234/export-ta_arm64/lib/libutils.a(strcmp.o)
 .debug_aranges
                0x0000000000000800       0x30 /home/seungwoo/optee/Linux_for_Tegra/sources/tegra/optee-src/nv-optee/optee/build/t234/export-ta_arm64/lib/libutils.a(strlen.o)
 .debug_aranges
                0x0000000000000830       0x30 /home/seungwoo/optee/Linux_for_Tegra/sources/tegra/optee-src/nv-optee/optee/build/t234/export-ta_arm64/lib/libutils.a(snprintk.o)
 .debug_aranges
                0x0000000000000860       0x30 /home/seungwoo/optee/Linux_for_Tegra/sources/tegra/optee-src/nv-optee/optee/build/t234/export-ta_arm64/lib/libutils.a(strlcpy.o)
 .debug_aranges
                0x0000000000000890       0x30 /home/seungwoo/optee/Linux_for_Tegra/sources/tegra/optee-src/nv-optee/optee/build/t234/export-ta_arm64/lib/libutils.a(trace.o)
 .debug_aranges
                0x00000000000008c0       0x30 /home/seungwoo/optee/Linux_for_Tegra/sources/tegra/optee-src/nv-optee/optee/build/t234/export-ta_arm64/lib/libutils.a(mempool.o)
 .debug_aranges
                0x00000000000008f0       0x30 /home/seungwoo/optee/Linux_for_Tegra/sources/tegra/optee-src/nv-optee/optee/build/t234/export-ta_arm64/lib/libutils.a(consttime_memcmp.o)
 .debug_aranges
                0x0000000000000920       0x30 /home/seungwoo/optee/Linux_for_Tegra/sources/tegra/optee-src/nv-optee/optee/build/t234/export-ta_arm64/lib/libutils.a(memchr.o)

.debug_macro    0x0000000000000000    0x176f0
 .debug_macro   0x0000000000000000       0xda ../build/ta/increment/ta_increment.o
 .debug_macro   0x00000000000000da      0x98e ../build/ta/increment/ta_increment.o