Archive member included to satisfy reference by file (symbol)

/home/seungwoo/optee/Linux_for_Tegra/sources/tegra/optee-src/nv-optee/optee/build/t234/export-ta_arm64/lib/libutils.a(stack_check.o)
                              ../build/ta/optee_crypto/ta_optee_crypto.o (__stack_chk_fail)
/home/seungwoo/optee/Linux_for_Tegra/sources/tegra/optee-src/nv-optee/optee/build/t234/export-ta_arm64/lib/libutils.a(trace.o)
                              ../build/ta/optee_crypto/ta_optee_crypto.o (trace_printf)
/home/seungwoo/optee/Linux_for_Tegra/sources/tegra/optee-src/nv-optee/optee/build/t234/export-ta_arm64/lib/libutils.a(memcpy.o)
                              /home/seungwoo/optee/Linux_for_Tegra/sources/tegra/optee-src/nv-optee/optee/build/t234/export-ta_arm64/lib/libutils.a(trace.o) (memcpy)
/home/seungwoo/optee/Linux_for_Tegra/sources/tegra/optee-src/nv-optee/optee/build/t234/export-ta_arm64/lib/libutils.a(snprintk.o)
                              /home/seungwoo/optee/Linux_for_Tegra/sources/tegra/optee-src/nv-optee/optee/build/t234/export-ta_arm64/lib/libutils.a(trace.o) (vsnprintk)
/home/seungwoo/optee/Linux_for_Tegra/sources/tegra/optee-src/nv-optee/optee/build/t234/export-ta_arm64/lib/libutils.a(memchr.o)
                              /home/seungwoo/optee/Linux_for_Tegra/sources/tegra/optee-src/nv-optee/optee/build/t234/export-ta_arm64/lib/libutils.a(snprintk.o) (memchr)
/home/seungwoo/optee/Linux_for_Tegra/sources/tegra/optee-src/nv-optee/optee/build/t234/export-ta_arm64/lib/libutils.a(strlen.o)
                              /home/seungwoo/optee/Linux_for_Tegra/sources/tegra/optee-src/nv-optee/optee/build/t234/export-ta_arm64/lib/libutils.a(snprintk.o) (strlen)
/home/seungwoo/optee/Linux_for_Tegra/sources/tegra/optee-src/nv-optee/optee/build/t234/export-ta_arm64/lib/libutee.a(trace_ext.o)
                              /home/seungwoo/optee/Linux_for_Tegra/sources/tegra/optee-src/nv-optee/optee/build/t234/export-ta_arm64/lib/libutils.a(trace.o) (trace_ext_puts)
/home/seungwoo/optee/Linux_for_Tegra/sources/tegra/optee-src/nv-optee/optee/build/t234/export-ta_arm64/lib/libutee.a(tee_api_objects.o)
                              ../build/ta/optee_crypto/ta_optee_crypto.o (TEE_CloseObject)
/home/seungwoo/optee/Linux_for_Tegra/sources/tegra/optee-src/nv-optee/optee/build/t234/export-ta_arm64/lib/libutee.a(tee_api_operations.o)
                              ../build/ta/optee_crypto/ta_optee_crypto.o (TEE_FreeOperation)
/home/seungwoo/optee/Linux_for_Tegra/sources/tegra/optee-src/nv-optee/optee/build/t234/export-ta_arm64/lib/libutee.a(tee_api_panic.o)
                              /home/seungwoo/optee/Linux_for_Tegra/sources/tegra/optee-src/nv-optee/optee/build/t234/export-ta_arm64/lib/libutee.a(tee_api_objects.o) (TEE_Panic)
/home/seungwoo/optee/Linux_for_Tegra/sources/tegra/optee-src/nv-optee/optee/build/t234/export-ta_arm64/lib/libutee.a(user_ta_entry.o)
                              ../build/ta/optee_crypto/user_ta_header.o (__utee_entry)
/home/seungwoo/optee/Linux_for_Tegra/sources/tegra/optee-src/nv-optee/optee/build/t234/export-ta_arm64/lib/libutee.a(utee_syscalls_a64.o)
                              /home/seungwoo/optee/Linux_for_Tegra/sources/tegra/optee-src/nv-optee/optee/build/t234/export-ta_arm64/lib/libutils.a(stack_check.o) (_utee_panic)
/home/seungwoo/optee/Linux_for_Tegra/sources/tegra/optee-src/nv-optee/optee/build/t234/export-ta_arm64/lib/libutee.a(abort.o)
                              /home/seungwoo/optee/Linux_for_Tegra/sources/tegra/optee-src/nv-optee/optee/build/t234/export-ta_arm64/lib/libutee.a(user_ta_entry.o) (abort)
/home/seungwoo/optee/Linux_for_Tegra/sources/tegra/optee-src/nv-optee/optee/build/t234/export-ta_arm64/lib/libutee.a(assert.o)
                              /home/seungwoo/optee/Linux_for_Tegra/sources/tegra/optee-src/nv-optee/optee/build/t234/export-ta_arm64/lib/libutee.a(tee_api_operations.o) (_assert_log)
/home/seungwoo/optee/Linux_for_Tegra/sources/tegra/optee-src/nv-optee/optee/build/t234/export-ta_arm64/lib/libutee.a(tee_api.o)
                              /home/seungwoo/optee/Linux_for_Tegra/sources/tegra/optee-src/nv-optee/optee/build/t234/export-ta_arm64/lib/libutee.a(tee_api_panic.o) (TEE_CheckMemoryAccessRights)
/home/seungwoo/optee/Linux_for_Tegra/sources/tegra/optee-src/nv-optee/optee/build/t234/export-ta_arm64/lib/libutee.a(tee_api_arith_mpi.o)
                              /home/seungwoo/optee/Linux_for_Tegra/sources/tegra/optee-src/nv-optee/optee/build/t234/export-ta_arm64/lib/libutee.a(user_ta_entry.o) (_TEE_MathAPI_Init)
/home/seungwoo/optee/Linux_for_Tegra/sources/tegra/optee-src/nv-optee/optee/build/t234/export-ta_arm64/lib/libutee.a(tee_api_property.o)
                              /home/seungwoo/optee/Linux_for_Tegra/sources/tegra/optee-src/nv-optee/optee/build/t234/export-ta_arm64/lib/libutee.a(user_ta_entry.o) (TEE_GetPropertyAsU32)
[...]
Memory Configuration

Name             Origin             Length             Attributes
*default*        0x0000000000000000 0xffffffffffffffff

Linker script and memory map


.ta_head        0x0000000000000000       0x20
 *(SORT_BY_ALIGNMENT(.ta_head))
 .ta_head       0x0000000000000000       0x20 ../build/ta/optee_crypto/user_ta_header.o
                0x0000000000000000                ta_head

.text           0x0000000000000020    0x12820
                0x0000000000000020                __text_start = .
 *(SORT_BY_ALIGNMENT(.text) SORT_BY_ALIGNMENT(.text.*))
 .text          0x0000000000000020       0xec /home/seungwoo/optee/Linux_for_Tegra/sources/tegra/optee-src/nv-optee/optee/build/t234/export-ta_arm64/lib/libutils.a(memcpy.o)
                0x0000000000000020                memcpy
 .text          0x000000000000010c      0x2f8 ../build/ta/optee_crypto/ta_optee_crypto.o
                0x000000000000010c                TA_CreateEntryPoint
                0x0000000000000114                TA_DestroyEntryPoint
                0x0000000000000118                TA_OpenSessionEntryPoint
                0x0000000000000120                TA_CloseSessionEntryPoint
                0x0000000000000124                save_aes_key
                0x00000000000001d0                load_aes_key
                0x00000000000002b8                decrypt_data
                0x00000000000003d8                TA_InvokeCommandEntryPoint
 .text          0x0000000000000404       0x1c ../build/ta/optee_crypto/user_ta_header.o
                0x0000000000000404                __ta_entry
                0x0000000000000418                tahead_get_trace_level
 .text          0x0000000000000420       0x30 /home/seungwoo/optee/Linux_for_Tegra/sources/tegra/optee-src/nv-optee/optee/build/t234/export-ta_arm64/lib/libutils.a(stack_check.o)
                0x0000000000000420                __stack_chk_fail
 .text          0x0000000000000450      0x32c /home/seungwoo/optee/Linux_for_Tegra/sources/tegra/optee-src/nv-optee/optee/build/t234/export-ta_arm64/lib/libutils.a(trace.o)
                0x0000000000000450                trace_set_level
                0x000000000000046c                trace_get_level
                0x000000000000047c                trace_vprintf
                0x0000000000000698                trace_printf
                0x0000000000000778                dhex_dump
 .text          0x000000000000077c      0xe10 /home/seungwoo/optee/Linux_for_Tegra/sources/tegra/optee-src/nv-optee/optee/build/t234/export-ta_arm64/lib/libutils.a(snprintk.o)
                0x000000000000077c                __vsnprintf
                0x000000000000083c                vsnprintk
                0x0000000000000894                snprintk
                0x0000000000001540                __vsprintf
 .text          0x000000000000158c       0x2c /home/seungwoo/optee/Linux_for_Tegra/sources/tegra/optee-src/nv-optee/optee/build/t234/export-ta_arm64/lib/libutils.a(memchr.o)
                0x000000000000158c                memchr
 .text          0x00000000000015b8       0x1c /home/seungwoo/optee/Linux_for_Tegra/sources/tegra/optee-src/nv-optee/optee/build/t234/export-ta_arm64/lib/libutils.a(strlen.o)
                0x00000000000015b8                strlen
 .text          0x00000000000015d4      0x1e0 /home/seungwoo/optee/Linux_for_Tegra/sources/tegra/optee-src/nv-optee/optee/build/t234/export-ta_arm64/lib/libutee.a(trace_ext.o)
                0x00000000000015d4                trace_ext_puts
                0x00000000000015fc                trace_ext_get_thread_id
                0x0000000000001604                printf
                0x0000000000001704                puts
                0x0000000000001744                putchar
 .text          0x00000000000017b4     0x1a38 /home/seungwoo/optee/Linux_for_Tegra/sources/tegra/optee-src/nv-optee/optee/build/t234/export-ta_arm64/lib/libutee.a(tee_api_objects.o)
                0x00000000000017b4                __utee_from_attr
                0x0000000000001804                __utee_from_gp11_attr
                0x0000000000001854                TEE_GetObjectInfo
                0x0000000000001910                __GP11_TEE_GetObjectInfo
                0x00000000000019d4                TEE_GetObjectInfo1
                0x0000000000001a84                __GP11_TEE_GetObjectInfo1
                0x0000000000001b44                TEE_RestrictObjectUsage1
                0x0000000000001b88                TEE_RestrictObjectUsage
                0x0000000000001c18                TEE_GetObjectBufferAttribute
                0x0000000000001d1c                __GP11_TEE_GetObjectBufferAttribute
                0x0000000000001db4                TEE_GetObjectValueAttribute
                0x0000000000001eec                TEE_CloseObject
                0x0000000000001f14                __GP11_TEE_AllocateTransientObject
                0x0000000000001fc8                TEE_AllocateTransientObject
                0x0000000000001fe4                TEE_FreeTransientObject
                0x0000000000002074                TEE_ResetTransientObject
                0x0000000000002104                TEE_PopulateTransientObject
                0x0000000000002214                __GP11_TEE_PopulateTransientObject
                0x0000000000002324                TEE_InitRefAttribute
                0x0000000000002370                __GP11_TEE_InitRefAttribute
                0x00000000000023c0                TEE_InitValueAttribute
                0x000000000000240c                __GP11_TEE_InitValueAttribute
                0x0000000000002458                TEE_CopyObjectAttributes1
                0x0000000000002550                TEE_CopyObjectAttributes
                0x00000000000025e4                TEE_GenerateKey
                0x00000000000026b8                __GP11_TEE_GenerateKey
                0x000000000000278c                TEE_OpenPersistentObject
                0x0000000000002870                __GP11_TEE_OpenPersistentObject
                0x0000000000002878                TEE_CreatePersistentObject
                0x00000000000029bc                __GP11_TEE_CreatePersistentObject
                0x0000000000002a38                TEE_CloseAndDeletePersistentObject1
                0x0000000000002a80                TEE_CloseAndDeletePersistentObject
                0x0000000000002aac                TEE_RenamePersistentObject
                0x0000000000002b08                __GP11_TEE_RenamePersistentObject
                0x0000000000002b10                TEE_AllocatePersistentObjectEnumerator
                0x0000000000002ba0                TEE_FreePersistentObjectEnumerator
                0x0000000000002bc8                TEE_ResetPersistentObjectEnumerator
                0x0000000000002bf0                TEE_StartPersistentObjectEnumerator
                0x0000000000002c40                TEE_GetNextPersistentObject
                0x0000000000002d5c                __GP11_TEE_GetNextPersistentObject
                0x0000000000002e88                TEE_ReadObjectData
                0x0000000000002f50                __GP11_TEE_ReadObjectData
                0x0000000000002fe8                TEE_WriteObjectData
                0x0000000000003060                __GP11_TEE_WriteObjectData
                0x0000000000003068                TEE_TruncateObjectData
                0x00000000000030c4                __GP11_TEE_TruncateObjectData
                0x00000000000030cc                TEE_SeekObjectData
                0x00000000000031e4                __GP11_TEE_SeekObjectData
 .text          0x00000000000031ec     0x4524 /home/seungwoo/optee/Linux_for_Tegra/sources/tegra/optee-src/nv-optee/optee/build/t234/export-ta_arm64/lib/libutee.a(tee_api_operations.o)
                0x0000000000003918                TEE_FreeOperation
                0x0000000000003958                TEE_AllocateOperation
                0x0000000000004690                __GP11_TEE_FreeOperation
                0x00000000000046bc                TEE_GetOperationInfo
                0x0000000000004710                TEE_GetOperationInfoMultiple
                0x00000000000048c0                __GP11_TEE_GetOperationInfoMultiple
                0x0000000000004948                TEE_ResetOperation
                0x0000000000004984                TEE_SetOperationKey
                0x0000000000004ad0                __GP11_TEE_SetOperationKey
                0x0000000000004b0c                TEE_SetOperationKey2
                0x0000000000004b2c                __GP11_TEE_SetOperationKey2
                0x0000000000004b78                TEE_CopyOperation
                0x0000000000004cd4                TEE_DigestUpdate
                0x0000000000004d44                __GP11_TEE_DigestUpdate
                0x0000000000004d4c                TEE_DigestDoFinal
                0x0000000000004eb8                __GP11_TEE_DigestDoFinal
                0x0000000000004f58                TEE_DigestExtract
                0x00000000000050fc                TEE_CipherInit
                0x00000000000051dc                __GP11_TEE_CipherInit
                0x00000000000051e4                TEE_CipherUpdate
                0x0000000000005378                __GP11_TEE_CipherUpdate
                0x0000000000005418                TEE_CipherDoFinal
                0x0000000000005630                __GP11_TEE_CipherDoFinal
                0x00000000000056e0                TEE_MACInit
                0x0000000000005784                __GP11_TEE_MACInit
                0x000000000000578c                TEE_MACUpdate
                0x000000000000582c                __GP11_TEE_MACUpdate
                0x0000000000005834                TEE_MACComputeFinal
                0x0000000000005944                __GP11_TEE_MACComputeFinal
                0x00000000000059e4                TEE_MACCompareFinal
                0x0000000000005ae8                __GP11_TEE_MACCompareFinal
                0x0000000000005af4                TEE_AEInit
                0x0000000000005bb8                __GP11_TEE_AEInit
                0x0000000000005bc8                TEE_AEUpdateAAD
                0x0000000000005c64                __GP11_TEE_AEUpdateAAD
                0x0000000000005cf8                TEE_AEUpdate
                0x0000000000005dd8                __GP11_TEE_AEUpdate
                0x0000000000005ef8                TEE_AEEncryptFinal
                0x00000000000060f8                __GP11_TEE_AEEncryptFinal
                0x00000000000061cc                TEE_AEDecryptFinal
                0x00000000000063a0                __GP11_TEE_AEDecryptFinal
                0x0000000000006458                TEE_AsymmetricEncrypt
                0x00000000000065e8                __GP11_TEE_AsymmetricEncrypt
                0x000000000000675c                TEE_AsymmetricDecrypt
                0x00000000000068f0                __GP11_TEE_AsymmetricDecrypt
                0x0000000000006a68                TEE_AsymmetricSignDigest
                0x0000000000006bd4                __GP11_TEE_AsymmetricSignDigest
                0x0000000000006d40                TEE_AsymmetricVerifyDigest
                0x0000000000006e98                __GP11_TEE_AsymmetricVerifyDigest
                0x0000000000006ff0                TEE_DeriveKey
                0x000000000000716c                __GP11_TEE_DeriveKey
                0x00000000000072e8                TEE_GenerateRandom
                0x0000000000007308                __GP11_TEE_GenerateRandom
                0x0000000000007310                rand
                0x0000000000007368                TEE_IsAlgorithmSupported
 .text          0x0000000000007710      0x21c /home/seungwoo/optee/Linux_for_Tegra/sources/tegra/optee-src/nv-optee/optee/build/t234/export-ta_arm64/lib/libutee.a(tee_api_panic.o)
                0x000000000000772c                TEE_Panic
                0x0000000000007744                __utee_check_outbuf_annotation
                0x0000000000007790                __utee_check_gp11_outbuf_annotation
                0x00000000000077dc                __utee_check_instring_annotation
                0x000000000000780c                __utee_check_outstring_annotation
                0x0000000000007858                __utee_check_gp11_outstring_annotation
                0x00000000000078a4                __utee_check_out_annotation
                0x00000000000078c4                __utee_check_attr_in_annotation
                0x00000000000078e8                __utee_check_gp11_attr_in_annotation
                0x000000000000790c                __utee_check_inout_annotation
 .text          0x000000000000792c      0x74c /home/seungwoo/optee/Linux_for_Tegra/sources/tegra/optee-src/nv-optee/optee/build/t234/export-ta_arm64/lib/libutee.a(user_ta_entry.o)
                0x0000000000007bf0                __utee_call_elf_init_fn
                0x0000000000007d48                __utee_call_elf_fini_fn
                0x0000000000007df0                __utee_entry
 .text._utee_panic
                0x0000000000008078        0xc /home/seungwoo/optee/Linux_for_Tegra/sources/tegra/optee-src/nv-optee/optee/build/t234/export-ta_arm64/lib/libutee.a(utee_syscalls_a64.o)
                0x0000000000008078                _utee_panic
 .text._utee_return
                0x0000000000008084        0xc /home/seungwoo/optee/Linux_for_Tegra/sources/tegra/optee-src/nv-optee/optee/build/t234/export-ta_arm64/lib/libutee.a(utee_syscalls_a64.o)
                0x0000000000008084                _utee_return
 .text._utee_log
                0x0000000000008090        0xc /home/seungwoo/optee/Linux_for_Tegra/sources/tegra/optee-src/nv-optee/optee/build/t234/export-ta_arm64/lib/libutee.a(utee_syscalls_a64.o)
                0x0000000000008090                _utee_log
 .text.__utee_panic
                0x000000000000809c        0xc /home/seungwoo/optee/Linux_for_Tegra/sources/tegra/optee-src/nv-optee/optee/build/t234/export-ta_arm64/lib/libutee.a(utee_syscalls_a64.o)
                0x000000000000809c                __utee_panic
 .text._utee_get_property
                0x00000000000080a8        0xc /home/seungwoo/optee/Linux_for_Tegra/sources/tegra/optee-src/nv-optee/optee/build/t234/export-ta_arm64/lib/libutee.a(utee_syscalls_a64.o)
                0x00000000000080a8                _utee_get_property
 .text._utee_get_property_name_to_index
                0x00000000000080b4        0xc /home/seungwoo/optee/Linux_for_Tegra/sources/tegra/optee-src/nv-optee/optee/build/t234/export-ta_arm64/lib/libutee.a(utee_syscalls_a64.o)
                0x00000000000080b4                _utee_get_property_name_to_index
 .text._utee_open_ta_session
                0x00000000000080c0        0xc /home/seungwoo/optee/Linux_for_Tegra/sources/tegra/optee-src/nv-optee/optee/build/t234/export-ta_arm64/lib/libutee.a(utee_syscalls_a64.o)
                0x00000000000080c0                _utee_open_ta_session
 .text._utee_close_ta_session
                0x00000000000080cc        0xc /home/seungwoo/optee/Linux_for_Tegra/sources/tegra/optee-src/nv-optee/optee/build/t234/export-ta_arm64/lib/libutee.a(utee_syscalls_a64.o)
                0x00000000000080cc                _utee_close_ta_session
 .text._utee_invoke_ta_command
                0x00000000000080d8        0xc /home/seungwoo/optee/Linux_for_Tegra/sources/tegra/optee-src/nv-optee/optee/build/t234/export-ta_arm64/lib/libutee.a(utee_syscalls_a64.o)
                0x00000000000080d8                _utee_invoke_ta_command
 .text._utee_get_cancellation_flag
                0x00000000000080e4        0xc /home/seungwoo/optee/Linux_for_Tegra/sources/tegra/optee-src/nv-optee/optee/build/t234/export-ta_arm64/lib/libutee.a(utee_syscalls_a64.o)
                0x00000000000080e4                _utee_get_cancellation_flag
 .text._utee_check_access_rights
                0x00000000000080f0        0xc /home/seungwoo/optee/Linux_for_Tegra/sources/tegra/optee-src/nv-optee/optee/build/t234/export-ta_arm64/lib/libutee.a(utee_syscalls_a64.o)
                0x00000000000080f0                _utee_check_access_rights
 .text._utee_unmask_cancellation
                0x00000000000080fc        0xc /home/seungwoo/optee/Linux_for_Tegra/sources/tegra/optee-src/nv-optee/optee/build/t234/export-ta_arm64/lib/libutee.a(utee_syscalls_a64.o)
                0x00000000000080fc                _utee_unmask_cancellation
 .text._utee_mask_cancellation
                0x0000000000008108        0xc /home/seungwoo/optee/Linux_for_Tegra/sources/tegra/optee-src/nv-optee/optee/build/t234/export-ta_arm64/lib/libutee.a(utee_syscalls_a64.o)
                0x0000000000008108                _utee_mask_cancellation
 .text._utee_wait
                0x0000000000008114        0xc /home/seungwoo/optee/Linux_for_Tegra/sources/tegra/optee-src/nv-optee/optee/build/t234/export-ta_arm64/lib/libutee.a(utee_syscalls_a64.o)
                0x0000000000008114                _utee_wait
 .text._utee_get_time
                0x0000000000008120        0xc /home/seungwoo/optee/Linux_for_Tegra/sources/tegra/optee-src/nv-optee/optee/build/t234/export-ta_arm64/lib/libutee.a(utee_syscalls_a64.o)
                0x0000000000008120                _utee_get_time
 .text._utee_set_ta_time
                0x000000000000812c        0xc /home/seungwoo/optee/Linux_for_Tegra/sources/tegra/optee-src/nv-optee/optee/build/t234/export-ta_arm64/lib/libutee.a(utee_syscalls_a64.o)
                0x000000000000812c                _utee_set_ta_time
 .text._utee_cryp_state_alloc
                0x0000000000008138        0xc /home/seungwoo/optee/Linux_for_Tegra/sources/tegra/optee-src/nv-optee/optee/build/t234/export-ta_arm64/lib/libutee.a(utee_syscalls_a64.o)
                0x0000000000008138                _utee_cryp_state_alloc
 .text._utee_cryp_state_copy
                0x0000000000008144        0xc /home/seungwoo/optee/Linux_for_Tegra/sources/tegra/optee-src/nv-optee/optee/build/t234/export-ta_arm64/lib/libutee.a(utee_syscalls_a64.o)
                0x0000000000008144                _utee_cryp_state_copy
 .text._utee_cryp_state_free
                0x0000000000008150        0xc /home/seungwoo/optee/Linux_for_Tegra/sources/tegra/optee-src/nv-optee/optee/build/t234/export-ta_arm64/lib/libutee.a(utee_syscalls_a64.o)
                0x0000000000008150                _utee_cryp_state_free
 .text._utee_hash_init
                0x000000000000815c        0xc /home/seungwoo/optee/Linux_for_Tegra/sources/tegra/optee-src/nv-optee/optee/build/t234/export-ta_arm64/lib/libutee.a(utee_syscalls_a64.o)
                0x000000000000815c                _utee_hash_init
 .text._utee_hash_update
                0x0000000000008168        0xc /home/seungwoo/optee/Linux_for_Tegra/sources/tegra/optee-src/nv-optee/optee/build/t234/export-ta_arm64/lib/libutee.a(utee_syscalls_a64.o)
                0x0000000000008168                _utee_hash_update
 .text._utee_hash_final
                0x0000000000008174        0xc /home/seungwoo/optee/Linux_for_Tegra/sources/tegra/optee-src/nv-optee/optee/build/t234/export-ta_arm64/lib/libutee.a(utee_syscalls_a64.o)
                0x0000000000008174                _utee_hash_final
 .text._utee_cipher_init
                0x0000000000008180        0xc /home/seungwoo/optee/Linux_for_Tegra/sources/tegra/optee-src/nv-optee/optee/build/t234/export-ta_arm64/lib/libutee.a(utee_syscalls_a64.o)
                0x0000000000008180                _utee_cipher_init
 .text._utee_cipher_update
                0x000000000000818c        0xc /home/seungwoo/optee/Linux_for_Tegra/sources/tegra/optee-src/nv-optee/optee/build/t234/export-ta_arm64/lib/libutee.a(utee_syscalls_a64.o)
                0x000000000000818c                _utee_cipher_update
 .text._utee_cipher_final
                0x0000000000008198        0xc /home/seungwoo/optee/Linux_for_Tegra/sources/tegra/optee-src/nv-optee/optee/build/t234/export-ta_arm64/lib/libutee.a(utee_syscalls_a64.o)
                0x0000000000008198                _utee_cipher_final
 .text._utee_cryp_obj_get_info
                0x00000000000081a4        0xc /home/seungwoo/optee/Linux_for_Tegra/sources/tegra/optee-src/nv-optee/optee/build/t234/export-ta_arm64/lib/libutee.a(utee_syscalls_a64.o)
                0x00000000000081a4                _utee_cryp_obj_get_info
 .text._utee_cryp_obj_restrict_usage
                0x00000000000081b0        0xc /home/seungwoo/optee/Linux_for_Tegra/sources/tegra/optee-src/nv-optee/optee/build/t234/export-ta_arm64/lib/libutee.a(utee_syscalls_a64.o)
                0x00000000000081b0                _utee_cryp_obj_restrict_usage
 .text._utee_cryp_obj_get_attr
                0x00000000000081bc        0xc /home/seungwoo/optee/Linux_for_Tegra/sources/tegra/optee-src/nv-optee/optee/build/t234/export-ta_arm64/lib/libutee.a(utee_syscalls_a64.o)
                0x00000000000081bc                _utee_cryp_obj_get_attr
 .text._utee_cryp_obj_alloc
                0x00000000000081c8        0xc /home/seungwoo/optee/Linux_for_Tegra/sources/tegra/optee-src/nv-optee/optee/build/t234/export-ta_arm64/lib/libutee.a(utee_syscalls_a64.o)
                0x00000000000081c8                _utee_cryp_obj_alloc
 .text._utee_cryp_obj_close
                0x00000000000081d4        0xc /home/seungwoo/optee/Linux_for_Tegra/sources/tegra/optee-src/nv-optee/optee/build/t234/export-ta_arm64/lib/libutee.a(utee_syscalls_a64.o)
                0x00000000000081d4                _utee_cryp_obj_close
 .text._utee_cryp_obj_reset
                0x00000000000081e0        0xc /home/seungwoo/optee/Linux_for_Tegra/sources/tegra/optee-src/nv-optee/optee/build/t234/export-ta_arm64/lib/libutee.a(utee_syscalls_a64.o)
                0x00000000000081e0                _utee_cryp_obj_reset
 .text._utee_cryp_obj_populate
                0x00000000000081ec        0xc /home/seungwoo/optee/Linux_for_Tegra/sources/tegra/optee-src/nv-optee/optee/build/t234/export-ta_arm64/lib/libutee.a(utee_syscalls_a64.o)
                0x00000000000081ec                _utee_cryp_obj_populate
 .text._utee_cryp_obj_copy
                0x00000000000081f8        0xc /home/seungwoo/optee/Linux_for_Tegra/sources/tegra/optee-src/nv-optee/optee/build/t234/export-ta_arm64/lib/libutee.a(utee_syscalls_a64.o)
                0x00000000000081f8                _utee_cryp_obj_copy
 .text._utee_cryp_derive_key
                0x0000000000008204        0xc /home/seungwoo/optee/Linux_for_Tegra/sources/tegra/optee-src/nv-optee/optee/build/t234/export-ta_arm64/lib/libutee.a(utee_syscalls_a64.o)
                0x0000000000008204                _utee_cryp_derive_key
 .text._utee_cryp_random_number_generate
                0x0000000000008210        0xc /home/seungwoo/optee/Linux_for_Tegra/sources/tegra/optee-src/nv-optee/optee/build/t234/export-ta_arm64/lib/libutee.a(utee_syscalls_a64.o)
                0x0000000000008210                _utee_cryp_random_number_generate
 .text._utee_authenc_init
                0x000000000000821c        0xc /home/seungwoo/optee/Linux_for_Tegra/sources/tegra/optee-src/nv-optee/optee/build/t234/export-ta_arm64/lib/libutee.a(utee_syscalls_a64.o)
                0x000000000000821c                _utee_authenc_init
 .text._utee_authenc_update_aad
                0x0000000000008228        0xc /home/seungwoo/optee/Linux_for_Tegra/sources/tegra/optee-src/nv-optee/optee/build/t234/export-ta_arm64/lib/libutee.a(utee_syscalls_a64.o)
                0x0000000000008228                _utee_authenc_update_aad
 .text._utee_authenc_update_payload
                0x0000000000008234        0xc /home/seungwoo/optee/Linux_for_Tegra/sources/tegra/optee-src/nv-optee/optee/build/t234/export-ta_arm64/lib/libutee.a(utee_syscalls_a64.o)
                0x0000000000008234                _utee_authenc_update_payload
 .text._utee_authenc_enc_final
                0x0000000000008240        0xc /home/seungwoo/optee/Linux_for_Tegra/sources/tegra/optee-src/nv-optee/optee/build/t234/export-ta_arm64/lib/libutee.a(utee_syscalls_a64.o)
                0x0000000000008240                _utee_authenc_enc_final
 .text._utee_authenc_dec_final
                0x000000000000824c        0xc /home/seungwoo/optee/Linux_for_Tegra/sources/tegra/optee-src/nv-optee/optee/build/t234/export-ta_arm64/lib/libutee.a(utee_syscalls_a64.o)
                0x000000000000824c                _utee_authenc_dec_final
 .text._utee_asymm_operate
                0x0000000000008258        0xc /home/seungwoo/optee/Linux_for_Tegra/sources/tegra/optee-src/nv-optee/optee/build/t234/export-ta_arm64/lib/libutee.a(utee_syscalls_a64.o)
                0x0000000000008258                _utee_asymm_operate
 .text._utee_asymm_verify
                0x0000000000008264        0xc /home/seungwoo/optee/Linux_for_Tegra/sources/tegra/optee-src/nv-optee/optee/build/t234/export-ta_arm64/lib/libutee.a(utee_syscalls_a64.o)
                0x0000000000008264                _utee_asymm_verify
 .text._utee_storage_obj_open
                0x0000000000008270        0xc /home/seungwoo/optee/Linux_for_Tegra/sources/tegra/optee-src/nv-optee/optee/build/t234/export-ta_arm64/lib/libutee.a(utee_syscalls_a64.o)
                0x0000000000008270                _utee_storage_obj_open
 .text._utee_storage_obj_create
                0x000000000000827c        0xc /home/seungwoo/optee/Linux_for_Tegra/sources/tegra/optee-src/nv-optee/optee/build/t234/export-ta_arm64/lib/libutee.a(utee_syscalls_a64.o)
                0x000000000000827c                _utee_storage_obj_create
 .text._utee_storage_obj_del
                0x0000000000008288        0xc /home/seungwoo/optee/Linux_for_Tegra/sources/tegra/optee-src/nv-optee/optee/build/t234/export-ta_arm64/lib/libutee.a(utee_syscalls_a64.o)
                0x0000000000008288                _utee_storage_obj_del
 .text._utee_storage_obj_rename
                0x0000000000008294        0xc /home/seungwoo/optee/Linux_for_Tegra/sources/tegra/optee-src/nv-optee/optee/build/t234/export-ta_arm64/lib/libutee.a(utee_syscalls_a64.o)
                0x0000000000008294                _utee_storage_obj_rename
 .text._utee_storage_alloc_enum
                0x00000000000082a0        0xc /home/seungwoo/optee/Linux_for_Tegra/sources/tegra/optee-src/nv-optee/optee/build/t234/export-ta_arm64/lib/libutee.a(utee_syscalls_a64.o)
                0x00000000000082a0                _utee_storage_alloc_enum
 .text._utee_storage_free_enum
                0x00000000000082ac        0xc /home/seungwoo/optee/Linux_for_Tegra/sources/tegra/optee-src/nv-optee/optee/build/t234/export-ta_arm64/lib/libutee.a(utee_syscalls_a64.o)
                0x00000000000082ac                _utee_storage_free_enum
 .text._utee_storage_reset_enum
                0x00000000000082b8        0xc /home/seungwoo/optee/Linux_for_Tegra/sources/tegra/optee-src/nv-optee/optee/build/t234/export-ta_arm64/lib/libutee.a(utee_syscalls_a64.o)
                0x00000000000082b8                _utee_storage_reset_enum
 .text._utee_storage_start_enum
                0x00000000000082c4        0xc /home/seungwoo/optee/Linux_for_Tegra/sources/tegra/optee-src/nv-optee/optee/build/t234/export-ta_arm64/lib/libutee.a(utee_syscalls_a64.o)
                0x00000000000082c4                _utee_storage_start_enum
 .text._utee_storage_next_enum
                0x00000000000082d0        0xc /home/seungwoo/optee/Linux_for_Tegra/sources/tegra/optee-src/nv-optee/optee/build/t234/export-ta_arm64/lib/libutee.a(utee_syscalls_a64.o)
                0x00000000000082d0                _utee_storage_next_enum
 .text._utee_storage_obj_read
                0x00000000000082dc        0xc /home/seungwoo/optee/Linux_for_Tegra/sources/tegra/optee-src/nv-optee/optee/build/t234/export-ta_arm64/lib/libutee.a(utee_syscalls_a64.o)
                0x00000000000082dc                _utee_storage_obj_read
 .text._utee_storage_obj_write
                0x00000000000082e8        0xc /home/seungwoo/optee/Linux_for_Tegra/sources/tegra/optee-src/nv-optee/optee/build/t234/export-ta_arm64/lib/libutee.a(utee_syscalls_a64.o)
                0x00000000000082e8                _utee_storage_obj_write
 .text._utee_storage_obj_trunc
                0x00000000000082f4        0xc /home/seungwoo/optee/Linux_for_Tegra/sources/tegra/optee-src/nv-optee/optee/build/t234/export-ta_arm64/lib/libutee.a(utee_syscalls_a64.o)
                0x00000000000082f4                _utee_storage_obj_trunc
 .text._utee_storage_obj_seek
                0x0000000000008300        0xc /home/seungwoo/optee/Linux_for_Tegra/sources/tegra/optee-src/nv-optee/optee/build/t234/export-ta_arm64/lib/libutee.a(utee_syscalls_a64.o)
                0x0000000000008300                _utee_storage_obj_seek
 .text._utee_cryp_obj_generate_key
                0x000000000000830c        0xc /home/seungwoo/optee/Linux_for_Tegra/sources/tegra/optee-src/nv-optee/optee/build/t234/export-ta_arm64/lib/libutee.a(utee_syscalls_a64.o)
                0x000000000000830c                _utee_cryp_obj_generate_key
 .text._utee_cache_operation
                0x0000000000008318        0xc /home/seungwoo/optee/Linux_for_Tegra/sources/tegra/optee-src/nv-optee/optee/build/t234/export-ta_arm64/lib/libutee.a(utee_syscalls_a64.o)
                0x0000000000008318                _utee_cache_operation
 .text.unlikely
                0x0000000000008324       0x20 /home/seungwoo/optee/Linux_for_Tegra/sources/tegra/optee-src/nv-optee/optee/build/t234/export-ta_arm64/lib/libutee.a(abort.o)
                0x0000000000008324                abort
 .text          0x0000000000008344       0x58 /home/seungwoo/optee/Linux_for_Tegra/sources/tegra/optee-src/nv-optee/optee/build/t234/export-ta_arm64/lib/libutee.a(assert.o)
                0x0000000000008344                _assert_log
                0x0000000000008388                _assert_break
 .text          0x000000000000839c     0x10c0 /home/seungwoo/optee/Linux_for_Tegra/sources/tegra/optee-src/nv-optee/optee/build/t234/export-ta_arm64/lib/libutee.a(tee_api.o)
                0x000000000000874c                TEE_CloseTASession
                0x0000000000008774                TEE_GetCancellationFlag
                0x00000000000087d4                TEE_UnmaskCancellation
                0x0000000000008834                TEE_MaskCancellation
                0x0000000000008894                TEE_CheckMemoryAccessRights
                0x0000000000008ab8                TEE_OpenTASession
                0x0000000000008c0c                __GP11_TEE_OpenTASession
                0x0000000000008d54                TEE_InvokeTACommand
                0x0000000000008ed8                __GP11_TEE_InvokeTACommand
                0x0000000000009050                __GP11_TEE_CheckMemoryAccessRights
                0x0000000000009058                TEE_SetInstanceData
                0x0000000000009064                TEE_GetInstanceData
                0x0000000000009070                TEE_MemMove
                0x0000000000009074                __GP11_TEE_MemMove
                0x000000000000907c                TEE_MemCompare
                0x0000000000009080                __GP11_TEE_MemCompare
                0x0000000000009088                TEE_MemFill
                0x000000000000908c                __GP11_TEE_MemFill
                0x0000000000009094                TEE_GetSystemTime
                0x00000000000090bc                TEE_Wait
                0x00000000000090f8                TEE_GetTAPersistentTime
                0x000000000000916c                TEE_SetTAPersistentTime
                0x00000000000091b0                TEE_GetREETime
                0x00000000000091d8                TEE_Malloc
                0x00000000000092fc                __GP11_TEE_Malloc
                0x0000000000009304                TEE_Free
                0x0000000000009364                TEE_Realloc
                0x000000000000943c                __GP11_TEE_Realloc
                0x0000000000009444                TEE_CacheClean
                0x000000000000944c                TEE_CacheFlush
                0x0000000000009454                TEE_CacheInvalidate
 .text          0x000000000000945c     0x212c /home/seungwoo/optee/Linux_for_Tegra/sources/tegra/optee-src/nv-optee/optee/build/t234/export-ta_arm64/lib/libutee.a(tee_api_arith_mpi.o)
                0x0000000000009cc0                _TEE_MathAPI_Init
                0x0000000000009d10                TEE_BigIntInit
                0x0000000000009d70                __GP11_TEE_BigIntInit
                0x0000000000009d78                TEE_BigIntConvertFromOctetString
                0x0000000000009e40                __GP11_TEE_BigIntConvertFromOctetString
                0x0000000000009e48                TEE_BigIntConvertToOctetString
                0x0000000000009f10                __GP11_TEE_BigIntConvertToOctetString
                0x0000000000009f70                TEE_BigIntConvertFromS32
                0x000000000000a020                TEE_BigIntConvertToS32
                0x000000000000a0dc                TEE_BigIntCmp
                0x000000000000a170                TEE_BigIntCmpS32
                0x000000000000a3bc                TEE_BigIntShiftRight
                0x000000000000a55c                __GP11_TEE_BigIntShiftRight
                0x000000000000a564                TEE_BigIntGetBit
                0x000000000000a5e4                TEE_BigIntGetBitCount
                0x000000000000a658                TEE_BigIntSetBit
                0x000000000000a708                TEE_BigIntAssign
                0x000000000000a758                TEE_BigIntAbs
                0x000000000000a784                TEE_BigIntAdd
                0x000000000000a790                TEE_BigIntSub
                0x000000000000a79c                TEE_BigIntNeg
                0x000000000000a880                TEE_BigIntMul
                0x000000000000a994                TEE_BigIntSquare
                0x000000000000a99c                TEE_BigIntDiv
                0x000000000000ab50                TEE_BigIntMod
                0x000000000000abbc                TEE_BigIntAddMod
                0x000000000000abc8                TEE_BigIntSubMod
                0x000000000000abd4                TEE_BigIntMulMod
                0x000000000000abe0                TEE_BigIntSquareMod
                0x000000000000abec                TEE_BigIntInvMod
                0x000000000000ad3c                TEE_BigIntRelativePrime
                0x000000000000ae44                TEE_BigIntExpMod
                0x000000000000b018                TEE_BigIntComputeExtendedGcd
                0x000000000000b280                TEE_BigIntIsProbablePrime
                0x000000000000b304                TEE_BigIntInitFMM
                0x000000000000b308                __GP11_TEE_BigIntInitFMM
                0x000000000000b310                TEE_BigIntInitFMMContext
                0x000000000000b314                __GP11_TEE_BigIntInitFMMContext
                0x000000000000b31c                TEE_BigIntInitFMMContext1
                0x000000000000b324                TEE_BigIntFMMSizeInU32
                0x000000000000b334                __GP11_TEE_BigIntFMMSizeInU32
                0x000000000000b34c                TEE_BigIntFMMContextSizeInU32
                0x000000000000b354                __GP11_TEE_BigIntFMMContextSizeInU32
                0x000000000000b36c                TEE_BigIntConvertToFMM
                0x000000000000b370                TEE_BigIntConvertFromFMM
                0x000000000000b440                TEE_BigIntComputeFMM
 .text          0x000000000000b588      0xf78 /home/seungwoo/optee/Linux_for_Tegra/sources/tegra/optee-src/nv-optee/optee/build/t234/export-ta_arm64/lib/libutee.a(tee_api_property.o)
                0x000000000000b918                TEE_GetPropertyAsString
                0x000000000000bb74                __GP11_TEE_GetPropertyAsString
                0x000000000000bc0c                TEE_GetPropertyAsBool
                0x000000000000bce4                TEE_GetPropertyAsU32
                0x000000000000bdcc                TEE_GetPropertyAsU64
                0x000000000000beb4                __GP11_TEE_GetPropertyAsBinaryBlock
                0x000000000000bfa0                TEE_GetPropertyAsBinaryBlock
                0x000000000000c038                TEE_GetPropertyAsUUID
                0x000000000000c120                TEE_GetPropertyAsIdentity
                0x000000000000c208                TEE_ResetPropertyEnumerator
                0x000000000000c214                TEE_AllocatePropertyEnumerator
                0x000000000000c25c                TEE_FreePropertyEnumerator
                0x000000000000c260                TEE_StartPropertyEnumerator
                0x000000000000c270                __GP11_TEE_GetPropertyName
                0x000000000000c398                TEE_GetPropertyName
                0x000000000000c420                TEE_GetNextProperty
 .text          0x000000000000c500      0x310 /home/seungwoo/optee/Linux_for_Tegra/sources/tegra/optee-src/nv-optee/optee/build/t234/export-ta_arm64/lib/libutee.a(tee_system_pta.o)
                0x000000000000c588                tee_map_zi
                0x000000000000c638                tee_unmap
                0x000000000000c700                tee_invoke_supp_plugin
 .text          0x000000000000c810      0x34c /home/seungwoo/optee/Linux_for_Tegra/sources/tegra/optee-src/nv-optee/optee/build/t234/export-ta_arm64/lib/libutee.a(tcb.o)
                0x000000000000c810                __utee_tcb_init
                0x000000000000ca50                __tls_get_addr
                0x000000000000ca6c                dl_iterate_phdr
 .text          0x000000000000cb5c      0x258 /home/seungwoo/optee/Linux_for_Tegra/sources/tegra/optee-src/nv-optee/optee/build/t234/export-ta_arm64/lib/libutee.a(base64.o)
                0x000000000000cb5c                _base64_enc_len
                0x000000000000cb74                _base64_enc
                0x000000000000cc90                _base64_dec
 .text          0x000000000000cdb4     0x4190 /home/seungwoo/optee/Linux_for_Tegra/sources/tegra/optee-src/nv-optee/optee/build/t234/export-ta_arm64/lib/libmbedtls.a(bignum.o)
                0x000000000000d588                mbedtls_mpi_init
                0x000000000000d598                mbedtls_mpi_init_mempool
                0x000000000000d5c0                mbedtls_mpi_free
                0x000000000000d62c                mbedtls_mpi_grow
                0x000000000000d780                mbedtls_mpi_shrink
                0x000000000000d8a0                mbedtls_mpi_copy
                0x000000000000d96c                mbedtls_mpi_swap
                0x000000000000d9f4                mbedtls_mpi_lset
                0x000000000000da5c                mbedtls_mpi_get_bit
                0x000000000000da88                mbedtls_mpi_set_bit
                0x000000000000db14                mbedtls_mpi_lsb
                0x000000000000db68                mbedtls_mpi_bitlen
                0x000000000000dbc4                mbedtls_mpi_size
                0x000000000000dbe0                mbedtls_mpi_read_binary_le
                0x000000000000dc58                mbedtls_mpi_read_binary
                0x000000000000dcdc                mbedtls_mpi_write_binary_le
                0x000000000000dd94                mbedtls_mpi_write_binary
                0x000000000000de58                mbedtls_mpi_shift_l
                0x000000000000df68                mbedtls_mpi_shift_r
                0x000000000000e028                mbedtls_mpi_cmp_abs
                0x000000000000e0c4                mbedtls_mpi_cmp_mpi
                0x000000000000e198                mbedtls_mpi_cmp_int
                0x000000000000e20c                mbedtls_mpi_add_abs
                0x000000000000e32c                mbedtls_mpi_sub_abs
                0x000000000000e488                mbedtls_mpi_add_mpi
                0x000000000000e510                mbedtls_mpi_sub_mpi
                0x000000000000e59c                mbedtls_mpi_add_int
                0x000000000000e610                mbedtls_mpi_sub_int
                0x000000000000e684                mbedtls_mpi_mul_mpi
                0x000000000000e830                mbedtls_mpi_mul_int
                0x000000000000e8d8                mbedtls_mpi_read_string
                0x000000000000eae4                mbedtls_mpi_div_mpi
                0x000000000000f018                mbedtls_mpi_div_int
                0x000000000000f08c                mbedtls_mpi_mod_mpi
                0x000000000000f140                mbedtls_mpi_mod_int
                0x000000000000f1dc                mbedtls_mpi_write_string
                0x000000000000f510                mbedtls_mpi_montg_init
                0x000000000000f518                mbedtls_mpi_montmul
                0x000000000000f520                mbedtls_mpi_montred
                0x000000000000f524                mbedtls_mpi_exp_mod
                0x000000000000fbf0                mbedtls_mpi_gcd
                0x000000000000fdc8                mbedtls_mpi_fill_random
                0x00000000000100d4                mbedtls_mpi_random
                0x000000000001028c                mbedtls_mpi_inv_mod
                0x00000000000106e4                mbedtls_mpi_is_prime_ext
                0x00000000000107c0                mbedtls_mpi_is_prime
                0x00000000000107d0                mbedtls_mpi_gen_prime
                0x0000000000010b1c                mbedtls_mpi_self_test
 .text          0x0000000000010f44      0x7c0 /home/seungwoo/optee/Linux_for_Tegra/sources/tegra/optee-src/nv-optee/optee/build/t234/export-ta_arm64/lib/libmbedtls.a(constant_time.o)
                0x0000000000010f64                mbedtls_ct_memcmp
                0x0000000000010fac                mbedtls_ct_uint_mask
                0x0000000000010fbc                mbedtls_ct_mpi_uint_mask
                0x0000000000010fcc                mbedtls_ct_size_bool_eq
                0x0000000000010fe4                mbedtls_ct_mpi_uint_lt
                0x0000000000011000                mbedtls_ct_uint_if
                0x0000000000011030                mbedtls_ct_mpi_uint_cond_assign
                0x000000000001106c                mbedtls_ct_base64_enc_char
                0x000000000001111c                mbedtls_ct_base64_dec_value
                0x00000000000111d8                mbedtls_mpi_safe_cond_assign
                0x0000000000011294                mbedtls_mpi_safe_cond_swap
                0x0000000000011390                mbedtls_mpi_lt_mpi_ct
                0x0000000000011488                mbedtls_ct_rsaes_pkcs1_v15_unpadding
 .text          0x0000000000011704       0x20 /home/seungwoo/optee/Linux_for_Tegra/sources/tegra/optee-src/nv-optee/optee/build/t234/export-ta_arm64/lib/libmbedtls.a(platform_util.o)
                0x0000000000011704                mbedtls_platform_zeroize
 .text          0x0000000000011724      0xd00 /home/seungwoo/optee/Linux_for_Tegra/sources/tegra/optee-src/nv-optee/optee/build/t234/export-ta_arm64/lib/libutils.a(bget_malloc.o)
                0x000000000001175c                bget
                0x0000000000011a24                bgetz
                0x0000000000011aac                brel
                0x0000000000011d30                bgetr
                0x0000000000011e00                bpool
                0x0000000000011ed0                raw_memalign
                0x0000000000011f24                raw_malloc
                0x0000000000011f34                raw_free
                0x0000000000011f44                raw_calloc
                0x0000000000011f94                raw_realloc
                0x000000000001207c                malloc
                0x0000000000012094                calloc
                0x00000000000120b0                realloc
                0x00000000000120c8                memalign
                0x00000000000120e4                aligned_alloc
                0x00000000000120fc                free
                0x000000000001210c                free_wipe
                0x000000000001211c                raw_malloc_get_ctx_size
                0x0000000000012124                raw_malloc_init_ctx
                0x0000000000012150                raw_malloc_add_pool
                0x0000000000012218                raw_malloc_buffer_overlaps_heap
                0x0000000000012298                raw_malloc_buffer_is_within_alloced
                0x00000000000123e8                malloc_add_pool
                0x00000000000123fc                malloc_buffer_is_within_alloced
                0x0000000000012410                malloc_buffer_overlaps_heap
 .text          0x0000000000012424      0x128 /home/seungwoo/optee/Linux_for_Tegra/sources/tegra/optee-src/nv-optee/optee/build/t234/export-ta_arm64/lib/libutils.a(snprintf.o)
                0x0000000000012424                snprintf
                0x00000000000124f4                vsnprintf
 .text          0x000000000001254c       0x5c /home/seungwoo/optee/Linux_for_Tegra/sources/tegra/optee-src/nv-optee/optee/build/t234/export-ta_arm64/lib/libutils.a(memmove.o)
                0x000000000001254c                memmove
 .text          0x00000000000125a8       0x1c /home/seungwoo/optee/Linux_for_Tegra/sources/tegra/optee-src/nv-optee/optee/build/t234/export-ta_arm64/lib/libutils.a(memset.o)
                0x00000000000125a8                memset
 .text          0x00000000000125c4       0x24 /home/seungwoo/optee/Linux_for_Tegra/sources/tegra/optee-src/nv-optee/optee/build/t234/export-ta_arm64/lib/libutils.a(strcmp.o)
                0x00000000000125c4                strcmp
 .text          0x00000000000125e8       0x58 /home/seungwoo/optee/Linux_for_Tegra/sources/tegra/optee-src/nv-optee/optee/build/t234/export-ta_arm64/lib/libutils.a(strlcpy.o)
                0x00000000000125e8                strlcpy
 .text          0x0000000000012640      0x190 /home/seungwoo/optee/Linux_for_Tegra/sources/tegra/optee-src/nv-optee/optee/build/t234/export-ta_arm64/lib/libutils.a(mempool.o)
                0x0000000000012640                mempool_alloc_pool
                0x0000000000012708                mempool_alloc
                0x000000000001276c                mempool_calloc
                0x00000000000127bc                mempool_free
 .text          0x00000000000127d0       0x70 /home/seungwoo/optee/Linux_for_Tegra/sources/tegra/optee-src/nv-optee/optee/build/t234/export-ta_arm64/lib/libutils.a(consttime_memcmp.o)
                0x00000000000127d0                consttime_memcmp
 .text          0x0000000000012840        0x0 /home/seungwoo/optee/Linux_for_Tegra/sources/tegra/optee-src/nv-optee/optee/build/t234/export-ta_arm64/lib/libutee.a(utee_syscalls_a64.o)
 .text          0x0000000000012840        0x0 /home/seungwoo/optee/Linux_for_Tegra/sources/tegra/optee-src/nv-optee/optee/build/t234/export-ta_arm64/lib/libutee.a(abort.o)
 *(SORT_BY_ALIGNMENT(.stub))
 *(SORT_BY_ALIGNMENT(.glue_7))
 *(SORT_BY_ALIGNMENT(.glue_7t))
 *(SORT_BY_ALIGNMENT(.gnu.linkonce.t.*))
 *(SORT_BY_ALIGNMENT(.vfp11_veneer))
                0x0000000000012840                __text_end = .

.note.gnu.property
 *(SORT_BY_ALIGNMENT(.note.gnu.property))

.plt            0x0000000000012840        0x0
 *(SORT_BY_ALIGNMENT(.plt))
 .plt           0x0000000000012840        0x0 ../build/ta/optee_crypto/ta_optee_crypto.o

.eh_frame_hdr
 *(SORT_BY_ALIGNMENT(.eh_frame_hdr))
 *(SORT_BY_ALIGNMENT(.eh_frame_entry) SORT_BY_ALIGNMENT(.eh_frame_entry.*))

.eh_frame       0x0000000000012840     0x3adc
 *(SORT_BY_ALIGNMENT(.eh_frame))
 .eh_frame      0x0000000000012840       0xf8 ../build/ta/optee_crypto/ta_optee_crypto.o
 .eh_frame      0x0000000000012938       0x30 ../build/ta/optee_crypto/user_ta_header.o
                                         0x40 (size before relaxing)
 .eh_frame      0x0000000000012968       0x18 /home/seungwoo/optee/Linux_for_Tegra/sources/tegra/optee-src/nv-optee/optee/build/t234/export-ta_arm64/lib/libutils.a(stack_check.o)
                                         0x30 (size before relaxing)
 .eh_frame      0x0000000000012980       0xb8 /home/seungwoo/optee/Linux_for_Tegra/sources/tegra/optee-src/nv-optee/optee/build/t234/export-ta_arm64/lib/libutils.a(trace.o)
                                         0xc8 (size before relaxing)
 .eh_frame      0x0000000000012a38       0x18 /home/seungwoo/optee/Linux_for_Tegra/sources/tegra/optee-src/nv-optee/optee/build/t234/export-ta_arm64/lib/libutils.a(memcpy.o)
                                         0x28 (size before relaxing)
 .eh_frame      0x0000000000012a50       0xf0 /home/seungwoo/optee/Linux_for_Tegra/sources/tegra/optee-src/nv-optee/optee/build/t234/export-ta_arm64/lib/libutils.a(snprintk.o)
                                        0x100 (size before relaxing)
 .eh_frame      0x0000000000012b40       0x18 /home/seungwoo/optee/Linux_for_Tegra/sources/tegra/optee-src/nv-optee/optee/build/t234/export-ta_arm64/lib/libutils.a(memchr.o)
                                         0x28 (size before relaxing)
 .eh_frame      0x0000000000012b58       0x18 /home/seungwoo/optee/Linux_for_Tegra/sources/tegra/optee-src/nv-optee/optee/build/t234/export-ta_arm64/lib/libutils.a(strlen.o)
                                         0x28 (size before relaxing)
 .eh_frame      0x0000000000012b70       0xa8 /home/seungwoo/optee/Linux_for_Tegra/sources/tegra/optee-src/nv-optee/optee/build/t234/export-ta_arm64/lib/libutee.a(trace_ext.o)
                                         0xc0 (size before relaxing)
 .eh_frame      0x0000000000012c18      0x750 /home/seungwoo/optee/Linux_for_Tegra/sources/tegra/optee-src/nv-optee/optee/build/t234/export-ta_arm64/lib/libutee.a(tee_api_objects.o)
                                        0x768 (size before relaxing)
 .eh_frame      0x0000000000013368      0xae8 /home/seungwoo/optee/Linux_for_Tegra/sources/tegra/optee-src/nv-optee/optee/build/t234/export-ta_arm64/lib/libutee.a(tee_api_operations.o)
                                        0xb00 (size before relaxing)
 .eh_frame      0x0000000000013e50      0x180 /home/seungwoo/optee/Linux_for_Tegra/sources/tegra/optee-src/nv-optee/optee/build/t234/export-ta_arm64/lib/libutee.a(tee_api_panic.o)
                                        0x198 (size before relaxing)
 .eh_frame      0x0000000000013fd0      0x150 /home/seungwoo/optee/Linux_for_Tegra/sources/tegra/optee-src/nv-optee/optee/build/t234/export-ta_arm64/lib/libutee.a(user_ta_entry.o)
                                        0x168 (size before relaxing)
 .eh_frame      0x0000000000014120       0x18 /home/seungwoo/optee/Linux_for_Tegra/sources/tegra/optee-src/nv-optee/optee/build/t234/export-ta_arm64/lib/libutee.a(abort.o)
                                         0x30 (size before relaxing)
 .eh_frame      0x0000000000014138       0x38 /home/seungwoo/optee/Linux_for_Tegra/sources/tegra/optee-src/nv-optee/optee/build/t234/export-ta_arm64/lib/libutee.a(assert.o)
                                         0x50 (size before relaxing)
 .eh_frame      0x0000000000014170      0x588 /home/seungwoo/optee/Linux_for_Tegra/sources/tegra/optee-src/nv-optee/optee/build/t234/export-ta_arm64/lib/libutee.a(tee_api.o)
                                        0x5a0 (size before relaxing)
 .eh_frame      0x00000000000146f8      0x7d0 /home/seungwoo/optee/Linux_for_Tegra/sources/tegra/optee-src/nv-optee/optee/build/t234/export-ta_arm64/lib/libutee.a(tee_api_arith_mpi.o)
                                        0x7e0 (size before relaxing)
 .eh_frame      0x0000000000014ec8      0x2f8 /home/seungwoo/optee/Linux_for_Tegra/sources/tegra/optee-src/nv-optee/optee/build/t234/export-ta_arm64/lib/libutee.a(tee_api_property.o)
                                        0x308 (size before relaxing)
 .eh_frame      0x00000000000151c0       0xc0 /home/seungwoo/optee/Linux_for_Tegra/sources/tegra/optee-src/nv-optee/optee/build/t234/export-ta_arm64/lib/libutee.a(tee_system_pta.o)
                                         0xd0 (size before relaxing)
 .eh_frame      0x0000000000015280       0x90 /home/seungwoo/optee/Linux_for_Tegra/sources/tegra/optee-src/nv-optee/optee/build/t234/export-ta_arm64/lib/libutee.a(tcb.o)
                                         0xa8 (size before relaxing)
 .eh_frame      0x0000000000015310       0x58 /home/seungwoo/optee/Linux_for_Tegra/sources/tegra/optee-src/nv-optee/optee/build/t234/export-ta_arm64/lib/libutee.a(base64.o)
                                         0x70 (size before relaxing)
 .eh_frame      0x0000000000015368      0x988 /home/seungwoo/optee/Linux_for_Tegra/sources/tegra/optee-src/nv-optee/optee/build/t234/export-ta_arm64/lib/libmbedtls.a(bignum.o)
                                        0x9a0 (size before relaxing)
 .eh_frame      0x0000000000015cf0      0x1e0 /home/seungwoo/optee/Linux_for_Tegra/sources/tegra/optee-src/nv-optee/optee/build/t234/export-ta_arm64/lib/libmbedtls.a(constant_time.o)
                                        0x1f8 (size before relaxing)
 .eh_frame      0x0000000000015ed0       0x18 /home/seungwoo/optee/Linux_for_Tegra/sources/tegra/optee-src/nv-optee/optee/build/t234/export-ta_arm64/lib/libmbedtls.a(platform_util.o)
                                         0x28 (size before relaxing)
 .eh_frame      0x0000000000015ee8      0x2d8 /home/seungwoo/optee/Linux_for_Tegra/sources/tegra/optee-src/nv-optee/optee/build/t234/export-ta_arm64/lib/libutils.a(bget_malloc.o)
                                        0x2e8 (size before relaxing)
 .eh_frame      0x00000000000161c0       0x58 /home/seungwoo/optee/Linux_for_Tegra/sources/tegra/optee-src/nv-optee/optee/build/t234/export-ta_arm64/lib/libutils.a(snprintf.o)
                                         0x68 (size before relaxing)
 .eh_frame      0x0000000000016218       0x18 /home/seungwoo/optee/Linux_for_Tegra/sources/tegra/optee-src/nv-optee/optee/build/t234/export-ta_arm64/lib/libutils.a(memmove.o)
                                         0x28 (size before relaxing)
 .eh_frame      0x0000000000016230       0x18 /home/seungwoo/optee/Linux_for_Tegra/sources/tegra/optee-src/nv-optee/optee/build/t234/export-ta_arm64/lib/libutils.a(memset.o)
                                         0x28 (size before relaxing)
 .eh_frame      0x0000000000016248       0x18 /home/seungwoo/optee/Linux_for_Tegra/sources/tegra/optee-src/nv-optee/optee/build/t234/export-ta_arm64/lib/libutils.a(strcmp.o)
                                         0x28 (size before relaxing)
 .eh_frame      0x0000000000016260       0x18 /home/seungwoo/optee/Linux_for_Tegra/sources/tegra/optee-src/nv-optee/optee/build/t234/export-ta_arm64/lib/libutils.a(strlcpy.o)
                                         0x28 (size before relaxing)
 .eh_frame      0x0000000000016278       0x88 /home/seungwoo/optee/Linux_for_Tegra/sources/tegra/optee-src/nv-optee/optee/build/t234/export-ta_arm64/lib/libutils.a(mempool.o)
                                         0xa0 (size before relaxing)
 .eh_frame      0x0000000000016300       0x1c /home/seungwoo/optee/Linux_for_Tegra/sources/tegra/optee-src/nv-optee/optee/build/t234/export-ta_arm64/lib/libutils.a(consttime_memcmp.o)
                                         0x30 (size before relaxing)
 *(SORT_BY_ALIGNMENT(.eh_frame.*))

.gcc_except_table
 *(SORT_BY_ALIGNMENT(.gcc_except_table) SORT_BY_ALIGNMENT(.gcc_except_table.*))

.rodata         0x0000000000016320     0x1314
 *(SORT_BY_ALIGNMENT(.gnu.linkonce.r.*))
 *(SORT_BY_ALIGNMENT(.rodata) SORT_BY_ALIGNMENT(.rodata.*))
 .rodata.user_ta_header.c
                0x0000000000016320       0x33 ../build/ta/optee_crypto/user_ta_header.o
                0x0000000000016320                ta_num_props
                0x0000000000016340                __ta_no_share_heap_size
                0x0000000000016348                ta_heap_size
                0x0000000000016350                trace_ext_prefix
 *fill*         0x0000000000016353        0x5 
 .rodata.lib/libutee/tee_api.c
                0x0000000000016358       0x20 /home/seungwoo/optee/Linux_for_Tegra/sources/tegra/optee-src/nv-optee/optee/build/t234/export-ta_arm64/lib/libutee.a(tee_api.o)
 .rodata.lib/libutils/ext/snprintk.c
                0x0000000000016378       0xac /home/seungwoo/optee/Linux_for_Tegra/sources/tegra/optee-src/nv-optee/optee/build/t234/export-ta_arm64/lib/libutils.a(snprintk.o)
 .rodata.lib/libutee/tee_api_operations.c
                0x0000000000016424       0x1c /home/seungwoo/optee/Linux_for_Tegra/sources/tegra/optee-src/nv-optee/optee/build/t234/export-ta_arm64/lib/libutee.a(tee_api_operations.o)
 .rodata.lib/libutee/tee_api_property.c
                0x0000000000016440       0x20 /home/seungwoo/optee/Linux_for_Tegra/sources/tegra/optee-src/nv-optee/optee/build/t234/export-ta_arm64/lib/libutee.a(tee_api_property.o)
 .rodata.lib/libutee/tee_system_pta.c
                0x0000000000016460       0x31 /home/seungwoo/optee/Linux_for_Tegra/sources/tegra/optee-src/nv-optee/optee/build/t234/export-ta_arm64/lib/libutee.a(tee_system_pta.o)
 *fill*         0x0000000000016491        0x3 
 .rodata.lib/libutee/base64.c
                0x0000000000016494       0x45 /home/seungwoo/optee/Linux_for_Tegra/sources/tegra/optee-src/nv-optee/optee/build/t234/export-ta_arm64/lib/libutee.a(base64.o)
 *fill*         0x00000000000164d9        0x3 
 .rodata.lib/libmbedtls/mbedtls/library/bignum.c
                0x00000000000164dc      0x2c4 /home/seungwoo/optee/Linux_for_Tegra/sources/tegra/optee-src/nv-optee/optee/build/t234/export-ta_arm64/lib/libmbedtls.a(bignum.o)
 .rodata.str1.1.ta_optee_crypto.c
                0x00000000000167a0       0x45 ../build/ta/optee_crypto/ta_optee_crypto.o
 .rodata.ta_optee_crypto.c
                0x00000000000167e5       0x1a ../build/ta/optee_crypto/ta_optee_crypto.o
 .rodata.str1.1.user_ta_header.c
                0x00000000000167ff      0x15f ../build/ta/optee_crypto/user_ta_header.o
 .rodata.str1.1.lib/libutils/isoc/stack_check.c
                0x000000000001695e       0x18 /home/seungwoo/optee/Linux_for_Tegra/sources/tegra/optee-src/nv-optee/optee/build/t234/export-ta_arm64/lib/libutils.a(stack_check.o)
 .rodata.str1.1.lib/libutils/ext/trace.c
                0x0000000000016976       0x1a /home/seungwoo/optee/Linux_for_Tegra/sources/tegra/optee-src/nv-optee/optee/build/t234/export-ta_arm64/lib/libutils.a(trace.o)
                                         0x1b (size before relaxing)
 .rodata.lib/libutils/ext/trace.c
                0x0000000000016990        0x5 /home/seungwoo/optee/Linux_for_Tegra/sources/tegra/optee-src/nv-optee/optee/build/t234/export-ta_arm64/lib/libutils.a(trace.o)
 .rodata.str1.1.lib/libutils/ext/snprintk.c
                0x0000000000016995       0x38 /home/seungwoo/optee/Linux_for_Tegra/sources/tegra/optee-src/nv-optee/optee/build/t234/export-ta_arm64/lib/libutils.a(snprintk.o)
 .rodata.str1.1.lib/libutee/trace_ext.c
                0x00000000000169cd       0x38 /home/seungwoo/optee/Linux_for_Tegra/sources/tegra/optee-src/nv-optee/optee/build/t234/export-ta_arm64/lib/libutee.a(trace_ext.o)
                                          0x2 (size before relaxing)
 .rodata.str1.1.lib/libutee/tee_api_operations.c
                0x00000000000169cd       0x39 /home/seungwoo/optee/Linux_for_Tegra/sources/tegra/optee-src/nv-optee/optee/build/t234/export-ta_arm64/lib/libutee.a(tee_api_operations.o)
 .rodata.str1.1.lib/libutee/user_ta_entry.c
                0x0000000000016a06       0x4f /home/seungwoo/optee/Linux_for_Tegra/sources/tegra/optee-src/nv-optee/optee/build/t234/export-ta_arm64/lib/libutee.a(user_ta_entry.o)
 .rodata.lib/libutee/user_ta_entry.c
                0x0000000000016a55       0x16 /home/seungwoo/optee/Linux_for_Tegra/sources/tegra/optee-src/nv-optee/optee/build/t234/export-ta_arm64/lib/libutee.a(user_ta_entry.o)
 .rodata.str1.1.lib/libutee/abort.c
                0x0000000000016a6b        0x7 /home/seungwoo/optee/Linux_for_Tegra/sources/tegra/optee-src/nv-optee/optee/build/t234/export-ta_arm64/lib/libutee.a(abort.o)
 .rodata.str1.1.lib/libutee/assert.c
                0x0000000000016a72       0x27 /home/seungwoo/optee/Linux_for_Tegra/sources/tegra/optee-src/nv-optee/optee/build/t234/export-ta_arm64/lib/libutee.a(assert.o)
 .rodata.str1.1.lib/libutee/tee_api.c
                0x0000000000016a99       0x11 /home/seungwoo/optee/Linux_for_Tegra/sources/tegra/optee-src/nv-optee/optee/build/t234/export-ta_arm64/lib/libutee.a(tee_api.o)
 .rodata.str1.1.lib/libutee/tee_api_arith_mpi.c
                0x0000000000016aaa       0xc9 /home/seungwoo/optee/Linux_for_Tegra/sources/tegra/optee-src/nv-optee/optee/build/t234/export-ta_arm64/lib/libutee.a(tee_api_arith_mpi.o)
 .rodata.lib/libutee/tee_api_arith_mpi.c
                0x0000000000016b73      0x14e /home/seungwoo/optee/Linux_for_Tegra/sources/tegra/optee-src/nv-optee/optee/build/t234/export-ta_arm64/lib/libutee.a(tee_api_arith_mpi.o)
 .rodata.str1.1.lib/libutee/tee_api_property.c
                0x0000000000016cc1       0x83 /home/seungwoo/optee/Linux_for_Tegra/sources/tegra/optee-src/nv-optee/optee/build/t234/export-ta_arm64/lib/libutee.a(tee_api_property.o)
                                         0x88 (size before relaxing)
 .rodata.str1.1.lib/libutee/tee_system_pta.c
                0x0000000000016d44       0x55 /home/seungwoo/optee/Linux_for_Tegra/sources/tegra/optee-src/nv-optee/optee/build/t234/export-ta_arm64/lib/libutee.a(tee_system_pta.o)
 .rodata.str1.1.lib/libutee/tcb.c
                0x0000000000016d99       0x8d /home/seungwoo/optee/Linux_for_Tegra/sources/tegra/optee-src/nv-optee/optee/build/t234/export-ta_arm64/lib/libutee.a(tcb.o)
 .rodata.lib/libutee/tcb.c
                0x0000000000016e26       0x20 /home/seungwoo/optee/Linux_for_Tegra/sources/tegra/optee-src/nv-optee/optee/build/t234/export-ta_arm64/lib/libutee.a(tcb.o)
 .rodata.str1.1.lib/libmbedtls/mbedtls/library/bignum.c
                0x0000000000016e46      0x456 /home/seungwoo/optee/Linux_for_Tegra/sources/tegra/optee-src/nv-optee/optee/build/t234/export-ta_arm64/lib/libmbedtls.a(bignum.o)
                                        0x45d (size before relaxing)
 .rodata.str1.1.lib/libutils/isoc/bget_malloc.c
                0x000000000001729c      0x292 /home/seungwoo/optee/Linux_for_Tegra/sources/tegra/optee-src/nv-optee/optee/build/t234/export-ta_arm64/lib/libutils.a(bget_malloc.o)
                                        0x29b (size before relaxing)
 .rodata.lib/libutils/isoc/bget_malloc.c
                0x000000000001752e       0x51 /home/seungwoo/optee/Linux_for_Tegra/sources/tegra/optee-src/nv-optee/optee/build/t234/export-ta_arm64/lib/libutils.a(bget_malloc.o)
 .rodata.str1.1.lib/libutils/ext/mempool.c
                0x000000000001757f       0x89 /home/seungwoo/optee/Linux_for_Tegra/sources/tegra/optee-src/nv-optee/optee/build/t234/export-ta_arm64/lib/libutils.a(mempool.o)
 .rodata.lib/libutils/ext/mempool.c
                0x0000000000017608       0x2c /home/seungwoo/optee/Linux_for_Tegra/sources/tegra/optee-src/nv-optee/optee/build/t234/export-ta_arm64/lib/libutils.a(mempool.o)

.gnu.version_d  0x0000000000017638        0x0
 .gnu.version_d
                0x0000000000017638        0x0 ../build/ta/optee_crypto/ta_optee_crypto.o

.gnu.version    0x0000000000017634        0x0
 .gnu.version   0x0000000000017634        0x0 ../build/ta/optee_crypto/ta_optee_crypto.o

.gnu.version_r  0x0000000000017638        0x0
 .gnu.version_r
                0x0000000000017638        0x0 ../build/ta/optee_crypto/ta_optee_crypto.o

.gnu.hash       0x0000000000017638       0x30
 .gnu.hash      0x0000000000017638       0x30 ../build/ta/optee_crypto/ta_optee_crypto.o

.ARM.extab
 *(SORT_BY_ALIGNMENT(.ARM.extab*) SORT_BY_ALIGNMENT(.gnu.linkonce.armextab.*))
                [!provide]                        PROVIDE (__exidx_start = .)

.ARM.exidx
 *(SORT_BY_ALIGNMENT(.ARM.exidx*) SORT_BY_ALIGNMENT(.gnu.linkonce.armexidx.*))
                [!provide]                        PROVIDE (__exidx_end = .)

.ctors
 *(SORT_BY_ALIGNMENT(.ctors))

.dtors
 *(SORT_BY_ALIGNMENT(.dtors))

.dynsym         0x0000000000017668       0x90
 *(SORT_BY_ALIGNMENT(.dynsym))
 .dynsym        0x0000000000017668       0x90 ../build/ta/optee_crypto/ta_optee_crypto.o

.dynstr         0x00000000000176f8       0x2e
 *(SORT_BY_ALIGNMENT(.dynstr))
 .dynstr        0x00000000000176f8       0x2e ../build/ta/optee_crypto/ta_optee_crypto.o

.hash           0x0000000000017728       0x2c
 *(SORT_BY_ALIGNMENT(.hash))
 .hash          0x0000000000017728       0x2c ../build/ta/optee_crypto/ta_optee_crypto.o

.rela.dyn       0x0000000000017758      0x348
 .rela.data.rel.ro
                0x0000000000017758        0x0 ../build/ta/optee_crypto/ta_optee_crypto.o
 .rela.ifunc    0x0000000000017758        0x0 ../build/ta/optee_crypto/ta_optee_crypto.o
 .rela.data.rel.ro.local
                0x0000000000017758      0x2d0 ../build/ta/optee_crypto/ta_optee_crypto.o
 .rela.data.rel.local
                0x0000000000017a28       0x60 ../build/ta/optee_crypto/ta_optee_crypto.o
 .rela.data.rel
                0x0000000000017a88       0x18 ../build/ta/optee_crypto/ta_optee_crypto.o
                0x0000000000018000                . = ALIGN (0x1000)

.dynamic        0x0000000000018000      0x110
 *(SORT_BY_ALIGNMENT(.dynamic))
 .dynamic       0x0000000000018000      0x110 ../build/ta/optee_crypto/ta_optee_crypto.o
                0x0000000000018000                _DYNAMIC

.tdata
 *(SORT_BY_ALIGNMENT(.tdata) SORT_BY_ALIGNMENT(.tdata.*) SORT_BY_ALIGNMENT(.gnu.linkonce.td.*))

.tbss
 *(SORT_BY_ALIGNMENT(.tbss) SORT_BY_ALIGNMENT(.tbss.*) SORT_BY_ALIGNMENT(.gnu.linkonce.tb.*))
 *(SORT_BY_ALIGNMENT(.tcommon))

.got            0x0000000000018110       0xd0
 *(SORT_BY_ALIGNMENT(.got.plt))
 .got.plt       0x0000000000018110       0x18 ../build/ta/optee_crypto/ta_optee_crypto.o
 *(SORT_BY_ALIGNMENT(.got))
 .got           0x0000000000018128       0xb8 ../build/ta/optee_crypto/ta_optee_crypto.o
                0x0000000000018128                _GLOBAL_OFFSET_TABLE_

.rel.text
 *(SORT_BY_ALIGNMENT(.rel.text))
 *(SORT_BY_ALIGNMENT(.rel.gnu.linkonce.t*))

.rela.text
 *(SORT_BY_ALIGNMENT(.rela.text))
 *(SORT_BY_ALIGNMENT(.rela.gnu.linkonce.t*))

.rel.data
 *(SORT_BY_ALIGNMENT(.rel.data))
 *(SORT_BY_ALIGNMENT(.rel.gnu.linkonce.d*))

.rela.data
 *(SORT_BY_ALIGNMENT(.rela.data))
 *(SORT_BY_ALIGNMENT(.rela.gnu.linkonce.d*))

.rel.tdata
 *(SORT_BY_ALIGNMENT(.rel.tdata) SORT_BY_ALIGNMENT(.rel.tdata.*) SORT_BY_ALIGNMENT(.rel.gnu.linkonce.td.*))

.rela.tdata
 *(SORT_BY_ALIGNMENT(.rela.tdata) SORT_BY_ALIGNMENT(.rela.tdata.*) SORT_BY_ALIGNMENT(.rela.gnu.linkonce.td.*))

.rel.tbss
 *(SORT_BY_ALIGNMENT(.rel.tbss) SORT_BY_ALIGNMENT(.rel.tbss.*) SORT_BY_ALIGNMENT(.rel.gnu.linkonce.tb.*))

.rela.tbss
 *(SORT_BY_ALIGNMENT(.rela.tbss) SORT_BY_ALIGNMENT(.rela.tbss.*) SORT_BY_ALIGNMENT(.rela.gnu.linkonce.tb.*))

.rel.rodata
 *(SORT_BY_ALIGNMENT(.rel.rodata))
 *(SORT_BY_ALIGNMENT(.rel.gnu.linkonce.r*))

.rela.rodata
 *(SORT_BY_ALIGNMENT(.rela.rodata))
 *(SORT_BY_ALIGNMENT(.rela.gnu.linkonce.r*))

.rel.dyn
 *(SORT_BY_ALIGNMENT(.rel.dyn))

.rel.got
 *(SORT_BY_ALIGNMENT(.rel.got))

.rela.got       0x00000000000181e0      0x210
 *(SORT_BY_ALIGNMENT(.rela.got))
 .rela.got      0x00000000000181e0      0x210 ../build/ta/optee_crypto/ta_optee_crypto.o

.rel.ctors
 *(SORT_BY_ALIGNMENT(.rel.ctors))

.rela.ctors
 *(SORT_BY_ALIGNMENT(.rela.ctors))

.rel.dtors
 *(SORT_BY_ALIGNMENT(.rel.dtors))

.rela.dtors
 *(SORT_BY_ALIGNMENT(.rela.dtors))

.rel.init
 *(SORT_BY_ALIGNMENT(.rel.init))

.rela.init
 *(SORT_BY_ALIGNMENT(.rela.init))

.rel.fini
 *(SORT_BY_ALIGNMENT(.rel.fini))

.rela.fini
 *(SORT_BY_ALIGNMENT(.rela.fini))

.rel.bss
 *(SORT_BY_ALIGNMENT(.rel.bss))

.rela.bss       0x00000000000183f0        0x0
 *(SORT_BY_ALIGNMENT(.rela.bss))
 .rela.bss      0x00000000000183f0        0x0 ../build/ta/optee_crypto/ta_optee_crypto.o

.rel.plt
 *(SORT_BY_ALIGNMENT(.rel.plt))

.rela.plt       0x00000000000183f0        0x0
 *(SORT_BY_ALIGNMENT(.rela.plt))
 .rela.plt      0x00000000000183f0        0x0 ../build/ta/optee_crypto/ta_optee_crypto.o

.data           0x00000000000183f0      0x1cc
 *(SORT_BY_ALIGNMENT(.data) SORT_BY_ALIGNMENT(.data.*) SORT_BY_ALIGNMENT(.gnu.linkonce.d.*))
 .data.rel.ro.local
                0x00000000000183f0      0x108 ../build/ta/optee_crypto/user_ta_header.o
                0x00000000000183f0                ta_props
 .data          0x00000000000184f8        0x8 /home/seungwoo/optee/Linux_for_Tegra/sources/tegra/optee-src/nv-optee/optee/build/t234/export-ta_arm64/lib/libutils.a(stack_check.o)
                0x00000000000184f8                __stack_chk_guard
 .data.rel.local
                0x0000000000018500       0x20 /home/seungwoo/optee/Linux_for_Tegra/sources/tegra/optee-src/nv-optee/optee/build/t234/export-ta_arm64/lib/libutee.a(user_ta_entry.o)
 .data.rel.ro.local
                0x0000000000018520       0x60 /home/seungwoo/optee/Linux_for_Tegra/sources/tegra/optee-src/nv-optee/optee/build/t234/export-ta_arm64/lib/libutee.a(tee_api_property.o)
                0x0000000000018520                tee_props
 .data.rel      0x0000000000018580        0x8 /home/seungwoo/optee/Linux_for_Tegra/sources/tegra/optee-src/nv-optee/optee/build/t234/export-ta_arm64/lib/libmbedtls.a(platform_util.o)
 .data.rel.local
                0x0000000000018588       0x30 /home/seungwoo/optee/Linux_for_Tegra/sources/tegra/optee-src/nv-optee/optee/build/t234/export-ta_arm64/lib/libutils.a(bget_malloc.o)
 .data          0x00000000000185b8        0x4 ../build/ta/optee_crypto/user_ta_header.o
                0x00000000000185b8                trace_level
 .data          0x00000000000185bc        0x0 ../build/ta/optee_crypto/ta_optee_crypto.o
 .data.rel.ro   0x00000000000185bc        0x0 ../build/ta/optee_crypto/ta_optee_crypto.o
 .data          0x00000000000185bc        0x0 /home/seungwoo/optee/Linux_for_Tegra/sources/tegra/optee-src/nv-optee/optee/build/t234/export-ta_arm64/lib/libutils.a(trace.o)
 .data          0x00000000000185bc        0x0 /home/seungwoo/optee/Linux_for_Tegra/sources/tegra/optee-src/nv-optee/optee/build/t234/export-ta_arm64/lib/libutils.a(memcpy.o)
 .data          0x00000000000185bc        0x0 /home/seungwoo/optee/Linux_for_Tegra/sources/tegra/optee-src/nv-optee/optee/build/t234/export-ta_arm64/lib/libutils.a(snprintk.o)
 .data          0x00000000000185bc        0x0 /home/seungwoo/optee/Linux_for_Tegra/sources/tegra/optee-src/nv-optee/optee/build/t234/export-ta_arm64/lib/libutils.a(memchr.o)
 .data          0x00000000000185bc        0x0 /home/seungwoo/optee/Linux_for_Tegra/sources/tegra/optee-src/nv-optee/optee/build/t234/export-ta_arm64/lib/libutils.a(strlen.o)
 .data          0x00000000000185bc        0x0 /home/seungwoo/optee/Linux_for_Tegra/sources/tegra/optee-src/nv-optee/optee/build/t234/export-ta_arm64/lib/libutee.a(trace_ext.o)
 .data          0x00000000000185bc        0x0 /home/seungwoo/optee/Linux_for_Tegra/sources/tegra/optee-src/nv-optee/optee/build/t234/export-ta_arm64/lib/libutee.a(tee_api_objects.o)
 .data          0x00000000000185bc        0x0 /home/seungwoo/optee/Linux_for_Tegra/sources/tegra/optee-src/nv-optee/optee/build/t234/export-ta_arm64/lib/libutee.a(tee_api_operations.o)
 .data          0x00000000000185bc        0x0 /home/seungwoo/optee/Linux_for_Tegra/sources/tegra/optee-src/nv-optee/optee/build/t234/export-ta_arm64/lib/libutee.a(tee_api_panic.o)
 .data          0x00000000000185bc        0x0 /home/seungwoo/optee/Linux_for_Tegra/sources/tegra/optee-src/nv-optee/optee/build/t234/export-ta_arm64/lib/libutee.a(user_ta_entry.o)
 .data          0x00000000000185bc        0x0 /home/seungwoo/optee/Linux_for_Tegra/sources/tegra/optee-src/nv-optee/optee/build/t234/export-ta_arm64/lib/libutee.a(utee_syscalls_a64.o)
 .data          0x00000000000185bc        0x0 /home/seungwoo/optee/Linux_for_Tegra/sources/tegra/optee-src/nv-optee/optee/build/t234/export-ta_arm64/lib/libutee.a(abort.o)
 .data          0x00000000000185bc        0x0 /home/seungwoo/optee/Linux_for_Tegra/sources/tegra/optee-src/nv-optee/optee/build/t234/export-ta_arm64/lib/libutee.a(assert.o)
 .data          0x00000000000185bc        0x0 /home/seungwoo/optee/Linux_for_Tegra/sources/tegra/optee-src/nv-optee/optee/build/t234/export-ta_arm64/lib/libutee.a(tee_api.o)
 .data          0x00000000000185bc        0x0 /home/seungwoo/optee/Linux_for_Tegra/sources/tegra/optee-src/nv-optee/optee/build/t234/export-ta_arm64/lib/libutee.a(tee_api_arith_mpi.o)
 .data          0x00000000000185bc        0x0 /home/seungwoo/optee/Linux_for_Tegra/sources/tegra/optee-src/nv-optee/optee/build/t234/export-ta_arm64/lib/libutee.a(tee_api_property.o)
 .data          0x00000000000185bc        0x0 /home/seungwoo/optee/Linux_for_Tegra/sources/tegra/optee-src/nv-optee/optee/build/t234/export-ta_arm64/lib/libutee.a(tee_system_pta.o)
 .data          0x00000000000185bc        0x0 /home/seungwoo/optee/Linux_for_Tegra/sources/tegra/optee-src/nv-optee/optee/build/t234/export-ta_arm64/lib/libutee.a(tcb.o)
 .data          0x00000000000185bc        0x0 /home/seungwoo/optee/Linux_for_Tegra/sources/tegra/optee-src/nv-optee/optee/build/t234/export-ta_arm64/lib/libutee.a(base64.o)
 .data          0x00000000000185bc        0x0 /home/seungwoo/optee/Linux_for_Tegra/sources/tegra/optee-src/nv-optee/optee/build/t234/export-ta_arm64/lib/libmbedtls.a(bignum.o)
 .data          0x00000000000185bc        0x0 /home/seungwoo/optee/Linux_for_Tegra/sources/tegra/optee-src/nv-optee/optee/build/t234/export-ta_arm64/lib/libmbedtls.a(constant_time.o)
 .data          0x00000000000185bc        0x0 /home/seungwoo/optee/Linux_for_Tegra/sources/tegra/optee-src/nv-optee/optee/build/t234/export-ta_arm64/lib/libmbedtls.a(platform_util.o)
 .data          0x00000000000185bc        0x0 /home/seungwoo/optee/Linux_for_Tegra/sources/tegra/optee-src/nv-optee/optee/build/t234/export-ta_arm64/lib/libutils.a(bget_malloc.o)
 .data          0x00000000000185bc        0x0 /home/seungwoo/optee/Linux_for_Tegra/sources/tegra/optee-src/nv-optee/optee/build/t234/export-ta_arm64/lib/libutils.a(snprintf.o)
 .data          0x00000000000185bc        0x0 /home/seungwoo/optee/Linux_for_Tegra/sources/tegra/optee-src/nv-optee/optee/build/t234/export-ta_arm64/lib/libutils.a(memmove.o)
 .data          0x00000000000185bc        0x0 /home/seungwoo/optee/Linux_for_Tegra/sources/tegra/optee-src/nv-optee/optee/build/t234/export-ta_arm64/lib/libutils.a(memset.o)
 .data          0x00000000000185bc        0x0 /home/seungwoo/optee/Linux_for_Tegra/sources/tegra/optee-src/nv-optee/optee/build/t234/export-ta_arm64/lib/libutils.a(strcmp.o)
 .data          0x00000000000185bc        0x0 /home/seungwoo/optee/Linux_for_Tegra/sources/tegra/optee-src/nv-optee/optee/build/t234/export-ta_arm64/lib/libutils.a(strlcpy.o)
 .data          0x00000000000185bc        0x0 /home/seungwoo/optee/Linux_for_Tegra/sources/tegra/optee-src/nv-optee/optee/build/t234/export-ta_arm64/lib/libutils.a(mempool.o)
 .data          0x00000000000185bc        0x0 /home/seungwoo/optee/Linux_for_Tegra/sources/tegra/optee-src/nv-optee/optee/build/t234/export-ta_arm64/lib/libutils.a(consttime_memcmp.o)

.bss            0x00000000000185c0     0xc0a0
 *(SORT_BY_ALIGNMENT(.bss) SORT_BY_ALIGNMENT(.bss.*) SORT_BY_ALIGNMENT(.gnu.linkonce.b.*) SORT_BY_ALIGNMENT(COMMON))
 .bss           0x00000000000185c0        0x9 /home/seungwoo/optee/Linux_for_Tegra/sources/tegra/optee-src/nv-optee/optee/build/t234/export-ta_arm64/lib/libutee.a(user_ta_entry.o)
 *fill*         0x00000000000185c9        0x7 
 COMMON         0x00000000000185d0       0x60 /home/seungwoo/optee/Linux_for_Tegra/sources/tegra/optee-src/nv-optee/optee/build/t234/export-ta_arm64/lib/libutee.a(user_ta_entry.o)
                0x00000000000185d0                ta_param_types
                0x00000000000185d8                __ta_no_share_malloc_ctx
                0x00000000000185e0                ta_params
                0x0000000000018620                __elf_phdr_info
 .bss           0x0000000000018630       0x10 /home/seungwoo/optee/Linux_for_Tegra/sources/tegra/optee-src/nv-optee/optee/build/t234/export-ta_arm64/lib/libutee.a(tee_api.o)
 .bss           0x0000000000018640     0x4000 /home/seungwoo/optee/Linux_for_Tegra/sources/tegra/optee-src/nv-optee/optee/build/t234/export-ta_arm64/lib/libutee.a(tee_api_arith_mpi.o)
 .bss           0x000000000001c640        0x8 /home/seungwoo/optee/Linux_for_Tegra/sources/tegra/optee-src/nv-optee/optee/build/t234/export-ta_arm64/lib/libutee.a(tee_system_pta.o)
 .bss           0x000000000001c648       0x10 /home/seungwoo/optee/Linux_for_Tegra/sources/tegra/optee-src/nv-optee/optee/build/t234/export-ta_arm64/lib/libutee.a(tcb.o)
 COMMON         0x000000000001c658        0x8 /home/seungwoo/optee/Linux_for_Tegra/sources/tegra/optee-src/nv-optee/optee/build/t234/export-ta_arm64/lib/libmbedtls.a(bignum.o)
                0x000000000001c658                mbedtls_mpi_mempool
 .bss           0x000000000001c660        0x0 ../build/ta/optee_crypto/ta_optee_crypto.o
 .bss           0x000000000001c660        0x0 ../build/ta/optee_crypto/user_ta_header.o
 COMMON         0x000000000001c660     0x8000 ../build/ta/optee_crypto/user_ta_header.o
                0x000000000001c660                ta_heap
                0x0000000000024660                __ta_no_share_heap
 .bss           0x0000000000024660        0x0 /home/seungwoo/optee/Linux_for_Tegra/sources/tegra/optee-src/nv-optee/optee/build/t234/export-ta_arm64/lib/libutils.a(stack_check.o)
 .bss           0x0000000000024660        0x0 /home/seungwoo/optee/Linux_for_Tegra/sources/tegra/optee-src/nv-optee/optee/build/t234/export-ta_arm64/lib/libutils.a(trace.o)
 .bss           0x0000000000024660        0x0 /home/seungwoo/optee/Linux_for_Tegra/sources/tegra/optee-src/nv-optee/optee/build/t234/export-ta_arm64/lib/libutils.a(memcpy.o)
 .bss           0x0000000000024660        0x0 /home/seungwoo/optee/Linux_for_Tegra/sources/tegra/optee-src/nv-optee/optee/build/t234/export-ta_arm64/lib/libutils.a(snprintk.o)
 .bss           0x0000000000024660        0x0 /home/seungwoo/optee/Linux_for_Tegra/sources/tegra/optee-src/nv-optee/optee/build/t234/export-ta_arm64/lib/libutils.a(memchr.o)
 .bss           0x0000000000024660        0x0 /home/seungwoo/optee/Linux_for_Tegra/sources/tegra/optee-src/nv-optee/optee/build/t234/export-ta_arm64/lib/libutils.a(strlen.o)
 .bss           0x0000000000024660        0x0 /home/seungwoo/optee/Linux_for_Tegra/sources/tegra/optee-src/nv-optee/optee/build/t234/export-ta_arm64/lib/libutee.a(trace_ext.o)
 .bss           0x0000000000024660        0x0 /home/seungwoo/optee/Linux_for_Tegra/sources/tegra/optee-src/nv-optee/optee/build/t234/export-ta_arm64/lib/libutee.a(tee_api_objects.o)
 .bss           0x0000000000024660        0x0 /home/seungwoo/optee/Linux_for_Tegra/sources/tegra/optee-src/nv-optee/optee/build/t234/export-ta_arm64/lib/libutee.a(tee_api_operations.o)
 .bss           0x0000000000024660        0x0 /home/seungwoo/optee/Linux_for_Tegra/sources/tegra/optee-src/nv-optee/optee/build/t234/export-ta_arm64/lib/libutee.a(tee_api_panic.o)
 .bss           0x0000000000024660        0x0 /home/seungwoo/optee/Linux_for_Tegra/sources/tegra/optee-src/nv-optee/optee/build/t234/export-ta_arm64/lib/libutee.a(utee_syscalls_a64.o)
 .bss           0x0000000000024660        0x0 /home/seungwoo/optee/Linux_for_Tegra/sources/tegra/optee-src/nv-optee/optee/build/t234/export-ta_arm64/lib/libutee.a(abort.o)
 .bss           0x0000000000024660        0x0 /home/seungwoo/optee/Linux_for_Tegra/sources/tegra/optee-src/nv-optee/optee/build/t234/export-ta_arm64/lib/libutee.a(assert.o)
 .bss           0x0000000000024660        0x0 /home/seungwoo/optee/Linux_for_Tegra/sources/tegra/optee-src/nv-optee/optee/build/t234/export-ta_arm64/lib/libutee.a(tee_api_property.o)
 .bss           0x0000000000024660        0x0 /home/seungwoo/optee/Linux_for_Tegra/sources/tegra/optee-src/nv-optee/optee/build/t234/export-ta_arm64/lib/libutee.a(base64.o)
 .bss           0x0000000000024660        0x0 /home/seungwoo/optee/Linux_for_Tegra/sources/tegra/optee-src/nv-optee/optee/build/t234/export-ta_arm64/lib/libmbedtls.a(bignum.o)
 .bss           0x0000000000024660        0x0 /home/seungwoo/optee/Linux_for_Tegra/sources/tegra/optee-src/nv-optee/optee/build/t234/export-ta_arm64/lib/libmbedtls.a(constant_time.o)
 .bss           0x0000000000024660        0x0 /home/seungwoo/optee/Linux_for_Tegra/sources/tegra/optee-src/nv-optee/optee/build/t234/export-ta_arm64/lib/libmbedtls.a(platform_util.o)
 .bss           0x0000000000024660        0x0 /home/seungwoo/optee/Linux_for_Tegra/sources/tegra/optee-src/nv-optee/optee/build/t234/export-ta_arm64/lib/libutils.a(bget_malloc.o)
 .bss           0x0000000000024660        0x0 /home/seungwoo/optee/Linux_for_Tegra/sources/tegra/optee-src/nv-optee/optee/build/t234/export-ta_arm64/lib/libutils.a(snprintf.o)
 .bss           0x0000000000024660        0x0 /home/seungwoo/optee/Linux_for_Tegra/sources/tegra/optee-src/nv-optee/optee/build/t234/export-ta_arm64/lib/libutils.a(memmove.o)
 .bss           0x0000000000024660        0x0 /home/seungwoo/optee/Linux_for_Tegra/sources/tegra/optee-src/nv-optee/optee/build/t234/export-ta_arm64/lib/libutils.a(memset.o)
 .bss           0x0000000000024660        0x0 /home/seungwoo/optee/Linux_for_Tegra/sources/tegra/optee-src/nv-optee/optee/build/t234/export-ta_arm64/lib/libutils.a(strcmp.o)
 .bss           0x0000000000024660        0x0 /home/seungwoo/optee/Linux_for_Tegra/sources/tegra/optee-src/nv-optee/optee/build/t234/export-ta_arm64/lib/libutils.a(strlcpy.o)
 .bss           0x0000000000024660        0x0 /home/seungwoo/optee/Linux_for_Tegra/sources/tegra/optee-src/nv-optee/optee/build/t234/export-ta_arm64/lib/libutils.a(mempool.o)
 .bss           0x0000000000024660        0x0 /home/seungwoo/optee/Linux_for_Tegra/sources/tegra/optee-src/nv-optee/optee/build/t234/export-ta_arm64/lib/libutils.a(consttime_memcmp.o)
                0x0000000000024660                . = ALIGN (0x8)
                0x0000000000024660                __ftrace_buf_start = .
                0x0000000000024660                . = (. + DEFINED (_mcount)?0x800:0x0)
                0x0000000000024660                __ftrace_buf_end = .

.dynbss         0x0000000000024660        0x0
 .dynbss        0x0000000000024660        0x0 ../build/ta/optee_crypto/ta_optee_crypto.o

/DISCARD/
 *(SORT_BY_ALIGNMENT(.interp))
LOAD ../build/ta/optee_crypto/ta_optee_crypto.o
LOAD ../build/ta/optee_crypto/user_ta_header.o
START GROUP
LOAD /home/seungwoo/optee/Linux_for_Tegra/sources/tegra/optee-src/nv-optee/optee/build/t234/export-ta_arm64/lib/libutils.a
LOAD /home/seungwoo/optee/Linux_for_Tegra/sources/tegra/optee-src/nv-optee/optee/build/t234/export-ta_arm64/lib/libutee.a
LOAD /home/seungwoo/optee/Linux_for_Tegra/sources/tegra/optee-src/nv-optee/optee/build/t234/export-ta_arm64/lib/libmbedtls.a
LOAD /home/seungwoo/optee/Linux_for_Tegra/sources/tegra/optee-src/nv-optee/optee/build/t234/export-ta_arm64/lib/libdl.a
END GROUP
LOAD /home/seungwoo/optee/bootlin_toolchain/bin/../lib/gcc/aarch64-buildroot-linux-gnu/9.3.0/libgcc.a
LOAD /home/seungwoo/optee/Linux_for_Tegra/sources/tegra/optee-src/nv-optee/optee/build/t234/export-ta_arm64/lib/libutils.a
OUTPUT(../build/ta/optee_crypto/e4a86432-409d-4542-a53e-e2ce9d6577d3.elf elf64-littleaarch64)

.debug_info     0x0000000000000000    0x223c9
 .debug_info    0x0000000000000000      0x8be ../build/ta/optee_crypto/ta_optee_crypto.o
 .debug_info    0x00000000000008be      0x5da ../build/ta/optee_crypto/user_ta_header.o
 .debug_info    0x0000000000000e98      0x14c /home/seungwoo/optee/Linux_for_Tegra/sources/tegra/optee-src/nv-optee/optee/build/t234/export-ta_arm64/lib/libutils.a(stack_check.o)
 .debug_info    0x0000000000000fe4      0x6f0 /home/seungwoo/optee/Linux_for_Tegra/sources/tegra/optee-src/nv-optee/optee/build/t234/export-ta_arm64/lib/libutils.a(trace.o)
 .debug_info    0x00000000000016d4      0x13c /home/seungwoo/optee/Linux_for_Tegra/sources/tegra/optee-src/nv-optee/optee/build/t234/export-ta_arm64/lib/libutils.a(memcpy.o)
 .debug_info    0x0000000000001810      0x97c /home/seungwoo/optee/Linux_for_Tegra/sources/tegra/optee-src/nv-optee/optee/build/t234/export-ta_arm64/lib/libutils.a(snprintk.o)
 .debug_info    0x000000000000218c      0x106 /home/seungwoo/optee/Linux_for_Tegra/sources/tegra/optee-src/nv-optee/optee/build/t234/export-ta_arm64/lib/libutils.a(memchr.o)
 .debug_info    0x0000000000002292       0xbe /home/seungwoo/optee/Linux_for_Tegra/sources/tegra/optee-src/nv-optee/optee/build/t234/export-ta_arm64/lib/libutils.a(strlen.o)
 .debug_info    0x0000000000002350      0x3f6 /home/seungwoo/optee/Linux_for_Tegra/sources/tegra/optee-src/nv-optee/optee/build/t234/export-ta_arm64/lib/libutee.a(trace_ext.o)
 .debug_info    0x0000000000002746     0x2e97 /home/seungwoo/optee/Linux_for_Tegra/sources/tegra/optee-src/nv-optee/optee/build/t234/export-ta_arm64/lib/libutee.a(tee_api_objects.o)
 .debug_info    0x00000000000055dd     0x56cc /home/seungwoo/optee/Linux_for_Tegra/sources/tegra/optee-src/nv-optee/optee/build/t234/export-ta_arm64/lib/libutee.a(tee_api_operations.o)
 .debug_info    0x000000000000aca9      0xb05 /home/seungwoo/optee/Linux_for_Tegra/sources/tegra/optee-src/nv-optee/optee/build/t234/export-ta_arm64/lib/libutee.a(tee_api_panic.o)
 .debug_info    0x000000000000b7ae     0x1825 /home/seungwoo/optee/Linux_for_Tegra/sources/tegra/optee-src/nv-optee/optee/build/t234/export-ta_arm64/lib/libutee.a(user_ta_entry.o)
 .debug_info    0x000000000000cfd3       0x22 /home/seungwoo/optee/Linux_for_Tegra/sources/tegra/optee-src/nv-optee/optee/build/t234/export-ta_arm64/lib/libutee.a(utee_syscalls_a64.o)
 .debug_info    0x000000000000cff5      0x146 /home/seungwoo/optee/Linux_for_Tegra/sources/tegra/optee-src/nv-optee/optee/build/t234/export-ta_arm64/lib/libutee.a(abort.o)
 .debug_info    0x000000000000d13b      0x1f6 /home/seungwoo/optee/Linux_for_Tegra/sources/tegra/optee-src/nv-optee/optee/build/t234/export-ta_arm64/lib/libutee.a(assert.o)
 .debug_info    0x000000000000d331     0x27f8 /home/seungwoo/optee/Linux_for_Tegra/sources/tegra/optee-src/nv-optee/optee/build/t234/export-ta_arm64/lib/libutee.a(tee_api.o)
 .debug_info    0x000000000000fb29     0x516a /home/seungwoo/optee/Linux_for_Tegra/sources/tegra/optee-src/nv-optee/optee/build/t234/export-ta_arm64/lib/libutee.a(tee_api_arith_mpi.o)
 .debug_info    0x0000000000014c93     0x1a1c /home/seungwoo/optee/Linux_for_Tegra/sources/tegra/optee-src/nv-optee/optee/build/t234/export-ta_arm64/lib/libutee.a(tee_api_property.o)
 .debug_info    0x00000000000166af      0x814 /home/seungwoo/optee/Linux_for_Tegra/sources/tegra/optee-src/nv-optee/optee/build/t234/export-ta_arm64/lib/libutee.a(tee_system_pta.o)
 .debug_info    0x0000000000016ec3      0x9f4 /home/seungwoo/optee/Linux_for_Tegra/sources/tegra/optee-src/nv-optee/optee/build/t234/export-ta_arm64/lib/libutee.a(tcb.o)
 .debug_info    0x00000000000178b7      0x358 /home/seungwoo/optee/Linux_for_Tegra/sources/tegra/optee-src/nv-optee/optee/build/t234/export-ta_arm64/lib/libutee.a(base64.o)
 .debug_info    0x0000000000017c0f     0x601f /home/seungwoo/optee/Linux_for_Tegra/sources/tegra/optee-src/nv-optee/optee/build/t234/export-ta_arm64/lib/libmbedtls.a(bignum.o)
 .debug_info    0x000000000001dc2e     0x106a /home/seungwoo/optee/Linux_for_Tegra/sources/tegra/optee-src/nv-optee/optee/build/t234/export-ta_arm64/lib/libmbedtls.a(constant_time.o)
 .debug_info    0x000000000001ec98      0x15b /home/seungwoo/optee/Linux_for_Tegra/sources/tegra/optee-src/nv-optee/optee/build/t234/export-ta_arm64/lib/libmbedtls.a(platform_util.o)
 .debug_info    0x000000000001edf3     0x274f /home/seungwoo/optee/Linux_for_Tegra/sources/tegra/optee-src/nv-optee/optee/build/t234/export-ta_arm64/lib/libutils.a(bget_malloc.o)
 .debug_info    0x0000000000021542      0x2b5 /home/seungwoo/optee/Linux_for_Tegra/sources/tegra/optee-src/nv-optee/optee/build/t234/export-ta_arm64/lib/libutils.a(snprintf.o)
 .debug_info    0x00000000000217f7      0x103 /home/seungwoo/optee/Linux_for_Tegra/sources/tegra/optee-src/nv-optee/optee/build/t234/export-ta_arm64/lib/libutils.a(memmove.o)
 .debug_info    0x00000000000218fa       0xd6 /home/seungwoo/optee/Linux_for_Tegra/sources/tegra/optee-src/nv-optee/optee/build/t234/export-ta_arm64/lib/libutils.a(memset.o)
 .debug_info    0x00000000000219d0       0xb7 /home/seungwoo/optee/Linux_for_Tegra/sources/tegra/optee-src/nv-optee/optee/build/t234/export-ta_arm64/lib/libutils.a(strcmp.o)
 .debug_info    0x0000000000021a87      0x12b /home/seungwoo/optee/Linux_for_Tegra/sources/tegra/optee-src/nv-optee/optee/build/t234/export-ta_arm64/lib/libutils.a(strlcpy.o)
 .debug_info    0x0000000000021bb2      0x6dc /home/seungwoo/optee/Linux_for_Tegra/sources/tegra/optee-src/nv-optee/optee/build/t234/export-ta_arm64/lib/libutils.a(mempool.o)
 .debug_info    0x000000000002228e      0x13b /home/seungwoo/optee/Linux_for_Tegra/sources/tegra/optee-src/nv-optee/optee/build/t234/export-ta_arm64/lib/libutils.a(consttime_memcmp.o)

.debug_abbrev   0x0000000000000000     0x4957
 .debug_abbrev  0x0000000000000000      0x254 ../build/ta/optee_crypto/ta_optee_crypto.o
 .debug_abbrev  0x0000000000000254      0x1f8 ../build/ta/optee_crypto/user_ta_header.o
 .debug_abbrev  0x000000000000044c       0xc5 /home/seungwoo/optee/Linux_for_Tegra/sources/tegra/optee-src/nv-optee/optee/build/t234/export-ta_arm64/lib/libutils.a(stack_check.o)
 .debug_abbrev  0x0000000000000511      0x282 /home/seungwoo/optee/Linux_for_Tegra/sources/tegra/optee-src/nv-optee/optee/build/t234/export-ta_arm64/lib/libutils.a(trace.o)
 .debug_abbrev  0x0000000000000793       0xb8 /home/seungwoo/optee/Linux_for_Tegra/sources/tegra/optee-src/nv-optee/optee/build/t234/export-ta_arm64/lib/libutils.a(memcpy.o)
 .debug_abbrev  0x000000000000084b      0x2db /home/seungwoo/optee/Linux_for_Tegra/sources/tegra/optee-src/nv-optee/optee/build/t234/export-ta_arm64/lib/libutils.a(snprintk.o)
 .debug_abbrev  0x0000000000000b26       0xb2 /home/seungwoo/optee/Linux_for_Tegra/sources/tegra/optee-src/nv-optee/optee/build/t234/export-ta_arm64/lib/libutils.a(memchr.o)
 .debug_abbrev  0x0000000000000bd8       0x87 /home/seungwoo/optee/Linux_for_Tegra/sources/tegra/optee-src/nv-optee/optee/build/t234/export-ta_arm64/lib/libutils.a(strlen.o)
 .debug_abbrev  0x0000000000000c5f      0x1b5 /home/seungwoo/optee/Linux_for_Tegra/sources/tegra/optee-src/nv-optee/optee/build/t234/export-ta_arm64/lib/libutee.a(trace_ext.o)
 .debug_abbrev  0x0000000000000e14      0x38a /home/seungwoo/optee/Linux_for_Tegra/sources/tegra/optee-src/nv-optee/optee/build/t234/export-ta_arm64/lib/libutee.a(tee_api_objects.o)
 .debug_abbrev  0x000000000000119e      0x4ef /home/seungwoo/optee/Linux_for_Tegra/sources/tegra/optee-src/nv-optee/optee/build/t234/export-ta_arm64/lib/libutee.a(tee_api_operations.o)
 .debug_abbrev  0x000000000000168d      0x1f9 /home/seungwoo/optee/Linux_for_Tegra/sources/tegra/optee-src/nv-optee/optee/build/t234/export-ta_arm64/lib/libutee.a(tee_api_panic.o)
 .debug_abbrev  0x0000000000001886      0x51d /home/seungwoo/optee/Linux_for_Tegra/sources/tegra/optee-src/nv-optee/optee/build/t234/export-ta_arm64/lib/libutee.a(user_ta_entry.o)
 .debug_abbrev  0x0000000000001da3       0x12 /home/seungwoo/optee/Linux_for_Tegra/sources/tegra/optee-src/nv-optee/optee/build/t234/export-ta_arm64/lib/libutee.a(utee_syscalls_a64.o)
 .debug_abbrev  0x0000000000001db5       0xdd /home/seungwoo/optee/Linux_for_Tegra/sources/tegra/optee-src/nv-optee/optee/build/t234/export-ta_arm64/lib/libutee.a(abort.o)
 .debug_abbrev  0x0000000000001e92       0xef /home/seungwoo/optee/Linux_for_Tegra/sources/tegra/optee-src/nv-optee/optee/build/t234/export-ta_arm64/lib/libutee.a(assert.o)
 .debug_abbrev  0x0000000000001f81      0x4e6 /home/seungwoo/optee/Linux_for_Tegra/sources/tegra/optee-src/nv-optee/optee/build/t234/export-ta_arm64/lib/libutee.a(tee_api.o)
 .debug_abbrev  0x0000000000002467      0x4f2 /home/seungwoo/optee/Linux_for_Tegra/sources/tegra/optee-src/nv-optee/optee/build/t234/export-ta_arm64/lib/libutee.a(tee_api_arith_mpi.o)
 .debug_abbrev  0x0000000000002959      0x328 /home/seungwoo/optee/Linux_for_Tegra/sources/tegra/optee-src/nv-optee/optee/build/t234/export-ta_arm64/lib/libutee.a(tee_api_property.o)
 .debug_abbrev  0x0000000000002c81      0x284 /home/seungwoo/optee/Linux_for_Tegra/sources/tegra/optee-src/nv-optee/optee/build/t234/export-ta_arm64/lib/libutee.a(tee_system_pta.o)
 .debug_abbrev  0x0000000000002f05      0x2d5 /home/seungwoo/optee/Linux_for_Tegra/sources/tegra/optee-src/nv-optee/optee/build/t234/export-ta_arm64/lib/libutee.a(tcb.o)
 .debug_abbrev  0x00000000000031da      0x1a3 /home/seungwoo/optee/Linux_for_Tegra/sources/tegra/optee-src/nv-optee/optee/build/t234/export-ta_arm64/lib/libutee.a(base64.o)
 .debug_abbrev  0x000000000000337d      0x5ab /home/seungwoo/optee/Linux_for_Tegra/sources/tegra/optee-src/nv-optee/optee/build/t234/export-ta_arm64/lib/libmbedtls.a(bignum.o)
 .debug_abbrev  0x0000000000003928      0x38f /home/seungwoo/optee/Linux_for_Tegra/sources/tegra/optee-src/nv-optee/optee/build/t234/export-ta_arm64/lib/libmbedtls.a(constant_time.o)
 .debug_abbrev  0x0000000000003cb7       0xdf /home/seungwoo/optee/Linux_for_Tegra/sources/tegra/optee-src/nv-optee/optee/build/t234/export-ta_arm64/lib/libmbedtls.a(platform_util.o)
 .debug_abbrev  0x0000000000003d96      0x4c1 /home/seungwoo/optee/Linux_for_Tegra/sources/tegra/optee-src/nv-optee/optee/build/t234/export-ta_arm64/lib/libutils.a(bget_malloc.o)
 .debug_abbrev  0x0000000000004257      0x16c /home/seungwoo/optee/Linux_for_Tegra/sources/tegra/optee-src/nv-optee/optee/build/t234/export-ta_arm64/lib/libutils.a(snprintf.o)
 .debug_abbrev  0x00000000000043c3       0xa4 /home/seungwoo/optee/Linux_for_Tegra/sources/tegra/optee-src/nv-optee/optee/build/t234/export-ta_arm64/lib/libutils.a(memmove.o)
 .debug_abbrev  0x0000000000004467       0xa3 /home/seungwoo/optee/Linux_for_Tegra/sources/tegra/optee-src/nv-optee/optee/build/t234/export-ta_arm64/lib/libutils.a(memset.o)
 .debug_abbrev  0x000000000000450a       0x6f /home/seungwoo/optee/Linux_for_Tegra/sources/tegra/optee-src/nv-optee/optee/build/t234/export-ta_arm64/lib/libutils.a(strcmp.o)
 .debug_abbrev  0x0000000000004579       0xa3 /home/seungwoo/optee/Linux_for_Tegra/sources/tegra/optee-src/nv-optee/optee/build/t234/export-ta_arm64/lib/libutils.a(strlcpy.o)
 .debug_abbrev  0x000000000000461c      0x27b /home/seungwoo/optee/Linux_for_Tegra/sources/tegra/optee-src/nv-optee/optee/build/t234/export-ta_arm64/lib/libutils.a(mempool.o)