Archive member included to satisfy reference by file (symbol)

/home/avees/optee_local_build/Linux_for_Tegra/sources/tegra/optee-src/nv-optee/optee/build/t234/export-ta_arm64/lib/libutils.a(stack_check.o)
                              /home/avees/optee_local_build/Linux_for_Tegra/sources/tegra/optee-src/nv-optee/optee/cp4ad-optee/T5.optee_crypto/build/ta/T5.optee_crypto/ta_optee_crypto.o (__stack_chk_guard)
/home/avees/optee_local_build/Linux_for_Tegra/sources/tegra/optee-src/nv-optee/optee/build/t234/export-ta_arm64/lib/libutils.a(strlen.o)
                              /home/avees/optee_local_build/Linux_for_Tegra/sources/tegra/optee-src/nv-optee/optee/cp4ad-optee/T5.optee_crypto/build/ta/T5.optee_crypto/ta_optee_crypto.o (strlen)
/home/avees/optee_local_build/Linux_for_Tegra/sources/tegra/optee-src/nv-optee/optee/build/t234/export-ta_arm64/lib/libutils.a(trace.o)
                              /home/avees/optee_local_build/Linux_for_Tegra/sources/tegra/optee-src/nv-optee/optee/cp4ad-optee/T5.optee_crypto/build/ta/T5.optee_crypto/ta_optee_crypto.o (trace_printf)
/home/avees/optee_local_build/Linux_for_Tegra/sources/tegra/optee-src/nv-optee/optee/build/t234/export-ta_arm64/lib/libutils.a(snprintk.o)
                              /home/avees/optee_local_build/Linux_for_Tegra/sources/tegra/optee-src/nv-optee/optee/build/t234/export-ta_arm64/lib/libutils.a(trace.o) (snprintk)
/home/avees/optee_local_build/Linux_for_Tegra/sources/tegra/optee-src/nv-optee/optee/build/t234/export-ta_arm64/lib/libutils.a(memchr.o)
                              /home/avees/optee_local_build/Linux_for_Tegra/sources/tegra/optee-src/nv-optee/optee/build/t234/export-ta_arm64/lib/libutils.a(snprintk.o) (memchr)
/home/avees/optee_local_build/Linux_for_Tegra/sources/tegra/optee-src/nv-optee/optee/build/t234/export-ta_arm64/lib/libutee.a(trace_ext.o)
                              /home/avees/optee_local_build/Linux_for_Tegra/sources/tegra/optee-src/nv-optee/optee/build/t234/export-ta_arm64/lib/libutils.a(trace.o) (trace_ext_puts)
/home/avees/optee_local_build/Linux_for_Tegra/sources/tegra/optee-src/nv-optee/optee/build/t234/export-ta_arm64/lib/libutee.a(tee_api_objects.o)
                              /home/avees/optee_local_build/Linux_for_Tegra/sources/tegra/optee-src/nv-optee/optee/cp4ad-optee/T5.optee_crypto/build/ta/T5.optee_crypto/ta_optee_crypto.o (TEE_CloseObject)
/home/avees/optee_local_build/Linux_for_Tegra/sources/tegra/optee-src/nv-optee/optee/build/t234/export-ta_arm64/lib/libutee.a(tee_api_panic.o)
                              /home/avees/optee_local_build/Linux_for_Tegra/sources/tegra/optee-src/nv-optee/optee/build/t234/export-ta_arm64/lib/libutee.a(tee_api_objects.o) (TEE_Panic)
/home/avees/optee_local_build/Linux_for_Tegra/sources/tegra/optee-src/nv-optee/optee/build/t234/export-ta_arm64/lib/libutee.a(user_ta_entry.o)
                              /home/avees/optee_local_build/Linux_for_Tegra/sources/tegra/optee-src/nv-optee/optee/cp4ad-optee/T5.optee_crypto/build/ta/T5.optee_crypto/user_ta_header.o (__utee_entry)
/home/avees/optee_local_build/Linux_for_Tegra/sources/tegra/optee-src/nv-optee/optee/build/t234/export-ta_arm64/lib/libutee.a(utee_syscalls_a64.o)
                              /home/avees/optee_local_build/Linux_for_Tegra/sources/tegra/optee-src/nv-optee/optee/build/t234/export-ta_arm64/lib/libutils.a(stack_check.o) (_utee_panic)
/home/avees/optee_local_build/Linux_for_Tegra/sources/tegra/optee-src/nv-optee/optee/build/t234/export-ta_arm64/lib/libutee.a(abort.o)
                              /home/avees/optee_local_build/Linux_for_Tegra/sources/tegra/optee-src/nv-optee/optee/build/t234/export-ta_arm64/lib/libutee.a(user_ta_entry.o) (abort)
/home/avees/optee_local_build/Linux_for_Tegra/sources/tegra/optee-src/nv-optee/optee/build/t234/export-ta_arm64/lib/libutee.a(tee_api.o)
                              /home/avees/optee_local_build/Linux_for_Tegra/sources/tegra/optee-src/nv-optee/optee/build/t234/export-ta_arm64/lib/libutee.a(tee_api_panic.o) (TEE_CheckMemoryAccessRights)
/home/avees/optee_local_build/Linux_for_Tegra/sources/tegra/optee-src/nv-optee/optee/build/t234/export-ta_arm64/lib/libutee.a(tee_api_arith_mpi.o)
                              /home/avees/optee_local_build/Linux_for_Tegra/sources/tegra/optee-src/nv-optee/optee/build/t234/export-ta_arm64/lib/libutee.a(user_ta_entry.o) (_TEE_MathAPI_Init)
/home/avees/optee_local_build/Linux_for_Tegra/sources/tegra/optee-src/nv-optee/optee/build/t234/export-ta_arm64/lib/libutee.a(tee_api_property.o)
                              /home/avees/optee_local_build/Linux_for_Tegra/sources/tegra/optee-src/nv-optee/optee/build/t234/export-ta_arm64/lib/libutee.a(user_ta_entry.o) (TEE_GetPropertyAsU32)
/home/avees/optee_local_build/Linux_for_Tegra/sources/tegra/optee-src/nv-optee/optee/build/t234/export-ta_arm64/lib/libutee.a(tee_system_pta.o)
[...]
Memory Configuration

Name             Origin             Length             Attributes
*default*        0x0000000000000000 0xffffffffffffffff

Linker script and memory map


.ta_head        0x0000000000000000       0x20
 *(SORT_BY_ALIGNMENT(.ta_head))
 .ta_head       0x0000000000000000       0x20 /home/avees/optee_local_build/Linux_for_Tegra/sources/tegra/optee-src/nv-optee/optee/cp4ad-optee/T5.optee_crypto/build/ta/T5.optee_crypto/user_ta_header.o
                0x0000000000000000                ta_head

.text           0x0000000000000020    0x1dbdc
                0x0000000000000020                __text_start = .
 *(SORT_BY_ALIGNMENT(.text) SORT_BY_ALIGNMENT(.text.*))
 .text          0x0000000000000020      0x498 /home/avees/optee_local_build/Linux_for_Tegra/sources/tegra/optee-src/nv-optee/optee/cp4ad-optee/T5.optee_crypto/build/ta/T5.optee_crypto/ta_optee_crypto.o
                0x0000000000000020                TA_CreateEntryPoint
                0x0000000000000054                TA_DestroyEntryPoint
                0x0000000000000088                TA_OpenSessionEntryPoint
                0x00000000000000c8                TA_CloseSessionEntryPoint
                0x0000000000000100                save_aes_key
                0x00000000000001e8                load_aes_key
                0x0000000000000304                crypt_data
                0x000000000000043c                TA_InvokeCommandEntryPoint
 .text          0x00000000000004b8       0x5c /home/avees/optee_local_build/Linux_for_Tegra/sources/tegra/optee-src/nv-optee/optee/cp4ad-optee/T5.optee_crypto/build/ta/T5.optee_crypto/user_ta_header.o
                0x00000000000004b8                __ta_entry
                0x000000000000050c                tahead_get_trace_level
 .text          0x0000000000000514       0x30 /home/avees/optee_local_build/Linux_for_Tegra/sources/tegra/optee-src/nv-optee/optee/build/t234/export-ta_arm64/lib/libutils.a(stack_check.o)
                0x0000000000000514                __stack_chk_fail
 .text          0x0000000000000544       0xd4 /home/avees/optee_local_build/Linux_for_Tegra/sources/tegra/optee-src/nv-optee/optee/build/t234/export-ta_arm64/lib/libutils.a(strlen.o)
                0x0000000000000544                strlen
 .text          0x0000000000000618      0x974 /home/avees/optee_local_build/Linux_for_Tegra/sources/tegra/optee-src/nv-optee/optee/build/t234/export-ta_arm64/lib/libutils.a(trace.o)
                0x0000000000000618                trace_set_level
                0x000000000000066c                trace_get_level
                0x000000000000076c                trace_printf
                0x000000000000085c                trace_vprintf
                0x0000000000000d7c                dhex_dump
 .text          0x0000000000000f8c     0x2018 /home/avees/optee_local_build/Linux_for_Tegra/sources/tegra/optee-src/nv-optee/optee/build/t234/export-ta_arm64/lib/libutils.a(snprintk.o)
                0x0000000000000f8c                snprintk
                0x0000000000001080                vsnprintk
                0x00000000000010e4                __vsnprintf
                0x00000000000011f8                __vsprintf
 .text          0x0000000000002fa4      0x1b8 /home/avees/optee_local_build/Linux_for_Tegra/sources/tegra/optee-src/nv-optee/optee/build/t234/export-ta_arm64/lib/libutils.a(memchr.o)
                0x0000000000002fa4                memchr
 .text          0x000000000000315c      0x214 /home/avees/optee_local_build/Linux_for_Tegra/sources/tegra/optee-src/nv-optee/optee/build/t234/export-ta_arm64/lib/libutee.a(trace_ext.o)
                0x000000000000315c                trace_ext_puts
                0x0000000000003188                trace_ext_get_thread_id
                0x0000000000003190                printf
                0x00000000000032bc                puts
                0x00000000000032f4                putchar
 .text          0x0000000000003370     0x2c34 /home/avees/optee_local_build/Linux_for_Tegra/sources/tegra/optee-src/nv-optee/optee/build/t234/export-ta_arm64/lib/libutee.a(tee_api_objects.o)
                0x0000000000003370                __utee_from_attr
                0x000000000000355c                __utee_from_gp11_attr
                0x0000000000003750                TEE_GetObjectInfo
                0x000000000000387c                __GP11_TEE_GetObjectInfo
                0x00000000000039a0                TEE_GetObjectInfo1
                0x0000000000003ab4                __GP11_TEE_GetObjectInfo1
                0x0000000000003bc0                TEE_RestrictObjectUsage
                0x0000000000003c70                TEE_RestrictObjectUsage1
                0x0000000000003cd8                TEE_GetObjectBufferAttribute
                0x0000000000003e2c                __GP11_TEE_GetObjectBufferAttribute
                0x0000000000003edc                TEE_GetObjectValueAttribute
                0x0000000000004078                TEE_CloseObject
                0x00000000000040c0                TEE_AllocateTransientObject
                0x0000000000004108                __GP11_TEE_AllocateTransientObject
                0x00000000000041d8                TEE_FreeTransientObject
                0x00000000000042a4                TEE_ResetTransientObject
                0x0000000000004370                TEE_PopulateTransientObject
                0x00000000000045f4                __GP11_TEE_PopulateTransientObject
                0x0000000000004878                TEE_InitRefAttribute
                0x00000000000048e4                __GP11_TEE_InitRefAttribute
                0x0000000000004950                TEE_InitValueAttribute
                0x00000000000049bc                __GP11_TEE_InitValueAttribute
                0x0000000000004a28                TEE_CopyObjectAttributes
                0x0000000000004ad8                TEE_CopyObjectAttributes1
                0x0000000000004c30                TEE_GenerateKey
                0x0000000000004e54                __GP11_TEE_GenerateKey
                0x000000000000507c                TEE_OpenPersistentObject
                0x00000000000051b0                __GP11_TEE_OpenPersistentObject
                0x00000000000051f0                TEE_CreatePersistentObject
                0x0000000000005384                __GP11_TEE_CreatePersistentObject
                0x00000000000053ec                TEE_CloseAndDeletePersistentObject
                0x0000000000005434                TEE_CloseAndDeletePersistentObject1
                0x0000000000005494                TEE_RenamePersistentObject
                0x000000000000552c                __GP11_TEE_RenamePersistentObject
                0x000000000000555c                TEE_AllocatePersistentObjectEnumerator
                0x0000000000005610                TEE_FreePersistentObjectEnumerator
                0x0000000000005658                TEE_ResetPersistentObjectEnumerator
                0x00000000000056a0                TEE_StartPersistentObjectEnumerator
                0x0000000000005718                TEE_GetNextPersistentObject
                0x00000000000058b4                __GP11_TEE_GetNextPersistentObject
                0x0000000000005a50                TEE_ReadObjectData
                0x0000000000005b44                __GP11_TEE_ReadObjectData
                0x0000000000005bf8                TEE_WriteObjectData
                0x0000000000005cbc                __GP11_TEE_WriteObjectData
                0x0000000000005cec                TEE_TruncateObjectData
                0x0000000000005d7c                __GP11_TEE_TruncateObjectData
                0x0000000000005da4                TEE_SeekObjectData
                0x0000000000005f74                __GP11_TEE_SeekObjectData
 .text          0x0000000000005fa4      0x3c0 /home/avees/optee_local_build/Linux_for_Tegra/sources/tegra/optee-src/nv-optee/optee/build/t234/export-ta_arm64/lib/libutee.a(tee_api_panic.o)
                0x0000000000005fa4                TEE_Panic
                0x0000000000006070                __utee_check_outbuf_annotation
                0x00000000000060d4                __utee_check_gp11_outbuf_annotation
                0x000000000000613c                __utee_check_instring_annotation
                0x0000000000006180                __utee_check_outstring_annotation
                0x00000000000061e4                __utee_check_gp11_outstring_annotation
                0x000000000000624c                __utee_check_out_annotation
                0x0000000000006288                __utee_check_attr_in_annotation
                0x00000000000062d8                __utee_check_gp11_attr_in_annotation
                0x0000000000006328                __utee_check_inout_annotation
 .text          0x0000000000006364      0xf90 /home/avees/optee_local_build/Linux_for_Tegra/sources/tegra/optee-src/nv-optee/optee/build/t234/export-ta_arm64/lib/libutee.a(user_ta_entry.o)
                0x0000000000006604                __utee_call_elf_init_fn
                0x00000000000068d0                __utee_call_elf_fini_fn
                0x0000000000007248                __utee_entry
 .text._utee_panic
                0x00000000000072f4        0xc /home/avees/optee_local_build/Linux_for_Tegra/sources/tegra/optee-src/nv-optee/optee/build/t234/export-ta_arm64/lib/libutee.a(utee_syscalls_a64.o)
                0x00000000000072f4                _utee_panic
 .text._utee_return
                0x0000000000007300        0xc /home/avees/optee_local_build/Linux_for_Tegra/sources/tegra/optee-src/nv-optee/optee/build/t234/export-ta_arm64/lib/libutee.a(utee_syscalls_a64.o)
                0x0000000000007300                _utee_return
 .text._utee_log
                0x000000000000730c        0xc /home/avees/optee_local_build/Linux_for_Tegra/sources/tegra/optee-src/nv-optee/optee/build/t234/export-ta_arm64/lib/libutee.a(utee_syscalls_a64.o)
                0x000000000000730c                _utee_log
 .text.__utee_panic
                0x0000000000007318        0xc /home/avees/optee_local_build/Linux_for_Tegra/sources/tegra/optee-src/nv-optee/optee/build/t234/export-ta_arm64/lib/libutee.a(utee_syscalls_a64.o)
                0x0000000000007318                __utee_panic
 .text._utee_get_property
                0x0000000000007324        0xc /home/avees/optee_local_build/Linux_for_Tegra/sources/tegra/optee-src/nv-optee/optee/build/t234/export-ta_arm64/lib/libutee.a(utee_syscalls_a64.o)
                0x0000000000007324                _utee_get_property
 .text._utee_get_property_name_to_index
                0x0000000000007330        0xc /home/avees/optee_local_build/Linux_for_Tegra/sources/tegra/optee-src/nv-optee/optee/build/t234/export-ta_arm64/lib/libutee.a(utee_syscalls_a64.o)
                0x0000000000007330                _utee_get_property_name_to_index
 .text._utee_open_ta_session
                0x000000000000733c        0xc /home/avees/optee_local_build/Linux_for_Tegra/sources/tegra/optee-src/nv-optee/optee/build/t234/export-ta_arm64/lib/libutee.a(utee_syscalls_a64.o)
                0x000000000000733c                _utee_open_ta_session
 .text._utee_close_ta_session
                0x0000000000007348        0xc /home/avees/optee_local_build/Linux_for_Tegra/sources/tegra/optee-src/nv-optee/optee/build/t234/export-ta_arm64/lib/libutee.a(utee_syscalls_a64.o)
                0x0000000000007348                _utee_close_ta_session
 .text._utee_invoke_ta_command
                0x0000000000007354        0xc /home/avees/optee_local_build/Linux_for_Tegra/sources/tegra/optee-src/nv-optee/optee/build/t234/export-ta_arm64/lib/libutee.a(utee_syscalls_a64.o)
                0x0000000000007354                _utee_invoke_ta_command
 .text._utee_get_cancellation_flag
                0x0000000000007360        0xc /home/avees/optee_local_build/Linux_for_Tegra/sources/tegra/optee-src/nv-optee/optee/build/t234/export-ta_arm64/lib/libutee.a(utee_syscalls_a64.o)
                0x0000000000007360                _utee_get_cancellation_flag
 .text._utee_check_access_rights
                0x000000000000736c        0xc /home/avees/optee_local_build/Linux_for_Tegra/sources/tegra/optee-src/nv-optee/optee/build/t234/export-ta_arm64/lib/libutee.a(utee_syscalls_a64.o)
                0x000000000000736c                _utee_check_access_rights
 .text._utee_unmask_cancellation
                0x0000000000007378        0xc /home/avees/optee_local_build/Linux_for_Tegra/sources/tegra/optee-src/nv-optee/optee/build/t234/export-ta_arm64/lib/libutee.a(utee_syscalls_a64.o)
                0x0000000000007378                _utee_unmask_cancellation
 .text._utee_mask_cancellation
                0x0000000000007384        0xc /home/avees/optee_local_build/Linux_for_Tegra/sources/tegra/optee-src/nv-optee/optee/build/t234/export-ta_arm64/lib/libutee.a(utee_syscalls_a64.o)
                0x0000000000007384                _utee_mask_cancellation
 .text._utee_wait
                0x0000000000007390        0xc /home/avees/optee_local_build/Linux_for_Tegra/sources/tegra/optee-src/nv-optee/optee/build/t234/export-ta_arm64/lib/libutee.a(utee_syscalls_a64.o)
                0x0000000000007390                _utee_wait
 .text._utee_get_time
                0x000000000000739c        0xc /home/avees/optee_local_build/Linux_for_Tegra/sources/tegra/optee-src/nv-optee/optee/build/t234/export-ta_arm64/lib/libutee.a(utee_syscalls_a64.o)
                0x000000000000739c                _utee_get_time
 .text._utee_set_ta_time
                0x00000000000073a8        0xc /home/avees/optee_local_build/Linux_for_Tegra/sources/tegra/optee-src/nv-optee/optee/build/t234/export-ta_arm64/lib/libutee.a(utee_syscalls_a64.o)
                0x00000000000073a8                _utee_set_ta_time
 .text._utee_cryp_state_alloc
                0x00000000000073b4        0xc /home/avees/optee_local_build/Linux_for_Tegra/sources/tegra/optee-src/nv-optee/optee/build/t234/export-ta_arm64/lib/libutee.a(utee_syscalls_a64.o)
                0x00000000000073b4                _utee_cryp_state_alloc
 .text._utee_cryp_state_copy
                0x00000000000073c0        0xc /home/avees/optee_local_build/Linux_for_Tegra/sources/tegra/optee-src/nv-optee/optee/build/t234/export-ta_arm64/lib/libutee.a(utee_syscalls_a64.o)
                0x00000000000073c0                _utee_cryp_state_copy
 .text._utee_cryp_state_free
                0x00000000000073cc        0xc /home/avees/optee_local_build/Linux_for_Tegra/sources/tegra/optee-src/nv-optee/optee/build/t234/export-ta_arm64/lib/libutee.a(utee_syscalls_a64.o)
                0x00000000000073cc                _utee_cryp_state_free
 .text._utee_hash_init
                0x00000000000073d8        0xc /home/avees/optee_local_build/Linux_for_Tegra/sources/tegra/optee-src/nv-optee/optee/build/t234/export-ta_arm64/lib/libutee.a(utee_syscalls_a64.o)
                0x00000000000073d8                _utee_hash_init
 .text._utee_hash_update
                0x00000000000073e4        0xc /home/avees/optee_local_build/Linux_for_Tegra/sources/tegra/optee-src/nv-optee/optee/build/t234/export-ta_arm64/lib/libutee.a(utee_syscalls_a64.o)
                0x00000000000073e4                _utee_hash_update
 .text._utee_hash_final
                0x00000000000073f0        0xc /home/avees/optee_local_build/Linux_for_Tegra/sources/tegra/optee-src/nv-optee/optee/build/t234/export-ta_arm64/lib/libutee.a(utee_syscalls_a64.o)
                0x00000000000073f0                _utee_hash_final
 .text._utee_cipher_init
                0x00000000000073fc        0xc /home/avees/optee_local_build/Linux_for_Tegra/sources/tegra/optee-src/nv-optee/optee/build/t234/export-ta_arm64/lib/libutee.a(utee_syscalls_a64.o)
                0x00000000000073fc                _utee_cipher_init
 .text._utee_cipher_update
                0x0000000000007408        0xc /home/avees/optee_local_build/Linux_for_Tegra/sources/tegra/optee-src/nv-optee/optee/build/t234/export-ta_arm64/lib/libutee.a(utee_syscalls_a64.o)
                0x0000000000007408                _utee_cipher_update
 .text._utee_cipher_final
                0x0000000000007414        0xc /home/avees/optee_local_build/Linux_for_Tegra/sources/tegra/optee-src/nv-optee/optee/build/t234/export-ta_arm64/lib/libutee.a(utee_syscalls_a64.o)
                0x0000000000007414                _utee_cipher_final
 .text._utee_cryp_obj_get_info
                0x0000000000007420        0xc /home/avees/optee_local_build/Linux_for_Tegra/sources/tegra/optee-src/nv-optee/optee/build/t234/export-ta_arm64/lib/libutee.a(utee_syscalls_a64.o)
                0x0000000000007420                _utee_cryp_obj_get_info
 .text._utee_cryp_obj_restrict_usage
                0x000000000000742c        0xc /home/avees/optee_local_build/Linux_for_Tegra/sources/tegra/optee-src/nv-optee/optee/build/t234/export-ta_arm64/lib/libutee.a(utee_syscalls_a64.o)
                0x000000000000742c                _utee_cryp_obj_restrict_usage
 .text._utee_cryp_obj_get_attr
                0x0000000000007438        0xc /home/avees/optee_local_build/Linux_for_Tegra/sources/tegra/optee-src/nv-optee/optee/build/t234/export-ta_arm64/lib/libutee.a(utee_syscalls_a64.o)
                0x0000000000007438                _utee_cryp_obj_get_attr
 .text._utee_cryp_obj_alloc
                0x0000000000007444        0xc /home/avees/optee_local_build/Linux_for_Tegra/sources/tegra/optee-src/nv-optee/optee/build/t234/export-ta_arm64/lib/libutee.a(utee_syscalls_a64.o)
                0x0000000000007444                _utee_cryp_obj_alloc
 .text._utee_cryp_obj_close
                0x0000000000007450        0xc /home/avees/optee_local_build/Linux_for_Tegra/sources/tegra/optee-src/nv-optee/optee/build/t234/export-ta_arm64/lib/libutee.a(utee_syscalls_a64.o)
                0x0000000000007450                _utee_cryp_obj_close
 .text._utee_cryp_obj_reset
                0x000000000000745c        0xc /home/avees/optee_local_build/Linux_for_Tegra/sources/tegra/optee-src/nv-optee/optee/build/t234/export-ta_arm64/lib/libutee.a(utee_syscalls_a64.o)
                0x000000000000745c                _utee_cryp_obj_reset
 .text._utee_cryp_obj_populate
                0x0000000000007468        0xc /home/avees/optee_local_build/Linux_for_Tegra/sources/tegra/optee-src/nv-optee/optee/build/t234/export-ta_arm64/lib/libutee.a(utee_syscalls_a64.o)
                0x0000000000007468                _utee_cryp_obj_populate
 .text._utee_cryp_obj_copy
                0x0000000000007474        0xc /home/avees/optee_local_build/Linux_for_Tegra/sources/tegra/optee-src/nv-optee/optee/build/t234/export-ta_arm64/lib/libutee.a(utee_syscalls_a64.o)
                0x0000000000007474                _utee_cryp_obj_copy
 .text._utee_cryp_derive_key
                0x0000000000007480        0xc /home/avees/optee_local_build/Linux_for_Tegra/sources/tegra/optee-src/nv-optee/optee/build/t234/export-ta_arm64/lib/libutee.a(utee_syscalls_a64.o)
                0x0000000000007480                _utee_cryp_derive_key
 .text._utee_cryp_random_number_generate
                0x000000000000748c        0xc /home/avees/optee_local_build/Linux_for_Tegra/sources/tegra/optee-src/nv-optee/optee/build/t234/export-ta_arm64/lib/libutee.a(utee_syscalls_a64.o)
                0x000000000000748c                _utee_cryp_random_number_generate
 .text._utee_authenc_init
                0x0000000000007498        0xc /home/avees/optee_local_build/Linux_for_Tegra/sources/tegra/optee-src/nv-optee/optee/build/t234/export-ta_arm64/lib/libutee.a(utee_syscalls_a64.o)
                0x0000000000007498                _utee_authenc_init
 .text._utee_authenc_update_aad
                0x00000000000074a4        0xc /home/avees/optee_local_build/Linux_for_Tegra/sources/tegra/optee-src/nv-optee/optee/build/t234/export-ta_arm64/lib/libutee.a(utee_syscalls_a64.o)
                0x00000000000074a4                _utee_authenc_update_aad
 .text._utee_authenc_update_payload
                0x00000000000074b0        0xc /home/avees/optee_local_build/Linux_for_Tegra/sources/tegra/optee-src/nv-optee/optee/build/t234/export-ta_arm64/lib/libutee.a(utee_syscalls_a64.o)
                0x00000000000074b0                _utee_authenc_update_payload
 .text._utee_authenc_enc_final
                0x00000000000074bc        0xc /home/avees/optee_local_build/Linux_for_Tegra/sources/tegra/optee-src/nv-optee/optee/build/t234/export-ta_arm64/lib/libutee.a(utee_syscalls_a64.o)
                0x00000000000074bc                _utee_authenc_enc_final
 .text._utee_authenc_dec_final
                0x00000000000074c8        0xc /home/avees/optee_local_build/Linux_for_Tegra/sources/tegra/optee-src/nv-optee/optee/build/t234/export-ta_arm64/lib/libutee.a(utee_syscalls_a64.o)
                0x00000000000074c8                _utee_authenc_dec_final
 .text._utee_asymm_operate
                0x00000000000074d4        0xc /home/avees/optee_local_build/Linux_for_Tegra/sources/tegra/optee-src/nv-optee/optee/build/t234/export-ta_arm64/lib/libutee.a(utee_syscalls_a64.o)
                0x00000000000074d4                _utee_asymm_operate
 .text._utee_asymm_verify
                0x00000000000074e0        0xc /home/avees/optee_local_build/Linux_for_Tegra/sources/tegra/optee-src/nv-optee/optee/build/t234/export-ta_arm64/lib/libutee.a(utee_syscalls_a64.o)
                0x00000000000074e0                _utee_asymm_verify
 .text._utee_storage_obj_open
                0x00000000000074ec        0xc /home/avees/optee_local_build/Linux_for_Tegra/sources/tegra/optee-src/nv-optee/optee/build/t234/export-ta_arm64/lib/libutee.a(utee_syscalls_a64.o)
                0x00000000000074ec                _utee_storage_obj_open
 .text._utee_storage_obj_create
                0x00000000000074f8        0xc /home/avees/optee_local_build/Linux_for_Tegra/sources/tegra/optee-src/nv-optee/optee/build/t234/export-ta_arm64/lib/libutee.a(utee_syscalls_a64.o)
                0x00000000000074f8                _utee_storage_obj_create
 .text._utee_storage_obj_del
                0x0000000000007504        0xc /home/avees/optee_local_build/Linux_for_Tegra/sources/tegra/optee-src/nv-optee/optee/build/t234/export-ta_arm64/lib/libutee.a(utee_syscalls_a64.o)
                0x0000000000007504                _utee_storage_obj_del
 .text._utee_storage_obj_rename
                0x0000000000007510        0xc /home/avees/optee_local_build/Linux_for_Tegra/sources/tegra/optee-src/nv-optee/optee/build/t234/export-ta_arm64/lib/libutee.a(utee_syscalls_a64.o)
                0x0000000000007510                _utee_storage_obj_rename
 .text._utee_storage_alloc_enum
                0x000000000000751c        0xc /home/avees/optee_local_build/Linux_for_Tegra/sources/tegra/optee-src/nv-optee/optee/build/t234/export-ta_arm64/lib/libutee.a(utee_syscalls_a64.o)
                0x000000000000751c                _utee_storage_alloc_enum
 .text._utee_storage_free_enum
                0x0000000000007528        0xc /home/avees/optee_local_build/Linux_for_Tegra/sources/tegra/optee-src/nv-optee/optee/build/t234/export-ta_arm64/lib/libutee.a(utee_syscalls_a64.o)
                0x0000000000007528                _utee_storage_free_enum
 .text._utee_storage_reset_enum
                0x0000000000007534        0xc /home/avees/optee_local_build/Linux_for_Tegra/sources/tegra/optee-src/nv-optee/optee/build/t234/export-ta_arm64/lib/libutee.a(utee_syscalls_a64.o)
                0x0000000000007534                _utee_storage_reset_enum
 .text._utee_storage_start_enum
                0x0000000000007540        0xc /home/avees/optee_local_build/Linux_for_Tegra/sources/tegra/optee-src/nv-optee/optee/build/t234/export-ta_arm64/lib/libutee.a(utee_syscalls_a64.o)
                0x0000000000007540                _utee_storage_start_enum
 .text._utee_storage_next_enum
                0x000000000000754c        0xc /home/avees/optee_local_build/Linux_for_Tegra/sources/tegra/optee-src/nv-optee/optee/build/t234/export-ta_arm64/lib/libutee.a(utee_syscalls_a64.o)
                0x000000000000754c                _utee_storage_next_enum
 .text._utee_storage_obj_read
                0x0000000000007558        0xc /home/avees/optee_local_build/Linux_for_Tegra/sources/tegra/optee-src/nv-optee/optee/build/t234/export-ta_arm64/lib/libutee.a(utee_syscalls_a64.o)
                0x0000000000007558                _utee_storage_obj_read
 .text._utee_storage_obj_write
                0x0000000000007564        0xc /home/avees/optee_local_build/Linux_for_Tegra/sources/tegra/optee-src/nv-optee/optee/build/t234/export-ta_arm64/lib/libutee.a(utee_syscalls_a64.o)
                0x0000000000007564                _utee_storage_obj_write
 .text._utee_storage_obj_trunc
                0x0000000000007570        0xc /home/avees/optee_local_build/Linux_for_Tegra/sources/tegra/optee-src/nv-optee/optee/build/t234/export-ta_arm64/lib/libutee.a(utee_syscalls_a64.o)
                0x0000000000007570                _utee_storage_obj_trunc
 .text._utee_storage_obj_seek
                0x000000000000757c        0xc /home/avees/optee_local_build/Linux_for_Tegra/sources/tegra/optee-src/nv-optee/optee/build/t234/export-ta_arm64/lib/libutee.a(utee_syscalls_a64.o)
                0x000000000000757c                _utee_storage_obj_seek
 .text._utee_cryp_obj_generate_key
                0x0000000000007588        0xc /home/avees/optee_local_build/Linux_for_Tegra/sources/tegra/optee-src/nv-optee/optee/build/t234/export-ta_arm64/lib/libutee.a(utee_syscalls_a64.o)
                0x0000000000007588                _utee_cryp_obj_generate_key
 .text._utee_cache_operation
                0x0000000000007594        0xc /home/avees/optee_local_build/Linux_for_Tegra/sources/tegra/optee-src/nv-optee/optee/build/t234/export-ta_arm64/lib/libutee.a(utee_syscalls_a64.o)
                0x0000000000007594                _utee_cache_operation
 .text          0x00000000000075a0       0x20 /home/avees/optee_local_build/Linux_for_Tegra/sources/tegra/optee-src/nv-optee/optee/build/t234/export-ta_arm64/lib/libutee.a(abort.o)
                0x00000000000075a0                abort
 .text          0x00000000000075c0     0x1cf8 /home/avees/optee_local_build/Linux_for_Tegra/sources/tegra/optee-src/nv-optee/optee/build/t234/export-ta_arm64/lib/libutee.a(tee_api.o)
                0x0000000000008220                TEE_OpenTASession
                0x00000000000083bc                __GP11_TEE_OpenTASession
                0x000000000000854c                TEE_CloseTASession
                0x0000000000008590                TEE_InvokeTACommand
                0x000000000000876c                __GP11_TEE_InvokeTACommand
                0x000000000000893c                TEE_GetCancellationFlag
                0x00000000000089b4                TEE_UnmaskCancellation
                0x0000000000008a30                TEE_MaskCancellation
                0x0000000000008aac                TEE_CheckMemoryAccessRights
                0x0000000000008b74                __GP11_TEE_CheckMemoryAccessRights
                0x0000000000008ba4                TEE_SetInstanceData
                0x0000000000008bc8                TEE_GetInstanceData
                0x0000000000008bd8                TEE_MemMove
                0x0000000000008c04                __GP11_TEE_MemMove
                0x0000000000008c34                TEE_MemCompare
                0x0000000000008c60                __GP11_TEE_MemCompare
                0x0000000000008c90                TEE_MemFill
                0x0000000000008cc4                __GP11_TEE_MemFill
                0x0000000000008cf8                TEE_GetSystemTime
                0x0000000000008d34                TEE_Wait
                0x0000000000008d7c                TEE_GetTAPersistentTime
                0x0000000000008e20                TEE_SetTAPersistentTime
                0x0000000000008e78                TEE_GetREETime
                0x0000000000008eb4                TEE_Malloc
                0x0000000000009060                __GP11_TEE_Malloc
                0x00000000000090a8                TEE_Realloc
                0x00000000000091ac                __GP11_TEE_Realloc
                0x00000000000091d4                TEE_Free
                0x0000000000009240                TEE_CacheClean
                0x0000000000009268                TEE_CacheFlush
                0x0000000000009290                TEE_CacheInvalidate
 .text          0x00000000000092b8     0x2c88 /home/avees/optee_local_build/Linux_for_Tegra/sources/tegra/optee-src/nv-optee/optee/build/t234/export-ta_arm64/lib/libutee.a(tee_api_arith_mpi.o)
                0x0000000000009330                _TEE_MathAPI_Init
                0x000000000000956c                TEE_BigIntInit
                0x00000000000095f0                __GP11_TEE_BigIntInit
                0x000000000000961c                TEE_BigIntConvertFromOctetString
                0x00000000000096e8                __GP11_TEE_BigIntConvertFromOctetString
                0x0000000000009720                TEE_BigIntConvertToOctetString
                0x00000000000097fc                __GP11_TEE_BigIntConvertToOctetString
                0x0000000000009894                TEE_BigIntConvertFromS32
                0x0000000000009958                TEE_BigIntConvertToS32
                0x0000000000009a9c                TEE_BigIntCmp
                0x0000000000009b2c                TEE_BigIntCmpS32
                0x0000000000009ba8                TEE_BigIntShiftRight
                0x0000000000009dc4                __GP11_TEE_BigIntShiftRight
                0x0000000000009df8                TEE_BigIntGetBit
                0x0000000000009e7c                TEE_BigIntGetBitCount
                0x0000000000009ef0                TEE_BigIntSetBit
                0x0000000000009fac                TEE_BigIntAssign
                0x000000000000a05c                TEE_BigIntAbs
                0x000000000000a42c                TEE_BigIntAdd
                0x000000000000a464                TEE_BigIntSub
                0x000000000000a49c                TEE_BigIntNeg
                0x000000000000a59c                TEE_BigIntMul
                0x000000000000a6d0                TEE_BigIntSquare
                0x000000000000a6fc                TEE_BigIntDiv
                0x000000000000a910                TEE_BigIntMod
                0x000000000000a974                TEE_BigIntAddMod
                0x000000000000a9b4                TEE_BigIntSubMod
                0x000000000000a9f4                TEE_BigIntMulMod
                0x000000000000aa34                TEE_BigIntSquareMod
                0x000000000000aa68                TEE_BigIntInvMod
                0x000000000000abd4                TEE_BigIntRelativePrime
                0x000000000000ad50                TEE_BigIntExpMod
                0x000000000000b7a0                TEE_BigIntComputeExtendedGcd
                0x000000000000bb0c                TEE_BigIntIsProbablePrime
                0x000000000000bba8                TEE_BigIntInitFMM
                0x000000000000bbd0                __GP11_TEE_BigIntInitFMM
                0x000000000000bbfc                TEE_BigIntInitFMMContext
                0x000000000000bc18                __GP11_TEE_BigIntInitFMMContext
                0x000000000000bc4c                TEE_BigIntInitFMMContext1
                0x000000000000bc68                TEE_BigIntFMMSizeInU32
                0x000000000000bc88                __GP11_TEE_BigIntFMMSizeInU32
                0x000000000000bca4                TEE_BigIntFMMContextSizeInU32
                0x000000000000bcb8                __GP11_TEE_BigIntFMMContextSizeInU32
                0x000000000000bcd4                TEE_BigIntConvertToFMM
                0x000000000000bd08                TEE_BigIntConvertFromFMM
                0x000000000000bde8                TEE_BigIntComputeFMM
 .text          0x000000000000bf40     0x1618 /home/avees/optee_local_build/Linux_for_Tegra/sources/tegra/optee-src/nv-optee/optee/build/t234/export-ta_arm64/lib/libutee.a(tee_api_property.o)
                0x000000000000c544                TEE_GetPropertyAsString
                0x000000000000c8f0                __GP11_TEE_GetPropertyAsString
                0x000000000000c9a0                TEE_GetPropertyAsBool
                0x000000000000caa8                TEE_GetPropertyAsU32
                0x000000000000cba8                TEE_GetPropertyAsU64
                0x000000000000cca8                __GP11_TEE_GetPropertyAsBinaryBlock
                0x000000000000cdb8                TEE_GetPropertyAsBinaryBlock
                0x000000000000ce64                TEE_GetPropertyAsUUID
                0x000000000000cf64                TEE_GetPropertyAsIdentity
                0x000000000000d064                TEE_AllocatePropertyEnumerator
                0x000000000000d0f0                TEE_ResetPropertyEnumerator
                0x000000000000d118                TEE_FreePropertyEnumerator
                0x000000000000d140                TEE_StartPropertyEnumerator
                0x000000000000d184                __GP11_TEE_GetPropertyName
                0x000000000000d364                TEE_GetPropertyName
                0x000000000000d408                TEE_GetNextProperty
 .text          0x000000000000d558      0x468 /home/avees/optee_local_build/Linux_for_Tegra/sources/tegra/optee-src/nv-optee/optee/build/t234/export-ta_arm64/lib/libutee.a(tee_system_pta.o)
                0x000000000000d64c                tee_map_zi
                0x000000000000d758                tee_unmap
                0x000000000000d854                tee_invoke_supp_plugin
 .text          0x000000000000d9c0      0x604 /home/avees/optee_local_build/Linux_for_Tegra/sources/tegra/optee-src/nv-optee/optee/build/t234/export-ta_arm64/lib/libutee.a(tcb.o)
                0x000000000000da14                __utee_tcb_init
                0x000000000000de58                __tls_get_addr
                0x000000000000de98                dl_iterate_phdr
 .text          0x000000000000dfc4       0x70 /home/avees/optee_local_build/Linux_for_Tegra/sources/tegra/optee-src/nv-optee/optee/build/t234/export-ta_arm64/lib/libutee.a(assert.o)
                0x000000000000dfc4                _assert_log
                0x000000000000e020                _assert_break
 .text          0x000000000000e034      0x640 /home/avees/optee_local_build/Linux_for_Tegra/sources/tegra/optee-src/nv-optee/optee/build/t234/export-ta_arm64/lib/libutee.a(base64.o)
                0x000000000000e034                _base64_enc_len
                0x000000000000e064                _base64_enc
                0x000000000000e358                _base64_dec
 .text          0x000000000000e674     0x3950 /home/avees/optee_local_build/Linux_for_Tegra/sources/tegra/optee-src/nv-optee/optee/build/t234/export-ta_arm64/lib/libmbedtls.a(aes.o)
                0x000000000000ece8                mbedtls_aes_init
                0x000000000000ed10                mbedtls_aes_free
                0x000000000000ed44                mbedtls_aes_setkey_enc
                0x000000000000f530                mbedtls_aes_setkey_dec
                0x000000000000f86c                mbedtls_internal_aes_encrypt
                0x0000000000010658                mbedtls_aes_encrypt
                0x0000000000010688                mbedtls_internal_aes_decrypt
                0x0000000000011474                mbedtls_aes_decrypt
                0x00000000000114a4                mbedtls_aes_crypt_ecb
                0x00000000000114f4                mbedtls_aes_crypt_cbc
                0x0000000000011748                mbedtls_aes_crypt_ctr
                0x00000000000118b0                mbedtls_aes_self_test
 .text          0x0000000000011fc4     0x7e2c /home/avees/optee_local_build/Linux_for_Tegra/sources/tegra/optee-src/nv-optee/optee/build/t234/export-ta_arm64/lib/libmbedtls.a(bignum.o)
                0x0000000000012034                mbedtls_mpi_init
                0x0000000000012058                mbedtls_mpi_init_mempool
                0x0000000000012098                mbedtls_mpi_free
                0x0000000000012148                mbedtls_mpi_grow
                0x00000000000122bc                mbedtls_mpi_shrink
                0x0000000000012544                mbedtls_mpi_copy
                0x00000000000126d4                mbedtls_mpi_swap
                0x0000000000012758                mbedtls_mpi_lset
                0x00000000000127fc                mbedtls_mpi_get_bit
                0x000000000001285c                mbedtls_mpi_set_bit
                0x0000000000012998                mbedtls_mpi_lsb
                0x0000000000012a9c                mbedtls_mpi_bitlen
                0x0000000000012b58                mbedtls_mpi_size
                0x0000000000012c44                mbedtls_mpi_read_string
                0x0000000000013128                mbedtls_mpi_write_string
                0x0000000000013590                mbedtls_mpi_read_binary_le
                0x0000000000013680                mbedtls_mpi_read_binary
                0x0000000000013750                mbedtls_mpi_write_binary_le
                0x00000000000138a0                mbedtls_mpi_write_binary
                0x0000000000013a00                mbedtls_mpi_shift_l
                0x0000000000013c58                mbedtls_mpi_shift_r
                0x0000000000013e78                mbedtls_mpi_cmp_abs
                0x0000000000014030                mbedtls_mpi_cmp_mpi
                0x0000000000014250                mbedtls_mpi_cmp_int
                0x00000000000142f0                mbedtls_mpi_add_abs
                0x0000000000014678                mbedtls_mpi_sub_abs
                0x00000000000148dc                mbedtls_mpi_add_mpi
                0x00000000000149f8                mbedtls_mpi_sub_mpi
                0x0000000000014b14                mbedtls_mpi_add_int
                0x0000000000014bbc                mbedtls_mpi_sub_int
                0x0000000000016000                mbedtls_mpi_mul_mpi
                0x00000000000162d4                mbedtls_mpi_mul_int
                0x00000000000164b4                mbedtls_mpi_div_mpi
                0x0000000000016d2c                mbedtls_mpi_div_int
                0x0000000000016ddc                mbedtls_mpi_mod_mpi
                0x0000000000016ecc                mbedtls_mpi_mod_int
                0x0000000000017118                mbedtls_mpi_montg_init
                0x000000000001735c                mbedtls_mpi_montmul
                0x0000000000017438                mbedtls_mpi_montred
                0x0000000000017520                mbedtls_mpi_exp_mod
                0x0000000000017ff8                mbedtls_mpi_gcd
                0x00000000000183ac                mbedtls_mpi_fill_random
                0x0000000000018450                mbedtls_mpi_random
                0x00000000000186b0                mbedtls_mpi_inv_mod
                0x0000000000019180                mbedtls_mpi_is_prime_ext
                0x0000000000019298                mbedtls_mpi_is_prime
                0x00000000000192c8                mbedtls_mpi_gen_prime
                0x00000000000197a8                mbedtls_mpi_self_test
 .text          0x0000000000019df0      0xfd8 /home/avees/optee_local_build/Linux_for_Tegra/sources/tegra/optee-src/nv-optee/optee/build/t234/export-ta_arm64/lib/libmbedtls.a(constant_time.o)
                0x0000000000019df0                mbedtls_ct_memcmp
                0x0000000000019e94                mbedtls_ct_uint_mask
                0x0000000000019eb8                mbedtls_ct_mpi_uint_mask
                0x0000000000019f3c                mbedtls_ct_size_bool_eq
                0x0000000000019fac                mbedtls_ct_mpi_uint_lt
                0x000000000001a014                mbedtls_ct_uint_if
                0x000000000001a0c4                mbedtls_ct_mpi_uint_cond_assign
                0x000000000001a16c                mbedtls_ct_base64_enc_char
                0x000000000001a298                mbedtls_ct_base64_dec_value
                0x000000000001a514                mbedtls_mpi_safe_cond_assign
                0x000000000001a630                mbedtls_mpi_safe_cond_swap
                0x000000000001a818                mbedtls_mpi_lt_mpi_ct
                0x000000000001a9f4                mbedtls_ct_rsaes_pkcs1_v15_unpadding
 .text          0x000000000001adc8       0x44 /home/avees/optee_local_build/Linux_for_Tegra/sources/tegra/optee-src/nv-optee/optee/build/t234/export-ta_arm64/lib/libmbedtls.a(platform_util.o)
                0x000000000001adc8                mbedtls_platform_zeroize
 .text          0x000000000001ae0c     0x1ff8 /home/avees/optee_local_build/Linux_for_Tegra/sources/tegra/optee-src/nv-optee/optee/build/t234/export-ta_arm64/lib/libutils.a(bget_malloc.o)
                0x000000000001af60                bget
                0x000000000001b488                bgetz
                0x000000000001b57c                bgetr
                0x000000000001b6b4                brel
                0x000000000001bab8                bpool
                0x000000000001c01c                raw_memalign
                0x000000000001c150                raw_malloc
                0x000000000001c188                raw_free
                0x000000000001c1e0                raw_calloc
                0x000000000001c35c                raw_realloc
                0x000000000001c554                malloc
                0x000000000001c5f8                calloc
                0x000000000001c688                realloc
                0x000000000001c6dc                memalign
                0x000000000001c738                aligned_alloc
                0x000000000001c7b4                free
                0x000000000001c7d8                free_wipe
                0x000000000001c8e4                raw_malloc_get_ctx_size
                0x000000000001c8ec                raw_malloc_init_ctx
                0x000000000001c92c                raw_malloc_add_pool
                0x000000000001cb1c                raw_malloc_buffer_overlaps_heap
                0x000000000001cc40                raw_malloc_buffer_is_within_alloced
                0x000000000001cd74                malloc_add_pool
                0x000000000001cda4                malloc_buffer_is_within_alloced
                0x000000000001cdd4                malloc_buffer_overlaps_heap
 .text          0x000000000001ce04      0x15c /home/avees/optee_local_build/Linux_for_Tegra/sources/tegra/optee-src/nv-optee/optee/build/t234/export-ta_arm64/lib/libutils.a(snprintf.o)
                0x000000000001ce04                snprintf
                0x000000000001cefc                vsnprintf
 .text          0x000000000001cf60      0x128 /home/avees/optee_local_build/Linux_for_Tegra/sources/tegra/optee-src/nv-optee/optee/build/t234/export-ta_arm64/lib/libutils.a(memcmp.o)
                0x000000000001cf60                memcmp
 .text          0x000000000001d088      0x180 /home/avees/optee_local_build/Linux_for_Tegra/sources/tegra/optee-src/nv-optee/optee/build/t234/export-ta_arm64/lib/libutils.a(memcpy.o)
                0x000000000001d088                memcpy
 .text          0x000000000001d208      0x20c /home/avees/optee_local_build/Linux_for_Tegra/sources/tegra/optee-src/nv-optee/optee/build/t234/export-ta_arm64/lib/libutils.a(memmove.o)
                0x000000000001d208                memmove
 .text          0x000000000001d414      0x1cc /home/avees/optee_local_build/Linux_for_Tegra/sources/tegra/optee-src/nv-optee/optee/build/t234/export-ta_arm64/lib/libutils.a(memset.o)
                0x000000000001d414                memset
 .text          0x000000000001d5e0      0x114 /home/avees/optee_local_build/Linux_for_Tegra/sources/tegra/optee-src/nv-optee/optee/build/t234/export-ta_arm64/lib/libutils.a(strcmp.o)
                0x000000000001d5e0                strcmp
 .text          0x000000000001d6f4       0xb4 /home/avees/optee_local_build/Linux_for_Tegra/sources/tegra/optee-src/nv-optee/optee/build/t234/export-ta_arm64/lib/libutils.a(strlcpy.o)
                0x000000000001d6f4                strlcpy
 .text          0x000000000001d7a8      0x35c /home/avees/optee_local_build/Linux_for_Tegra/sources/tegra/optee-src/nv-optee/optee/build/t234/export-ta_arm64/lib/libutils.a(mempool.o)
                0x000000000001d8cc                mempool_alloc_pool
                0x000000000001d95c                mempool_alloc
                0x000000000001d9e4                mempool_calloc
                0x000000000001dac8                mempool_free
 .text          0x000000000001db04       0xf8 /home/avees/optee_local_build/Linux_for_Tegra/sources/tegra/optee-src/nv-optee/optee/build/t234/export-ta_arm64/lib/libutils.a(consttime_memcmp.o)
                0x000000000001db04                consttime_memcmp
 .text          0x000000000001dbfc        0x0 /home/avees/optee_local_build/Linux_for_Tegra/sources/tegra/optee-src/nv-optee/optee/build/t234/export-ta_arm64/lib/libutee.a(utee_syscalls_a64.o)
 *(SORT_BY_ALIGNMENT(.stub))
 *(SORT_BY_ALIGNMENT(.glue_7))
 *(SORT_BY_ALIGNMENT(.glue_7t))
 *(SORT_BY_ALIGNMENT(.gnu.linkonce.t.*))
 *(SORT_BY_ALIGNMENT(.vfp11_veneer))
                0x000000000001dbfc                __text_end = .

.note.gnu.property
 *(SORT_BY_ALIGNMENT(.note.gnu.property))

.plt            0x000000000001dbfc        0x0
 *(SORT_BY_ALIGNMENT(.plt))
 .plt           0x000000000001dbfc        0x0 /home/avees/optee_local_build/Linux_for_Tegra/sources/tegra/optee-src/nv-optee/optee/cp4ad-optee/T5.optee_crypto/build/ta/T5.optee_crypto/ta_optee_crypto.o

.eh_frame_hdr
 *(SORT_BY_ALIGNMENT(.eh_frame_hdr))
 *(SORT_BY_ALIGNMENT(.eh_frame_entry) SORT_BY_ALIGNMENT(.eh_frame_entry.*))

.eh_frame       0x000000000001dc00     0x3180
 *(SORT_BY_ALIGNMENT(.eh_frame))
 .eh_frame      0x000000000001dc00      0x120 /home/avees/optee_local_build/Linux_for_Tegra/sources/tegra/optee-src/nv-optee/optee/cp4ad-optee/T5.optee_crypto/build/ta/T5.optee_crypto/ta_optee_crypto.o
 .eh_frame      0x000000000001dd20       0x30 /home/avees/optee_local_build/Linux_for_Tegra/sources/tegra/optee-src/nv-optee/optee/cp4ad-optee/T5.optee_crypto/build/ta/T5.optee_crypto/user_ta_header.o
                                         0x40 (size before relaxing)
 .eh_frame      0x000000000001dd50       0x18 /home/avees/optee_local_build/Linux_for_Tegra/sources/tegra/optee-src/nv-optee/optee/build/t234/export-ta_arm64/lib/libutils.a(stack_check.o)
                                         0x30 (size before relaxing)
 .eh_frame      0x000000000001dd68       0x18 /home/avees/optee_local_build/Linux_for_Tegra/sources/tegra/optee-src/nv-optee/optee/build/t234/export-ta_arm64/lib/libutils.a(strlen.o)
                                         0x30 (size before relaxing)
 .eh_frame      0x000000000001dd80      0x100 /home/avees/optee_local_build/Linux_for_Tegra/sources/tegra/optee-src/nv-optee/optee/build/t234/export-ta_arm64/lib/libutils.a(trace.o)
                                        0x118 (size before relaxing)
 .eh_frame      0x000000000001de80       0xd0 /home/avees/optee_local_build/Linux_for_Tegra/sources/tegra/optee-src/nv-optee/optee/build/t234/export-ta_arm64/lib/libutils.a(snprintk.o)
                                         0xe8 (size before relaxing)
 .eh_frame      0x000000000001df50       0x18 /home/avees/optee_local_build/Linux_for_Tegra/sources/tegra/optee-src/nv-optee/optee/build/t234/export-ta_arm64/lib/libutils.a(memchr.o)
                                         0x30 (size before relaxing)
 .eh_frame      0x000000000001df68       0x98 /home/avees/optee_local_build/Linux_for_Tegra/sources/tegra/optee-src/nv-optee/optee/build/t234/export-ta_arm64/lib/libutee.a(trace_ext.o)
                                         0xa8 (size before relaxing)
 .eh_frame      0x000000000001e000      0x620 /home/avees/optee_local_build/Linux_for_Tegra/sources/tegra/optee-src/nv-optee/optee/build/t234/export-ta_arm64/lib/libutee.a(tee_api_objects.o)
                                        0x638 (size before relaxing)
 .eh_frame      0x000000000001e620      0x180 /home/avees/optee_local_build/Linux_for_Tegra/sources/tegra/optee-src/nv-optee/optee/build/t234/export-ta_arm64/lib/libutee.a(tee_api_panic.o)
                                        0x198 (size before relaxing)
 .eh_frame      0x000000000001e7a0      0x260 /home/avees/optee_local_build/Linux_for_Tegra/sources/tegra/optee-src/nv-optee/optee/build/t234/export-ta_arm64/lib/libutee.a(user_ta_entry.o)
                                        0x278 (size before relaxing)
 .eh_frame      0x000000000001ea00       0x18 /home/avees/optee_local_build/Linux_for_Tegra/sources/tegra/optee-src/nv-optee/optee/build/t234/export-ta_arm64/lib/libutee.a(abort.o)
                                         0x30 (size before relaxing)
 .eh_frame      0x000000000001ea18      0x4f8 /home/avees/optee_local_build/Linux_for_Tegra/sources/tegra/optee-src/nv-optee/optee/build/t234/export-ta_arm64/lib/libutee.a(tee_api.o)
                                        0x508 (size before relaxing)
 .eh_frame      0x000000000001ef10      0x6d8 /home/avees/optee_local_build/Linux_for_Tegra/sources/tegra/optee-src/nv-optee/optee/build/t234/export-ta_arm64/lib/libutee.a(tee_api_arith_mpi.o)
                                        0x6e8 (size before relaxing)
 .eh_frame      0x000000000001f5e8      0x268 /home/avees/optee_local_build/Linux_for_Tegra/sources/tegra/optee-src/nv-optee/optee/build/t234/export-ta_arm64/lib/libutee.a(tee_api_property.o)
                                        0x280 (size before relaxing)
 .eh_frame      0x000000000001f850       0xb0 /home/avees/optee_local_build/Linux_for_Tegra/sources/tegra/optee-src/nv-optee/optee/build/t234/export-ta_arm64/lib/libutee.a(tee_system_pta.o)
                                         0xc8 (size before relaxing)
 .eh_frame      0x000000000001f900       0x90 /home/avees/optee_local_build/Linux_for_Tegra/sources/tegra/optee-src/nv-optee/optee/build/t234/export-ta_arm64/lib/libutee.a(tcb.o)
                                         0xa0 (size before relaxing)
 .eh_frame      0x000000000001f990       0x38 /home/avees/optee_local_build/Linux_for_Tegra/sources/tegra/optee-src/nv-optee/optee/build/t234/export-ta_arm64/lib/libutee.a(assert.o)
                                         0x50 (size before relaxing)
 .eh_frame      0x000000000001f9c8       0x70 /home/avees/optee_local_build/Linux_for_Tegra/sources/tegra/optee-src/nv-optee/optee/build/t234/export-ta_arm64/lib/libutee.a(base64.o)
                                         0x88 (size before relaxing)
 .eh_frame      0x000000000001fa38      0x1a8 /home/avees/optee_local_build/Linux_for_Tegra/sources/tegra/optee-src/nv-optee/optee/build/t234/export-ta_arm64/lib/libmbedtls.a(aes.o)
                                        0x1c0 (size before relaxing)
 .eh_frame      0x000000000001fbe0      0x808 /home/avees/optee_local_build/Linux_for_Tegra/sources/tegra/optee-src/nv-optee/optee/build/t234/export-ta_arm64/lib/libmbedtls.a(bignum.o)
                                        0x818 (size before relaxing)
 .eh_frame      0x00000000000203e8      0x1d8 /home/avees/optee_local_build/Linux_for_Tegra/sources/tegra/optee-src/nv-optee/optee/build/t234/export-ta_arm64/lib/libmbedtls.a(constant_time.o)
                                        0x1f0 (size before relaxing)
 .eh_frame      0x00000000000205c0       0x20 /home/avees/optee_local_build/Linux_for_Tegra/sources/tegra/optee-src/nv-optee/optee/build/t234/export-ta_arm64/lib/libmbedtls.a(platform_util.o)
                                         0x38 (size before relaxing)
 .eh_frame      0x00000000000205e0      0x5b0 /home/avees/optee_local_build/Linux_for_Tegra/sources/tegra/optee-src/nv-optee/optee/build/t234/export-ta_arm64/lib/libutils.a(bget_malloc.o)
                                        0x5c0 (size before relaxing)
 .eh_frame      0x0000000000020b90       0x48 /home/avees/optee_local_build/Linux_for_Tegra/sources/tegra/optee-src/nv-optee/optee/build/t234/export-ta_arm64/lib/libutils.a(snprintf.o)
                                         0x58 (size before relaxing)
 .eh_frame      0x0000000000020bd8       0x18 /home/avees/optee_local_build/Linux_for_Tegra/sources/tegra/optee-src/nv-optee/optee/build/t234/export-ta_arm64/lib/libutils.a(memcmp.o)
                                         0x30 (size before relaxing)
 .eh_frame      0x0000000000020bf0       0x18 /home/avees/optee_local_build/Linux_for_Tegra/sources/tegra/optee-src/nv-optee/optee/build/t234/export-ta_arm64/lib/libutils.a(memcpy.o)
                                         0x30 (size before relaxing)
 .eh_frame      0x0000000000020c08       0x18 /home/avees/optee_local_build/Linux_for_Tegra/sources/tegra/optee-src/nv-optee/optee/build/t234/export-ta_arm64/lib/libutils.a(memmove.o)
                                         0x30 (size before relaxing)
 .eh_frame      0x0000000000020c20       0x18 /home/avees/optee_local_build/Linux_for_Tegra/sources/tegra/optee-src/nv-optee/optee/build/t234/export-ta_arm64/lib/libutils.a(memset.o)
                                         0x30 (size before relaxing)
 .eh_frame      0x0000000000020c38       0x18 /home/avees/optee_local_build/Linux_for_Tegra/sources/tegra/optee-src/nv-optee/optee/build/t234/export-ta_arm64/lib/libutils.a(strcmp.o)
                                         0x30 (size before relaxing)
 .eh_frame      0x0000000000020c50       0x28 /home/avees/optee_local_build/Linux_for_Tegra/sources/tegra/optee-src/nv-optee/optee/build/t234/export-ta_arm64/lib/libutils.a(strlcpy.o)
                                         0x38 (size before relaxing)
 .eh_frame      0x0000000000020c78       0xf0 /home/avees/optee_local_build/Linux_for_Tegra/sources/tegra/optee-src/nv-optee/optee/build/t234/export-ta_arm64/lib/libutils.a(mempool.o)
                                        0x100 (size before relaxing)
 .eh_frame      0x0000000000020d68       0x18 /home/avees/optee_local_build/Linux_for_Tegra/sources/tegra/optee-src/nv-optee/optee/build/t234/export-ta_arm64/lib/libutils.a(consttime_memcmp.o)
                                         0x30 (size before relaxing)
 *(SORT_BY_ALIGNMENT(.eh_frame.*))

.gcc_except_table
 *(SORT_BY_ALIGNMENT(.gcc_except_table) SORT_BY_ALIGNMENT(.gcc_except_table.*))

.rodata         0x0000000000020d80     0x1a2e
 *(SORT_BY_ALIGNMENT(.gnu.linkonce.r.*))
 *(SORT_BY_ALIGNMENT(.rodata) SORT_BY_ALIGNMENT(.rodata.*))
 .rodata.ta_optee_crypto.c
                0x0000000000020d80      0x11d /home/avees/optee_local_build/Linux_for_Tegra/sources/tegra/optee-src/nv-optee/optee/cp4ad-optee/T5.optee_crypto/build/ta/T5.optee_crypto/ta_optee_crypto.o
 *fill*         0x0000000000020e9d        0x3 
 .rodata.user_ta_header.c
                0x0000000000020ea0      0x1c8 /home/avees/optee_local_build/Linux_for_Tegra/sources/tegra/optee-src/nv-optee/optee/cp4ad-optee/T5.optee_crypto/build/ta/T5.optee_crypto/user_ta_header.o
                0x0000000000020ea0                trace_ext_prefix
                0x0000000000020ea8                ta_heap_size
                0x0000000000020eb0                __ta_no_share_heap_size
                0x0000000000021060                ta_num_props
 .rodata.lib/libutils/isoc/stack_check.c
                0x0000000000021068       0x18 /home/avees/optee_local_build/Linux_for_Tegra/sources/tegra/optee-src/nv-optee/optee/build/t234/export-ta_arm64/lib/libutils.a(stack_check.o)
 .rodata.lib/libutils/ext/trace.c
                0x0000000000021080       0x72 /home/avees/optee_local_build/Linux_for_Tegra/sources/tegra/optee-src/nv-optee/optee/build/t234/export-ta_arm64/lib/libutils.a(trace.o)
 *fill*         0x00000000000210f2        0x6 
 .rodata.lib/libutils/ext/snprintk.c
                0x00000000000210f8      0x1f8 /home/avees/optee_local_build/Linux_for_Tegra/sources/tegra/optee-src/nv-optee/optee/build/t234/export-ta_arm64/lib/libutils.a(snprintk.o)
 .rodata.lib/libutee/trace_ext.c
                0x00000000000212f0        0x2 /home/avees/optee_local_build/Linux_for_Tegra/sources/tegra/optee-src/nv-optee/optee/build/t234/export-ta_arm64/lib/libutee.a(trace_ext.o)
 *fill*         0x00000000000212f2        0x6 
 .rodata.lib/libutee/tee_api_panic.c
                0x00000000000212f8       0x8a /home/avees/optee_local_build/Linux_for_Tegra/sources/tegra/optee-src/nv-optee/optee/build/t234/export-ta_arm64/lib/libutee.a(tee_api_panic.o)
 *fill*         0x0000000000021382        0x6 
 .rodata.lib/libutee/user_ta_entry.c
                0x0000000000021388       0x6e /home/avees/optee_local_build/Linux_for_Tegra/sources/tegra/optee-src/nv-optee/optee/build/t234/export-ta_arm64/lib/libutee.a(user_ta_entry.o)
 *fill*         0x00000000000213f6        0x2 
 .rodata.lib/libutee/abort.c
                0x00000000000213f8        0x7 /home/avees/optee_local_build/Linux_for_Tegra/sources/tegra/optee-src/nv-optee/optee/build/t234/export-ta_arm64/lib/libutee.a(abort.o)
 *fill*         0x00000000000213ff        0x1 
 .rodata.lib/libutee/tee_api.c
                0x0000000000021400       0x2b /home/avees/optee_local_build/Linux_for_Tegra/sources/tegra/optee-src/nv-optee/optee/build/t234/export-ta_arm64/lib/libutee.a(tee_api.o)
 *fill*         0x000000000002142b        0x5 
 .rodata.lib/libutee/tee_api_arith_mpi.c
                0x0000000000021430      0x275 /home/avees/optee_local_build/Linux_for_Tegra/sources/tegra/optee-src/nv-optee/optee/build/t234/export-ta_arm64/lib/libutee.a(tee_api_arith_mpi.o)
 *fill*         0x00000000000216a5        0x3 
 .rodata.lib/libutee/tee_api_property.c
                0x00000000000216a8       0xb0 /home/avees/optee_local_build/Linux_for_Tegra/sources/tegra/optee-src/nv-optee/optee/build/t234/export-ta_arm64/lib/libutee.a(tee_api_property.o)
 .rodata.lib/libutee/tee_system_pta.c
                0x0000000000021758       0x97 /home/avees/optee_local_build/Linux_for_Tegra/sources/tegra/optee-src/nv-optee/optee/build/t234/export-ta_arm64/lib/libutee.a(tee_system_pta.o)
 *fill*         0x00000000000217ef        0x1 
 .rodata.lib/libutee/tcb.c
                0x00000000000217f0       0xc0 /home/avees/optee_local_build/Linux_for_Tegra/sources/tegra/optee-src/nv-optee/optee/build/t234/export-ta_arm64/lib/libutee.a(tcb.o)
 .rodata.lib/libutee/assert.c
                0x00000000000218b0       0x27 /home/avees/optee_local_build/Linux_for_Tegra/sources/tegra/optee-src/nv-optee/optee/build/t234/export-ta_arm64/lib/libutee.a(assert.o)
 *fill*         0x00000000000218d7        0x1 
 .rodata.lib/libutee/base64.c
                0x00000000000218d8       0x41 /home/avees/optee_local_build/Linux_for_Tegra/sources/tegra/optee-src/nv-optee/optee/build/t234/export-ta_arm64/lib/libutee.a(base64.o)
 *fill*         0x0000000000021919        0x7 
 .rodata.lib/libmbedtls/mbedtls/library/aes.c
                0x0000000000021920      0x2bf /home/avees/optee_local_build/Linux_for_Tegra/sources/tegra/optee-src/nv-optee/optee/build/t234/export-ta_arm64/lib/libmbedtls.a(aes.o)
 *fill*         0x0000000000021bdf        0x1 
 .rodata.lib/libmbedtls/mbedtls/library/bignum.c
                0x0000000000021be0      0x76e /home/avees/optee_local_build/Linux_for_Tegra/sources/tegra/optee-src/nv-optee/optee/build/t234/export-ta_arm64/lib/libmbedtls.a(bignum.o)
 *fill*         0x000000000002234e        0x2 
 .rodata.lib/libutils/isoc/bget_malloc.c
                0x0000000000022350      0x394 /home/avees/optee_local_build/Linux_for_Tegra/sources/tegra/optee-src/nv-optee/optee/build/t234/export-ta_arm64/lib/libutils.a(bget_malloc.o)
 *fill*         0x00000000000226e4        0x4 
 .rodata.lib/libutils/ext/mempool.c
                0x00000000000226e8       0xc6 /home/avees/optee_local_build/Linux_for_Tegra/sources/tegra/optee-src/nv-optee/optee/build/t234/export-ta_arm64/lib/libutils.a(mempool.o)

.gnu.version_d  0x00000000000227b0        0x0
 .gnu.version_d
                0x00000000000227b0        0x0 /home/avees/optee_local_build/Linux_for_Tegra/sources/tegra/optee-src/nv-optee/optee/cp4ad-optee/T5.optee_crypto/build/ta/T5.optee_crypto/ta_optee_crypto.o

.gnu.version    0x00000000000227ae        0x0
 .gnu.version   0x00000000000227ae        0x0 /home/avees/optee_local_build/Linux_for_Tegra/sources/tegra/optee-src/nv-optee/optee/cp4ad-optee/T5.optee_crypto/build/ta/T5.optee_crypto/ta_optee_crypto.o

.gnu.version_r  0x00000000000227b0        0x0
 .gnu.version_r
                0x00000000000227b0        0x0 /home/avees/optee_local_build/Linux_for_Tegra/sources/tegra/optee-src/nv-optee/optee/cp4ad-optee/T5.optee_crypto/build/ta/T5.optee_crypto/ta_optee_crypto.o

.gnu.hash       0x00000000000227b0       0x30
 .gnu.hash      0x00000000000227b0       0x30 /home/avees/optee_local_build/Linux_for_Tegra/sources/tegra/optee-src/nv-optee/optee/cp4ad-optee/T5.optee_crypto/build/ta/T5.optee_crypto/ta_optee_crypto.o

.ARM.extab
 *(SORT_BY_ALIGNMENT(.ARM.extab*) SORT_BY_ALIGNMENT(.gnu.linkonce.armextab.*))
                [!provide]                        PROVIDE (__exidx_start = .)

.ARM.exidx
 *(SORT_BY_ALIGNMENT(.ARM.exidx*) SORT_BY_ALIGNMENT(.gnu.linkonce.armexidx.*))
                [!provide]                        PROVIDE (__exidx_end = .)

.ctors
 *(SORT_BY_ALIGNMENT(.ctors))

.dtors
 *(SORT_BY_ALIGNMENT(.dtors))

.dynsym         0x00000000000227e0       0x90
 *(SORT_BY_ALIGNMENT(.dynsym))
 .dynsym        0x00000000000227e0       0x90 /home/avees/optee_local_build/Linux_for_Tegra/sources/tegra/optee-src/nv-optee/optee/cp4ad-optee/T5.optee_crypto/build/ta/T5.optee_crypto/ta_optee_crypto.o

.dynstr         0x0000000000022870       0x2e
 *(SORT_BY_ALIGNMENT(.dynstr))
 .dynstr        0x0000000000022870       0x2e /home/avees/optee_local_build/Linux_for_Tegra/sources/tegra/optee-src/nv-optee/optee/cp4ad-optee/T5.optee_crypto/build/ta/T5.optee_crypto/ta_optee_crypto.o

.hash           0x00000000000228a0       0x2c
 *(SORT_BY_ALIGNMENT(.hash))
 .hash          0x00000000000228a0       0x2c /home/avees/optee_local_build/Linux_for_Tegra/sources/tegra/optee-src/nv-optee/optee/cp4ad-optee/T5.optee_crypto/build/ta/T5.optee_crypto/ta_optee_crypto.o

.rela.dyn       0x00000000000228d0      0x360
 .rela.data.rel.ro
                0x00000000000228d0        0x0 /home/avees/optee_local_build/Linux_for_Tegra/sources/tegra/optee-src/nv-optee/optee/cp4ad-optee/T5.optee_crypto/build/ta/T5.optee_crypto/ta_optee_crypto.o
 .rela.ifunc    0x00000000000228d0        0x0 /home/avees/optee_local_build/Linux_for_Tegra/sources/tegra/optee-src/nv-optee/optee/cp4ad-optee/T5.optee_crypto/build/ta/T5.optee_crypto/ta_optee_crypto.o
 .rela.data.rel.local
                0x00000000000228d0       0x78 /home/avees/optee_local_build/Linux_for_Tegra/sources/tegra/optee-src/nv-optee/optee/cp4ad-optee/T5.optee_crypto/build/ta/T5.optee_crypto/ta_optee_crypto.o
 .rela.data.rel.ro.local
                0x0000000000022948      0x2d0 /home/avees/optee_local_build/Linux_for_Tegra/sources/tegra/optee-src/nv-optee/optee/cp4ad-optee/T5.optee_crypto/build/ta/T5.optee_crypto/ta_optee_crypto.o
 .rela.data.rel
                0x0000000000022c18       0x18 /home/avees/optee_local_build/Linux_for_Tegra/sources/tegra/optee-src/nv-optee/optee/cp4ad-optee/T5.optee_crypto/build/ta/T5.optee_crypto/ta_optee_crypto.o
                0x0000000000023000                . = ALIGN (0x1000)

.dynamic        0x0000000000023000      0x110
 *(SORT_BY_ALIGNMENT(.dynamic))
 .dynamic       0x0000000000023000      0x110 /home/avees/optee_local_build/Linux_for_Tegra/sources/tegra/optee-src/nv-optee/optee/cp4ad-optee/T5.optee_crypto/build/ta/T5.optee_crypto/ta_optee_crypto.o
                0x0000000000023000                _DYNAMIC

.tdata
 *(SORT_BY_ALIGNMENT(.tdata) SORT_BY_ALIGNMENT(.tdata.*) SORT_BY_ALIGNMENT(.gnu.linkonce.td.*))

.tbss
 *(SORT_BY_ALIGNMENT(.tbss) SORT_BY_ALIGNMENT(.tbss.*) SORT_BY_ALIGNMENT(.gnu.linkonce.tb.*))
 *(SORT_BY_ALIGNMENT(.tcommon))

.got            0x0000000000023110       0xc0
 *(SORT_BY_ALIGNMENT(.got.plt))
 .got.plt       0x0000000000023110       0x18 /home/avees/optee_local_build/Linux_for_Tegra/sources/tegra/optee-src/nv-optee/optee/cp4ad-optee/T5.optee_crypto/build/ta/T5.optee_crypto/ta_optee_crypto.o
 *(SORT_BY_ALIGNMENT(.got))
 .got           0x0000000000023128       0xa8 /home/avees/optee_local_build/Linux_for_Tegra/sources/tegra/optee-src/nv-optee/optee/cp4ad-optee/T5.optee_crypto/build/ta/T5.optee_crypto/ta_optee_crypto.o
                0x0000000000023128                _GLOBAL_OFFSET_TABLE_

.rel.text
 *(SORT_BY_ALIGNMENT(.rel.text))
 *(SORT_BY_ALIGNMENT(.rel.gnu.linkonce.t*))

.rela.text
 *(SORT_BY_ALIGNMENT(.rela.text))
 *(SORT_BY_ALIGNMENT(.rela.gnu.linkonce.t*))

.rel.data
 *(SORT_BY_ALIGNMENT(.rel.data))
 *(SORT_BY_ALIGNMENT(.rel.gnu.linkonce.d*))

.rela.data
 *(SORT_BY_ALIGNMENT(.rela.data))
 *(SORT_BY_ALIGNMENT(.rela.gnu.linkonce.d*))

.rel.tdata
 *(SORT_BY_ALIGNMENT(.rel.tdata) SORT_BY_ALIGNMENT(.rel.tdata.*) SORT_BY_ALIGNMENT(.rel.gnu.linkonce.td.*))

.rela.tdata
 *(SORT_BY_ALIGNMENT(.rela.tdata) SORT_BY_ALIGNMENT(.rela.tdata.*) SORT_BY_ALIGNMENT(.rela.gnu.linkonce.td.*))

.rel.tbss
 *(SORT_BY_ALIGNMENT(.rel.tbss) SORT_BY_ALIGNMENT(.rel.tbss.*) SORT_BY_ALIGNMENT(.rel.gnu.linkonce.tb.*))

.rela.tbss
 *(SORT_BY_ALIGNMENT(.rela.tbss) SORT_BY_ALIGNMENT(.rela.tbss.*) SORT_BY_ALIGNMENT(.rela.gnu.linkonce.tb.*))

.rel.rodata
 *(SORT_BY_ALIGNMENT(.rel.rodata))
 *(SORT_BY_ALIGNMENT(.rel.gnu.linkonce.r*))

.rela.rodata
 *(SORT_BY_ALIGNMENT(.rela.rodata))
 *(SORT_BY_ALIGNMENT(.rela.gnu.linkonce.r*))

.rel.dyn
 *(SORT_BY_ALIGNMENT(.rel.dyn))

.rel.got
 *(SORT_BY_ALIGNMENT(.rel.got))

.rela.got       0x00000000000231d0      0x1e0
 *(SORT_BY_ALIGNMENT(.rela.got))
 .rela.got      0x00000000000231d0      0x1e0 /home/avees/optee_local_build/Linux_for_Tegra/sources/tegra/optee-src/nv-optee/optee/cp4ad-optee/T5.optee_crypto/build/ta/T5.optee_crypto/ta_optee_crypto.o

.rel.ctors
 *(SORT_BY_ALIGNMENT(.rel.ctors))

.rela.ctors
 *(SORT_BY_ALIGNMENT(.rela.ctors))

.rel.dtors
 *(SORT_BY_ALIGNMENT(.rel.dtors))

.rela.dtors
 *(SORT_BY_ALIGNMENT(.rela.dtors))

.rel.init
 *(SORT_BY_ALIGNMENT(.rel.init))

.rela.init
 *(SORT_BY_ALIGNMENT(.rela.init))

.rel.fini
 *(SORT_BY_ALIGNMENT(.rel.fini))

.rela.fini
 *(SORT_BY_ALIGNMENT(.rela.fini))

.rel.bss
 *(SORT_BY_ALIGNMENT(.rel.bss))

.rela.bss       0x00000000000233b0        0x0
 *(SORT_BY_ALIGNMENT(.rela.bss))
 .rela.bss      0x00000000000233b0        0x0 /home/avees/optee_local_build/Linux_for_Tegra/sources/tegra/optee-src/nv-optee/optee/cp4ad-optee/T5.optee_crypto/build/ta/T5.optee_crypto/ta_optee_crypto.o

.rel.plt
 *(SORT_BY_ALIGNMENT(.rel.plt))

.rela.plt       0x00000000000233b0        0x0
 *(SORT_BY_ALIGNMENT(.rela.plt))
 .rela.plt      0x00000000000233b0        0x0 /home/avees/optee_local_build/Linux_for_Tegra/sources/tegra/optee-src/nv-optee/optee/cp4ad-optee/T5.optee_crypto/build/ta/T5.optee_crypto/ta_optee_crypto.o

.data           0x00000000000233b0      0x1d4
 *(SORT_BY_ALIGNMENT(.data) SORT_BY_ALIGNMENT(.data.*) SORT_BY_ALIGNMENT(.gnu.linkonce.d.*))
 .data.rel.local
                0x00000000000233b0        0x8 /home/avees/optee_local_build/Linux_for_Tegra/sources/tegra/optee-src/nv-optee/optee/cp4ad-optee/T5.optee_crypto/build/ta/T5.optee_crypto/ta_optee_crypto.o
 .data.rel.ro.local
                0x00000000000233b8      0x108 /home/avees/optee_local_build/Linux_for_Tegra/sources/tegra/optee-src/nv-optee/optee/cp4ad-optee/T5.optee_crypto/build/ta/T5.optee_crypto/user_ta_header.o
                0x00000000000233b8                ta_props
 .data          0x00000000000234c0        0x8 /home/avees/optee_local_build/Linux_for_Tegra/sources/tegra/optee-src/nv-optee/optee/build/t234/export-ta_arm64/lib/libutils.a(stack_check.o)
                0x00000000000234c0                __stack_chk_guard
 .data.rel.local
                0x00000000000234c8       0x20 /home/avees/optee_local_build/Linux_for_Tegra/sources/tegra/optee-src/nv-optee/optee/build/t234/export-ta_arm64/lib/libutee.a(user_ta_entry.o)
 .data.rel.ro.local
                0x00000000000234e8       0x60 /home/avees/optee_local_build/Linux_for_Tegra/sources/tegra/optee-src/nv-optee/optee/build/t234/export-ta_arm64/lib/libutee.a(tee_api_property.o)
                0x00000000000234e8                tee_props
 .data.rel      0x0000000000023548        0x8 /home/avees/optee_local_build/Linux_for_Tegra/sources/tegra/optee-src/nv-optee/optee/build/t234/export-ta_arm64/lib/libmbedtls.a(platform_util.o)
 .data.rel.local
                0x0000000000023550       0x30 /home/avees/optee_local_build/Linux_for_Tegra/sources/tegra/optee-src/nv-optee/optee/build/t234/export-ta_arm64/lib/libutils.a(bget_malloc.o)
 .data          0x0000000000023580        0x4 /home/avees/optee_local_build/Linux_for_Tegra/sources/tegra/optee-src/nv-optee/optee/cp4ad-optee/T5.optee_crypto/build/ta/T5.optee_crypto/user_ta_header.o
                0x0000000000023580                trace_level
 .data          0x0000000000023584        0x0 /home/avees/optee_local_build/Linux_for_Tegra/sources/tegra/optee-src/nv-optee/optee/cp4ad-optee/T5.optee_crypto/build/ta/T5.optee_crypto/ta_optee_crypto.o
 .data.rel.ro   0x0000000000023584        0x0 /home/avees/optee_local_build/Linux_for_Tegra/sources/tegra/optee-src/nv-optee/optee/cp4ad-optee/T5.optee_crypto/build/ta/T5.optee_crypto/ta_optee_crypto.o
 .data          0x0000000000023584        0x0 /home/avees/optee_local_build/Linux_for_Tegra/sources/tegra/optee-src/nv-optee/optee/build/t234/export-ta_arm64/lib/libutils.a(strlen.o)
 .data          0x0000000000023584        0x0 /home/avees/optee_local_build/Linux_for_Tegra/sources/tegra/optee-src/nv-optee/optee/build/t234/export-ta_arm64/lib/libutils.a(trace.o)
 .data          0x0000000000023584        0x0 /home/avees/optee_local_build/Linux_for_Tegra/sources/tegra/optee-src/nv-optee/optee/build/t234/export-ta_arm64/lib/libutils.a(snprintk.o)
 .data          0x0000000000023584        0x0 /home/avees/optee_local_build/Linux_for_Tegra/sources/tegra/optee-src/nv-optee/optee/build/t234/export-ta_arm64/lib/libutils.a(memchr.o)
 .data          0x0000000000023584        0x0 /home/avees/optee_local_build/Linux_for_Tegra/sources/tegra/optee-src/nv-optee/optee/build/t234/export-ta_arm64/lib/libutee.a(trace_ext.o)
 .data          0x0000000000023584        0x0 /home/avees/optee_local_build/Linux_for_Tegra/sources/tegra/optee-src/nv-optee/optee/build/t234/export-ta_arm64/lib/libutee.a(tee_api_objects.o)
 .data          0x0000000000023584        0x0 /home/avees/optee_local_build/Linux_for_Tegra/sources/tegra/optee-src/nv-optee/optee/build/t234/export-ta_arm64/lib/libutee.a(tee_api_panic.o)
 .data          0x0000000000023584        0x0 /home/avees/optee_local_build/Linux_for_Tegra/sources/tegra/optee-src/nv-optee/optee/build/t234/export-ta_arm64/lib/libutee.a(user_ta_entry.o)
 .data          0x0000000000023584        0x0 /home/avees/optee_local_build/Linux_for_Tegra/sources/tegra/optee-src/nv-optee/optee/build/t234/export-ta_arm64/lib/libutee.a(utee_syscalls_a64.o)
 .data          0x0000000000023584        0x0 /home/avees/optee_local_build/Linux_for_Tegra/sources/tegra/optee-src/nv-optee/optee/build/t234/export-ta_arm64/lib/libutee.a(abort.o)
 .data          0x0000000000023584        0x0 /home/avees/optee_local_build/Linux_for_Tegra/sources/tegra/optee-src/nv-optee/optee/build/t234/export-ta_arm64/lib/libutee.a(tee_api.o)
 .data          0x0000000000023584        0x0 /home/avees/optee_local_build/Linux_for_Tegra/sources/tegra/optee-src/nv-optee/optee/build/t234/export-ta_arm64/lib/libutee.a(tee_api_arith_mpi.o)
 .data          0x0000000000023584        0x0 /home/avees/optee_local_build/Linux_for_Tegra/sources/tegra/optee-src/nv-optee/optee/build/t234/export-ta_arm64/lib/libutee.a(tee_api_property.o)
 .data          0x0000000000023584        0x0 /home/avees/optee_local_build/Linux_for_Tegra/sources/tegra/optee-src/nv-optee/optee/build/t234/export-ta_arm64/lib/libutee.a(tee_system_pta.o)
 .data          0x0000000000023584        0x0 /home/avees/optee_local_build/Linux_for_Tegra/sources/tegra/optee-src/nv-optee/optee/build/t234/export-ta_arm64/lib/libutee.a(tcb.o)
 .data          0x0000000000023584        0x0 /home/avees/optee_local_build/Linux_for_Tegra/sources/tegra/optee-src/nv-optee/optee/build/t234/export-ta_arm64/lib/libutee.a(assert.o)
 .data          0x0000000000023584        0x0 /home/avees/optee_local_build/Linux_for_Tegra/sources/tegra/optee-src/nv-optee/optee/build/t234/export-ta_arm64/lib/libutee.a(base64.o)
 .data          0x0000000000023584        0x0 /home/avees/optee_local_build/Linux_for_Tegra/sources/tegra/optee-src/nv-optee/optee/build/t234/export-ta_arm64/lib/libmbedtls.a(aes.o)
 .data          0x0000000000023584        0x0 /home/avees/optee_local_build/Linux_for_Tegra/sources/tegra/optee-src/nv-optee/optee/build/t234/export-ta_arm64/lib/libmbedtls.a(bignum.o)
 .data          0x0000000000023584        0x0 /home/avees/optee_local_build/Linux_for_Tegra/sources/tegra/optee-src/nv-optee/optee/build/t234/export-ta_arm64/lib/libmbedtls.a(constant_time.o)
 .data          0x0000000000023584        0x0 /home/avees/optee_local_build/Linux_for_Tegra/sources/tegra/optee-src/nv-optee/optee/build/t234/export-ta_arm64/lib/libmbedtls.a(platform_util.o)
 .data          0x0000000000023584        0x0 /home/avees/optee_local_build/Linux_for_Tegra/sources/tegra/optee-src/nv-optee/optee/build/t234/export-ta_arm64/lib/libutils.a(bget_malloc.o)
 .data          0x0000000000023584        0x0 /home/avees/optee_local_build/Linux_for_Tegra/sources/tegra/optee-src/nv-optee/optee/build/t234/export-ta_arm64/lib/libutils.a(snprintf.o)
 .data          0x0000000000023584        0x0 /home/avees/optee_local_build/Linux_for_Tegra/sources/tegra/optee-src/nv-optee/optee/build/t234/export-ta_arm64/lib/libutils.a(memcmp.o)
 .data          0x0000000000023584        0x0 /home/avees/optee_local_build/Linux_for_Tegra/sources/tegra/optee-src/nv-optee/optee/build/t234/export-ta_arm64/lib/libutils.a(memcpy.o)
 .data          0x0000000000023584        0x0 /home/avees/optee_local_build/Linux_for_Tegra/sources/tegra/optee-src/nv-optee/optee/build/t234/export-ta_arm64/lib/libutils.a(memmove.o)
 .data          0x0000000000023584        0x0 /home/avees/optee_local_build/Linux_for_Tegra/sources/tegra/optee-src/nv-optee/optee/build/t234/export-ta_arm64/lib/libutils.a(memset.o)
 .data          0x0000000000023584        0x0 /home/avees/optee_local_build/Linux_for_Tegra/sources/tegra/optee-src/nv-optee/optee/build/t234/export-ta_arm64/lib/libutils.a(strcmp.o)
 .data          0x0000000000023584        0x0 /home/avees/optee_local_build/Linux_for_Tegra/sources/tegra/optee-src/nv-optee/optee/build/t234/export-ta_arm64/lib/libutils.a(strlcpy.o)
 .data          0x0000000000023584        0x0 /home/avees/optee_local_build/Linux_for_Tegra/sources/tegra/optee-src/nv-optee/optee/build/t234/export-ta_arm64/lib/libutils.a(mempool.o)
 .data          0x0000000000023584        0x0 /home/avees/optee_local_build/Linux_for_Tegra/sources/tegra/optee-src/nv-optee/optee/build/t234/export-ta_arm64/lib/libutils.a(consttime_memcmp.o)

.bss            0x0000000000023588     0xe2d8
 *(SORT_BY_ALIGNMENT(.bss) SORT_BY_ALIGNMENT(.bss.*) SORT_BY_ALIGNMENT(.gnu.linkonce.b.*) SORT_BY_ALIGNMENT(COMMON))
 COMMON         0x0000000000023588     0x8000 /home/avees/optee_local_build/Linux_for_Tegra/sources/tegra/optee-src/nv-optee/optee/cp4ad-optee/T5.optee_crypto/build/ta/T5.optee_crypto/user_ta_header.o
                0x0000000000023588                ta_heap
                0x000000000002b588                __ta_no_share_heap
 .bss           0x000000000002b588       0x10 /home/avees/optee_local_build/Linux_for_Tegra/sources/tegra/optee-src/nv-optee/optee/build/t234/export-ta_arm64/lib/libutee.a(user_ta_entry.o)
 COMMON         0x000000000002b598       0x60 /home/avees/optee_local_build/Linux_for_Tegra/sources/tegra/optee-src/nv-optee/optee/build/t234/export-ta_arm64/lib/libutee.a(user_ta_entry.o)
                0x000000000002b598                ta_param_types
                0x000000000002b5a0                __ta_no_share_malloc_ctx
                0x000000000002b5a8                ta_params
                0x000000000002b5e8                __elf_phdr_info
 .bss           0x000000000002b5f8       0x10 /home/avees/optee_local_build/Linux_for_Tegra/sources/tegra/optee-src/nv-optee/optee/build/t234/export-ta_arm64/lib/libutee.a(tee_api.o)
 .bss           0x000000000002b608     0x4000 /home/avees/optee_local_build/Linux_for_Tegra/sources/tegra/optee-src/nv-optee/optee/build/t234/export-ta_arm64/lib/libutee.a(tee_api_arith_mpi.o)
 .bss           0x000000000002f608        0x8 /home/avees/optee_local_build/Linux_for_Tegra/sources/tegra/optee-src/nv-optee/optee/build/t234/export-ta_arm64/lib/libutee.a(tee_system_pta.o)
 .bss           0x000000000002f610       0x10 /home/avees/optee_local_build/Linux_for_Tegra/sources/tegra/optee-src/nv-optee/optee/build/t234/export-ta_arm64/lib/libutee.a(tcb.o)
 .bss           0x000000000002f620     0x222c /home/avees/optee_local_build/Linux_for_Tegra/sources/tegra/optee-src/nv-optee/optee/build/t234/export-ta_arm64/lib/libmbedtls.a(aes.o)
 *fill*         0x000000000003184c        0x4 
 COMMON         0x0000000000031850        0x8 /home/avees/optee_local_build/Linux_for_Tegra/sources/tegra/optee-src/nv-optee/optee/build/t234/export-ta_arm64/lib/libmbedtls.a(bignum.o)
                0x0000000000031850                mbedtls_mpi_mempool
 .bss           0x0000000000031858        0x0 /home/avees/optee_local_build/Linux_for_Tegra/sources/tegra/optee-src/nv-optee/optee/cp4ad-optee/T5.optee_crypto/build/ta/T5.optee_crypto/ta_optee_crypto.o
 .bss           0x0000000000031858        0x1 /home/avees/optee_local_build/Linux_for_Tegra/sources/tegra/optee-src/nv-optee/optee/cp4ad-optee/T5.optee_crypto/build/ta/T5.optee_crypto/user_ta_header.o
 .bss           0x0000000000031859        0x0 /home/avees/optee_local_build/Linux_for_Tegra/sources/tegra/optee-src/nv-optee/optee/build/t234/export-ta_arm64/lib/libutils.a(stack_check.o)
 .bss           0x0000000000031859        0x0 /home/avees/optee_local_build/Linux_for_Tegra/sources/tegra/optee-src/nv-optee/optee/build/t234/export-ta_arm64/lib/libutils.a(strlen.o)
 .bss           0x0000000000031859        0x0 /home/avees/optee_local_build/Linux_for_Tegra/sources/tegra/optee-src/nv-optee/optee/build/t234/export-ta_arm64/lib/libutils.a(trace.o)
 .bss           0x0000000000031859        0x0 /home/avees/optee_local_build/Linux_for_Tegra/sources/tegra/optee-src/nv-optee/optee/build/t234/export-ta_arm64/lib/libutils.a(snprintk.o)
 .bss           0x0000000000031859        0x0 /home/avees/optee_local_build/Linux_for_Tegra/sources/tegra/optee-src/nv-optee/optee/build/t234/export-ta_arm64/lib/libutils.a(memchr.o)
 .bss           0x0000000000031859        0x0 /home/avees/optee_local_build/Linux_for_Tegra/sources/tegra/optee-src/nv-optee/optee/build/t234/export-ta_arm64/lib/libutee.a(trace_ext.o)
 .bss           0x0000000000031859        0x0 /home/avees/optee_local_build/Linux_for_Tegra/sources/tegra/optee-src/nv-optee/optee/build/t234/export-ta_arm64/lib/libutee.a(tee_api_objects.o)
 .bss           0x0000000000031859        0x0 /home/avees/optee_local_build/Linux_for_Tegra/sources/tegra/optee-src/nv-optee/optee/build/t234/export-ta_arm64/lib/libutee.a(tee_api_panic.o)
 .bss           0x0000000000031859        0x0 /home/avees/optee_local_build/Linux_for_Tegra/sources/tegra/optee-src/nv-optee/optee/build/t234/export-ta_arm64/lib/libutee.a(utee_syscalls_a64.o)
 .bss           0x0000000000031859        0x0 /home/avees/optee_local_build/Linux_for_Tegra/sources/tegra/optee-src/nv-optee/optee/build/t234/export-ta_arm64/lib/libutee.a(abort.o)
 .bss           0x0000000000031859        0x0 /home/avees/optee_local_build/Linux_for_Tegra/sources/tegra/optee-src/nv-optee/optee/build/t234/export-ta_arm64/lib/libutee.a(tee_api_property.o)
 .bss           0x0000000000031859        0x0 /home/avees/optee_local_build/Linux_for_Tegra/sources/tegra/optee-src/nv-optee/optee/build/t234/export-ta_arm64/lib/libutee.a(assert.o)
 .bss           0x0000000000031859        0x0 /home/avees/optee_local_build/Linux_for_Tegra/sources/tegra/optee-src/nv-optee/optee/build/t234/export-ta_arm64/lib/libutee.a(base64.o)
 .bss           0x0000000000031859        0x0 /home/avees/optee_local_build/Linux_for_Tegra/sources/tegra/optee-src/nv-optee/optee/build/t234/export-ta_arm64/lib/libmbedtls.a(bignum.o)
 .bss           0x0000000000031859        0x0 /home/avees/optee_local_build/Linux_for_Tegra/sources/tegra/optee-src/nv-optee/optee/build/t234/export-ta_arm64/lib/libmbedtls.a(constant_time.o)
 .bss           0x0000000000031859        0x0 /home/avees/optee_local_build/Linux_for_Tegra/sources/tegra/optee-src/nv-optee/optee/build/t234/export-ta_arm64/lib/libmbedtls.a(platform_util.o)
 .bss           0x0000000000031859        0x0 /home/avees/optee_local_build/Linux_for_Tegra/sources/tegra/optee-src/nv-optee/optee/build/t234/export-ta_arm64/lib/libutils.a(bget_malloc.o)
 .bss           0x0000000000031859        0x0 /home/avees/optee_local_build/Linux_for_Tegra/sources/tegra/optee-src/nv-optee/optee/build/t234/export-ta_arm64/lib/libutils.a(snprintf.o)
 .bss           0x0000000000031859        0x0 /home/avees/optee_local_build/Linux_for_Tegra/sources/tegra/optee-src/nv-optee/optee/build/t234/export-ta_arm64/lib/libutils.a(memcmp.o)
 .bss           0x0000000000031859        0x0 /home/avees/optee_local_build/Linux_for_Tegra/sources/tegra/optee-src/nv-optee/optee/build/t234/export-ta_arm64/lib/libutils.a(memcpy.o)
 .bss           0x0000000000031859        0x0 /home/avees/optee_local_build/Linux_for_Tegra/sources/tegra/optee-src/nv-optee/optee/build/t234/export-ta_arm64/lib/libutils.a(memmove.o)
 .bss           0x0000000000031859        0x0 /home/avees/optee_local_build/Linux_for_Tegra/sources/tegra/optee-src/nv-optee/optee/build/t234/export-ta_arm64/lib/libutils.a(memset.o)
 .bss           0x0000000000031859        0x0 /home/avees/optee_local_build/Linux_for_Tegra/sources/tegra/optee-src/nv-optee/optee/build/t234/export-ta_arm64/lib/libutils.a(strcmp.o)
 .bss           0x0000000000031859        0x0 /home/avees/optee_local_build/Linux_for_Tegra/sources/tegra/optee-src/nv-optee/optee/build/t234/export-ta_arm64/lib/libutils.a(strlcpy.o)
 .bss           0x0000000000031859        0x0 /home/avees/optee_local_build/Linux_for_Tegra/sources/tegra/optee-src/nv-optee/optee/build/t234/export-ta_arm64/lib/libutils.a(mempool.o)
 .bss           0x0000000000031859        0x0 /home/avees/optee_local_build/Linux_for_Tegra/sources/tegra/optee-src/nv-optee/optee/build/t234/export-ta_arm64/lib/libutils.a(consttime_memcmp.o)
                0x0000000000031860                . = ALIGN (0x8)
 *fill*         0x0000000000031859        0x7 
                0x0000000000031860                __ftrace_buf_start = .
                0x0000000000031860                . = (. + DEFINED (_mcount)?0x800:0x0)
                0x0000000000031860                __ftrace_buf_end = .

.dynbss         0x0000000000031860        0x0
 .dynbss        0x0000000000031860        0x0 /home/avees/optee_local_build/Linux_for_Tegra/sources/tegra/optee-src/nv-optee/optee/cp4ad-optee/T5.optee_crypto/build/ta/T5.optee_crypto/ta_optee_crypto.o

/DISCARD/
 *(SORT_BY_ALIGNMENT(.interp))
LOAD /home/avees/optee_local_build/Linux_for_Tegra/sources/tegra/optee-src/nv-optee/optee/cp4ad-optee/T5.optee_crypto/build/ta/T5.optee_crypto/ta_optee_crypto.o
LOAD /home/avees/optee_local_build/Linux_for_Tegra/sources/tegra/optee-src/nv-optee/optee/cp4ad-optee/T5.optee_crypto/build/ta/T5.optee_crypto/user_ta_header.o
START GROUP
LOAD /home/avees/optee_local_build/Linux_for_Tegra/sources/tegra/optee-src/nv-optee/optee/build/t234/export-ta_arm64/lib/libutils.a
LOAD /home/avees/optee_local_build/Linux_for_Tegra/sources/tegra/optee-src/nv-optee/optee/build/t234/export-ta_arm64/lib/libutee.a
LOAD /home/avees/optee_local_build/Linux_for_Tegra/sources/tegra/optee-src/nv-optee/optee/build/t234/export-ta_arm64/lib/libmbedtls.a
LOAD /home/avees/optee_local_build/Linux_for_Tegra/sources/tegra/optee-src/nv-optee/optee/build/t234/export-ta_arm64/lib/libdl.a
END GROUP
LOAD /usr/lib/gcc/aarch64-linux-gnu/9/libgcc.a
LOAD /home/avees/optee_local_build/Linux_for_Tegra/sources/tegra/optee-src/nv-optee/optee/build/t234/export-ta_arm64/lib/libutils.a
OUTPUT(/home/avees/optee_local_build/Linux_for_Tegra/sources/tegra/optee-src/nv-optee/optee/cp4ad-optee/T5.optee_crypto/build/ta/T5.optee_crypto/e4a86432-409d-4542-a53e-e2ce9d6577d3.elf elf64-littleaarch64)
LOAD linker stubs

.debug_info     0x0000000000000000    0x10b2b
 .debug_info    0x0000000000000000      0x5b8 /home/avees/optee_local_build/Linux_for_Tegra/sources/tegra/optee-src/nv-optee/optee/cp4ad-optee/T5.optee_crypto/build/ta/T5.optee_crypto/ta_optee_crypto.o
 .debug_info    0x00000000000005b8      0x578 /home/avees/optee_local_build/Linux_for_Tegra/sources/tegra/optee-src/nv-optee/optee/cp4ad-optee/T5.optee_crypto/build/ta/T5.optee_crypto/user_ta_header.o
 .debug_info    0x0000000000000b30       0xe5 /home/avees/optee_local_build/Linux_for_Tegra/sources/tegra/optee-src/nv-optee/optee/build/t234/export-ta_arm64/lib/libutils.a(stack_check.o)
 .debug_info    0x0000000000000c15       0xc9 /home/avees/optee_local_build/Linux_for_Tegra/sources/tegra/optee-src/nv-optee/optee/build/t234/export-ta_arm64/lib/libutils.a(strlen.o)
 .debug_info    0x0000000000000cde      0x595 /home/avees/optee_local_build/Linux_for_Tegra/sources/tegra/optee-src/nv-optee/optee/build/t234/export-ta_arm64/lib/libutils.a(trace.o)
 .debug_info    0x0000000000001273      0x625 /home/avees/optee_local_build/Linux_for_Tegra/sources/tegra/optee-src/nv-optee/optee/build/t234/export-ta_arm64/lib/libutils.a(snprintk.o)
 .debug_info    0x0000000000001898      0x11e /home/avees/optee_local_build/Linux_for_Tegra/sources/tegra/optee-src/nv-optee/optee/build/t234/export-ta_arm64/lib/libutils.a(memchr.o)
 .debug_info    0x00000000000019b6      0x27b /home/avees/optee_local_build/Linux_for_Tegra/sources/tegra/optee-src/nv-optee/optee/build/t234/export-ta_arm64/lib/libutee.a(trace_ext.o)
 .debug_info    0x0000000000001c31     0x1946 /home/avees/optee_local_build/Linux_for_Tegra/sources/tegra/optee-src/nv-optee/optee/build/t234/export-ta_arm64/lib/libutee.a(tee_api_objects.o)
 .debug_info    0x0000000000003577      0x52d /home/avees/optee_local_build/Linux_for_Tegra/sources/tegra/optee-src/nv-optee/optee/build/t234/export-ta_arm64/lib/libutee.a(tee_api_panic.o)
 .debug_info    0x0000000000003aa4     0x1033 /home/avees/optee_local_build/Linux_for_Tegra/sources/tegra/optee-src/nv-optee/optee/build/t234/export-ta_arm64/lib/libutee.a(user_ta_entry.o)
 .debug_info    0x0000000000004ad7       0x22 /home/avees/optee_local_build/Linux_for_Tegra/sources/tegra/optee-src/nv-optee/optee/build/t234/export-ta_arm64/lib/libutee.a(utee_syscalls_a64.o)
 .debug_info    0x0000000000004af9       0xfc /home/avees/optee_local_build/Linux_for_Tegra/sources/tegra/optee-src/nv-optee/optee/build/t234/export-ta_arm64/lib/libutee.a(abort.o)
 .debug_info    0x0000000000004bf5     0x172f /home/avees/optee_local_build/Linux_for_Tegra/sources/tegra/optee-src/nv-optee/optee/build/t234/export-ta_arm64/lib/libutee.a(tee_api.o)
 .debug_info    0x0000000000006324     0x271c /home/avees/optee_local_build/Linux_for_Tegra/sources/tegra/optee-src/nv-optee/optee/build/t234/export-ta_arm64/lib/libutee.a(tee_api_arith_mpi.o)
 .debug_info    0x0000000000008a40      0xe70 /home/avees/optee_local_build/Linux_for_Tegra/sources/tegra/optee-src/nv-optee/optee/build/t234/export-ta_arm64/lib/libutee.a(tee_api_property.o)
 .debug_info    0x00000000000098b0      0x563 /home/avees/optee_local_build/Linux_for_Tegra/sources/tegra/optee-src/nv-optee/optee/build/t234/export-ta_arm64/lib/libutee.a(tee_system_pta.o)
 .debug_info    0x0000000000009e13      0x73d /home/avees/optee_local_build/Linux_for_Tegra/sources/tegra/optee-src/nv-optee/optee/build/t234/export-ta_arm64/lib/libutee.a(tcb.o)
 .debug_info    0x000000000000a550      0x162 /home/avees/optee_local_build/Linux_for_Tegra/sources/tegra/optee-src/nv-optee/optee/build/t234/export-ta_arm64/lib/libutee.a(assert.o)
 .debug_info    0x000000000000a6b2      0x2ec /home/avees/optee_local_build/Linux_for_Tegra/sources/tegra/optee-src/nv-optee/optee/build/t234/export-ta_arm64/lib/libutee.a(base64.o)
 .debug_info    0x000000000000a99e      0xb71 /home/avees/optee_local_build/Linux_for_Tegra/sources/tegra/optee-src/nv-optee/optee/build/t234/export-ta_arm64/lib/libmbedtls.a(aes.o)
 .debug_info    0x000000000000b50f     0x2639 /home/avees/optee_local_build/Linux_for_Tegra/sources/tegra/optee-src/nv-optee/optee/build/t234/export-ta_arm64/lib/libmbedtls.a(bignum.o)
 .debug_info    0x000000000000db48      0x974 /home/avees/optee_local_build/Linux_for_Tegra/sources/tegra/optee-src/nv-optee/optee/build/t234/export-ta_arm64/lib/libmbedtls.a(constant_time.o)
 .debug_info    0x000000000000e4bc      0x134 /home/avees/optee_local_build/Linux_for_Tegra/sources/tegra/optee-src/nv-optee/optee/build/t234/export-ta_arm64/lib/libmbedtls.a(platform_util.o)
 .debug_info    0x000000000000e5f0     0x1815 /home/avees/optee_local_build/Linux_for_Tegra/sources/tegra/optee-src/nv-optee/optee/build/t234/export-ta_arm64/lib/libutils.a(bget_malloc.o)
 .debug_info    0x000000000000fe05      0x1d3 /home/avees/optee_local_build/Linux_for_Tegra/sources/tegra/optee-src/nv-optee/optee/build/t234/export-ta_arm64/lib/libutils.a(snprintf.o)
 .debug_info    0x000000000000ffd8      0x106 /home/avees/optee_local_build/Linux_for_Tegra/sources/tegra/optee-src/nv-optee/optee/build/t234/export-ta_arm64/lib/libutils.a(memcmp.o)
 .debug_info    0x00000000000100de      0x11f /home/avees/optee_local_build/Linux_for_Tegra/sources/tegra/optee-src/nv-optee/optee/build/t234/export-ta_arm64/lib/libutils.a(memcpy.o)
 .debug_info    0x00000000000101fd      0x11f /home/avees/optee_local_build/Linux_for_Tegra/sources/tegra/optee-src/nv-optee/optee/build/t234/export-ta_arm64/lib/libutils.a(memmove.o)
 .debug_info    0x000000000001031c      0x10c /home/avees/optee_local_build/Linux_for_Tegra/sources/tegra/optee-src/nv-optee/optee/build/t234/export-ta_arm64/lib/libutils.a(memset.o)
 .debug_info    0x0000000000010428       0xcf /home/avees/optee_local_build/Linux_for_Tegra/sources/tegra/optee-src/nv-optee/optee/build/t234/export-ta_arm64/lib/libutils.a(strcmp.o)
 .debug_info    0x00000000000104f7      0x110 /home/avees/optee_local_build/Linux_for_Tegra/sources/tegra/optee-src/nv-optee/optee/build/t234/export-ta_arm64/lib/libutils.a(strlcpy.o)
 .debug_info    0x0000000000010607      0x406 /home/avees/optee_local_build/Linux_for_Tegra/sources/tegra/optee-src/nv-optee/optee/build/t234/export-ta_arm64/lib/libutils.a(mempool.o)
 .debug_info    0x0000000000010a0d      0x11e /home/avees/optee_local_build/Linux_for_Tegra/sources/tegra/optee-src/nv-optee/optee/build/t234/export-ta_arm64/lib/libutils.a(consttime_memcmp.o)

.debug_abbrev   0x0000000000000000     0x2fed
 .debug_abbrev  0x0000000000000000      0x171 /home/avees/optee_local_build/Linux_for_Tegra/sources/tegra/optee-src/nv-optee/optee/cp4ad-optee/T5.optee_crypto/build/ta/T5.optee_crypto/ta_optee_crypto.o
 .debug_abbrev  0x0000000000000171      0x1c7 /home/avees/optee_local_build/Linux_for_Tegra/sources/tegra/optee-src/nv-optee/optee/cp4ad-optee/T5.optee_crypto/build/ta/T5.optee_crypto/user_ta_header.o
 .debug_abbrev  0x0000000000000338       0x8c /home/avees/optee_local_build/Linux_for_Tegra/sources/tegra/optee-src/nv-optee/optee/build/t234/export-ta_arm64/lib/libutils.a(stack_check.o)
 .debug_abbrev  0x00000000000003c4       0x81 /home/avees/optee_local_build/Linux_for_Tegra/sources/tegra/optee-src/nv-optee/optee/build/t234/export-ta_arm64/lib/libutils.a(strlen.o)
 .debug_abbrev  0x0000000000000445      0x1c9 /home/avees/optee_local_build/Linux_for_Tegra/sources/tegra/optee-src/nv-optee/optee/build/t234/export-ta_arm64/lib/libutils.a(trace.o)
 .debug_abbrev  0x000000000000060e      0x1b6 /home/avees/optee_local_build/Linux_for_Tegra/sources/tegra/optee-src/nv-optee/optee/build/t234/export-ta_arm64/lib/libutils.a(snprintk.o)
 .debug_abbrev  0x00000000000007c4       0xba /home/avees/optee_local_build/Linux_for_Tegra/sources/tegra/optee-src/nv-optee/optee/build/t234/export-ta_arm64/lib/libutils.a(memchr.o)
 .debug_abbrev  0x000000000000087e      0x12e /home/avees/optee_local_build/Linux_for_Tegra/sources/tegra/optee-src/nv-optee/optee/build/t234/export-ta_arm64/lib/libutee.a(trace_ext.o)
 .debug_abbrev  0x00000000000009ac      0x26b /home/avees/optee_local_build/Linux_for_Tegra/sources/tegra/optee-src/nv-optee/optee/build/t234/export-ta_arm64/lib/libutee.a(tee_api_objects.o)
 .debug_abbrev  0x0000000000000c17      0x176 /home/avees/optee_local_build/Linux_for_Tegra/sources/tegra/optee-src/nv-optee/optee/build/t234/export-ta_arm64/lib/libutee.a(tee_api_panic.o)
 .debug_abbrev  0x0000000000000d8d      0x330 /home/avees/optee_local_build/Linux_for_Tegra/sources/tegra/optee-src/nv-optee/optee/build/t234/export-ta_arm64/lib/libutee.a(user_ta_entry.o)
 .debug_abbrev  0x00000000000010bd       0x12 /home/avees/optee_local_build/Linux_for_Tegra/sources/tegra/optee-src/nv-optee/optee/build/t234/export-ta_arm64/lib/libutee.a(utee_syscalls_a64.o)
 .debug_abbrev  0x00000000000010cf       0x93 /home/avees/optee_local_build/Linux_for_Tegra/sources/tegra/optee-src/nv-optee/optee/build/t234/export-ta_arm64/lib/libutee.a(abort.o)
 .debug_abbrev  0x0000000000001162      0x2d9 /home/avees/optee_local_build/Linux_for_Tegra/sources/tegra/optee-src/nv-optee/optee/build/t234/export-ta_arm64/lib/libutee.a(tee_api.o)
 .debug_abbrev  0x000000000000143b      0x313 /home/avees/optee_local_build/Linux_for_Tegra/sources/tegra/optee-src/nv-optee/optee/build/t234/export-ta_arm64/lib/libutee.a(tee_api_arith_mpi.o)
 .debug_abbrev  0x000000000000174e      0x262 /home/avees/optee_local_build/Linux_for_Tegra/sources/tegra/optee-src/nv-optee/optee/build/t234/export-ta_arm64/lib/libutee.a(tee_api_property.o)
 .debug_abbrev  0x00000000000019b0      0x19d /home/avees/optee_local_build/Linux_for_Tegra/sources/tegra/optee-src/nv-optee/optee/build/t234/export-ta_arm64/lib/libutee.a(tee_system_pta.o)
 .debug_abbrev  0x0000000000001b4d      0x220 /home/avees/optee_local_build/Linux_for_Tegra/sources/tegra/optee-src/nv-optee/optee/build/t234/export-ta_arm64/lib/libutee.a(tcb.o)
 .debug_abbrev  0x0000000000001d6d       0xc0 /home/avees/optee_local_build/Linux_for_Tegra/sources/tegra/optee-src/nv-optee/optee/build/t234/export-ta_arm64/lib/libutee.a(assert.o)