Archive member included to satisfy reference by file (symbol)

/home/seungwoo/optee/Linux_for_Tegra/sources/tegra/optee-src/nv-optee/optee/build/t234/export-ta_arm64/lib/libutee.a(user_ta_entry.o)
                              ../build/ta/my_example/user_ta_header.o (__utee_entry)
/home/seungwoo/optee/Linux_for_Tegra/sources/tegra/optee-src/nv-optee/optee/build/t234/export-ta_arm64/lib/libutee.a(utee_syscalls_a64.o)
                              ../build/ta/my_example/user_ta_header.o (_utee_return)
/home/seungwoo/optee/Linux_for_Tegra/sources/tegra/optee-src/nv-optee/optee/build/t234/export-ta_arm64/lib/libutee.a(abort.o)
                              /home/seungwoo/optee/Linux_for_Tegra/sources/tegra/optee-src/nv-optee/optee/build/t234/export-ta_arm64/lib/libutee.a(user_ta_entry.o) (abort)
/home/seungwoo/optee/Linux_for_Tegra/sources/tegra/optee-src/nv-optee/optee/build/t234/export-ta_arm64/lib/libutee.a(trace_ext.o)
                              /home/seungwoo/optee/Linux_for_Tegra/sources/tegra/optee-src/nv-optee/optee/build/t234/export-ta_arm64/lib/libutee.a(abort.o) (puts)
/home/seungwoo/optee/Linux_for_Tegra/sources/tegra/optee-src/nv-optee/optee/build/t234/export-ta_arm64/lib/libutee.a(tee_api.o)
                              /home/seungwoo/optee/Linux_for_Tegra/sources/tegra/optee-src/nv-optee/optee/build/t234/export-ta_arm64/lib/libutee.a(user_ta_entry.o) (TEE_Malloc)
/home/seungwoo/optee/Linux_for_Tegra/sources/tegra/optee-src/nv-optee/optee/build/t234/export-ta_arm64/lib/libutee.a(tee_api_arith_mpi.o)
                              /home/seungwoo/optee/Linux_for_Tegra/sources/tegra/optee-src/nv-optee/optee/build/t234/export-ta_arm64/lib/libutee.a(user_ta_entry.o) (_TEE_MathAPI_Init)
/home/seungwoo/optee/Linux_for_Tegra/sources/tegra/optee-src/nv-optee/optee/build/t234/export-ta_arm64/lib/libutee.a(tee_api_panic.o)
                              /home/seungwoo/optee/Linux_for_Tegra/sources/tegra/optee-src/nv-optee/optee/build/t234/export-ta_arm64/lib/libutee.a(tee_api.o) (TEE_Panic)
/home/seungwoo/optee/Linux_for_Tegra/sources/tegra/optee-src/nv-optee/optee/build/t234/export-ta_arm64/lib/libutee.a(tee_api_property.o)
                              /home/seungwoo/optee/Linux_for_Tegra/sources/tegra/optee-src/nv-optee/optee/build/t234/export-ta_arm64/lib/libutee.a(user_ta_entry.o) (TEE_GetPropertyAsU32)
/home/seungwoo/optee/Linux_for_Tegra/sources/tegra/optee-src/nv-optee/optee/build/t234/export-ta_arm64/lib/libutee.a(tee_system_pta.o)
                              /home/seungwoo/optee/Linux_for_Tegra/sources/tegra/optee-src/nv-optee/optee/build/t234/export-ta_arm64/lib/libutee.a(tee_api.o) (tee_map_zi)
/home/seungwoo/optee/Linux_for_Tegra/sources/tegra/optee-src/nv-optee/optee/build/t234/export-ta_arm64/lib/libutee.a(tcb.o)
                              /home/seungwoo/optee/Linux_for_Tegra/sources/tegra/optee-src/nv-optee/optee/build/t234/export-ta_arm64/lib/libutee.a(user_ta_entry.o) (__utee_tcb_init)
/home/seungwoo/optee/Linux_for_Tegra/sources/tegra/optee-src/nv-optee/optee/build/t234/export-ta_arm64/lib/libutee.a(assert.o)
                              /home/seungwoo/optee/Linux_for_Tegra/sources/tegra/optee-src/nv-optee/optee/build/t234/export-ta_arm64/lib/libutee.a(tcb.o) (_assert_log)
/home/seungwoo/optee/Linux_for_Tegra/sources/tegra/optee-src/nv-optee/optee/build/t234/export-ta_arm64/lib/libutee.a(base64.o)
                              /home/seungwoo/optee/Linux_for_Tegra/sources/tegra/optee-src/nv-optee/optee/build/t234/export-ta_arm64/lib/libutee.a(tee_api_property.o) (_base64_enc_len)
/home/seungwoo/optee/Linux_for_Tegra/sources/tegra/optee-src/nv-optee/optee/build/t234/export-ta_arm64/lib/libmbedtls.a(bignum.o)
                              /home/seungwoo/optee/Linux_for_Tegra/sources/tegra/optee-src/nv-optee/optee/build/t234/export-ta_arm64/lib/libutee.a(tee_api_arith_mpi.o) (mbedtls_mpi_init_mempool)
/home/seungwoo/optee/Linux_for_Tegra/sources/tegra/optee-src/nv-optee/optee/build/t234/export-ta_arm64/lib/libmbedtls.a(constant_time.o)
                              /home/seungwoo/optee/Linux_for_Tegra/sources/tegra/optee-src/nv-optee/optee/build/t234/export-ta_arm64/lib/libmbedtls.a(bignum.o) (mbedtls_ct_size_bool_eq)
/home/seungwoo/optee/Linux_for_Tegra/sources/tegra/optee-src/nv-optee/optee/build/t234/export-ta_arm64/lib/libmbedtls.a(platform_util.o)
                              /home/seungwoo/optee/Linux_for_Tegra/sources/tegra/optee-src/nv-optee/optee/build/t234/export-ta_arm64/lib/libmbedtls.a(bignum.o) (mbedtls_platform_zeroize)
/home/seungwoo/optee/Linux_for_Tegra/sources/tegra/optee-src/nv-optee/optee/build/t234/export-ta_arm64/lib/libutils.a(bget_malloc.o)
                              /home/seungwoo/optee/Linux_for_Tegra/sources/tegra/optee-src/nv-optee/optee/build/t234/export-ta_arm64/lib/libutee.a(tee_api.o) (raw_malloc)
/home/seungwoo/optee/Linux_for_Tegra/sources/tegra/optee-src/nv-optee/optee/build/t234/export-ta_arm64/lib/libutils.a(snprintf.o)
[...]
Memory Configuration

Name             Origin             Length             Attributes
*default*        0x0000000000000000 0xffffffffffffffff

Linker script and memory map


.ta_head        0x0000000000000000       0x20
 *(SORT_BY_ALIGNMENT(.ta_head))
 .ta_head       0x0000000000000000       0x20 ../build/ta/my_example/user_ta_header.o
                0x0000000000000000                ta_head

.text           0x0000000000000020     0xc5f4
                0x0000000000000020                __text_start = .
 *(SORT_BY_ALIGNMENT(.text) SORT_BY_ALIGNMENT(.text.*))
 .text          0x0000000000000020       0xec /home/seungwoo/optee/Linux_for_Tegra/sources/tegra/optee-src/nv-optee/optee/build/t234/export-ta_arm64/lib/libutils.a(memcpy.o)
                0x0000000000000020                memcpy
 .text          0x000000000000010c       0x28 ../build/ta/my_example/ta.o
                0x000000000000010c                TA_CreateEntryPoint
                0x0000000000000114                TA_DestroyEntryPoint
                0x0000000000000118                TA_OpenSessionEntryPoint
                0x0000000000000120                TA_CloseSessionEntryPoint
                0x0000000000000124                TA_InvokeCommandEntryPoint
 .text          0x0000000000000134       0x1c ../build/ta/my_example/user_ta_header.o
                0x0000000000000134                __ta_entry
                0x0000000000000148                tahead_get_trace_level
 .text          0x0000000000000150      0x74c /home/seungwoo/optee/Linux_for_Tegra/sources/tegra/optee-src/nv-optee/optee/build/t234/export-ta_arm64/lib/libutee.a(user_ta_entry.o)
                0x0000000000000414                __utee_call_elf_init_fn
                0x000000000000056c                __utee_call_elf_fini_fn
                0x0000000000000614                __utee_entry
 .text._utee_panic
                0x000000000000089c        0xc /home/seungwoo/optee/Linux_for_Tegra/sources/tegra/optee-src/nv-optee/optee/build/t234/export-ta_arm64/lib/libutee.a(utee_syscalls_a64.o)
                0x000000000000089c                _utee_panic
 .text._utee_return
                0x00000000000008a8        0xc /home/seungwoo/optee/Linux_for_Tegra/sources/tegra/optee-src/nv-optee/optee/build/t234/export-ta_arm64/lib/libutee.a(utee_syscalls_a64.o)
                0x00000000000008a8                _utee_return
 .text._utee_log
                0x00000000000008b4        0xc /home/seungwoo/optee/Linux_for_Tegra/sources/tegra/optee-src/nv-optee/optee/build/t234/export-ta_arm64/lib/libutee.a(utee_syscalls_a64.o)
                0x00000000000008b4                _utee_log
 .text.__utee_panic
                0x00000000000008c0        0xc /home/seungwoo/optee/Linux_for_Tegra/sources/tegra/optee-src/nv-optee/optee/build/t234/export-ta_arm64/lib/libutee.a(utee_syscalls_a64.o)
                0x00000000000008c0                __utee_panic
 .text._utee_get_property
                0x00000000000008cc        0xc /home/seungwoo/optee/Linux_for_Tegra/sources/tegra/optee-src/nv-optee/optee/build/t234/export-ta_arm64/lib/libutee.a(utee_syscalls_a64.o)
                0x00000000000008cc                _utee_get_property
 .text._utee_get_property_name_to_index
                0x00000000000008d8        0xc /home/seungwoo/optee/Linux_for_Tegra/sources/tegra/optee-src/nv-optee/optee/build/t234/export-ta_arm64/lib/libutee.a(utee_syscalls_a64.o)
                0x00000000000008d8                _utee_get_property_name_to_index
 .text._utee_open_ta_session
                0x00000000000008e4        0xc /home/seungwoo/optee/Linux_for_Tegra/sources/tegra/optee-src/nv-optee/optee/build/t234/export-ta_arm64/lib/libutee.a(utee_syscalls_a64.o)
                0x00000000000008e4                _utee_open_ta_session
 .text._utee_close_ta_session
                0x00000000000008f0        0xc /home/seungwoo/optee/Linux_for_Tegra/sources/tegra/optee-src/nv-optee/optee/build/t234/export-ta_arm64/lib/libutee.a(utee_syscalls_a64.o)
                0x00000000000008f0                _utee_close_ta_session
 .text._utee_invoke_ta_command
                0x00000000000008fc        0xc /home/seungwoo/optee/Linux_for_Tegra/sources/tegra/optee-src/nv-optee/optee/build/t234/export-ta_arm64/lib/libutee.a(utee_syscalls_a64.o)
                0x00000000000008fc                _utee_invoke_ta_command
 .text._utee_get_cancellation_flag
                0x0000000000000908        0xc /home/seungwoo/optee/Linux_for_Tegra/sources/tegra/optee-src/nv-optee/optee/build/t234/export-ta_arm64/lib/libutee.a(utee_syscalls_a64.o)
                0x0000000000000908                _utee_get_cancellation_flag
 .text._utee_check_access_rights
                0x0000000000000914        0xc /home/seungwoo/optee/Linux_for_Tegra/sources/tegra/optee-src/nv-optee/optee/build/t234/export-ta_arm64/lib/libutee.a(utee_syscalls_a64.o)
                0x0000000000000914                _utee_check_access_rights
 .text._utee_unmask_cancellation
                0x0000000000000920        0xc /home/seungwoo/optee/Linux_for_Tegra/sources/tegra/optee-src/nv-optee/optee/build/t234/export-ta_arm64/lib/libutee.a(utee_syscalls_a64.o)
                0x0000000000000920                _utee_unmask_cancellation
 .text._utee_mask_cancellation
                0x000000000000092c        0xc /home/seungwoo/optee/Linux_for_Tegra/sources/tegra/optee-src/nv-optee/optee/build/t234/export-ta_arm64/lib/libutee.a(utee_syscalls_a64.o)
                0x000000000000092c                _utee_mask_cancellation
 .text._utee_wait
                0x0000000000000938        0xc /home/seungwoo/optee/Linux_for_Tegra/sources/tegra/optee-src/nv-optee/optee/build/t234/export-ta_arm64/lib/libutee.a(utee_syscalls_a64.o)
                0x0000000000000938                _utee_wait
 .text._utee_get_time
                0x0000000000000944        0xc /home/seungwoo/optee/Linux_for_Tegra/sources/tegra/optee-src/nv-optee/optee/build/t234/export-ta_arm64/lib/libutee.a(utee_syscalls_a64.o)
                0x0000000000000944                _utee_get_time
 .text._utee_set_ta_time
                0x0000000000000950        0xc /home/seungwoo/optee/Linux_for_Tegra/sources/tegra/optee-src/nv-optee/optee/build/t234/export-ta_arm64/lib/libutee.a(utee_syscalls_a64.o)
                0x0000000000000950                _utee_set_ta_time
 .text._utee_cryp_state_alloc
                0x000000000000095c        0xc /home/seungwoo/optee/Linux_for_Tegra/sources/tegra/optee-src/nv-optee/optee/build/t234/export-ta_arm64/lib/libutee.a(utee_syscalls_a64.o)
                0x000000000000095c                _utee_cryp_state_alloc
 .text._utee_cryp_state_copy
                0x0000000000000968        0xc /home/seungwoo/optee/Linux_for_Tegra/sources/tegra/optee-src/nv-optee/optee/build/t234/export-ta_arm64/lib/libutee.a(utee_syscalls_a64.o)
                0x0000000000000968                _utee_cryp_state_copy
 .text._utee_cryp_state_free
                0x0000000000000974        0xc /home/seungwoo/optee/Linux_for_Tegra/sources/tegra/optee-src/nv-optee/optee/build/t234/export-ta_arm64/lib/libutee.a(utee_syscalls_a64.o)
                0x0000000000000974                _utee_cryp_state_free
 .text._utee_hash_init
                0x0000000000000980        0xc /home/seungwoo/optee/Linux_for_Tegra/sources/tegra/optee-src/nv-optee/optee/build/t234/export-ta_arm64/lib/libutee.a(utee_syscalls_a64.o)
                0x0000000000000980                _utee_hash_init
 .text._utee_hash_update
                0x000000000000098c        0xc /home/seungwoo/optee/Linux_for_Tegra/sources/tegra/optee-src/nv-optee/optee/build/t234/export-ta_arm64/lib/libutee.a(utee_syscalls_a64.o)
                0x000000000000098c                _utee_hash_update
 .text._utee_hash_final
                0x0000000000000998        0xc /home/seungwoo/optee/Linux_for_Tegra/sources/tegra/optee-src/nv-optee/optee/build/t234/export-ta_arm64/lib/libutee.a(utee_syscalls_a64.o)
                0x0000000000000998                _utee_hash_final
 .text._utee_cipher_init
                0x00000000000009a4        0xc /home/seungwoo/optee/Linux_for_Tegra/sources/tegra/optee-src/nv-optee/optee/build/t234/export-ta_arm64/lib/libutee.a(utee_syscalls_a64.o)
                0x00000000000009a4                _utee_cipher_init
 .text._utee_cipher_update
                0x00000000000009b0        0xc /home/seungwoo/optee/Linux_for_Tegra/sources/tegra/optee-src/nv-optee/optee/build/t234/export-ta_arm64/lib/libutee.a(utee_syscalls_a64.o)
                0x00000000000009b0                _utee_cipher_update
 .text._utee_cipher_final
                0x00000000000009bc        0xc /home/seungwoo/optee/Linux_for_Tegra/sources/tegra/optee-src/nv-optee/optee/build/t234/export-ta_arm64/lib/libutee.a(utee_syscalls_a64.o)
                0x00000000000009bc                _utee_cipher_final
 .text._utee_cryp_obj_get_info
                0x00000000000009c8        0xc /home/seungwoo/optee/Linux_for_Tegra/sources/tegra/optee-src/nv-optee/optee/build/t234/export-ta_arm64/lib/libutee.a(utee_syscalls_a64.o)
                0x00000000000009c8                _utee_cryp_obj_get_info
 .text._utee_cryp_obj_restrict_usage
                0x00000000000009d4        0xc /home/seungwoo/optee/Linux_for_Tegra/sources/tegra/optee-src/nv-optee/optee/build/t234/export-ta_arm64/lib/libutee.a(utee_syscalls_a64.o)
                0x00000000000009d4                _utee_cryp_obj_restrict_usage
 .text._utee_cryp_obj_get_attr
                0x00000000000009e0        0xc /home/seungwoo/optee/Linux_for_Tegra/sources/tegra/optee-src/nv-optee/optee/build/t234/export-ta_arm64/lib/libutee.a(utee_syscalls_a64.o)
                0x00000000000009e0                _utee_cryp_obj_get_attr
 .text._utee_cryp_obj_alloc
                0x00000000000009ec        0xc /home/seungwoo/optee/Linux_for_Tegra/sources/tegra/optee-src/nv-optee/optee/build/t234/export-ta_arm64/lib/libutee.a(utee_syscalls_a64.o)
                0x00000000000009ec                _utee_cryp_obj_alloc
 .text._utee_cryp_obj_close
                0x00000000000009f8        0xc /home/seungwoo/optee/Linux_for_Tegra/sources/tegra/optee-src/nv-optee/optee/build/t234/export-ta_arm64/lib/libutee.a(utee_syscalls_a64.o)
                0x00000000000009f8                _utee_cryp_obj_close
 .text._utee_cryp_obj_reset
                0x0000000000000a04        0xc /home/seungwoo/optee/Linux_for_Tegra/sources/tegra/optee-src/nv-optee/optee/build/t234/export-ta_arm64/lib/libutee.a(utee_syscalls_a64.o)
                0x0000000000000a04                _utee_cryp_obj_reset
 .text._utee_cryp_obj_populate
                0x0000000000000a10        0xc /home/seungwoo/optee/Linux_for_Tegra/sources/tegra/optee-src/nv-optee/optee/build/t234/export-ta_arm64/lib/libutee.a(utee_syscalls_a64.o)
                0x0000000000000a10                _utee_cryp_obj_populate
 .text._utee_cryp_obj_copy
                0x0000000000000a1c        0xc /home/seungwoo/optee/Linux_for_Tegra/sources/tegra/optee-src/nv-optee/optee/build/t234/export-ta_arm64/lib/libutee.a(utee_syscalls_a64.o)
                0x0000000000000a1c                _utee_cryp_obj_copy
 .text._utee_cryp_derive_key
                0x0000000000000a28        0xc /home/seungwoo/optee/Linux_for_Tegra/sources/tegra/optee-src/nv-optee/optee/build/t234/export-ta_arm64/lib/libutee.a(utee_syscalls_a64.o)
                0x0000000000000a28                _utee_cryp_derive_key
 .text._utee_cryp_random_number_generate
                0x0000000000000a34        0xc /home/seungwoo/optee/Linux_for_Tegra/sources/tegra/optee-src/nv-optee/optee/build/t234/export-ta_arm64/lib/libutee.a(utee_syscalls_a64.o)
                0x0000000000000a34                _utee_cryp_random_number_generate
 .text._utee_authenc_init
                0x0000000000000a40        0xc /home/seungwoo/optee/Linux_for_Tegra/sources/tegra/optee-src/nv-optee/optee/build/t234/export-ta_arm64/lib/libutee.a(utee_syscalls_a64.o)
                0x0000000000000a40                _utee_authenc_init
 .text._utee_authenc_update_aad
                0x0000000000000a4c        0xc /home/seungwoo/optee/Linux_for_Tegra/sources/tegra/optee-src/nv-optee/optee/build/t234/export-ta_arm64/lib/libutee.a(utee_syscalls_a64.o)
                0x0000000000000a4c                _utee_authenc_update_aad
 .text._utee_authenc_update_payload
                0x0000000000000a58        0xc /home/seungwoo/optee/Linux_for_Tegra/sources/tegra/optee-src/nv-optee/optee/build/t234/export-ta_arm64/lib/libutee.a(utee_syscalls_a64.o)
                0x0000000000000a58                _utee_authenc_update_payload
 .text._utee_authenc_enc_final
                0x0000000000000a64        0xc /home/seungwoo/optee/Linux_for_Tegra/sources/tegra/optee-src/nv-optee/optee/build/t234/export-ta_arm64/lib/libutee.a(utee_syscalls_a64.o)
                0x0000000000000a64                _utee_authenc_enc_final
 .text._utee_authenc_dec_final
                0x0000000000000a70        0xc /home/seungwoo/optee/Linux_for_Tegra/sources/tegra/optee-src/nv-optee/optee/build/t234/export-ta_arm64/lib/libutee.a(utee_syscalls_a64.o)
                0x0000000000000a70                _utee_authenc_dec_final
 .text._utee_asymm_operate
                0x0000000000000a7c        0xc /home/seungwoo/optee/Linux_for_Tegra/sources/tegra/optee-src/nv-optee/optee/build/t234/export-ta_arm64/lib/libutee.a(utee_syscalls_a64.o)
                0x0000000000000a7c                _utee_asymm_operate
 .text._utee_asymm_verify
                0x0000000000000a88        0xc /home/seungwoo/optee/Linux_for_Tegra/sources/tegra/optee-src/nv-optee/optee/build/t234/export-ta_arm64/lib/libutee.a(utee_syscalls_a64.o)
                0x0000000000000a88                _utee_asymm_verify
 .text._utee_storage_obj_open
                0x0000000000000a94        0xc /home/seungwoo/optee/Linux_for_Tegra/sources/tegra/optee-src/nv-optee/optee/build/t234/export-ta_arm64/lib/libutee.a(utee_syscalls_a64.o)
                0x0000000000000a94                _utee_storage_obj_open
 .text._utee_storage_obj_create
                0x0000000000000aa0        0xc /home/seungwoo/optee/Linux_for_Tegra/sources/tegra/optee-src/nv-optee/optee/build/t234/export-ta_arm64/lib/libutee.a(utee_syscalls_a64.o)
                0x0000000000000aa0                _utee_storage_obj_create
 .text._utee_storage_obj_del
                0x0000000000000aac        0xc /home/seungwoo/optee/Linux_for_Tegra/sources/tegra/optee-src/nv-optee/optee/build/t234/export-ta_arm64/lib/libutee.a(utee_syscalls_a64.o)
                0x0000000000000aac                _utee_storage_obj_del
 .text._utee_storage_obj_rename
                0x0000000000000ab8        0xc /home/seungwoo/optee/Linux_for_Tegra/sources/tegra/optee-src/nv-optee/optee/build/t234/export-ta_arm64/lib/libutee.a(utee_syscalls_a64.o)
                0x0000000000000ab8                _utee_storage_obj_rename
 .text._utee_storage_alloc_enum
                0x0000000000000ac4        0xc /home/seungwoo/optee/Linux_for_Tegra/sources/tegra/optee-src/nv-optee/optee/build/t234/export-ta_arm64/lib/libutee.a(utee_syscalls_a64.o)
                0x0000000000000ac4                _utee_storage_alloc_enum
 .text._utee_storage_free_enum
                0x0000000000000ad0        0xc /home/seungwoo/optee/Linux_for_Tegra/sources/tegra/optee-src/nv-optee/optee/build/t234/export-ta_arm64/lib/libutee.a(utee_syscalls_a64.o)
                0x0000000000000ad0                _utee_storage_free_enum
 .text._utee_storage_reset_enum
                0x0000000000000adc        0xc /home/seungwoo/optee/Linux_for_Tegra/sources/tegra/optee-src/nv-optee/optee/build/t234/export-ta_arm64/lib/libutee.a(utee_syscalls_a64.o)
                0x0000000000000adc                _utee_storage_reset_enum
 .text._utee_storage_start_enum
                0x0000000000000ae8        0xc /home/seungwoo/optee/Linux_for_Tegra/sources/tegra/optee-src/nv-optee/optee/build/t234/export-ta_arm64/lib/libutee.a(utee_syscalls_a64.o)
                0x0000000000000ae8                _utee_storage_start_enum
 .text._utee_storage_next_enum
                0x0000000000000af4        0xc /home/seungwoo/optee/Linux_for_Tegra/sources/tegra/optee-src/nv-optee/optee/build/t234/export-ta_arm64/lib/libutee.a(utee_syscalls_a64.o)
                0x0000000000000af4                _utee_storage_next_enum
 .text._utee_storage_obj_read
                0x0000000000000b00        0xc /home/seungwoo/optee/Linux_for_Tegra/sources/tegra/optee-src/nv-optee/optee/build/t234/export-ta_arm64/lib/libutee.a(utee_syscalls_a64.o)
                0x0000000000000b00                _utee_storage_obj_read
 .text._utee_storage_obj_write
                0x0000000000000b0c        0xc /home/seungwoo/optee/Linux_for_Tegra/sources/tegra/optee-src/nv-optee/optee/build/t234/export-ta_arm64/lib/libutee.a(utee_syscalls_a64.o)
                0x0000000000000b0c                _utee_storage_obj_write
 .text._utee_storage_obj_trunc
                0x0000000000000b18        0xc /home/seungwoo/optee/Linux_for_Tegra/sources/tegra/optee-src/nv-optee/optee/build/t234/export-ta_arm64/lib/libutee.a(utee_syscalls_a64.o)
                0x0000000000000b18                _utee_storage_obj_trunc
 .text._utee_storage_obj_seek
                0x0000000000000b24        0xc /home/seungwoo/optee/Linux_for_Tegra/sources/tegra/optee-src/nv-optee/optee/build/t234/export-ta_arm64/lib/libutee.a(utee_syscalls_a64.o)
                0x0000000000000b24                _utee_storage_obj_seek
 .text._utee_cryp_obj_generate_key
                0x0000000000000b30        0xc /home/seungwoo/optee/Linux_for_Tegra/sources/tegra/optee-src/nv-optee/optee/build/t234/export-ta_arm64/lib/libutee.a(utee_syscalls_a64.o)
                0x0000000000000b30                _utee_cryp_obj_generate_key
 .text._utee_cache_operation
                0x0000000000000b3c        0xc /home/seungwoo/optee/Linux_for_Tegra/sources/tegra/optee-src/nv-optee/optee/build/t234/export-ta_arm64/lib/libutee.a(utee_syscalls_a64.o)
                0x0000000000000b3c                _utee_cache_operation
 .text.unlikely
                0x0000000000000b48       0x20 /home/seungwoo/optee/Linux_for_Tegra/sources/tegra/optee-src/nv-optee/optee/build/t234/export-ta_arm64/lib/libutee.a(abort.o)
                0x0000000000000b48                abort
 .text          0x0000000000000b68      0x1e0 /home/seungwoo/optee/Linux_for_Tegra/sources/tegra/optee-src/nv-optee/optee/build/t234/export-ta_arm64/lib/libutee.a(trace_ext.o)
                0x0000000000000b68                trace_ext_puts
                0x0000000000000b90                trace_ext_get_thread_id
                0x0000000000000b98                printf
                0x0000000000000c98                puts
                0x0000000000000cd8                putchar
 .text          0x0000000000000d48     0x10c0 /home/seungwoo/optee/Linux_for_Tegra/sources/tegra/optee-src/nv-optee/optee/build/t234/export-ta_arm64/lib/libutee.a(tee_api.o)
                0x00000000000010f8                TEE_CloseTASession
                0x0000000000001120                TEE_GetCancellationFlag
                0x0000000000001180                TEE_UnmaskCancellation
                0x00000000000011e0                TEE_MaskCancellation
                0x0000000000001240                TEE_CheckMemoryAccessRights
                0x0000000000001464                TEE_OpenTASession
                0x00000000000015b8                __GP11_TEE_OpenTASession
                0x0000000000001700                TEE_InvokeTACommand
                0x0000000000001884                __GP11_TEE_InvokeTACommand
                0x00000000000019fc                __GP11_TEE_CheckMemoryAccessRights
                0x0000000000001a04                TEE_SetInstanceData
                0x0000000000001a10                TEE_GetInstanceData
                0x0000000000001a1c                TEE_MemMove
                0x0000000000001a20                __GP11_TEE_MemMove
                0x0000000000001a28                TEE_MemCompare
                0x0000000000001a2c                __GP11_TEE_MemCompare
                0x0000000000001a34                TEE_MemFill
                0x0000000000001a38                __GP11_TEE_MemFill
                0x0000000000001a40                TEE_GetSystemTime
                0x0000000000001a68                TEE_Wait
                0x0000000000001aa4                TEE_GetTAPersistentTime
                0x0000000000001b18                TEE_SetTAPersistentTime
                0x0000000000001b5c                TEE_GetREETime
                0x0000000000001b84                TEE_Malloc
                0x0000000000001ca8                __GP11_TEE_Malloc
                0x0000000000001cb0                TEE_Free
                0x0000000000001d10                TEE_Realloc
                0x0000000000001de8                __GP11_TEE_Realloc
                0x0000000000001df0                TEE_CacheClean
                0x0000000000001df8                TEE_CacheFlush
                0x0000000000001e00                TEE_CacheInvalidate
 .text          0x0000000000001e08     0x212c /home/seungwoo/optee/Linux_for_Tegra/sources/tegra/optee-src/nv-optee/optee/build/t234/export-ta_arm64/lib/libutee.a(tee_api_arith_mpi.o)
                0x000000000000266c                _TEE_MathAPI_Init
                0x00000000000026bc                TEE_BigIntInit
                0x000000000000271c                __GP11_TEE_BigIntInit
                0x0000000000002724                TEE_BigIntConvertFromOctetString
                0x00000000000027ec                __GP11_TEE_BigIntConvertFromOctetString
                0x00000000000027f4                TEE_BigIntConvertToOctetString
                0x00000000000028bc                __GP11_TEE_BigIntConvertToOctetString
                0x000000000000291c                TEE_BigIntConvertFromS32
                0x00000000000029cc                TEE_BigIntConvertToS32
                0x0000000000002a88                TEE_BigIntCmp
                0x0000000000002b1c                TEE_BigIntCmpS32
                0x0000000000002d68                TEE_BigIntShiftRight
                0x0000000000002f08                __GP11_TEE_BigIntShiftRight
                0x0000000000002f10                TEE_BigIntGetBit
                0x0000000000002f90                TEE_BigIntGetBitCount
                0x0000000000003004                TEE_BigIntSetBit
                0x00000000000030b4                TEE_BigIntAssign
                0x0000000000003104                TEE_BigIntAbs
                0x0000000000003130                TEE_BigIntAdd
                0x000000000000313c                TEE_BigIntSub
                0x0000000000003148                TEE_BigIntNeg
                0x000000000000322c                TEE_BigIntMul
                0x0000000000003340                TEE_BigIntSquare
                0x0000000000003348                TEE_BigIntDiv
                0x00000000000034fc                TEE_BigIntMod
                0x0000000000003568                TEE_BigIntAddMod
                0x0000000000003574                TEE_BigIntSubMod
                0x0000000000003580                TEE_BigIntMulMod
                0x000000000000358c                TEE_BigIntSquareMod
                0x0000000000003598                TEE_BigIntInvMod
                0x00000000000036e8                TEE_BigIntRelativePrime
                0x00000000000037f0                TEE_BigIntExpMod
                0x00000000000039c4                TEE_BigIntComputeExtendedGcd
                0x0000000000003c2c                TEE_BigIntIsProbablePrime
                0x0000000000003cb0                TEE_BigIntInitFMM
                0x0000000000003cb4                __GP11_TEE_BigIntInitFMM
                0x0000000000003cbc                TEE_BigIntInitFMMContext
                0x0000000000003cc0                __GP11_TEE_BigIntInitFMMContext
                0x0000000000003cc8                TEE_BigIntInitFMMContext1
                0x0000000000003cd0                TEE_BigIntFMMSizeInU32
                0x0000000000003ce0                __GP11_TEE_BigIntFMMSizeInU32
                0x0000000000003cf8                TEE_BigIntFMMContextSizeInU32
                0x0000000000003d00                __GP11_TEE_BigIntFMMContextSizeInU32
                0x0000000000003d18                TEE_BigIntConvertToFMM
                0x0000000000003d1c                TEE_BigIntConvertFromFMM
                0x0000000000003dec                TEE_BigIntComputeFMM
 .text          0x0000000000003f34      0x21c /home/seungwoo/optee/Linux_for_Tegra/sources/tegra/optee-src/nv-optee/optee/build/t234/export-ta_arm64/lib/libutee.a(tee_api_panic.o)
                0x0000000000003f50                TEE_Panic
                0x0000000000003f68                __utee_check_outbuf_annotation
                0x0000000000003fb4                __utee_check_gp11_outbuf_annotation
                0x0000000000004000                __utee_check_instring_annotation
                0x0000000000004030                __utee_check_outstring_annotation
                0x000000000000407c                __utee_check_gp11_outstring_annotation
                0x00000000000040c8                __utee_check_out_annotation
                0x00000000000040e8                __utee_check_attr_in_annotation
                0x000000000000410c                __utee_check_gp11_attr_in_annotation
                0x0000000000004130                __utee_check_inout_annotation
 .text          0x0000000000004150      0xf78 /home/seungwoo/optee/Linux_for_Tegra/sources/tegra/optee-src/nv-optee/optee/build/t234/export-ta_arm64/lib/libutee.a(tee_api_property.o)
                0x00000000000044e0                TEE_GetPropertyAsString
                0x000000000000473c                __GP11_TEE_GetPropertyAsString
                0x00000000000047d4                TEE_GetPropertyAsBool
                0x00000000000048ac                TEE_GetPropertyAsU32
                0x0000000000004994                TEE_GetPropertyAsU64
                0x0000000000004a7c                __GP11_TEE_GetPropertyAsBinaryBlock
                0x0000000000004b68                TEE_GetPropertyAsBinaryBlock
                0x0000000000004c00                TEE_GetPropertyAsUUID
                0x0000000000004ce8                TEE_GetPropertyAsIdentity
                0x0000000000004dd0                TEE_ResetPropertyEnumerator
                0x0000000000004ddc                TEE_AllocatePropertyEnumerator
                0x0000000000004e24                TEE_FreePropertyEnumerator
                0x0000000000004e28                TEE_StartPropertyEnumerator
                0x0000000000004e38                __GP11_TEE_GetPropertyName
                0x0000000000004f60                TEE_GetPropertyName
                0x0000000000004fe8                TEE_GetNextProperty
 .text          0x00000000000050c8      0x310 /home/seungwoo/optee/Linux_for_Tegra/sources/tegra/optee-src/nv-optee/optee/build/t234/export-ta_arm64/lib/libutee.a(tee_system_pta.o)
                0x0000000000005150                tee_map_zi
                0x0000000000005200                tee_unmap
                0x00000000000052c8                tee_invoke_supp_plugin
 .text          0x00000000000053d8      0x34c /home/seungwoo/optee/Linux_for_Tegra/sources/tegra/optee-src/nv-optee/optee/build/t234/export-ta_arm64/lib/libutee.a(tcb.o)
                0x00000000000053d8                __utee_tcb_init
                0x0000000000005618                __tls_get_addr
                0x0000000000005634                dl_iterate_phdr
 .text          0x0000000000005724       0x58 /home/seungwoo/optee/Linux_for_Tegra/sources/tegra/optee-src/nv-optee/optee/build/t234/export-ta_arm64/lib/libutee.a(assert.o)
                0x0000000000005724                _assert_log
                0x0000000000005768                _assert_break
 .text          0x000000000000577c      0x258 /home/seungwoo/optee/Linux_for_Tegra/sources/tegra/optee-src/nv-optee/optee/build/t234/export-ta_arm64/lib/libutee.a(base64.o)
                0x000000000000577c                _base64_enc_len
                0x0000000000005794                _base64_enc
                0x00000000000058b0                _base64_dec
 .text          0x00000000000059d4     0x4190 /home/seungwoo/optee/Linux_for_Tegra/sources/tegra/optee-src/nv-optee/optee/build/t234/export-ta_arm64/lib/libmbedtls.a(bignum.o)
                0x00000000000061a8                mbedtls_mpi_init
                0x00000000000061b8                mbedtls_mpi_init_mempool
                0x00000000000061e0                mbedtls_mpi_free
                0x000000000000624c                mbedtls_mpi_grow
                0x00000000000063a0                mbedtls_mpi_shrink
                0x00000000000064c0                mbedtls_mpi_copy
                0x000000000000658c                mbedtls_mpi_swap
                0x0000000000006614                mbedtls_mpi_lset
                0x000000000000667c                mbedtls_mpi_get_bit
                0x00000000000066a8                mbedtls_mpi_set_bit
                0x0000000000006734                mbedtls_mpi_lsb
                0x0000000000006788                mbedtls_mpi_bitlen
                0x00000000000067e4                mbedtls_mpi_size
                0x0000000000006800                mbedtls_mpi_read_binary_le
                0x0000000000006878                mbedtls_mpi_read_binary
                0x00000000000068fc                mbedtls_mpi_write_binary_le
                0x00000000000069b4                mbedtls_mpi_write_binary
                0x0000000000006a78                mbedtls_mpi_shift_l
                0x0000000000006b88                mbedtls_mpi_shift_r
                0x0000000000006c48                mbedtls_mpi_cmp_abs
                0x0000000000006ce4                mbedtls_mpi_cmp_mpi
                0x0000000000006db8                mbedtls_mpi_cmp_int
                0x0000000000006e2c                mbedtls_mpi_add_abs
                0x0000000000006f4c                mbedtls_mpi_sub_abs
                0x00000000000070a8                mbedtls_mpi_add_mpi
                0x0000000000007130                mbedtls_mpi_sub_mpi
                0x00000000000071bc                mbedtls_mpi_add_int
                0x0000000000007230                mbedtls_mpi_sub_int
                0x00000000000072a4                mbedtls_mpi_mul_mpi
                0x0000000000007450                mbedtls_mpi_mul_int
                0x00000000000074f8                mbedtls_mpi_read_string
                0x0000000000007704                mbedtls_mpi_div_mpi
                0x0000000000007c38                mbedtls_mpi_div_int
                0x0000000000007cac                mbedtls_mpi_mod_mpi
                0x0000000000007d60                mbedtls_mpi_mod_int
                0x0000000000007dfc                mbedtls_mpi_write_string
                0x0000000000008130                mbedtls_mpi_montg_init
                0x0000000000008138                mbedtls_mpi_montmul
                0x0000000000008140                mbedtls_mpi_montred
                0x0000000000008144                mbedtls_mpi_exp_mod
                0x0000000000008810                mbedtls_mpi_gcd
                0x00000000000089e8                mbedtls_mpi_fill_random
                0x0000000000008cf4                mbedtls_mpi_random
                0x0000000000008eac                mbedtls_mpi_inv_mod
                0x0000000000009304                mbedtls_mpi_is_prime_ext
                0x00000000000093e0                mbedtls_mpi_is_prime
                0x00000000000093f0                mbedtls_mpi_gen_prime
                0x000000000000973c                mbedtls_mpi_self_test
 .text          0x0000000000009b64      0x7c0 /home/seungwoo/optee/Linux_for_Tegra/sources/tegra/optee-src/nv-optee/optee/build/t234/export-ta_arm64/lib/libmbedtls.a(constant_time.o)
                0x0000000000009b84                mbedtls_ct_memcmp
                0x0000000000009bcc                mbedtls_ct_uint_mask
                0x0000000000009bdc                mbedtls_ct_mpi_uint_mask
                0x0000000000009bec                mbedtls_ct_size_bool_eq
                0x0000000000009c04                mbedtls_ct_mpi_uint_lt
                0x0000000000009c20                mbedtls_ct_uint_if
                0x0000000000009c50                mbedtls_ct_mpi_uint_cond_assign
                0x0000000000009c8c                mbedtls_ct_base64_enc_char
                0x0000000000009d3c                mbedtls_ct_base64_dec_value
                0x0000000000009df8                mbedtls_mpi_safe_cond_assign
                0x0000000000009eb4                mbedtls_mpi_safe_cond_swap
                0x0000000000009fb0                mbedtls_mpi_lt_mpi_ct
                0x000000000000a0a8                mbedtls_ct_rsaes_pkcs1_v15_unpadding
 .text          0x000000000000a324       0x20 /home/seungwoo/optee/Linux_for_Tegra/sources/tegra/optee-src/nv-optee/optee/build/t234/export-ta_arm64/lib/libmbedtls.a(platform_util.o)
                0x000000000000a324                mbedtls_platform_zeroize
 .text          0x000000000000a344      0xd00 /home/seungwoo/optee/Linux_for_Tegra/sources/tegra/optee-src/nv-optee/optee/build/t234/export-ta_arm64/lib/libutils.a(bget_malloc.o)
                0x000000000000a37c                bget
                0x000000000000a644                bgetz
                0x000000000000a6cc                brel
                0x000000000000a950                bgetr
                0x000000000000aa20                bpool
                0x000000000000aaf0                raw_memalign
                0x000000000000ab44                raw_malloc
                0x000000000000ab54                raw_free
                0x000000000000ab64                raw_calloc
                0x000000000000abb4                raw_realloc
                0x000000000000ac9c                malloc
                0x000000000000acb4                calloc
                0x000000000000acd0                realloc
                0x000000000000ace8                memalign
                0x000000000000ad04                aligned_alloc
                0x000000000000ad1c                free
                0x000000000000ad2c                free_wipe
                0x000000000000ad3c                raw_malloc_get_ctx_size
                0x000000000000ad44                raw_malloc_init_ctx
                0x000000000000ad70                raw_malloc_add_pool
                0x000000000000ae38                raw_malloc_buffer_overlaps_heap
                0x000000000000aeb8                raw_malloc_buffer_is_within_alloced
                0x000000000000b008                malloc_add_pool
                0x000000000000b01c                malloc_buffer_is_within_alloced
                0x000000000000b030                malloc_buffer_overlaps_heap
 .text          0x000000000000b044      0x128 /home/seungwoo/optee/Linux_for_Tegra/sources/tegra/optee-src/nv-optee/optee/build/t234/export-ta_arm64/lib/libutils.a(snprintf.o)
                0x000000000000b044                snprintf
                0x000000000000b114                vsnprintf
 .text          0x000000000000b16c       0x30 /home/seungwoo/optee/Linux_for_Tegra/sources/tegra/optee-src/nv-optee/optee/build/t234/export-ta_arm64/lib/libutils.a(stack_check.o)
                0x000000000000b16c                __stack_chk_fail
 .text          0x000000000000b19c       0x5c /home/seungwoo/optee/Linux_for_Tegra/sources/tegra/optee-src/nv-optee/optee/build/t234/export-ta_arm64/lib/libutils.a(memmove.o)
                0x000000000000b19c                memmove
 .text          0x000000000000b1f8       0x1c /home/seungwoo/optee/Linux_for_Tegra/sources/tegra/optee-src/nv-optee/optee/build/t234/export-ta_arm64/lib/libutils.a(memset.o)
                0x000000000000b1f8                memset
 .text          0x000000000000b214       0x24 /home/seungwoo/optee/Linux_for_Tegra/sources/tegra/optee-src/nv-optee/optee/build/t234/export-ta_arm64/lib/libutils.a(strcmp.o)
                0x000000000000b214                strcmp
 .text          0x000000000000b238       0x1c /home/seungwoo/optee/Linux_for_Tegra/sources/tegra/optee-src/nv-optee/optee/build/t234/export-ta_arm64/lib/libutils.a(strlen.o)
                0x000000000000b238                strlen
 .text          0x000000000000b254      0xe10 /home/seungwoo/optee/Linux_for_Tegra/sources/tegra/optee-src/nv-optee/optee/build/t234/export-ta_arm64/lib/libutils.a(snprintk.o)
                0x000000000000b254                __vsnprintf
                0x000000000000b314                vsnprintk
                0x000000000000b36c                snprintk
                0x000000000000c018                __vsprintf
 .text          0x000000000000c064       0x58 /home/seungwoo/optee/Linux_for_Tegra/sources/tegra/optee-src/nv-optee/optee/build/t234/export-ta_arm64/lib/libutils.a(strlcpy.o)
                0x000000000000c064                strlcpy
 .text          0x000000000000c0bc      0x32c /home/seungwoo/optee/Linux_for_Tegra/sources/tegra/optee-src/nv-optee/optee/build/t234/export-ta_arm64/lib/libutils.a(trace.o)
                0x000000000000c0bc                trace_set_level
                0x000000000000c0d8                trace_get_level
                0x000000000000c0e8                trace_vprintf
                0x000000000000c304                trace_printf
                0x000000000000c3e4                dhex_dump
 .text          0x000000000000c3e8      0x190 /home/seungwoo/optee/Linux_for_Tegra/sources/tegra/optee-src/nv-optee/optee/build/t234/export-ta_arm64/lib/libutils.a(mempool.o)
                0x000000000000c3e8                mempool_alloc_pool
                0x000000000000c4b0                mempool_alloc
                0x000000000000c514                mempool_calloc
                0x000000000000c564                mempool_free
 .text          0x000000000000c578       0x70 /home/seungwoo/optee/Linux_for_Tegra/sources/tegra/optee-src/nv-optee/optee/build/t234/export-ta_arm64/lib/libutils.a(consttime_memcmp.o)
                0x000000000000c578                consttime_memcmp
 .text          0x000000000000c5e8       0x2c /home/seungwoo/optee/Linux_for_Tegra/sources/tegra/optee-src/nv-optee/optee/build/t234/export-ta_arm64/lib/libutils.a(memchr.o)
                0x000000000000c5e8                memchr
 .text          0x000000000000c614        0x0 /home/seungwoo/optee/Linux_for_Tegra/sources/tegra/optee-src/nv-optee/optee/build/t234/export-ta_arm64/lib/libutee.a(utee_syscalls_a64.o)
 .text          0x000000000000c614        0x0 /home/seungwoo/optee/Linux_for_Tegra/sources/tegra/optee-src/nv-optee/optee/build/t234/export-ta_arm64/lib/libutee.a(abort.o)
 *(SORT_BY_ALIGNMENT(.stub))
 *(SORT_BY_ALIGNMENT(.glue_7))
 *(SORT_BY_ALIGNMENT(.glue_7t))
 *(SORT_BY_ALIGNMENT(.gnu.linkonce.t.*))
 *(SORT_BY_ALIGNMENT(.vfp11_veneer))
                0x000000000000c614                __text_end = .

.note.gnu.property
 *(SORT_BY_ALIGNMENT(.note.gnu.property))

.plt            0x000000000000c614        0x0
 *(SORT_BY_ALIGNMENT(.plt))
 .plt           0x000000000000c614        0x0 ../build/ta/my_example/ta.o

.eh_frame_hdr
 *(SORT_BY_ALIGNMENT(.eh_frame_hdr))
 *(SORT_BY_ALIGNMENT(.eh_frame_entry) SORT_BY_ALIGNMENT(.eh_frame_entry.*))

.eh_frame       0x000000000000c618     0x2824
 *(SORT_BY_ALIGNMENT(.eh_frame))
 .eh_frame      0x000000000000c618       0x78 ../build/ta/my_example/ta.o
 .eh_frame      0x000000000000c690       0x30 ../build/ta/my_example/user_ta_header.o
                                         0x40 (size before relaxing)
 .eh_frame      0x000000000000c6c0      0x150 /home/seungwoo/optee/Linux_for_Tegra/sources/tegra/optee-src/nv-optee/optee/build/t234/export-ta_arm64/lib/libutee.a(user_ta_entry.o)
                                        0x168 (size before relaxing)
 .eh_frame      0x000000000000c810       0x18 /home/seungwoo/optee/Linux_for_Tegra/sources/tegra/optee-src/nv-optee/optee/build/t234/export-ta_arm64/lib/libutee.a(abort.o)
                                         0x30 (size before relaxing)
 .eh_frame      0x000000000000c828       0xa8 /home/seungwoo/optee/Linux_for_Tegra/sources/tegra/optee-src/nv-optee/optee/build/t234/export-ta_arm64/lib/libutee.a(trace_ext.o)
                                         0xc0 (size before relaxing)
 .eh_frame      0x000000000000c8d0      0x588 /home/seungwoo/optee/Linux_for_Tegra/sources/tegra/optee-src/nv-optee/optee/build/t234/export-ta_arm64/lib/libutee.a(tee_api.o)
                                        0x5a0 (size before relaxing)
 .eh_frame      0x000000000000ce58      0x7d0 /home/seungwoo/optee/Linux_for_Tegra/sources/tegra/optee-src/nv-optee/optee/build/t234/export-ta_arm64/lib/libutee.a(tee_api_arith_mpi.o)
                                        0x7e0 (size before relaxing)
 .eh_frame      0x000000000000d628      0x180 /home/seungwoo/optee/Linux_for_Tegra/sources/tegra/optee-src/nv-optee/optee/build/t234/export-ta_arm64/lib/libutee.a(tee_api_panic.o)
                                        0x198 (size before relaxing)
 .eh_frame      0x000000000000d7a8      0x2f8 /home/seungwoo/optee/Linux_for_Tegra/sources/tegra/optee-src/nv-optee/optee/build/t234/export-ta_arm64/lib/libutee.a(tee_api_property.o)
                                        0x308 (size before relaxing)
 .eh_frame      0x000000000000daa0       0xc0 /home/seungwoo/optee/Linux_for_Tegra/sources/tegra/optee-src/nv-optee/optee/build/t234/export-ta_arm64/lib/libutee.a(tee_system_pta.o)
                                         0xd0 (size before relaxing)
 .eh_frame      0x000000000000db60       0x90 /home/seungwoo/optee/Linux_for_Tegra/sources/tegra/optee-src/nv-optee/optee/build/t234/export-ta_arm64/lib/libutee.a(tcb.o)
                                         0xa8 (size before relaxing)
 .eh_frame      0x000000000000dbf0       0x38 /home/seungwoo/optee/Linux_for_Tegra/sources/tegra/optee-src/nv-optee/optee/build/t234/export-ta_arm64/lib/libutee.a(assert.o)
                                         0x50 (size before relaxing)
 .eh_frame      0x000000000000dc28       0x58 /home/seungwoo/optee/Linux_for_Tegra/sources/tegra/optee-src/nv-optee/optee/build/t234/export-ta_arm64/lib/libutee.a(base64.o)
                                         0x70 (size before relaxing)
 .eh_frame      0x000000000000dc80      0x988 /home/seungwoo/optee/Linux_for_Tegra/sources/tegra/optee-src/nv-optee/optee/build/t234/export-ta_arm64/lib/libmbedtls.a(bignum.o)
                                        0x9a0 (size before relaxing)
 .eh_frame      0x000000000000e608      0x1e0 /home/seungwoo/optee/Linux_for_Tegra/sources/tegra/optee-src/nv-optee/optee/build/t234/export-ta_arm64/lib/libmbedtls.a(constant_time.o)
                                        0x1f8 (size before relaxing)
 .eh_frame      0x000000000000e7e8       0x18 /home/seungwoo/optee/Linux_for_Tegra/sources/tegra/optee-src/nv-optee/optee/build/t234/export-ta_arm64/lib/libmbedtls.a(platform_util.o)
                                         0x28 (size before relaxing)
 .eh_frame      0x000000000000e800      0x2d8 /home/seungwoo/optee/Linux_for_Tegra/sources/tegra/optee-src/nv-optee/optee/build/t234/export-ta_arm64/lib/libutils.a(bget_malloc.o)
                                        0x2e8 (size before relaxing)
 .eh_frame      0x000000000000ead8       0x58 /home/seungwoo/optee/Linux_for_Tegra/sources/tegra/optee-src/nv-optee/optee/build/t234/export-ta_arm64/lib/libutils.a(snprintf.o)
                                         0x68 (size before relaxing)
 .eh_frame      0x000000000000eb30       0x18 /home/seungwoo/optee/Linux_for_Tegra/sources/tegra/optee-src/nv-optee/optee/build/t234/export-ta_arm64/lib/libutils.a(stack_check.o)
                                         0x30 (size before relaxing)
 .eh_frame      0x000000000000eb48       0x18 /home/seungwoo/optee/Linux_for_Tegra/sources/tegra/optee-src/nv-optee/optee/build/t234/export-ta_arm64/lib/libutils.a(memcpy.o)
                                         0x28 (size before relaxing)
 .eh_frame      0x000000000000eb60       0x18 /home/seungwoo/optee/Linux_for_Tegra/sources/tegra/optee-src/nv-optee/optee/build/t234/export-ta_arm64/lib/libutils.a(memmove.o)
                                         0x28 (size before relaxing)
 .eh_frame      0x000000000000eb78       0x18 /home/seungwoo/optee/Linux_for_Tegra/sources/tegra/optee-src/nv-optee/optee/build/t234/export-ta_arm64/lib/libutils.a(memset.o)
                                         0x28 (size before relaxing)
 .eh_frame      0x000000000000eb90       0x18 /home/seungwoo/optee/Linux_for_Tegra/sources/tegra/optee-src/nv-optee/optee/build/t234/export-ta_arm64/lib/libutils.a(strcmp.o)
                                         0x28 (size before relaxing)
 .eh_frame      0x000000000000eba8       0x18 /home/seungwoo/optee/Linux_for_Tegra/sources/tegra/optee-src/nv-optee/optee/build/t234/export-ta_arm64/lib/libutils.a(strlen.o)
                                         0x28 (size before relaxing)
 .eh_frame      0x000000000000ebc0       0xf0 /home/seungwoo/optee/Linux_for_Tegra/sources/tegra/optee-src/nv-optee/optee/build/t234/export-ta_arm64/lib/libutils.a(snprintk.o)
                                        0x100 (size before relaxing)
 .eh_frame      0x000000000000ecb0       0x18 /home/seungwoo/optee/Linux_for_Tegra/sources/tegra/optee-src/nv-optee/optee/build/t234/export-ta_arm64/lib/libutils.a(strlcpy.o)
                                         0x28 (size before relaxing)
 .eh_frame      0x000000000000ecc8       0xb8 /home/seungwoo/optee/Linux_for_Tegra/sources/tegra/optee-src/nv-optee/optee/build/t234/export-ta_arm64/lib/libutils.a(trace.o)
                                         0xc8 (size before relaxing)
 .eh_frame      0x000000000000ed80       0x88 /home/seungwoo/optee/Linux_for_Tegra/sources/tegra/optee-src/nv-optee/optee/build/t234/export-ta_arm64/lib/libutils.a(mempool.o)
                                         0xa0 (size before relaxing)
 .eh_frame      0x000000000000ee08       0x20 /home/seungwoo/optee/Linux_for_Tegra/sources/tegra/optee-src/nv-optee/optee/build/t234/export-ta_arm64/lib/libutils.a(consttime_memcmp.o)
                                         0x30 (size before relaxing)
 .eh_frame      0x000000000000ee28       0x14 /home/seungwoo/optee/Linux_for_Tegra/sources/tegra/optee-src/nv-optee/optee/build/t234/export-ta_arm64/lib/libutils.a(memchr.o)
                                         0x28 (size before relaxing)
 *(SORT_BY_ALIGNMENT(.eh_frame.*))

.gcc_except_table
 *(SORT_BY_ALIGNMENT(.gcc_except_table) SORT_BY_ALIGNMENT(.gcc_except_table.*))

.rodata         0x000000000000ee40     0x1260
 *(SORT_BY_ALIGNMENT(.gnu.linkonce.r.*))
 *(SORT_BY_ALIGNMENT(.rodata) SORT_BY_ALIGNMENT(.rodata.*))
 .rodata.user_ta_header.c
                0x000000000000ee40       0x33 ../build/ta/my_example/user_ta_header.o
                0x000000000000ee40                ta_num_props
                0x000000000000ee60                __ta_no_share_heap_size
                0x000000000000ee68                ta_heap_size
                0x000000000000ee70                trace_ext_prefix
 *fill*         0x000000000000ee73        0x5 
 .rodata.lib/libutee/tee_api.c
                0x000000000000ee78       0x20 /home/seungwoo/optee/Linux_for_Tegra/sources/tegra/optee-src/nv-optee/optee/build/t234/export-ta_arm64/lib/libutee.a(tee_api.o)
 .rodata.lib/libutee/tee_api_property.c
                0x000000000000ee98       0x20 /home/seungwoo/optee/Linux_for_Tegra/sources/tegra/optee-src/nv-optee/optee/build/t234/export-ta_arm64/lib/libutee.a(tee_api_property.o)
 .rodata.lib/libutee/tee_system_pta.c
                0x000000000000eeb8       0x31 /home/seungwoo/optee/Linux_for_Tegra/sources/tegra/optee-src/nv-optee/optee/build/t234/export-ta_arm64/lib/libutee.a(tee_system_pta.o)
 *fill*         0x000000000000eee9        0x3 
 .rodata.lib/libutee/base64.c
                0x000000000000eeec       0x45 /home/seungwoo/optee/Linux_for_Tegra/sources/tegra/optee-src/nv-optee/optee/build/t234/export-ta_arm64/lib/libutee.a(base64.o)
 *fill*         0x000000000000ef31        0x3 
 .rodata.lib/libmbedtls/mbedtls/library/bignum.c
                0x000000000000ef34      0x2c4 /home/seungwoo/optee/Linux_for_Tegra/sources/tegra/optee-src/nv-optee/optee/build/t234/export-ta_arm64/lib/libmbedtls.a(bignum.o)
 .rodata.lib/libutils/ext/snprintk.c
                0x000000000000f1f8       0xac /home/seungwoo/optee/Linux_for_Tegra/sources/tegra/optee-src/nv-optee/optee/build/t234/export-ta_arm64/lib/libutils.a(snprintk.o)
 .rodata.str1.1.user_ta_header.c
                0x000000000000f2a4      0x15f ../build/ta/my_example/user_ta_header.o
 .rodata.str1.1.lib/libutee/user_ta_entry.c
                0x000000000000f403       0x4f /home/seungwoo/optee/Linux_for_Tegra/sources/tegra/optee-src/nv-optee/optee/build/t234/export-ta_arm64/lib/libutee.a(user_ta_entry.o)
 .rodata.lib/libutee/user_ta_entry.c
                0x000000000000f452       0x16 /home/seungwoo/optee/Linux_for_Tegra/sources/tegra/optee-src/nv-optee/optee/build/t234/export-ta_arm64/lib/libutee.a(user_ta_entry.o)
 .rodata.str1.1.lib/libutee/abort.c
                0x000000000000f468        0x7 /home/seungwoo/optee/Linux_for_Tegra/sources/tegra/optee-src/nv-optee/optee/build/t234/export-ta_arm64/lib/libutee.a(abort.o)
 .rodata.str1.1.lib/libutee/trace_ext.c
                0x000000000000f46f        0x7 /home/seungwoo/optee/Linux_for_Tegra/sources/tegra/optee-src/nv-optee/optee/build/t234/export-ta_arm64/lib/libutee.a(trace_ext.o)
                                          0x2 (size before relaxing)
 .rodata.str1.1.lib/libutee/tee_api.c
                0x000000000000f46f       0x11 /home/seungwoo/optee/Linux_for_Tegra/sources/tegra/optee-src/nv-optee/optee/build/t234/export-ta_arm64/lib/libutee.a(tee_api.o)
 .rodata.str1.1.lib/libutee/tee_api_arith_mpi.c
                0x000000000000f480       0xc9 /home/seungwoo/optee/Linux_for_Tegra/sources/tegra/optee-src/nv-optee/optee/build/t234/export-ta_arm64/lib/libutee.a(tee_api_arith_mpi.o)
 .rodata.lib/libutee/tee_api_arith_mpi.c
                0x000000000000f549      0x14e /home/seungwoo/optee/Linux_for_Tegra/sources/tegra/optee-src/nv-optee/optee/build/t234/export-ta_arm64/lib/libutee.a(tee_api_arith_mpi.o)
 .rodata.str1.1.lib/libutee/tee_api_property.c
                0x000000000000f697       0x83 /home/seungwoo/optee/Linux_for_Tegra/sources/tegra/optee-src/nv-optee/optee/build/t234/export-ta_arm64/lib/libutee.a(tee_api_property.o)
                                         0x88 (size before relaxing)
 .rodata.str1.1.lib/libutee/tee_system_pta.c
                0x000000000000f71a       0x55 /home/seungwoo/optee/Linux_for_Tegra/sources/tegra/optee-src/nv-optee/optee/build/t234/export-ta_arm64/lib/libutee.a(tee_system_pta.o)
 .rodata.str1.1.lib/libutee/tcb.c
                0x000000000000f76f       0x8d /home/seungwoo/optee/Linux_for_Tegra/sources/tegra/optee-src/nv-optee/optee/build/t234/export-ta_arm64/lib/libutee.a(tcb.o)
 .rodata.lib/libutee/tcb.c
                0x000000000000f7fc       0x20 /home/seungwoo/optee/Linux_for_Tegra/sources/tegra/optee-src/nv-optee/optee/build/t234/export-ta_arm64/lib/libutee.a(tcb.o)
 .rodata.str1.1.lib/libutee/assert.c
                0x000000000000f81c       0x27 /home/seungwoo/optee/Linux_for_Tegra/sources/tegra/optee-src/nv-optee/optee/build/t234/export-ta_arm64/lib/libutee.a(assert.o)
 .rodata.str1.1.lib/libmbedtls/mbedtls/library/bignum.c
                0x000000000000f843      0x456 /home/seungwoo/optee/Linux_for_Tegra/sources/tegra/optee-src/nv-optee/optee/build/t234/export-ta_arm64/lib/libmbedtls.a(bignum.o)
                                        0x45d (size before relaxing)
 .rodata.str1.1.lib/libutils/isoc/bget_malloc.c
                0x000000000000fc99      0x292 /home/seungwoo/optee/Linux_for_Tegra/sources/tegra/optee-src/nv-optee/optee/build/t234/export-ta_arm64/lib/libutils.a(bget_malloc.o)
                                        0x29b (size before relaxing)
 .rodata.lib/libutils/isoc/bget_malloc.c
                0x000000000000ff2b       0x51 /home/seungwoo/optee/Linux_for_Tegra/sources/tegra/optee-src/nv-optee/optee/build/t234/export-ta_arm64/lib/libutils.a(bget_malloc.o)
 .rodata.str1.1.lib/libutils/isoc/stack_check.c
                0x000000000000ff7c       0x18 /home/seungwoo/optee/Linux_for_Tegra/sources/tegra/optee-src/nv-optee/optee/build/t234/export-ta_arm64/lib/libutils.a(stack_check.o)
 .rodata.str1.1.lib/libutils/ext/snprintk.c
                0x000000000000ff94       0x38 /home/seungwoo/optee/Linux_for_Tegra/sources/tegra/optee-src/nv-optee/optee/build/t234/export-ta_arm64/lib/libutils.a(snprintk.o)
 .rodata.str1.1.lib/libutils/ext/trace.c
                0x000000000000ffcc       0x1a /home/seungwoo/optee/Linux_for_Tegra/sources/tegra/optee-src/nv-optee/optee/build/t234/export-ta_arm64/lib/libutils.a(trace.o)
                                         0x1b (size before relaxing)
 .rodata.lib/libutils/ext/trace.c
                0x000000000000ffe6        0x5 /home/seungwoo/optee/Linux_for_Tegra/sources/tegra/optee-src/nv-optee/optee/build/t234/export-ta_arm64/lib/libutils.a(trace.o)
 .rodata.str1.1.lib/libutils/ext/mempool.c
                0x000000000000ffeb       0x89 /home/seungwoo/optee/Linux_for_Tegra/sources/tegra/optee-src/nv-optee/optee/build/t234/export-ta_arm64/lib/libutils.a(mempool.o)
 .rodata.lib/libutils/ext/mempool.c
                0x0000000000010074       0x2c /home/seungwoo/optee/Linux_for_Tegra/sources/tegra/optee-src/nv-optee/optee/build/t234/export-ta_arm64/lib/libutils.a(mempool.o)

.gnu.version_d  0x00000000000100a0        0x0
 .gnu.version_d
                0x00000000000100a0        0x0 ../build/ta/my_example/ta.o

.gnu.version    0x00000000000100a0        0x0
 .gnu.version   0x00000000000100a0        0x0 ../build/ta/my_example/ta.o

.gnu.version_r  0x00000000000100a0        0x0
 .gnu.version_r
                0x00000000000100a0        0x0 ../build/ta/my_example/ta.o

.gnu.hash       0x00000000000100a0       0x30
 .gnu.hash      0x00000000000100a0       0x30 ../build/ta/my_example/ta.o

.ARM.extab
 *(SORT_BY_ALIGNMENT(.ARM.extab*) SORT_BY_ALIGNMENT(.gnu.linkonce.armextab.*))
                [!provide]                        PROVIDE (__exidx_start = .)

.ARM.exidx
 *(SORT_BY_ALIGNMENT(.ARM.exidx*) SORT_BY_ALIGNMENT(.gnu.linkonce.armexidx.*))
                [!provide]                        PROVIDE (__exidx_end = .)

.ctors
 *(SORT_BY_ALIGNMENT(.ctors))

.dtors
 *(SORT_BY_ALIGNMENT(.dtors))

.dynsym         0x00000000000100d0       0x90
 *(SORT_BY_ALIGNMENT(.dynsym))
 .dynsym        0x00000000000100d0       0x90 ../build/ta/my_example/ta.o

.dynstr         0x0000000000010160       0x2e
 *(SORT_BY_ALIGNMENT(.dynstr))
 .dynstr        0x0000000000010160       0x2e ../build/ta/my_example/ta.o

.hash           0x0000000000010190       0x2c
 *(SORT_BY_ALIGNMENT(.hash))
 .hash          0x0000000000010190       0x2c ../build/ta/my_example/ta.o

.rela.dyn       0x00000000000101c0      0x348
 .rela.data.rel.ro
                0x00000000000101c0        0x0 ../build/ta/my_example/ta.o
 .rela.ifunc    0x00000000000101c0        0x0 ../build/ta/my_example/ta.o
 .rela.data.rel.ro.local
                0x00000000000101c0      0x2d0 ../build/ta/my_example/ta.o
 .rela.data.rel.local
                0x0000000000010490       0x60 ../build/ta/my_example/ta.o
 .rela.data.rel
                0x00000000000104f0       0x18 ../build/ta/my_example/ta.o
                0x0000000000011000                . = ALIGN (0x1000)

.dynamic        0x0000000000011000      0x110
 *(SORT_BY_ALIGNMENT(.dynamic))
 .dynamic       0x0000000000011000      0x110 ../build/ta/my_example/ta.o
                0x0000000000011000                _DYNAMIC

.tdata
 *(SORT_BY_ALIGNMENT(.tdata) SORT_BY_ALIGNMENT(.tdata.*) SORT_BY_ALIGNMENT(.gnu.linkonce.td.*))

.tbss
 *(SORT_BY_ALIGNMENT(.tbss) SORT_BY_ALIGNMENT(.tbss.*) SORT_BY_ALIGNMENT(.gnu.linkonce.tb.*))
 *(SORT_BY_ALIGNMENT(.tcommon))

.got            0x0000000000011110       0xc0
 *(SORT_BY_ALIGNMENT(.got.plt))
 .got.plt       0x0000000000011110       0x18 ../build/ta/my_example/ta.o
 *(SORT_BY_ALIGNMENT(.got))
 .got           0x0000000000011128       0xa8 ../build/ta/my_example/ta.o
                0x0000000000011128                _GLOBAL_OFFSET_TABLE_

.rel.text
 *(SORT_BY_ALIGNMENT(.rel.text))
 *(SORT_BY_ALIGNMENT(.rel.gnu.linkonce.t*))

.rela.text
 *(SORT_BY_ALIGNMENT(.rela.text))
 *(SORT_BY_ALIGNMENT(.rela.gnu.linkonce.t*))

.rel.data
 *(SORT_BY_ALIGNMENT(.rel.data))
 *(SORT_BY_ALIGNMENT(.rel.gnu.linkonce.d*))

.rela.data
 *(SORT_BY_ALIGNMENT(.rela.data))
 *(SORT_BY_ALIGNMENT(.rela.gnu.linkonce.d*))

.rel.tdata
 *(SORT_BY_ALIGNMENT(.rel.tdata) SORT_BY_ALIGNMENT(.rel.tdata.*) SORT_BY_ALIGNMENT(.rel.gnu.linkonce.td.*))

.rela.tdata
 *(SORT_BY_ALIGNMENT(.rela.tdata) SORT_BY_ALIGNMENT(.rela.tdata.*) SORT_BY_ALIGNMENT(.rela.gnu.linkonce.td.*))

.rel.tbss
 *(SORT_BY_ALIGNMENT(.rel.tbss) SORT_BY_ALIGNMENT(.rel.tbss.*) SORT_BY_ALIGNMENT(.rel.gnu.linkonce.tb.*))

.rela.tbss
 *(SORT_BY_ALIGNMENT(.rela.tbss) SORT_BY_ALIGNMENT(.rela.tbss.*) SORT_BY_ALIGNMENT(.rela.gnu.linkonce.tb.*))

.rel.rodata
 *(SORT_BY_ALIGNMENT(.rel.rodata))
 *(SORT_BY_ALIGNMENT(.rel.gnu.linkonce.r*))

.rela.rodata
 *(SORT_BY_ALIGNMENT(.rela.rodata))
 *(SORT_BY_ALIGNMENT(.rela.gnu.linkonce.r*))

.rel.dyn
 *(SORT_BY_ALIGNMENT(.rel.dyn))

.rel.got
 *(SORT_BY_ALIGNMENT(.rel.got))

.rela.got       0x00000000000111d0      0x1e0
 *(SORT_BY_ALIGNMENT(.rela.got))
 .rela.got      0x00000000000111d0      0x1e0 ../build/ta/my_example/ta.o

.rel.ctors
 *(SORT_BY_ALIGNMENT(.rel.ctors))

.rela.ctors
 *(SORT_BY_ALIGNMENT(.rela.ctors))

.rel.dtors
 *(SORT_BY_ALIGNMENT(.rel.dtors))

.rela.dtors
 *(SORT_BY_ALIGNMENT(.rela.dtors))

.rel.init
 *(SORT_BY_ALIGNMENT(.rel.init))

.rela.init
 *(SORT_BY_ALIGNMENT(.rela.init))

.rel.fini
 *(SORT_BY_ALIGNMENT(.rel.fini))

.rela.fini
 *(SORT_BY_ALIGNMENT(.rela.fini))

.rel.bss
 *(SORT_BY_ALIGNMENT(.rel.bss))

.rela.bss       0x00000000000113b0        0x0
 *(SORT_BY_ALIGNMENT(.rela.bss))
 .rela.bss      0x00000000000113b0        0x0 ../build/ta/my_example/ta.o

.rel.plt
 *(SORT_BY_ALIGNMENT(.rel.plt))

.rela.plt       0x00000000000113b0        0x0
 *(SORT_BY_ALIGNMENT(.rela.plt))
 .rela.plt      0x00000000000113b0        0x0 ../build/ta/my_example/ta.o

.data           0x00000000000113b0      0x1cc
 *(SORT_BY_ALIGNMENT(.data) SORT_BY_ALIGNMENT(.data.*) SORT_BY_ALIGNMENT(.gnu.linkonce.d.*))
 .data.rel.ro.local
                0x00000000000113b0      0x108 ../build/ta/my_example/user_ta_header.o
                0x00000000000113b0                ta_props
 .data.rel.local
                0x00000000000114b8       0x20 /home/seungwoo/optee/Linux_for_Tegra/sources/tegra/optee-src/nv-optee/optee/build/t234/export-ta_arm64/lib/libutee.a(user_ta_entry.o)
 .data.rel.ro.local
                0x00000000000114d8       0x60 /home/seungwoo/optee/Linux_for_Tegra/sources/tegra/optee-src/nv-optee/optee/build/t234/export-ta_arm64/lib/libutee.a(tee_api_property.o)
                0x00000000000114d8                tee_props
 .data.rel      0x0000000000011538        0x8 /home/seungwoo/optee/Linux_for_Tegra/sources/tegra/optee-src/nv-optee/optee/build/t234/export-ta_arm64/lib/libmbedtls.a(platform_util.o)
 .data.rel.local
                0x0000000000011540       0x30 /home/seungwoo/optee/Linux_for_Tegra/sources/tegra/optee-src/nv-optee/optee/build/t234/export-ta_arm64/lib/libutils.a(bget_malloc.o)
 .data          0x0000000000011570        0x8 /home/seungwoo/optee/Linux_for_Tegra/sources/tegra/optee-src/nv-optee/optee/build/t234/export-ta_arm64/lib/libutils.a(stack_check.o)
                0x0000000000011570                __stack_chk_guard
 .data          0x0000000000011578        0x4 ../build/ta/my_example/user_ta_header.o
                0x0000000000011578                trace_level
 .data          0x000000000001157c        0x0 ../build/ta/my_example/ta.o
 .data.rel.ro   0x000000000001157c        0x0 ../build/ta/my_example/ta.o
 .data          0x000000000001157c        0x0 /home/seungwoo/optee/Linux_for_Tegra/sources/tegra/optee-src/nv-optee/optee/build/t234/export-ta_arm64/lib/libutee.a(user_ta_entry.o)
 .data          0x000000000001157c        0x0 /home/seungwoo/optee/Linux_for_Tegra/sources/tegra/optee-src/nv-optee/optee/build/t234/export-ta_arm64/lib/libutee.a(utee_syscalls_a64.o)
 .data          0x000000000001157c        0x0 /home/seungwoo/optee/Linux_for_Tegra/sources/tegra/optee-src/nv-optee/optee/build/t234/export-ta_arm64/lib/libutee.a(abort.o)
 .data          0x000000000001157c        0x0 /home/seungwoo/optee/Linux_for_Tegra/sources/tegra/optee-src/nv-optee/optee/build/t234/export-ta_arm64/lib/libutee.a(trace_ext.o)
 .data          0x000000000001157c        0x0 /home/seungwoo/optee/Linux_for_Tegra/sources/tegra/optee-src/nv-optee/optee/build/t234/export-ta_arm64/lib/libutee.a(tee_api.o)
 .data          0x000000000001157c        0x0 /home/seungwoo/optee/Linux_for_Tegra/sources/tegra/optee-src/nv-optee/optee/build/t234/export-ta_arm64/lib/libutee.a(tee_api_arith_mpi.o)
 .data          0x000000000001157c        0x0 /home/seungwoo/optee/Linux_for_Tegra/sources/tegra/optee-src/nv-optee/optee/build/t234/export-ta_arm64/lib/libutee.a(tee_api_panic.o)
 .data          0x000000000001157c        0x0 /home/seungwoo/optee/Linux_for_Tegra/sources/tegra/optee-src/nv-optee/optee/build/t234/export-ta_arm64/lib/libutee.a(tee_api_property.o)
 .data          0x000000000001157c        0x0 /home/seungwoo/optee/Linux_for_Tegra/sources/tegra/optee-src/nv-optee/optee/build/t234/export-ta_arm64/lib/libutee.a(tee_system_pta.o)
 .data          0x000000000001157c        0x0 /home/seungwoo/optee/Linux_for_Tegra/sources/tegra/optee-src/nv-optee/optee/build/t234/export-ta_arm64/lib/libutee.a(tcb.o)
 .data          0x000000000001157c        0x0 /home/seungwoo/optee/Linux_for_Tegra/sources/tegra/optee-src/nv-optee/optee/build/t234/export-ta_arm64/lib/libutee.a(assert.o)
 .data          0x000000000001157c        0x0 /home/seungwoo/optee/Linux_for_Tegra/sources/tegra/optee-src/nv-optee/optee/build/t234/export-ta_arm64/lib/libutee.a(base64.o)
 .data          0x000000000001157c        0x0 /home/seungwoo/optee/Linux_for_Tegra/sources/tegra/optee-src/nv-optee/optee/build/t234/export-ta_arm64/lib/libmbedtls.a(bignum.o)
 .data          0x000000000001157c        0x0 /home/seungwoo/optee/Linux_for_Tegra/sources/tegra/optee-src/nv-optee/optee/build/t234/export-ta_arm64/lib/libmbedtls.a(constant_time.o)
 .data          0x000000000001157c        0x0 /home/seungwoo/optee/Linux_for_Tegra/sources/tegra/optee-src/nv-optee/optee/build/t234/export-ta_arm64/lib/libmbedtls.a(platform_util.o)
 .data          0x000000000001157c        0x0 /home/seungwoo/optee/Linux_for_Tegra/sources/tegra/optee-src/nv-optee/optee/build/t234/export-ta_arm64/lib/libutils.a(bget_malloc.o)
 .data          0x000000000001157c        0x0 /home/seungwoo/optee/Linux_for_Tegra/sources/tegra/optee-src/nv-optee/optee/build/t234/export-ta_arm64/lib/libutils.a(snprintf.o)
 .data          0x000000000001157c        0x0 /home/seungwoo/optee/Linux_for_Tegra/sources/tegra/optee-src/nv-optee/optee/build/t234/export-ta_arm64/lib/libutils.a(memcpy.o)
 .data          0x000000000001157c        0x0 /home/seungwoo/optee/Linux_for_Tegra/sources/tegra/optee-src/nv-optee/optee/build/t234/export-ta_arm64/lib/libutils.a(memmove.o)
 .data          0x000000000001157c        0x0 /home/seungwoo/optee/Linux_for_Tegra/sources/tegra/optee-src/nv-optee/optee/build/t234/export-ta_arm64/lib/libutils.a(memset.o)
 .data          0x000000000001157c        0x0 /home/seungwoo/optee/Linux_for_Tegra/sources/tegra/optee-src/nv-optee/optee/build/t234/export-ta_arm64/lib/libutils.a(strcmp.o)
 .data          0x000000000001157c        0x0 /home/seungwoo/optee/Linux_for_Tegra/sources/tegra/optee-src/nv-optee/optee/build/t234/export-ta_arm64/lib/libutils.a(strlen.o)
 .data          0x000000000001157c        0x0 /home/seungwoo/optee/Linux_for_Tegra/sources/tegra/optee-src/nv-optee/optee/build/t234/export-ta_arm64/lib/libutils.a(snprintk.o)
 .data          0x000000000001157c        0x0 /home/seungwoo/optee/Linux_for_Tegra/sources/tegra/optee-src/nv-optee/optee/build/t234/export-ta_arm64/lib/libutils.a(strlcpy.o)
 .data          0x000000000001157c        0x0 /home/seungwoo/optee/Linux_for_Tegra/sources/tegra/optee-src/nv-optee/optee/build/t234/export-ta_arm64/lib/libutils.a(trace.o)
 .data          0x000000000001157c        0x0 /home/seungwoo/optee/Linux_for_Tegra/sources/tegra/optee-src/nv-optee/optee/build/t234/export-ta_arm64/lib/libutils.a(mempool.o)
 .data          0x000000000001157c        0x0 /home/seungwoo/optee/Linux_for_Tegra/sources/tegra/optee-src/nv-optee/optee/build/t234/export-ta_arm64/lib/libutils.a(consttime_memcmp.o)
 .data          0x000000000001157c        0x0 /home/seungwoo/optee/Linux_for_Tegra/sources/tegra/optee-src/nv-optee/optee/build/t234/export-ta_arm64/lib/libutils.a(memchr.o)

.bss            0x0000000000011580     0xc0a0
 *(SORT_BY_ALIGNMENT(.bss) SORT_BY_ALIGNMENT(.bss.*) SORT_BY_ALIGNMENT(.gnu.linkonce.b.*) SORT_BY_ALIGNMENT(COMMON))
 .bss           0x0000000000011580        0x9 /home/seungwoo/optee/Linux_for_Tegra/sources/tegra/optee-src/nv-optee/optee/build/t234/export-ta_arm64/lib/libutee.a(user_ta_entry.o)
 *fill*         0x0000000000011589        0x7 
 COMMON         0x0000000000011590       0x60 /home/seungwoo/optee/Linux_for_Tegra/sources/tegra/optee-src/nv-optee/optee/build/t234/export-ta_arm64/lib/libutee.a(user_ta_entry.o)
                0x0000000000011590                ta_param_types
                0x0000000000011598                __ta_no_share_malloc_ctx
                0x00000000000115a0                ta_params
                0x00000000000115e0                __elf_phdr_info
 .bss           0x00000000000115f0       0x10 /home/seungwoo/optee/Linux_for_Tegra/sources/tegra/optee-src/nv-optee/optee/build/t234/export-ta_arm64/lib/libutee.a(tee_api.o)
 .bss           0x0000000000011600     0x4000 /home/seungwoo/optee/Linux_for_Tegra/sources/tegra/optee-src/nv-optee/optee/build/t234/export-ta_arm64/lib/libutee.a(tee_api_arith_mpi.o)
 .bss           0x0000000000015600        0x8 /home/seungwoo/optee/Linux_for_Tegra/sources/tegra/optee-src/nv-optee/optee/build/t234/export-ta_arm64/lib/libutee.a(tee_system_pta.o)
 .bss           0x0000000000015608       0x10 /home/seungwoo/optee/Linux_for_Tegra/sources/tegra/optee-src/nv-optee/optee/build/t234/export-ta_arm64/lib/libutee.a(tcb.o)
 COMMON         0x0000000000015618        0x8 /home/seungwoo/optee/Linux_for_Tegra/sources/tegra/optee-src/nv-optee/optee/build/t234/export-ta_arm64/lib/libmbedtls.a(bignum.o)
                0x0000000000015618                mbedtls_mpi_mempool
 .bss           0x0000000000015620        0x0 ../build/ta/my_example/ta.o
 .bss           0x0000000000015620        0x0 ../build/ta/my_example/user_ta_header.o
 COMMON         0x0000000000015620     0x8000 ../build/ta/my_example/user_ta_header.o
                0x0000000000015620                ta_heap
                0x000000000001d620                __ta_no_share_heap
 .bss           0x000000000001d620        0x0 /home/seungwoo/optee/Linux_for_Tegra/sources/tegra/optee-src/nv-optee/optee/build/t234/export-ta_arm64/lib/libutee.a(utee_syscalls_a64.o)
 .bss           0x000000000001d620        0x0 /home/seungwoo/optee/Linux_for_Tegra/sources/tegra/optee-src/nv-optee/optee/build/t234/export-ta_arm64/lib/libutee.a(abort.o)
 .bss           0x000000000001d620        0x0 /home/seungwoo/optee/Linux_for_Tegra/sources/tegra/optee-src/nv-optee/optee/build/t234/export-ta_arm64/lib/libutee.a(trace_ext.o)
 .bss           0x000000000001d620        0x0 /home/seungwoo/optee/Linux_for_Tegra/sources/tegra/optee-src/nv-optee/optee/build/t234/export-ta_arm64/lib/libutee.a(tee_api_panic.o)
 .bss           0x000000000001d620        0x0 /home/seungwoo/optee/Linux_for_Tegra/sources/tegra/optee-src/nv-optee/optee/build/t234/export-ta_arm64/lib/libutee.a(tee_api_property.o)
 .bss           0x000000000001d620        0x0 /home/seungwoo/optee/Linux_for_Tegra/sources/tegra/optee-src/nv-optee/optee/build/t234/export-ta_arm64/lib/libutee.a(assert.o)
 .bss           0x000000000001d620        0x0 /home/seungwoo/optee/Linux_for_Tegra/sources/tegra/optee-src/nv-optee/optee/build/t234/export-ta_arm64/lib/libutee.a(base64.o)
 .bss           0x000000000001d620        0x0 /home/seungwoo/optee/Linux_for_Tegra/sources/tegra/optee-src/nv-optee/optee/build/t234/export-ta_arm64/lib/libmbedtls.a(bignum.o)
 .bss           0x000000000001d620        0x0 /home/seungwoo/optee/Linux_for_Tegra/sources/tegra/optee-src/nv-optee/optee/build/t234/export-ta_arm64/lib/libmbedtls.a(constant_time.o)
 .bss           0x000000000001d620        0x0 /home/seungwoo/optee/Linux_for_Tegra/sources/tegra/optee-src/nv-optee/optee/build/t234/export-ta_arm64/lib/libmbedtls.a(platform_util.o)
 .bss           0x000000000001d620        0x0 /home/seungwoo/optee/Linux_for_Tegra/sources/tegra/optee-src/nv-optee/optee/build/t234/export-ta_arm64/lib/libutils.a(bget_malloc.o)
 .bss           0x000000000001d620        0x0 /home/seungwoo/optee/Linux_for_Tegra/sources/tegra/optee-src/nv-optee/optee/build/t234/export-ta_arm64/lib/libutils.a(snprintf.o)
 .bss           0x000000000001d620        0x0 /home/seungwoo/optee/Linux_for_Tegra/sources/tegra/optee-src/nv-optee/optee/build/t234/export-ta_arm64/lib/libutils.a(stack_check.o)
 .bss           0x000000000001d620        0x0 /home/seungwoo/optee/Linux_for_Tegra/sources/tegra/optee-src/nv-optee/optee/build/t234/export-ta_arm64/lib/libutils.a(memcpy.o)
 .bss           0x000000000001d620        0x0 /home/seungwoo/optee/Linux_for_Tegra/sources/tegra/optee-src/nv-optee/optee/build/t234/export-ta_arm64/lib/libutils.a(memmove.o)
 .bss           0x000000000001d620        0x0 /home/seungwoo/optee/Linux_for_Tegra/sources/tegra/optee-src/nv-optee/optee/build/t234/export-ta_arm64/lib/libutils.a(memset.o)
 .bss           0x000000000001d620        0x0 /home/seungwoo/optee/Linux_for_Tegra/sources/tegra/optee-src/nv-optee/optee/build/t234/export-ta_arm64/lib/libutils.a(strcmp.o)
 .bss           0x000000000001d620        0x0 /home/seungwoo/optee/Linux_for_Tegra/sources/tegra/optee-src/nv-optee/optee/build/t234/export-ta_arm64/lib/libutils.a(strlen.o)
 .bss           0x000000000001d620        0x0 /home/seungwoo/optee/Linux_for_Tegra/sources/tegra/optee-src/nv-optee/optee/build/t234/export-ta_arm64/lib/libutils.a(snprintk.o)
 .bss           0x000000000001d620        0x0 /home/seungwoo/optee/Linux_for_Tegra/sources/tegra/optee-src/nv-optee/optee/build/t234/export-ta_arm64/lib/libutils.a(strlcpy.o)
 .bss           0x000000000001d620        0x0 /home/seungwoo/optee/Linux_for_Tegra/sources/tegra/optee-src/nv-optee/optee/build/t234/export-ta_arm64/lib/libutils.a(trace.o)
 .bss           0x000000000001d620        0x0 /home/seungwoo/optee/Linux_for_Tegra/sources/tegra/optee-src/nv-optee/optee/build/t234/export-ta_arm64/lib/libutils.a(mempool.o)
 .bss           0x000000000001d620        0x0 /home/seungwoo/optee/Linux_for_Tegra/sources/tegra/optee-src/nv-optee/optee/build/t234/export-ta_arm64/lib/libutils.a(consttime_memcmp.o)
 .bss           0x000000000001d620        0x0 /home/seungwoo/optee/Linux_for_Tegra/sources/tegra/optee-src/nv-optee/optee/build/t234/export-ta_arm64/lib/libutils.a(memchr.o)
                0x000000000001d620                . = ALIGN (0x8)
                0x000000000001d620                __ftrace_buf_start = .
                0x000000000001d620                . = (. + DEFINED (_mcount)?0x800:0x0)
                0x000000000001d620                __ftrace_buf_end = .

.dynbss         0x000000000001d620        0x0
 .dynbss        0x000000000001d620        0x0 ../build/ta/my_example/ta.o

/DISCARD/
 *(SORT_BY_ALIGNMENT(.interp))
LOAD ../build/ta/my_example/ta.o
LOAD ../build/ta/my_example/user_ta_header.o
START GROUP
LOAD /home/seungwoo/optee/Linux_for_Tegra/sources/tegra/optee-src/nv-optee/optee/build/t234/export-ta_arm64/lib/libutils.a
LOAD /home/seungwoo/optee/Linux_for_Tegra/sources/tegra/optee-src/nv-optee/optee/build/t234/export-ta_arm64/lib/libutee.a
LOAD /home/seungwoo/optee/Linux_for_Tegra/sources/tegra/optee-src/nv-optee/optee/build/t234/export-ta_arm64/lib/libmbedtls.a
LOAD /home/seungwoo/optee/Linux_for_Tegra/sources/tegra/optee-src/nv-optee/optee/build/t234/export-ta_arm64/lib/libdl.a
END GROUP
LOAD /home/seungwoo/optee/bootlin_toolchain/bin/../lib/gcc/aarch64-buildroot-linux-gnu/9.3.0/libgcc.a
LOAD /home/seungwoo/optee/Linux_for_Tegra/sources/tegra/optee-src/nv-optee/optee/build/t234/export-ta_arm64/lib/libutils.a
OUTPUT(../build/ta/my_example/a17cfba6-fb31-401d-b67d-cf783c0646de.elf elf64-littleaarch64)

.debug_info     0x0000000000000000    0x19847
 .debug_info    0x0000000000000000      0x29f ../build/ta/my_example/ta.o
 .debug_info    0x000000000000029f      0x5da ../build/ta/my_example/user_ta_header.o
 .debug_info    0x0000000000000879     0x1825 /home/seungwoo/optee/Linux_for_Tegra/sources/tegra/optee-src/nv-optee/optee/build/t234/export-ta_arm64/lib/libutee.a(user_ta_entry.o)
 .debug_info    0x000000000000209e       0x22 /home/seungwoo/optee/Linux_for_Tegra/sources/tegra/optee-src/nv-optee/optee/build/t234/export-ta_arm64/lib/libutee.a(utee_syscalls_a64.o)
 .debug_info    0x00000000000020c0      0x146 /home/seungwoo/optee/Linux_for_Tegra/sources/tegra/optee-src/nv-optee/optee/build/t234/export-ta_arm64/lib/libutee.a(abort.o)
 .debug_info    0x0000000000002206      0x3f6 /home/seungwoo/optee/Linux_for_Tegra/sources/tegra/optee-src/nv-optee/optee/build/t234/export-ta_arm64/lib/libutee.a(trace_ext.o)
 .debug_info    0x00000000000025fc     0x27f8 /home/seungwoo/optee/Linux_for_Tegra/sources/tegra/optee-src/nv-optee/optee/build/t234/export-ta_arm64/lib/libutee.a(tee_api.o)
 .debug_info    0x0000000000004df4     0x516a /home/seungwoo/optee/Linux_for_Tegra/sources/tegra/optee-src/nv-optee/optee/build/t234/export-ta_arm64/lib/libutee.a(tee_api_arith_mpi.o)
 .debug_info    0x0000000000009f5e      0xb05 /home/seungwoo/optee/Linux_for_Tegra/sources/tegra/optee-src/nv-optee/optee/build/t234/export-ta_arm64/lib/libutee.a(tee_api_panic.o)
 .debug_info    0x000000000000aa63     0x1a1c /home/seungwoo/optee/Linux_for_Tegra/sources/tegra/optee-src/nv-optee/optee/build/t234/export-ta_arm64/lib/libutee.a(tee_api_property.o)
 .debug_info    0x000000000000c47f      0x814 /home/seungwoo/optee/Linux_for_Tegra/sources/tegra/optee-src/nv-optee/optee/build/t234/export-ta_arm64/lib/libutee.a(tee_system_pta.o)
 .debug_info    0x000000000000cc93      0x9f4 /home/seungwoo/optee/Linux_for_Tegra/sources/tegra/optee-src/nv-optee/optee/build/t234/export-ta_arm64/lib/libutee.a(tcb.o)
 .debug_info    0x000000000000d687      0x1f6 /home/seungwoo/optee/Linux_for_Tegra/sources/tegra/optee-src/nv-optee/optee/build/t234/export-ta_arm64/lib/libutee.a(assert.o)
 .debug_info    0x000000000000d87d      0x358 /home/seungwoo/optee/Linux_for_Tegra/sources/tegra/optee-src/nv-optee/optee/build/t234/export-ta_arm64/lib/libutee.a(base64.o)
 .debug_info    0x000000000000dbd5     0x601f /home/seungwoo/optee/Linux_for_Tegra/sources/tegra/optee-src/nv-optee/optee/build/t234/export-ta_arm64/lib/libmbedtls.a(bignum.o)
 .debug_info    0x0000000000013bf4     0x106a /home/seungwoo/optee/Linux_for_Tegra/sources/tegra/optee-src/nv-optee/optee/build/t234/export-ta_arm64/lib/libmbedtls.a(constant_time.o)
 .debug_info    0x0000000000014c5e      0x15b /home/seungwoo/optee/Linux_for_Tegra/sources/tegra/optee-src/nv-optee/optee/build/t234/export-ta_arm64/lib/libmbedtls.a(platform_util.o)
 .debug_info    0x0000000000014db9     0x274f /home/seungwoo/optee/Linux_for_Tegra/sources/tegra/optee-src/nv-optee/optee/build/t234/export-ta_arm64/lib/libutils.a(bget_malloc.o)
 .debug_info    0x0000000000017508      0x2b5 /home/seungwoo/optee/Linux_for_Tegra/sources/tegra/optee-src/nv-optee/optee/build/t234/export-ta_arm64/lib/libutils.a(snprintf.o)
 .debug_info    0x00000000000177bd      0x14c /home/seungwoo/optee/Linux_for_Tegra/sources/tegra/optee-src/nv-optee/optee/build/t234/export-ta_arm64/lib/libutils.a(stack_check.o)
 .debug_info    0x0000000000017909      0x13c /home/seungwoo/optee/Linux_for_Tegra/sources/tegra/optee-src/nv-optee/optee/build/t234/export-ta_arm64/lib/libutils.a(memcpy.o)
 .debug_info    0x0000000000017a45      0x103 /home/seungwoo/optee/Linux_for_Tegra/sources/tegra/optee-src/nv-optee/optee/build/t234/export-ta_arm64/lib/libutils.a(memmove.o)
 .debug_info    0x0000000000017b48       0xd6 /home/seungwoo/optee/Linux_for_Tegra/sources/tegra/optee-src/nv-optee/optee/build/t234/export-ta_arm64/lib/libutils.a(memset.o)
 .debug_info    0x0000000000017c1e       0xb7 /home/seungwoo/optee/Linux_for_Tegra/sources/tegra/optee-src/nv-optee/optee/build/t234/export-ta_arm64/lib/libutils.a(strcmp.o)
 .debug_info    0x0000000000017cd5       0xbe /home/seungwoo/optee/Linux_for_Tegra/sources/tegra/optee-src/nv-optee/optee/build/t234/export-ta_arm64/lib/libutils.a(strlen.o)
 .debug_info    0x0000000000017d93      0x97c /home/seungwoo/optee/Linux_for_Tegra/sources/tegra/optee-src/nv-optee/optee/build/t234/export-ta_arm64/lib/libutils.a(snprintk.o)
 .debug_info    0x000000000001870f      0x12b /home/seungwoo/optee/Linux_for_Tegra/sources/tegra/optee-src/nv-optee/optee/build/t234/export-ta_arm64/lib/libutils.a(strlcpy.o)
 .debug_info    0x000000000001883a      0x6f0 /home/seungwoo/optee/Linux_for_Tegra/sources/tegra/optee-src/nv-optee/optee/build/t234/export-ta_arm64/lib/libutils.a(trace.o)
 .debug_info    0x0000000000018f2a      0x6dc /home/seungwoo/optee/Linux_for_Tegra/sources/tegra/optee-src/nv-optee/optee/build/t234/export-ta_arm64/lib/libutils.a(mempool.o)
 .debug_info    0x0000000000019606      0x13b /home/seungwoo/optee/Linux_for_Tegra/sources/tegra/optee-src/nv-optee/optee/build/t234/export-ta_arm64/lib/libutils.a(consttime_memcmp.o)
 .debug_info    0x0000000000019741      0x106 /home/seungwoo/optee/Linux_for_Tegra/sources/tegra/optee-src/nv-optee/optee/build/t234/export-ta_arm64/lib/libutils.a(memchr.o)

.debug_abbrev   0x0000000000000000     0x3feb
 .debug_abbrev  0x0000000000000000      0x161 ../build/ta/my_example/ta.o
 .debug_abbrev  0x0000000000000161      0x1f8 ../build/ta/my_example/user_ta_header.o
 .debug_abbrev  0x0000000000000359      0x51d /home/seungwoo/optee/Linux_for_Tegra/sources/tegra/optee-src/nv-optee/optee/build/t234/export-ta_arm64/lib/libutee.a(user_ta_entry.o)
 .debug_abbrev  0x0000000000000876       0x12 /home/seungwoo/optee/Linux_for_Tegra/sources/tegra/optee-src/nv-optee/optee/build/t234/export-ta_arm64/lib/libutee.a(utee_syscalls_a64.o)
 .debug_abbrev  0x0000000000000888       0xdd /home/seungwoo/optee/Linux_for_Tegra/sources/tegra/optee-src/nv-optee/optee/build/t234/export-ta_arm64/lib/libutee.a(abort.o)
 .debug_abbrev  0x0000000000000965      0x1b5 /home/seungwoo/optee/Linux_for_Tegra/sources/tegra/optee-src/nv-optee/optee/build/t234/export-ta_arm64/lib/libutee.a(trace_ext.o)
 .debug_abbrev  0x0000000000000b1a      0x4e6 /home/seungwoo/optee/Linux_for_Tegra/sources/tegra/optee-src/nv-optee/optee/build/t234/export-ta_arm64/lib/libutee.a(tee_api.o)
 .debug_abbrev  0x0000000000001000      0x4f2 /home/seungwoo/optee/Linux_for_Tegra/sources/tegra/optee-src/nv-optee/optee/build/t234/export-ta_arm64/lib/libutee.a(tee_api_arith_mpi.o)
 .debug_abbrev  0x00000000000014f2      0x1f9 /home/seungwoo/optee/Linux_for_Tegra/sources/tegra/optee-src/nv-optee/optee/build/t234/export-ta_arm64/lib/libutee.a(tee_api_panic.o)
 .debug_abbrev  0x00000000000016eb      0x328 /home/seungwoo/optee/Linux_for_Tegra/sources/tegra/optee-src/nv-optee/optee/build/t234/export-ta_arm64/lib/libutee.a(tee_api_property.o)
 .debug_abbrev  0x0000000000001a13      0x284 /home/seungwoo/optee/Linux_for_Tegra/sources/tegra/optee-src/nv-optee/optee/build/t234/export-ta_arm64/lib/libutee.a(tee_system_pta.o)
 .debug_abbrev  0x0000000000001c97      0x2d5 /home/seungwoo/optee/Linux_for_Tegra/sources/tegra/optee-src/nv-optee/optee/build/t234/export-ta_arm64/lib/libutee.a(tcb.o)
 .debug_abbrev  0x0000000000001f6c       0xef /home/seungwoo/optee/Linux_for_Tegra/sources/tegra/optee-src/nv-optee/optee/build/t234/export-ta_arm64/lib/libutee.a(assert.o)
 .debug_abbrev  0x000000000000205b      0x1a3 /home/seungwoo/optee/Linux_for_Tegra/sources/tegra/optee-src/nv-optee/optee/build/t234/export-ta_arm64/lib/libutee.a(base64.o)
 .debug_abbrev  0x00000000000021fe      0x5ab /home/seungwoo/optee/Linux_for_Tegra/sources/tegra/optee-src/nv-optee/optee/build/t234/export-ta_arm64/lib/libmbedtls.a(bignum.o)
 .debug_abbrev  0x00000000000027a9      0x38f /home/seungwoo/optee/Linux_for_Tegra/sources/tegra/optee-src/nv-optee/optee/build/t234/export-ta_arm64/lib/libmbedtls.a(constant_time.o)
 .debug_abbrev  0x0000000000002b38       0xdf /home/seungwoo/optee/Linux_for_Tegra/sources/tegra/optee-src/nv-optee/optee/build/t234/export-ta_arm64/lib/libmbedtls.a(platform_util.o)
 .debug_abbrev  0x0000000000002c17      0x4c1 /home/seungwoo/optee/Linux_for_Tegra/sources/tegra/optee-src/nv-optee/optee/build/t234/export-ta_arm64/lib/libutils.a(bget_malloc.o)
 .debug_abbrev  0x00000000000030d8      0x16c /home/seungwoo/optee/Linux_for_Tegra/sources/tegra/optee-src/nv-optee/optee/build/t234/export-ta_arm64/lib/libutils.a(snprintf.o)
 .debug_abbrev  0x0000000000003244       0xc5 /home/seungwoo/optee/Linux_for_Tegra/sources/tegra/optee-src/nv-optee/optee/build/t234/export-ta_arm64/lib/libutils.a(stack_check.o)
 .debug_abbrev  0x0000000000003309       0xb8 /home/seungwoo/optee/Linux_for_Tegra/sources/tegra/optee-src/nv-optee/optee/build/t234/export-ta_arm64/lib/libutils.a(memcpy.o)
 .debug_abbrev  0x00000000000033c1       0xa4 /home/seungwoo/optee/Linux_for_Tegra/sources/tegra/optee-src/nv-optee/optee/build/t234/export-ta_arm64/lib/libutils.a(memmove.o)
 .debug_abbrev  0x0000000000003465       0xa3 /home/seungwoo/optee/Linux_for_Tegra/sources/tegra/optee-src/nv-optee/optee/build/t234/export-ta_arm64/lib/libutils.a(memset.o)
 .debug_abbrev  0x0000000000003508       0x6f /home/seungwoo/optee/Linux_for_Tegra/sources/tegra/optee-src/nv-optee/optee/build/t234/export-ta_arm64/lib/libutils.a(strcmp.o)
 .debug_abbrev  0x0000000000003577       0x87 /home/seungwoo/optee/Linux_for_Tegra/sources/tegra/optee-src/nv-optee/optee/build/t234/export-ta_arm64/lib/libutils.a(strlen.o)
 .debug_abbrev  0x00000000000035fe      0x2db /home/seungwoo/optee/Linux_for_Tegra/sources/tegra/optee-src/nv-optee/optee/build/t234/export-ta_arm64/lib/libutils.a(snprintk.o)
 .debug_abbrev  0x00000000000038d9       0xa3 /home/seungwoo/optee/Linux_for_Tegra/sources/tegra/optee-src/nv-optee/optee/build/t234/export-ta_arm64/lib/libutils.a(strlcpy.o)
 .debug_abbrev  0x000000000000397c      0x282 /home/seungwoo/optee/Linux_for_Tegra/sources/tegra/optee-src/nv-optee/optee/build/t234/export-ta_arm64/lib/libutils.a(trace.o)
 .debug_abbrev  0x0000000000003bfe      0x27b /home/seungwoo/optee/Linux_for_Tegra/sources/tegra/optee-src/nv-optee/optee/build/t234/export-ta_arm64/lib/libutils.a(mempool.o)
 .debug_abbrev  0x0000000000003e79       0xc0 /home/seungwoo/optee/Linux_for_Tegra/sources/tegra/optee-src/nv-optee/optee/build/t234/export-ta_arm64/lib/libutils.a(consttime_memcmp.o)
 .debug_abbrev  0x0000000000003f39       0xb2 /home/seungwoo/optee/Linux_for_Tegra/sources/tegra/optee-src/nv-optee/optee/build/t234/export-ta_arm64/lib/libutils.a(memchr.o)

.debug_loc      0x0000000000000000    0x23d13
 .debug_loc     0x0000000000000000       0x7a ../build/ta/my_example/ta.o
 .debug_loc     0x000000000000007a      0x132 ../build/ta/my_example/user_ta_header.o
 .debug_loc     0x00000000000001ac     0x1007 /home/seungwoo/optee/Linux_for_Tegra/sources/tegra/optee-src/nv-optee/optee/build/t234/export-ta_arm64/lib/libutee.a(user_ta_entry.o)
 .debug_loc     0x00000000000011b3      0x1c4 /home/seungwoo/optee/Linux_for_Tegra/sources/tegra/optee-src/nv-optee/optee/build/t234/export-ta_arm64/lib/libutee.a(trace_ext.o)
 .debug_loc     0x0000000000001377     0x2fb7 /home/seungwoo/optee/Linux_for_Tegra/sources/tegra/optee-src/nv-optee/optee/build/t234/export-ta_arm64/lib/libutee.a(tee_api.o)
 .debug_loc     0x000000000000432e     0x54b4 /home/seungwoo/optee/Linux_for_Tegra/sources/tegra/optee-src/nv-optee/optee/build/t234/export-ta_arm64/lib/libutee.a(tee_api_arith_mpi.o)
 .debug_loc     0x00000000000097e2      0xec2 /home/seungwoo/optee/Linux_for_Tegra/sources/tegra/optee-src/nv-optee/optee/build/t234/export-ta_arm64/lib/libutee.a(tee_api_panic.o)
 .debug_loc     0x000000000000a6a4     0x1c6d /home/seungwoo/optee/Linux_for_Tegra/sources/tegra/optee-src/nv-optee/optee/build/t234/export-ta_arm64/lib/libutee.a(tee_api_property.o)
 .debug_loc     0x000000000000c311      0x75c /home/seungwoo/optee/Linux_for_Tegra/sources/tegra/optee-src/nv-optee/optee/build/t234/export-ta_arm64/lib/libutee.a(tee_system_pta.o)
 .debug_loc     0x000000000000ca6d      0x72e /home/seungwoo/optee/Linux_for_Tegra/sources/tegra/optee-src/nv-optee/optee/build/t234/export-ta_arm64/lib/libutee.a(tcb.o)
 .debug_loc     0x000000000000d19b      0x149 /home/seungwoo/optee/Linux_for_Tegra/sources/tegra/optee-src/nv-optee/optee/build/t234/export-ta_arm64/lib/libutee.a(assert.o)
 .debug_loc     0x000000000000d2e4      0x78d /home/seungwoo/optee/Linux_for_Tegra/sources/tegra/optee-src/nv-optee/optee/build/t234/export-ta_arm64/lib/libutee.a(base64.o)
 .debug_loc     0x000000000000da71     0xab8e /home/seungwoo/optee/Linux_for_Tegra/sources/tegra/optee-src/nv-optee/optee/build/t234/export-ta_arm64/lib/libmbedtls.a(bignum.o)
 .debug_loc     0x00000000000185ff     0x206d /home/seungwoo/optee/Linux_for_Tegra/sources/tegra/optee-src/nv-optee/optee/build/t234/export-ta_arm64/lib/libmbedtls.a(constant_time.o)
 .debug_loc     0x000000000001a66c       0xb9 /home/seungwoo/optee/Linux_for_Tegra/sources/tegra/optee-src/nv-optee/optee/build/t234/export-ta_arm64/lib/libmbedtls.a(platform_util.o)
 .debug_loc     0x000000000001a725     0x477f /home/seungwoo/optee/Linux_for_Tegra/sources/tegra/optee-src/nv-optee/optee/build/t234/export-ta_arm64/lib/libutils.a(bget_malloc.o)
 .debug_loc     0x000000000001eea4      0x226 /home/seungwoo/optee/Linux_for_Tegra/sources/tegra/optee-src/nv-optee/optee/build/t234/export-ta_arm64/lib/libutils.a(snprintf.o)
 .debug_loc     0x000000000001f0ca      0x679 /home/seungwoo/optee/Linux_for_Tegra/sources/tegra/optee-src/nv-optee/optee/build/t234/export-ta_arm64/lib/libutils.a(memcpy.o)
 .debug_loc     0x000000000001f743      0x377 /home/seungwoo/optee/Linux_for_Tegra/sources/tegra/optee-src/nv-optee/optee/build/t234/export-ta_arm64/lib/libutils.a(memmove.o)
 .debug_loc     0x000000000001faba       0xe9 /home/seungwoo/optee/Linux_for_Tegra/sources/tegra/optee-src/nv-optee/optee/build/t234/export-ta_arm64/lib/libutils.a(memset.o)
 .debug_loc     0x000000000001fba3       0xb6 /home/seungwoo/optee/Linux_for_Tegra/sources/tegra/optee-src/nv-optee/optee/build/t234/export-ta_arm64/lib/libutils.a(strcmp.o)
 .debug_loc     0x000000000001fc59       0x8c /home/seungwoo/optee/Linux_for_Tegra/sources/tegra/optee-src/nv-optee/optee/build/t234/export-ta_arm64/lib/libutils.a(strlen.o)
 .debug_loc     0x000000000001fce5     0x2ba0 /home/seungwoo/optee/Linux_for_Tegra/sources/tegra/optee-src/nv-optee/optee/build/t234/export-ta_arm64/lib/libutils.a(snprintk.o)
 .debug_loc     0x0000000000022885      0x30f /home/seungwoo/optee/Linux_for_Tegra/sources/tegra/optee-src/nv-optee/optee/build/t234/export-ta_arm64/lib/libutils.a(strlcpy.o)
 .debug_loc     0x0000000000022b94      0x71a /home/seungwoo/optee/Linux_for_Tegra/sources/tegra/optee-src/nv-optee/optee/build/t234/export-ta_arm64/lib/libutils.a(trace.o)
 .debug_loc     0x00000000000232ae      0x712 /home/seungwoo/optee/Linux_for_Tegra/sources/tegra/optee-src/nv-optee/optee/build/t234/export-ta_arm64/lib/libutils.a(mempool.o)
 .debug_loc     0x00000000000239c0      0x223 /home/seungwoo/optee/Linux_for_Tegra/sources/tegra/optee-src/nv-optee/optee/build/t234/export-ta_arm64/lib/libutils.a(consttime_memcmp.o)
 .debug_loc     0x0000000000023be3      0x130 /home/seungwoo/optee/Linux_for_Tegra/sources/tegra/optee-src/nv-optee/optee/build/t234/export-ta_arm64/lib/libutils.a(memchr.o)

.debug_aranges  0x0000000000000000      0x950
 .debug_aranges
                0x0000000000000000       0x30 ../build/ta/my_example/ta.o
 .debug_aranges
                0x0000000000000030       0x30 ../build/ta/my_example/user_ta_header.o
 .debug_aranges
                0x0000000000000060       0x30 /home/seungwoo/optee/Linux_for_Tegra/sources/tegra/optee-src/nv-optee/optee/build/t234/export-ta_arm64/lib/libutee.a(user_ta_entry.o)
 .debug_aranges
                0x0000000000000090      0x3b0 /home/seungwoo/optee/Linux_for_Tegra/sources/tegra/optee-src/nv-optee/optee/build/t234/export-ta_arm64/lib/libutee.a(utee_syscalls_a64.o)
 .debug_aranges
                0x0000000000000440       0x30 /home/seungwoo/optee/Linux_for_Tegra/sources/tegra/optee-src/nv-optee/optee/build/t234/export-ta_arm64/lib/libutee.a(abort.o)
 .debug_aranges
                0x0000000000000470       0x30 /home/seungwoo/optee/Linux_for_Tegra/sources/tegra/optee-src/nv-optee/optee/build/t234/export-ta_arm64/lib/libutee.a(trace_ext.o)
 .debug_aranges
                0x00000000000004a0       0x30 /home/seungwoo/optee/Linux_for_Tegra/sources/tegra/optee-src/nv-optee/optee/build/t234/export-ta_arm64/lib/libutee.a(tee_api.o)
 .debug_aranges
                0x00000000000004d0       0x30 /home/seungwoo/optee/Linux_for_Tegra/sources/tegra/optee-src/nv-optee/optee/build/t234/export-ta_arm64/lib/libutee.a(tee_api_arith_mpi.o)
 .debug_aranges
                0x0000000000000500       0x30 /home/seungwoo/optee/Linux_for_Tegra/sources/tegra/optee-src/nv-optee/optee/build/t234/export-ta_arm64/lib/libutee.a(tee_api_panic.o)
 .debug_aranges
                0x0000000000000530       0x30 /home/seungwoo/optee/Linux_for_Tegra/sources/tegra/optee-src/nv-optee/optee/build/t234/export-ta_arm64/lib/libutee.a(tee_api_property.o)
 .debug_aranges
                0x0000000000000560       0x30 /home/seungwoo/optee/Linux_for_Tegra/sources/tegra/optee-src/nv-optee/optee/build/t234/export-ta_arm64/lib/libutee.a(tee_system_pta.o)
 .debug_aranges
                0x0000000000000590       0x30 /home/seungwoo/optee/Linux_for_Tegra/sources/tegra/optee-src/nv-optee/optee/build/t234/export-ta_arm64/lib/libutee.a(tcb.o)
 .debug_aranges
                0x00000000000005c0       0x30 /home/seungwoo/optee/Linux_for_Tegra/sources/tegra/optee-src/nv-optee/optee/build/t234/export-ta_arm64/lib/libutee.a(assert.o)
 .debug_aranges
                0x00000000000005f0       0x30 /home/seungwoo/optee/Linux_for_Tegra/sources/tegra/optee-src/nv-optee/optee/build/t234/export-ta_arm64/lib/libutee.a(base64.o)
 .debug_aranges
                0x0000000000000620       0x30 /home/seungwoo/optee/Linux_for_Tegra/sources/tegra/optee-src/nv-optee/optee/build/t234/export-ta_arm64/lib/libmbedtls.a(bignum.o)
 .debug_aranges
                0x0000000000000650       0x30 /home/seungwoo/optee/Linux_for_Tegra/sources/tegra/optee-src/nv-optee/optee/build/t234/export-ta_arm64/lib/libmbedtls.a(constant_time.o)
 .debug_aranges
                0x0000000000000680       0x30 /home/seungwoo/optee/Linux_for_Tegra/sources/tegra/optee-src/nv-optee/optee/build/t234/export-ta_arm64/lib/libmbedtls.a(platform_util.o)
 .debug_aranges
                0x00000000000006b0       0x30 /home/seungwoo/optee/Linux_for_Tegra/sources/tegra/optee-src/nv-optee/optee/build/t234/export-ta_arm64/lib/libutils.a(bget_malloc.o)
 .debug_aranges
                0x00000000000006e0       0x30 /home/seungwoo/optee/Linux_for_Tegra/sources/tegra/optee-src/nv-optee/optee/build/t234/export-ta_arm64/lib/libutils.a(snprintf.o)
 .debug_aranges
                0x0000000000000710       0x30 /home/seungwoo/optee/Linux_for_Tegra/sources/tegra/optee-src/nv-optee/optee/build/t234/export-ta_arm64/lib/libutils.a(stack_check.o)
 .debug_aranges
                0x0000000000000740       0x30 /home/seungwoo/optee/Linux_for_Tegra/sources/tegra/optee-src/nv-optee/optee/build/t234/export-ta_arm64/lib/libutils.a(memcpy.o)
 .debug_aranges
                0x0000000000000770       0x30 /home/seungwoo/optee/Linux_for_Tegra/sources/tegra/optee-src/nv-optee/optee/build/t234/export-ta_arm64/lib/libutils.a(memmove.o)
 .debug_aranges
                0x00000000000007a0       0x30 /home/seungwoo/optee/Linux_for_Tegra/sources/tegra/optee-src/nv-optee/optee/build/t234/export-ta_arm64/lib/libutils.a(memset.o)
 .debug_aranges
                0x00000000000007d0       0x30 /home/seungwoo/optee/Linux_for_Tegra/sources/tegra/optee-src/nv-optee/optee/build/t234/export-ta_arm64/lib/libutils.a(strcmp.o)
 .debug_aranges
                0x0000000000000800       0x30 /home/seungwoo/optee/Linux_for_Tegra/sources/tegra/optee-src/nv-optee/optee/build/t234/export-ta_arm64/lib/libutils.a(strlen.o)
 .debug_aranges
                0x0000000000000830       0x30 /home/seungwoo/optee/Linux_for_Tegra/sources/tegra/optee-src/nv-optee/optee/build/t234/export-ta_arm64/lib/libutils.a(snprintk.o)
 .debug_aranges
                0x0000000000000860       0x30 /home/seungwoo/optee/Linux_for_Tegra/sources/tegra/optee-src/nv-optee/optee/build/t234/export-ta_arm64/lib/libutils.a(strlcpy.o)
 .debug_aranges
                0x0000000000000890       0x30 /home/seungwoo/optee/Linux_for_Tegra/sources/tegra/optee-src/nv-optee/optee/build/t234/export-ta_arm64/lib/libutils.a(trace.o)
 .debug_aranges
                0x00000000000008c0       0x30 /home/seungwoo/optee/Linux_for_Tegra/sources/tegra/optee-src/nv-optee/optee/build/t234/export-ta_arm64/lib/libutils.a(mempool.o)
 .debug_aranges
                0x00000000000008f0       0x30 /home/seungwoo/optee/Linux_for_Tegra/sources/tegra/optee-src/nv-optee/optee/build/t234/export-ta_arm64/lib/libutils.a(consttime_memcmp.o)
 .debug_aranges
                0x0000000000000920       0x30 /home/seungwoo/optee/Linux_for_Tegra/sources/tegra/optee-src/nv-optee/optee/build/t234/export-ta_arm64/lib/libutils.a(memchr.o)

.debug_macro    0x0000000000000000    0x176f6
 .debug_macro   0x0000000000000000       0xda ../build/ta/my_example/ta.o
 .debug_macro   0x00000000000000da      0x98e ../build/ta/my_example/ta.o
 .debug_macro   0x0000000000000a68      0x112 ../build/ta/my_example/ta.o
 .debug_macro   0x0000000000000b7a      0x174 ../build/ta/my_example/ta.o
 .debug_macro   0x0000000000000cee      0xcf1 ../build/ta/my_example/ta.o
 .debug_macro   0x00000000000019df       0x7c ../build/ta/my_example/ta.o